/home/yonghoon/mixer_dev7_20260930_v26/LC_ref_r2_s32452843
   t0 step 1037408 · S₀² 0.18147 (50 칸) · S_R² 0.01796 (44 칸, ref E0_ref_s32452843) · M(t0) +0.000
   t0 보조: 유지 부피 AM 1.000 · SE 1.000 · 버린 칸 2/52 · 칸당 입자 중앙 926 · 전 칸 S₀² 0.18473 / S_R² 0.01796
   바퀴  0  M  0.429 ± 0.263  (프레임 101)   [유지 부피 AM 0.984 · SE 1.000 · 버린 칸 13.8 % · 전 칸 M 0.322]
   바퀴  1  M  0.881 ± 0.089  (프레임 100)   [유지 부피 AM 0.995 · SE 0.999 · 버린 칸 19.7 % · 전 칸 M 0.593]
   (옛 키) M_final = 마지막 bin 1 (100 프레임 — 부분일 수 있다) = 0.881 ± 0.089
   ★ 등록 최종값 (계획 2 바퀴 · bin 1 · 100 프레임) = 0.881 ± 0.089   평탄 False
   D-2 부피 누락 QC (등록 bin): 통과 (평균 AM 0.995 · SE 0.999 · 프레임별 최솟값 {1: 0.9640718562874251, 2: 0.9769585253456214, 3: 0.9989491234274396})
   스모크 창 (bin 0): 101/101 프레임 · M 0.429  ✓
/home/yonghoon/mixer_dev7_20260930_v26/LH_ref_r2_s32452843
   t0 step 1037408 · S₀² 0.14680 (50 칸) · S_R² 0.01796 (44 칸, ref E0_ref_s32452843) · M(t0) +0.000
   t0 보조: 유지 부피 AM 1.000 · SE 1.000 · 버린 칸 2/52 · 칸당 입자 중앙 1020 · 전 칸 S₀² 0.15255 / S_R² 0.01796
   바퀴  0  M  0.431 ± 0.303  (프레임 101)   [유지 부피 AM 0.985 · SE 0.999 · 버린 칸 21.3 % · 전 칸 M 0.242]
   바퀴  1  M  0.874 ± 0.076  (프레임 100)   [유지 부피 AM 0.992 · SE 0.999 · 버린 칸 24.2 % · 전 칸 M 0.496]
   (옛 키) M_final = 마지막 bin 1 (100 프레임 — 부분일 수 있다) = 0.874 ± 0.076
   ★ 등록 최종값 (계획 2 바퀴 · bin 1 · 100 프레임) = 0.874 ± 0.076   평탄 False
   D-2 부피 누락 QC (등록 bin): 통과 (평균 AM 0.992 · SE 0.999 · 프레임별 최솟값 {1: 0.9760479041916166, 2: 0.9815668202764976, 3: 0.9988884734698472})
   스모크 창 (bin 0): 101/101 프레임 · M 0.431  ✓
/home/yonghoon/mixer_dev7_20260930_v26/LHx10_ref_r2_s32452843
   t0 step 1037408 · S₀² 0.08135 (49 칸) · S_R² 0.01796 (44 칸, ref E0_ref_s32452843) · M(t0) +0.000
   t0 보조: 유지 부피 AM 0.999 · SE 1.000 · 버린 칸 8/57 · 칸당 입자 중앙 1561 · 전 칸 S₀² 0.10873 / S_R² 0.01796
   바퀴  0  M -0.312 ± 0.406  (프레임 101)   [유지 부피 AM 0.991 · SE 0.999 · 버린 칸 18.3 % · 전 칸 M -0.125]
   바퀴  1  M -0.107 ± 0.424  (프레임 100)   [유지 부피 AM 0.989 · SE 0.999 · 버린 칸 21.2 % · 전 칸 M -0.111]
   (옛 키) M_final = 마지막 bin 1 (100 프레임 — 부분일 수 있다) = -0.107 ± 0.424
   ★ 등록 최종값 (계획 2 바퀴 · bin 1 · 100 프레임) = -0.107 ± 0.424   평탄 True
   D-2 부피 누락 QC (등록 bin): 통과 (평균 AM 0.989 · SE 0.999 · 프레임별 최솟값 {1: 0.9640718562874253, 2: 0.9470046082949307, 3: 0.9973392685517373})
   스모크 창 (bin 0): 101/101 프레임 · M -0.312  ✓
/home/yonghoon/mixer_dev7_20260930_v26/LHx30_ref_r2_s32452843
   t0 step 1037408 · S₀² 0.05134 (51 칸) · S_R² 0.01796 (44 칸, ref E0_ref_s32452843) · M(t0) +0.000
   t0 보조: 유지 부피 AM 0.962 · SE 1.000 · 버린 칸 16/67 · 칸당 입자 중앙 1248 · 전 칸 S₀² 0.07550 / S_R² 0.01796
   바퀴  0  M -1.651 ± 1.163  (프레임 101)   [유지 부피 AM 0.967 · SE 0.999 · 버린 칸 22.3 % · 전 칸 M -0.892]
   바퀴  1  M -2.283 ± 0.872  (프레임 100)   [유지 부피 AM 0.979 · SE 0.999 · 버린 칸 17.6 % · 전 칸 M -1.178]
   (옛 키) M_final = 마지막 bin 1 (100 프레임 — 부분일 수 있다) = -2.283 ± 0.872
   ★ 등록 최종값 (계획 2 바퀴 · bin 1 · 100 프레임) = -2.283 ± 0.872   평탄 True
   D-2 부피 누락 QC (등록 bin): 통과 (평균 AM 0.979 · SE 0.999 · 프레임별 최솟값 {1: 0.934131736526946, 2: 0.9308755760368664, 3: 0.9978227186648372})
   스모크 창 (bin 0): 101/101 프레임 · M -1.651  ✓
→ /home/yonghoon/mixer_dev7_20260930_v26/dev_bo_M_prelim/devbo_c8x2.json
