/home/yonghoon/mixer_dev7_20260930_v26/LC_ref_r2_s32452843
   t0 step 1037408 · S₀² 0.19134 (127 칸) · S_R² 0.05839 (126 칸, ref E0_ref_s32452843) · M(t0) +0.000
   t0 보조: 유지 부피 AM 0.937 · SE 0.999 · 버린 칸 18/145 · 칸당 입자 중앙 426 · 전 칸 S₀² 0.19601 / S_R² 0.05839
   바퀴  0  M  0.487 ± 0.303  (프레임 101)   [유지 부피 AM 0.940 · SE 0.999 · 버린 칸 16.5 % · 전 칸 M 0.371]
   바퀴  1  M  1.024 ± 0.080  (프레임 100)   [유지 부피 AM 0.985 · SE 0.999 · 버린 칸 17.4 % · 전 칸 M 0.757]
   (옛 키) M_final = 마지막 bin 1 (100 프레임 — 부분일 수 있다) = 1.024 ± 0.080
   ★ 등록 최종값 (계획 2 바퀴 · bin 1 · 100 프레임) = 1.024 ± 0.080   평탄 False
   D-2 부피 누락 QC (등록 bin): 통과 (평균 AM 0.985 · SE 0.999 · 프레임별 최솟값 {1: 0.9221556886227547, 2: 0.9631336405529954, 3: 0.9979487697670696})
   스모크 창 (bin 0): 101/101 프레임 · M 0.487  ✓
/home/yonghoon/mixer_dev7_20260930_v26/LH_ref_r2_s32452843
   t0 step 1037408 · S₀² 0.15953 (138 칸) · S_R² 0.05839 (126 칸, ref E0_ref_s32452843) · M(t0) +0.000
   t0 보조: 유지 부피 AM 0.992 · SE 0.999 · 버린 칸 14/152 · 칸당 입자 중앙 386 · 전 칸 S₀² 0.16881 / S_R² 0.05839
   바퀴  0  M  0.481 ± 0.347  (프레임 101)   [유지 부피 AM 0.957 · SE 0.999 · 버린 칸 20.0 % · 전 칸 M 0.299]
   바퀴  1  M  1.031 ± 0.069  (프레임 100)   [유지 부피 AM 0.986 · SE 0.999 · 버린 칸 19.5 % · 전 칸 M 0.673]
   (옛 키) M_final = 마지막 bin 1 (100 프레임 — 부분일 수 있다) = 1.031 ± 0.069
   ★ 등록 최종값 (계획 2 바퀴 · bin 1 · 100 프레임) = 1.031 ± 0.069   평탄 False
   D-2 부피 누락 QC (등록 bin): 통과 (평균 AM 0.986 · SE 0.999 · 프레임별 최솟값 {1: 0.9580838323353292, 2: 0.9619815668202767, 3: 0.9978072612996599})
   스모크 창 (bin 0): 101/101 프레임 · M 0.481  ✓
/home/yonghoon/mixer_dev7_20260930_v26/LHx10_ref_r2_s32452843
   t0 step 1037408 · S₀² 0.11129 (145 칸) · S_R² 0.05839 (126 칸, ref E0_ref_s32452843) · M(t0) +0.000
   t0 보조: 유지 부피 AM 0.989 · SE 0.999 · 버린 칸 16/161 · 칸당 입자 중앙 577 · 전 칸 S₀² 0.12556 / S_R² 0.05839
   바퀴  0  M -0.156 ± 0.270  (프레임 101)   [유지 부피 AM 0.973 · SE 0.996 · 버린 칸 25.3 % · 전 칸 M -0.266]
   바퀴  1  M  0.097 ± 0.325  (프레임 100)   [유지 부피 AM 0.958 · SE 0.996 · 버린 칸 27.0 % · 전 칸 M -0.187]
   (옛 키) M_final = 마지막 bin 1 (100 프레임 — 부분일 수 있다) = 0.097 ± 0.325
   ★ 등록 최종값 (계획 2 바퀴 · bin 1 · 100 프레임) = 0.097 ± 0.325   평탄 True
   D-2 부피 누락 QC (등록 bin): 통과 (평균 AM 0.958 · SE 0.996 · 프레임별 최솟값 {1: 0.8922155688622754, 2: 0.8352534562211982, 3: 0.9880924680054429})
   스모크 창 (bin 0): 101/101 프레임 · M -0.156  ✓
/home/yonghoon/mixer_dev7_20260930_v26/LHx30_ref_r2_s32452843
   t0 step 1037408 · S₀² 0.09496 (144 칸) · S_R² 0.05839 (126 칸, ref E0_ref_s32452843) · M(t0) +0.000
   t0 보조: 유지 부피 AM 0.921 · SE 0.999 · 버린 칸 43/187 · 칸당 입자 중앙 596 · 전 칸 S₀² 0.12297 / S_R² 0.05839
   바퀴  0  M -0.873 ± 0.837  (프레임 101)   [유지 부피 AM 0.934 · SE 0.995 · 버린 칸 28.5 % · 전 칸 M -0.410]
   바퀴  1  M -1.407 ± 0.544  (프레임 100)   [유지 부피 AM 0.942 · SE 0.995 · 버린 칸 25.5 % · 전 칸 M -0.589]
   (옛 키) M_final = 마지막 bin 1 (100 프레임 — 부분일 수 있다) = -1.407 ± 0.544
   ★ 등록 최종값 (계획 2 바퀴 · bin 1 · 100 프레임) = -1.407 ± 0.544   평탄 True
   D-2 부피 누락 QC (등록 bin): 통과 (평균 AM 0.942 · SE 0.995 · 프레임별 최솟값 {1: 0.8682634730538922, 2: 0.858294930875576, 3: 0.984971695342625})
   스모크 창 (bin 0): 101/101 프레임 · M -0.873  ✓
→ /home/yonghoon/mixer_dev7_20260930_v26/dev_bo_M_prelim/devbo_c12x3.json
