/home/yonghoon/mixer_dev7_20260930_v26/LC_ref_r2_s32452843
   t0 step 1037408 · S₀² 0.19134 (127 칸) · S_R² 0.05839 (126 칸, ref E0_ref_s32452843) · M(t0) +0.000
   t0 보조: 유지 부피 AM 0.937 · SE 0.999 · 버린 칸 18/145 · 칸당 입자 중앙 426 · 전 칸 S₀² 0.19601 / S_R² 0.05839
   바퀴  0  M  0.487 ± 0.303  (프레임 101)   [유지 부피 AM 0.940 · SE 0.999 · 버린 칸 16.5 % · 전 칸 M 0.371]
   바퀴  1  M  1.024 ± 0.080  (프레임 100)   [유지 부피 AM 0.985 · SE 0.999 · 버린 칸 17.4 % · 전 칸 M 0.757]
   (옛 키) M_final = 마지막 bin 1 (100 프레임 — 부분일 수 있다) = 1.024 ± 0.080
   ★ 등록 최종값 (계획 2 바퀴 · bin 1 · 100 프레임) = 1.024 ± 0.080   평탄 False
   D-2 부피 누락 QC (등록 bin): 통과 (평균 AM 0.985 · SE 0.999 · 프레임별 최솟값 {1: 0.9221556886227547, 2: 0.9631336405529954, 3: 0.9979487697670696})
   스모크 창 (bin 0): 101/101 프레임 · M 0.487  ✓
/home/yonghoon/mixer_dev7_20260930_v26/LU212_ref_r2_s32452843
   t0 step 1037408 · S₀² 0.17355 (119 칸) · S_R² 0.05839 (126 칸, ref E0_ref_s32452843) · M(t0) +0.000
   t0 보조: 유지 부피 AM 0.573 · SE 0.999 · 버린 칸 43/162 · 칸당 입자 중앙 283 · 전 칸 S₀² 0.21144 / S_R² 0.05839
   바퀴  0  M  0.153 ± 0.268  (프레임 101)   [유지 부피 AM 0.771 · SE 0.999 · 버린 칸 25.6 % · 전 칸 M 0.216]
   바퀴  1  M  0.859 ± 0.129  (프레임 100)   [유지 부피 AM 0.987 · SE 0.998 · 버린 칸 24.1 % · 전 칸 M 0.630]
   (옛 키) M_final = 마지막 bin 1 (100 프레임 — 부분일 수 있다) = 0.859 ± 0.129
   ★ 등록 최종값 (계획 2 바퀴 · bin 1 · 100 프레임) = 0.859 ± 0.129   평탄 False
   D-2 부피 누락 QC (등록 bin): 통과 (평균 AM 0.987 · SE 0.998 · 프레임별 최솟값 {1: 0.8982035928143712, 2: 0.9527649769585251, 3: 0.9974031223159578})
   스모크 창 (bin 0): 101/101 프레임 · M 0.153  ✓
/home/yonghoon/mixer_dev7_20260930_v26/LU637_ref_r2_s32452843
   t0 step 1037408 · S₀² 0.16975 (114 칸) · S_R² 0.05839 (126 칸, ref E0_ref_s32452843) · M(t0) +0.000
   t0 보조: 유지 부피 AM 0.494 · SE 1.000 · 버린 칸 50/164 · 칸당 입자 중앙 562 · 전 칸 S₀² 0.20996 / S_R² 0.05839
   바퀴  0  M  0.012 ± 0.124  (프레임 101)   [유지 부피 AM 0.606 · SE 0.999 · 버린 칸 32.1 % · 전 칸 M 0.080]
   바퀴  1  M  0.540 ± 0.177  (프레임 100)   [유지 부피 AM 0.969 · SE 0.998 · 버린 칸 23.7 % · 전 칸 M 0.472]
   (옛 키) M_final = 마지막 bin 1 (100 프레임 — 부분일 수 있다) = 0.540 ± 0.177
   ★ 등록 최종값 (계획 2 바퀴 · bin 1 · 100 프레임) = 0.540 ± 0.177   평탄 False
   D-2 부피 누락 QC (등록 bin): 통과 (평균 AM 0.969 · SE 0.998 · 프레임별 최솟값 {1: 0.8323353293413174, 2: 0.8513824884792627, 3: 0.9964330824028581})
   스모크 창 (bin 0): 101/101 프레임 · M 0.012  ✓
→ /home/yonghoon/mixer_dev7_20260930_v26/dev_u_M_prelim/devu_c12x3.json
