LC_ref_r2_s32452843 · OK · rot2
   t₀ step 1037408 · SE 98965 · AM_P 167 · AM_S 868
   (s1) t₀     군집 SE 분율 0.9413 · 가장 큰 성분 0.9019 · 수평균 크기 14.414
   (s2) t₀     아무 AM 에 붙은 SE 0.0771 · AM_P 0.0510 · AM_S 0.0346 · AM 당 SE  AM_P 32.59 · AM_S 4.54
        t₀ 성분 수 히스토그램 {'1': 5814, '2': 682, '3-9': 338, '10-99': 28, '>=100': 4} · 접촉 쌍 {'SE-SE': 140766, 'AM_P-SE': 5443, 'AM_S-SE': 3942}
   (s1) bin 1  군집 SE 분율 0.4005 · 가장 큰 성분 0.1476 · 수평균 크기 1.523
   (s2) bin 1  아무 AM 에 붙은 SE 0.0787 · AM_P 0.0378 · AM_S 0.0450 · AM 당 SE  AM_P 23.23 · AM_S 5.50
        bin 1 = 100 프레임 (step 4119120–7139808) 평균 · SD: se_frac_in_clusters 0.0658 · largest_frac 0.0970 · mean_size_number 0.1698 · se_attached_any_frac 0.0165 · se_attached_frac_AM_P 0.0067 · se_attached_frac_AM_S 0.0103 · se_per_am_AM_P 3.9278 · se_per_am_AM_S 1.2624
   해상도 (보고 전용 · t₀): 좌표 유효숫자 6 · 반폭 최대 5e-08 m · SE–SE 접촉 확실/등록/가능 22882/140766/175850 · 군집 SE 분율 [0.2711, 0.9768]
   시간 85.0 s (계획 · 검사 0.4 · 읽기 63.4 · 계산 21.2 · 프레임 101)
E0_ref_s32452843 · OK · t0_only
   t₀ step 1037000 · SE 98976 · AM_P 170 · AM_S 854
   (s1) t₀     군집 SE 분율 0.9524 · 가장 큰 성분 0.8907 · 수평균 크기 15.262
   (s2) t₀     아무 AM 에 붙은 SE 0.2924 · AM_P 0.1449 · AM_S 0.1677 · AM 당 SE  AM_P 87.46 · AM_S 21.13
        t₀ 성분 수 히스토그램 {'1': 4712, '2': 993, '3-9': 713, '10-99': 66, '>=100': 1} · 접촉 쌍 {'SE-SE': 118984, 'AM_P-SE': 14868, 'AM_S-SE': 18044}
   bin 1: NOT_APPLICABLE — 계획 회전 0 (E0 = 정지 · 균일 삽입 기준) — bin 1 이 없다 · 자기 t₀ 만 (§12-4 "E0 에도 같은 식으로")
   해상도 (보고 전용 · t₀): 좌표 유효숫자 6 · 반폭 최대 5e-08 m · SE–SE 접촉 확실/등록/가능 14449/118984/166909 · 군집 SE 분율 [0.1783, 0.9946]
   시간 1.2 s (계획 · 검사 0.3 · 읽기 0.6 · 계산 0.2 · 프레임 1)
LU212_ref_r2_s32452843 · OK · rot2
   t₀ step 1037408 · SE 98965 · AM_P 167 · AM_S 868
   (s1) t₀     군집 SE 분율 0.9958 · 가장 큰 성분 0.9888 · 수평균 크기 171.220
   (s2) t₀     아무 AM 에 붙은 SE 0.0452 · AM_P 0.0302 · AM_S 0.0166 · AM 당 SE  AM_P 18.31 · AM_S 1.98
        t₀ 성분 수 히스토그램 {'1': 418, '2': 81, '3-9': 66, '10-99': 12, '>=100': 1} · 접촉 쌍 {'SE-SE': 169524, 'AM_P-SE': 3057, 'AM_S-SE': 1722}
   (s1) bin 1  군집 SE 분율 0.9540 · 가장 큰 성분 0.8391 · 수평균 크기 14.554
   (s2) bin 1  아무 AM 에 붙은 SE 0.1299 · AM_P 0.0646 · AM_S 0.0674 · AM 당 SE  AM_P 38.68 · AM_S 7.92
        bin 1 = 100 프레임 (step 4119120–7139808) 평균 · SD: se_frac_in_clusters 0.0043 · largest_frac 0.0329 · mean_size_number 1.7395 · se_attached_any_frac 0.0134 · se_attached_frac_AM_P 0.0066 · se_attached_frac_AM_S 0.0075 · se_per_am_AM_P 3.9615 · se_per_am_AM_S 0.8762
   해상도 (보고 전용 · t₀): 좌표 유효숫자 6 · 반폭 최대 5e-08 m · SE–SE 접촉 확실/등록/가능 165788/169524/169878 · 군집 SE 분율 [0.9857, 0.9959]
   시간 86.7 s (계획 · 검사 0.3 · 읽기 63.9 · 계산 22.5 · 프레임 101)
LU637_ref_r2_s32452843 · OK · rot2
   t₀ step 1037408 · SE 98965 · AM_P 167 · AM_S 868
   (s1) t₀     군집 SE 분율 0.9983 · 가장 큰 성분 0.9965 · 수평균 크기 441.808
   (s2) t₀     아무 AM 에 붙은 SE 0.0245 · AM_P 0.0173 · AM_S 0.0077 · AM 당 SE  AM_P 10.41 · AM_S 0.90
        t₀ 성분 수 히스토그램 {'1': 170, '2': 27, '3-9': 25, '10-99': 1, '>=100': 1} · 접촉 쌍 {'SE-SE': 170738, 'AM_P-SE': 1739, 'AM_S-SE': 782}
   (s1) bin 1  군집 SE 분율 0.9879 · 가장 큰 성분 0.9210 · 수평균 크기 50.835
   (s2) bin 1  아무 AM 에 붙은 SE 0.0955 · AM_P 0.0511 · AM_S 0.0456 · AM 당 SE  AM_P 30.50 · AM_S 5.32
        bin 1 = 100 프레임 (step 4119120–7139808) 평균 · SD: se_frac_in_clusters 0.0015 · largest_frac 0.0649 · mean_size_number 6.9945 · se_attached_any_frac 0.0178 · se_attached_frac_AM_P 0.0078 · se_attached_frac_AM_S 0.0105 · se_per_am_AM_P 4.6788 · se_per_am_AM_S 1.2318
   해상도 (보고 전용 · t₀): 좌표 유효숫자 6 · 반폭 최대 5e-08 m · SE–SE 접촉 확실/등록/가능 170729/170738/170771 · 군집 SE 분율 [0.9983, 0.9983]
   시간 87.0 s (계획 · 검사 0.3 · 읽기 63.8 · 계산 22.9 · 프레임 101)
→ /home/yonghoon/mixer_dev7_20260930_v26/dev_u_M_prelim/devu_contact.json
