/home/yonghoon/mixer_dev7_20260930_v26/LC_ref_r2_s32452843
   t0 step 1037408 · S₀² 0.18742 (234 칸) · S_R² 0.05601 (253 칸, ref E0_ref_s32452843) · M(t0) +0.000
   t0 보조: 유지 부피 AM 0.689 · SE 0.996 · 버린 칸 82/316 · 칸당 입자 중앙 249 · 전 칸 S₀² 0.20422 / S_R² 0.05847
   바퀴  0  M  0.422 ± 0.273  (프레임 101)   [유지 부피 AM 0.832 · SE 0.997 · 버린 칸 21.0 % · 전 칸 M 0.353]
   바퀴  1  M  0.908 ± 0.071  (프레임 100)   [유지 부피 AM 0.969 · SE 0.998 · 버린 칸 15.8 % · 전 칸 M 0.739]
   (옛 키) M_final = 마지막 bin 1 (100 프레임 — 부분일 수 있다) = 0.908 ± 0.071
   ★ 등록 최종값 (계획 2 바퀴 · bin 1 · 100 프레임) = 0.908 ± 0.071   평탄 False
   D-2 부피 누락 QC (등록 bin): 통과 (평균 AM 0.969 · SE 0.998 · 프레임별 최솟값 {1: 0.8742514970059879, 2: 0.9516129032258064, 3: 0.9965543373920087})
   스모크 창 (bin 0): 101/101 프레임 · M 0.422  ✓
/home/yonghoon/mixer_dev7_20260930_v26/LU212_ref_r2_s32452843
   t0 step 1037408 · S₀² 0.16222 (198 칸) · S_R² 0.05601 (253 칸, ref E0_ref_s32452843) · M(t0) +0.000
   t0 보조: 유지 부피 AM 0.401 · SE 0.998 · 버린 칸 131/329 · 칸당 입자 중앙 541 · 전 칸 S₀² 0.21398 / S_R² 0.05847
   바퀴  0  M  0.165 ± 0.165  (프레임 101)   [유지 부피 AM 0.589 · SE 0.996 · 버린 칸 33.2 % · 전 칸 M 0.170]
   바퀴  1  M  0.668 ± 0.140  (프레임 100)   [유지 부피 AM 0.969 · SE 0.996 · 버린 칸 20.1 % · 전 칸 M 0.612]
   (옛 키) M_final = 마지막 bin 1 (100 프레임 — 부분일 수 있다) = 0.668 ± 0.140
   ★ 등록 최종값 (계획 2 바퀴 · bin 1 · 100 프레임) = 0.668 ± 0.140   평탄 False
   D-2 부피 누락 QC (등록 bin): 통과 (평균 AM 0.969 · SE 0.996 · 프레임별 최솟값 {1: 0.8263473053892215, 2: 0.8813364055299538, 3: 0.9943616430051055})
   스모크 창 (bin 0): 101/101 프레임 · M 0.165  ✓
/home/yonghoon/mixer_dev7_20260930_v26/LU637_ref_r2_s32452843
   t0 step 1037408 · S₀² 0.13167 (201 칸) · S_R² 0.05601 (253 칸, ref E0_ref_s32452843) · M(t0) +0.000
   t0 보조: 유지 부피 AM 0.283 · SE 0.998 · 버린 칸 155/356 · 칸당 입자 중앙 547 · 전 칸 S₀² 0.22408 / S_R² 0.05847
   바퀴  0  M -0.142 ± 0.202  (프레임 101)   [유지 부피 AM 0.406 · SE 0.997 · 버린 칸 40.5 % · 전 칸 M 0.092]
   바퀴  1  M  0.042 ± 0.237  (프레임 100)   [유지 부피 AM 0.925 · SE 0.995 · 버린 칸 22.2 % · 전 칸 M 0.453]
   (옛 키) M_final = 마지막 bin 1 (100 프레임 — 부분일 수 있다) = 0.042 ± 0.237
   ★ 등록 최종값 (계획 2 바퀴 · bin 1 · 100 프레임) = 0.042 ± 0.237   평탄 True
   D-2 부피 누락 QC (등록 bin): ⚠ 미달 — 선택-셀 M · 전체-bed 결론 제한 (평균 AM 0.925 · SE 0.995 · 프레임별 최솟값 {1: 0.7245508982035928, 2: 0.7350230414746544, 3: 0.9929368968827349})
   스모크 창 (bin 0): 101/101 프레임 · M -0.142  ✓
→ /home/yonghoon/mixer_dev7_20260930_v26/dev_u_M_prelim/devu_c16x4.json
