/home/yonghoon/mixer_dev7_20260930_v26/LC_ref_r2_s32452843
   t0 step 1037408 · S₀² 0.18147 (50 칸) · S_R² 0.01796 (44 칸, ref E0_ref_s32452843) · M(t0) +0.000
   t0 보조: 유지 부피 AM 1.000 · SE 1.000 · 버린 칸 2/52 · 칸당 입자 중앙 926 · 전 칸 S₀² 0.18473 / S_R² 0.01796
   바퀴  0  M  0.429 ± 0.263  (프레임 101)   [유지 부피 AM 0.984 · SE 1.000 · 버린 칸 13.8 % · 전 칸 M 0.322]
   바퀴  1  M  0.881 ± 0.089  (프레임 100)   [유지 부피 AM 0.995 · SE 0.999 · 버린 칸 19.7 % · 전 칸 M 0.593]
   (옛 키) M_final = 마지막 bin 1 (100 프레임 — 부분일 수 있다) = 0.881 ± 0.089
   ★ 등록 최종값 (계획 2 바퀴 · bin 1 · 100 프레임) = 0.881 ± 0.089   평탄 False
   D-2 부피 누락 QC (등록 bin): 통과 (평균 AM 0.995 · SE 0.999 · 프레임별 최솟값 {1: 0.9640718562874251, 2: 0.9769585253456214, 3: 0.9989491234274396})
   스모크 창 (bin 0): 101/101 프레임 · M 0.429  ✓
/home/yonghoon/mixer_dev7_20260930_v26/LU212_ref_r2_s32452843
   t0 step 1037408 · S₀² 0.19172 (50 칸) · S_R² 0.01796 (44 칸, ref E0_ref_s32452843) · M(t0) +0.000
   t0 보조: 유지 부피 AM 0.979 · SE 1.000 · 버린 칸 6/56 · 칸당 입자 중앙 748 · 전 칸 S₀² 0.19773 / S_R² 0.01796
   바퀴  0  M  0.237 ± 0.218  (프레임 101)   [유지 부피 AM 0.966 · SE 1.000 · 버린 칸 18.7 % · 전 칸 M 0.170]
   바퀴  1  M  0.778 ± 0.102  (프레임 100)   [유지 부피 AM 0.995 · SE 0.999 · 버린 칸 31.1 % · 전 칸 M 0.456]
   (옛 키) M_final = 마지막 bin 1 (100 프레임 — 부분일 수 있다) = 0.778 ± 0.102
   ★ 등록 최종값 (계획 2 바퀴 · bin 1 · 100 프레임) = 0.778 ± 0.102   평탄 False
   D-2 부피 누락 QC (등록 bin): 통과 (평균 AM 0.995 · SE 0.999 · 프레임별 최솟값 {1: 0.9700598802395209, 2: 0.9804147465437785, 3: 0.9985449401303155})
   스모크 창 (bin 0): 101/101 프레임 · M 0.237  ✓
/home/yonghoon/mixer_dev7_20260930_v26/LU637_ref_r2_s32452843
   t0 step 1037408 · S₀² 0.19792 (44 칸) · S_R² 0.01796 (44 칸, ref E0_ref_s32452843) · M(t0) +0.000
   t0 보조: 유지 부피 AM 0.956 · SE 1.000 · 버린 칸 11/55 · 칸당 입자 중앙 1060 · 전 칸 S₀² 0.19685 / S_R² 0.01796
   바퀴  0  M  0.121 ± 0.142  (프레임 101)   [유지 부피 AM 0.950 · SE 1.000 · 버린 칸 18.6 % · 전 칸 M 0.084]
   바퀴  1  M  0.614 ± 0.123  (프레임 100)   [유지 부피 AM 0.987 · SE 0.999 · 버린 칸 28.2 % · 전 칸 M 0.374]
   (옛 키) M_final = 마지막 bin 1 (100 프레임 — 부분일 수 있다) = 0.614 ± 0.123
   ★ 등록 최종값 (계획 2 바퀴 · bin 1 · 100 프레임) = 0.614 ± 0.123   평탄 False
   D-2 부피 누락 QC (등록 bin): 통과 (평균 AM 0.987 · SE 0.999 · 프레임별 최솟값 {1: 0.9161676646706586, 2: 0.9447004608294929, 3: 0.9981205476683337})
   스모크 창 (bin 0): 101/101 프레임 · M 0.121  ✓
→ /home/yonghoon/mixer_dev7_20260930_v26/dev_u_M_prelim/devu_c8x2.json
