LU212_ref_r2_s32452843 · OK · rot2 · 정확 좌표 보충 (§12-4 (나) · 보고 전용 · 관문 아님 · 정의 불변)
   t₀ 1,037,408 · 등록 bin 1 창 = step 4,089,172–7,139,962 (등록 프레임 4,119,120–7,139,808 · 100 장 · 덤프 간격 30,512)
  ── step 1,037,429 · settled (restart/settled.bin) · bin 0 · t₀ 1,037,408 + 21 step · 덤프 격자 밖 (등록 프레임이 아니다) · g6 대조 MATCH (400,000 값)
     양                                정확      등록 규칙 @ %g   [확실, 가능] (@ %g)
     (s1) 군집 SE 분율                0.9959          0.9958   [0.9857, 0.9959]
     (s1) 가장 큰 성분 분율              0.9890          0.9888   [0.9471, 0.9890]
     (s1) 수평균 성분 크기              175.782         170.924   [43.160, 175.782]
     (s2) 아무 AM 에 붙은 SE           0.0458          0.0452   [0.0405, 0.0458]
     (s2) AM_P 에 붙은 SE            0.0305          0.0302   [0.0278, 0.0305]
     (s2) AM_S 에 붙은 SE            0.0169          0.0166   [0.0138, 0.0169]
     (s2) AM_P 하나당 SE              18.50           18.31   [16.78, 18.53]
     (s2) AM_S 하나당 SE               2.02            1.98   [1.64, 2.03]
     접촉 SE-SE                  169,797         169,521   [165,794, 169,878] · 반올림이 놓침 292 · 없는데 셈 16
     접촉 AM_P-SE                  3,089           3,057   [2,803, 3,095] · 반올림이 놓침 33 · 없는데 셈 1
     접촉 AM_S-SE                  1,756           1,722   [1,420, 1,759] · 반올림이 놓침 34 · 없는데 셈 0
     정확 쪽: hp 정밀도에서 접촉 집합 결정됨 ✓ (좌표 유효숫자 13 · 반폭 ≤ 5e-15 m · 반경 = 계획 double ✓)
     반올림 쪽: 유효숫자 6 · 좌표 반폭 최대 5e-08 m
  ── step 6,800,000 · b (restart/b.bin) · bin 1 = 등록 bin 1 창 안 · t₀ 1,037,408 + 5,762,592 step · 덤프 격자 밖 (등록 프레임이 아니다) · g6 대조 MATCH (400,000 값)
     양                                정확      등록 규칙 @ %g   [확실, 가능] (@ %g)
     (s1) 군집 SE 분율                0.9552          0.9526   [0.8698, 0.9557]
     (s1) 가장 큰 성분 분율              0.8523          0.8456   [0.5718, 0.8545]
     (s1) 수평균 성분 크기               14.456          13.688   [4.908, 14.679]
     (s2) 아무 AM 에 붙은 SE           0.1427          0.1354   [0.0903, 0.1445]
     (s2) AM_P 에 붙은 SE            0.0694          0.0656   [0.0428, 0.0701]
     (s2) AM_S 에 붙은 SE            0.0757          0.0722   [0.0494, 0.0770]
     (s2) AM_P 하나당 SE              41.60           39.38   [25.81, 42.05]
     (s2) AM_S 하나당 SE               8.87            8.46   [5.79, 9.02]
     접촉 SE-SE                  118,059         116,336   [95,133, 118,452] · 반올림이 놓침 1,784 · 없는데 셈 61
     접촉 AM_P-SE                  6,948           6,577   [4,310, 7,022] · 반올림이 놓침 386 · 없는데 셈 15
     접촉 AM_S-SE                  7,696           7,344   [5,027, 7,827] · 반올림이 놓침 368 · 없는데 셈 16
     정확 쪽: hp 정밀도에서 접촉 집합 결정됨 ✓ (좌표 유효숫자 13 · 반폭 ≤ 5e-15 m · 반경 = 계획 double ✓) · 판독기 규칙 그대로면 반경 자릿수 바닥 탓에 15 쌍이 열림 (진단)
     반올림 쪽: 유효숫자 6 · 좌표 반폭 최대 5e-08 m
  ── step 7,000,000 · a (restart/a.bin) · bin 1 = 등록 bin 1 창 안 · t₀ 1,037,408 + 5,962,592 step · 덤프 격자 밖 (등록 프레임이 아니다) · g6 대조 MATCH (400,000 값)
     양                                정확      등록 규칙 @ %g   [확실, 가능] (@ %g)
     (s1) 군집 SE 분율                0.9556          0.9532   [0.8707, 0.9561]
     (s1) 가장 큰 성분 분율              0.8399          0.8298   [0.5408, 0.8414]
     (s1) 수평균 성분 크기               14.614          13.807   [4.967, 14.813]
     (s2) 아무 AM 에 붙은 SE           0.1553          0.1487   [0.1019, 0.1569]
     (s2) AM_P 에 붙은 SE            0.0750          0.0717   [0.0469, 0.0757]
     (s2) AM_S 에 붙은 SE            0.0827          0.0793   [0.0569, 0.0837]
     (s2) AM_P 하나당 SE              44.91           42.96   [28.20, 45.30]
     (s2) AM_S 하나당 SE               9.65            9.26   [6.67, 9.77]
     접촉 SE-SE                  119,512         117,694   [94,891, 119,895] · 반올림이 놓침 1,868 · 없는데 셈 50
     접촉 AM_P-SE                  7,500           7,175   [4,709, 7,565] · 반올림이 놓침 335 · 없는데 셈 10
     접촉 AM_S-SE                  8,379           8,037   [5,791, 8,482] · 반올림이 놓침 353 · 없는데 셈 11
     정확 쪽: hp 정밀도에서 접촉 집합 결정됨 ✓ (좌표 유효숫자 13 · 반폭 ≤ 5e-15 m · 반경 = 계획 double ✓) · 판독기 규칙 그대로면 반경 자릿수 바닥 탓에 13 쌍이 열림 (진단)
     반올림 쪽: 유효숫자 6 · 좌표 반폭 최대 5e-08 m
   시간 9.6 s
→ /home/yonghoon/mixer_dev7_20260930_v26/dev_u_M_prelim/exact_LU212.json
