LU637_ref_r2_s32452843 · OK · rot2 · 정확 좌표 보충 (§12-4 (나) · 보고 전용 · 관문 아님 · 정의 불변)
   t₀ 1,037,408 · 등록 bin 1 창 = step 4,089,172–7,139,962 (등록 프레임 4,119,120–7,139,808 · 100 장 · 덤프 간격 30,512)
  ── step 1,037,429 · settled (restart/settled.bin) · bin 0 · t₀ 1,037,408 + 21 step · 덤프 격자 밖 (등록 프레임이 아니다) · g6 대조 MATCH (400,000 값)
     양                                정확      등록 규칙 @ %g   [확실, 가능] (@ %g)
     (s1) 군집 SE 분율                0.9983          0.9983   [0.9983, 0.9983]
     (s1) 가장 큰 성분 분율              0.9965          0.9965   [0.9965, 0.9965]
     (s1) 수평균 성분 크기              441.808         441.808   [441.808, 441.808]
     (s2) 아무 AM 에 붙은 SE           0.0245          0.0245   [0.0244, 0.0245]
     (s2) AM_P 에 붙은 SE            0.0173          0.0173   [0.0173, 0.0173]
     (s2) AM_S 에 붙은 SE            0.0077          0.0077   [0.0075, 0.0077]
     (s2) AM_P 하나당 SE              10.42           10.41   [10.39, 10.43]
     (s2) AM_S 하나당 SE               0.90            0.90   [0.88, 0.90]
     접촉 SE-SE                  170,735         170,737   [170,729, 170,772] · 반올림이 놓침 0 · 없는데 셈 2
     접촉 AM_P-SE                  1,740           1,739   [1,735, 1,741] · 반올림이 놓침 1 · 없는데 셈 0
     접촉 AM_S-SE                    782             782   [767, 782] · 반올림이 놓침 0 · 없는데 셈 0
     정확 쪽: hp 정밀도에서 접촉 집합 결정됨 ✓ (좌표 유효숫자 13 · 반폭 ≤ 5e-15 m · 반경 = 계획 double ✓)
     반올림 쪽: 유효숫자 6 · 좌표 반폭 최대 5e-08 m
  ── step 6,800,000 · b (restart/b.bin) · bin 1 = 등록 bin 1 창 안 · t₀ 1,037,408 + 5,762,592 step · 덤프 격자 밖 (등록 프레임이 아니다) · g6 대조 MATCH (400,000 값)
     양                                정확      등록 규칙 @ %g   [확실, 가능] (@ %g)
     (s1) 군집 SE 분율                0.9883          0.9883   [0.9800, 0.9883]
     (s1) 가장 큰 성분 분율              0.9501          0.9500   [0.9087, 0.9502]
     (s1) 수평균 성분 크기               51.013          50.882   [30.592, 51.092]
     (s2) 아무 AM 에 붙은 SE           0.1201          0.1186   [0.0964, 0.1205]
     (s2) AM_P 에 붙은 SE            0.0619          0.0611   [0.0488, 0.0621]
     (s2) AM_S 에 붙은 SE            0.0596          0.0590   [0.0488, 0.0598]
     (s2) AM_P 하나당 SE              37.05           36.56   [29.29, 37.19]
     (s2) AM_S 하나당 SE               6.98            6.90   [5.70, 7.00]
     접촉 SE-SE                  139,878         139,828   [131,146, 139,971] · 반올림이 놓침 57 · 없는데 셈 7
     접촉 AM_P-SE                  6,188           6,106   [4,891, 6,211] · 반올림이 놓침 86 · 없는데 셈 4
     접촉 AM_S-SE                  6,055           5,988   [4,949, 6,073] · 반올림이 놓침 70 · 없는데 셈 3
     정확 쪽: hp 정밀도에서 접촉 집합 결정됨 ✓ (좌표 유효숫자 13 · 반폭 ≤ 5e-15 m · 반경 = 계획 double ✓) · 판독기 규칙 그대로면 반경 자릿수 바닥 탓에 6 쌍이 열림 (진단)
     반올림 쪽: 유효숫자 6 · 좌표 반폭 최대 5e-08 m
  ── step 7,000,000 · a (restart/a.bin) · bin 1 = 등록 bin 1 창 안 · t₀ 1,037,408 + 5,962,592 step · 덤프 격자 밖 (등록 프레임이 아니다) · g6 대조 MATCH (400,000 값)
     양                                정확      등록 규칙 @ %g   [확실, 가능] (@ %g)
     (s1) 군집 SE 분율                0.9896          0.9895   [0.9818, 0.9896]
     (s1) 가장 큰 성분 분율              0.9522          0.9522   [0.9209, 0.9522]
     (s1) 수평균 성분 크기               56.844          56.713   [33.788, 56.876]
     (s2) 아무 AM 에 붙은 SE           0.1240          0.1225   [0.1021, 0.1243]
     (s2) AM_P 에 붙은 SE            0.0644          0.0636   [0.0516, 0.0646]
     (s2) AM_S 에 붙은 SE            0.0613          0.0606   [0.0521, 0.0614]
     (s2) AM_P 하나당 SE              38.51           38.06   [30.90, 38.61]
     (s2) AM_S 하나당 SE               7.15            7.06   [6.06, 7.16]
     접촉 SE-SE                  141,833         141,794   [132,876, 141,925] · 반올림이 놓침 53 · 없는데 셈 14
     접촉 AM_P-SE                  6,432           6,356   [5,161, 6,448] · 반올림이 놓침 76 · 없는데 셈 0
     접촉 AM_S-SE                  6,202           6,131   [5,257, 6,219] · 반올림이 놓침 72 · 없는데 셈 1
     정확 쪽: hp 정밀도에서 접촉 집합 결정됨 ✓ (좌표 유효숫자 13 · 반폭 ≤ 5e-15 m · 반경 = 계획 double ✓) · 판독기 규칙 그대로면 반경 자릿수 바닥 탓에 2 쌍이 열림 (진단)
     반올림 쪽: 유효숫자 6 · 좌표 반폭 최대 5e-08 m
   시간 9.6 s
→ /home/yonghoon/mixer_dev7_20260930_v26/dev_u_M_prelim/exact_LU637.json
