      Step     Time          Energy          fmax
FIRE:    0 02:51:46    -4413.710648        0.326399
FIRE:    1 02:51:47    -4413.748768        0.301413
FIRE:    2 02:51:47    -4413.780441        0.254934
FIRE:    3 02:51:48    -4413.827718        0.198822
FIRE:    4 02:51:49    -4413.873996        0.177958
FIRE:    5 02:51:50    -4413.912923        0.229418
FIRE:    6 02:51:50    -4413.971879        0.233296
FIRE:    7 02:51:51    -4414.026320        0.189719
FIRE:    8 02:51:52    -4414.098242        0.118974
FIRE:    9 02:51:53    -4414.170122        0.109366
FIRE:   10 02:51:54    -4414.260458        0.126084
FIRE:   11 02:51:54    -4414.358404        0.133550
FIRE:   12 02:51:55    -4414.476570        0.124228
FIRE:   13 02:51:56    -4414.599399        0.167380
FIRE:   14 02:51:57    -4414.700919        0.224798
FIRE:   15 02:51:57    -4414.753578        0.102990
FIRE:   16 02:51:58    -4414.734000        0.192331
FIRE:   17 02:51:59    -4414.748883        0.148458
FIRE:   18 02:52:00    -4414.766777        0.076236
FIRE:   19 02:52:01    -4414.774547        0.064367
FIRE:   20 02:52:01    -4414.774904        0.064329
FIRE:   21 02:52:02    -4414.775676        0.064250
FIRE:   22 02:52:03    -4414.776683        0.064123
FIRE:   23 02:52:04    -4414.777943        0.063967
FIRE:   24 02:52:05    -4414.779527        0.063766
FIRE:   25 02:52:05    -4414.781282        0.063525
FIRE:   26 02:52:06    -4414.783319        0.063245
FIRE:   27 02:52:07    -4414.785826        0.062900
FIRE:   28 02:52:08    -4414.789084        0.062458
FIRE:   29 02:52:08    -4414.793094        0.061913
FIRE:   30 02:52:09    -4414.798033        0.061248
FIRE:   31 02:52:10    -4414.804189        0.060440
FIRE:   32 02:52:11    -4414.811729        0.059464
FIRE:   33 02:52:12    -4414.820764        0.058293
FIRE:   34 02:52:12    -4414.831875        0.056920
FIRE:   35 02:52:13    -4414.845427        0.055321
FIRE:   36 02:52:14    -4414.861888        0.053491
FIRE:   37 02:52:15    -4414.881708        0.051429
FIRE:   38 02:52:16    -4414.905546        0.049140
FIRE:   39 02:52:16    -4414.934356        0.046650
FIRE:   40 02:52:17    -4414.968603        0.044673
FIRE:   41 02:52:18    -4415.009614        0.044866
FIRE:   42 02:52:19    -4415.058269        0.046179
FIRE:   43 02:52:19    -4415.115892        0.043583
FIRE:   44 02:52:20    -4415.183585        0.043869
FIRE:   45 02:52:21    -4415.262635        0.046697
FIRE:   46 02:52:22    -4415.354078        0.042848
FIRE:   47 02:52:23    -4415.453264        0.065459
FIRE:   48 02:52:23    -4415.529547        0.157645
FIRE:   49 02:52:24    -4415.564785        0.287363
FIRE:   50 02:52:25    -4415.641918        0.054056
FIRE:   51 02:52:26    -4415.643491        0.041503
FIRE:   52 02:52:27    -4415.645601        0.034707
FIRE:   53 02:52:27    -4415.647456        0.034713
FIRE:   54 02:52:28    -4415.649386        0.039652
FIRE:   55 02:52:29    -4415.652369        0.041518
FIRE:   56 02:52:30    -4415.656470        0.034700
FIRE:   57 02:52:31    -4415.661111        0.034674
FIRE:   58 02:52:31    -4415.666121        0.034634
FIRE:   59 02:52:32    -4415.672554        0.035821
FIRE:   60 02:52:33    -4415.681128        0.034471
FIRE:   61 02:52:34    -4415.691362        0.034325
FIRE:   62 02:52:35    -4415.703602        0.034108
FIRE:   63 02:52:35    -4415.719260        0.033811
FIRE:   64 02:52:36    -4415.737591        0.033408
FIRE:   65 02:52:37    -4415.760498        0.032906
FIRE:   66 02:52:38    -4415.787519        0.032294
FIRE:   67 02:52:38    -4415.819555        0.035783
FIRE:   68 02:52:39    -4415.857585        0.040125
FIRE:   69 02:52:40    -4415.900547        0.063322
FIRE:   70 02:52:41    -4415.942087        0.148371
FIRE:   71 02:52:42    -4415.934356        0.414455
FIRE:   72 02:52:42    -4416.009168        0.042246
FIRE:   73 02:52:43    -4416.009698        0.033341
FIRE:   74 02:52:44    -4416.010538        0.027043
FIRE:   75 02:52:45    -4416.011548        0.027038
FIRE:   76 02:52:46    -4416.012856        0.029377
FIRE:   77 02:52:46    -4416.014501        0.032445
FIRE:   78 02:52:47    -4416.016573        0.027000
FIRE:   79 02:52:48    -4416.018987        0.026977
FIRE:   80 02:52:49    -4416.021941        0.026944
FIRE:   81 02:52:49    -4416.025681        0.028202
FIRE:   82 02:52:50    -4416.030395        0.026838
FIRE:   83 02:52:51    -4416.036209        0.026760
FIRE:   84 02:52:52    -4416.043272        0.026647
FIRE:   85 02:52:53    -4416.052217        0.026494
FIRE:   86 02:52:53    -4416.062828        0.026294
FIRE:   87 02:52:54    -4416.076053        0.026038
FIRE:   88 02:52:55    -4416.091826        0.025711
FIRE:   89 02:52:56    -4416.110966        0.027551
FIRE:   90 02:52:56    -4416.133653        0.028811
FIRE:   91 02:52:57    -4416.160229        0.047506
FIRE:   92 02:52:58    -4416.188580        0.128945
FIRE:   93 02:52:59    -4416.200236        0.363872
FIRE:   94 02:53:00    -4416.227032        0.022516
FIRE:   95 02:53:00    -4416.208085        0.332699
FIRE:   96 02:53:01    -4416.217566        0.247972
FIRE:   97 02:53:02    -4416.227880        0.101751
FIRE:   98 02:53:03    -4416.229525        0.070907
FIRE:   99 02:53:04    -4416.229746        0.066658
FIRE:  100 02:53:04    -4416.229993        0.058501
FIRE:  101 02:53:05    -4416.230387        0.047146
FIRE:  102 02:53:06    -4416.230822        0.033835
FIRE:  103 02:53:07    -4416.231234        0.022393
FIRE:  104 02:53:07    -4416.231632        0.022389
FIRE:  105 02:53:08    -4416.231927        0.022385
FIRE:  106 02:53:09    -4416.232300        0.031439
FIRE:  107 02:53:10    -4416.232817        0.038141
FIRE:  108 02:53:11    -4416.233519        0.039210
FIRE:  109 02:53:11    -4416.234507        0.033182
FIRE:  110 02:53:12    -4416.235763        0.022274
FIRE:  111 02:53:13    -4416.237215        0.022230
FIRE:  112 02:53:14    -4416.238797        0.026672
FIRE:  113 02:53:15    -4416.240771        0.032555
FIRE:  114 02:53:15    -4416.243335        0.024296
FIRE:  115 02:53:16    -4416.246401        0.021971
FIRE:  116 02:53:17    -4416.250101        0.027917
FIRE:  117 02:53:18    -4416.254701        0.023390
FIRE:  118 02:53:19    -4416.260159        0.021580
FIRE:  119 02:53:19    -4416.266767        0.027120
FIRE:  120 02:53:20    -4416.274754        0.021168
FIRE:  121 02:53:21    -4416.284273        0.024701
FIRE:  122 02:53:22    -4416.295647        0.026811
FIRE:  123 02:53:22    -4416.309328        0.020166
FIRE:  124 02:53:23    -4416.325371        0.019692
