카드 v6 · 부모 10 (ABCDEFGHIJ) · 600 K · 런 41 개 · out_root /home/kgy/work/runs/cascade_v6_40run_0921
MSD·D·사건 수 = 궤적에서 카드 정의대로 (골격 COM 제거 · 시간원점 평균 · 2–50 ps 자유절편)
  [ 1/40] P1_Al2O3_A__s1         프레임 2000 · Li 90 · 사건 4226 · 자격 미달
  [ 2/40] P1_Al2O3_A__s2         프레임 2000 · Li 90 · 사건 4143 · 자격 미달
  [ 3/40] P1_Al2O3_B__s1         프레임 2000 · Li 90 · 사건 4021 · 자격 미달
  [ 4/40] P1_Al2O3_B__s2         프레임 2000 · Li 90 · 사건 4155 · 자격 미달
  [ 5/40] P1_Al2O3_C__s1         프레임 2000 · Li 90 · 사건 4192 · 자격 미달
  [ 6/40] P1_Al2O3_C__s2         프레임 2000 · Li 90 · 사건 4127 · 자격 미달
  [ 7/40] P1_Al2O3_D__s1         프레임 2000 · Li 90 · 사건 4329 · 자격 미달
  [ 8/40] P1_Al2O3_D__s2         프레임 2000 · Li 90 · 사건 4248 · 자격 미달
  [ 9/40] P1_Al2O3_E__s1         프레임 2000 · Li 90 · 사건 4129 · 자격 미달
  [10/40] P1_Al2O3_E__s2         프레임 2000 · Li 90 · 사건 4080 · 자격 미달
  [11/40] P1_Al2O3_F__s1         프레임 2000 · Li 90 · 사건 4176 · 자격 미달
  [12/40] P1_Al2O3_F__s2         프레임 2000 · Li 90 · 사건 4297 · 자격 미달
  [13/40] P1_Al2O3_G__s1         프레임 2000 · Li 90 · 사건 4022 · 자격 미달
  [14/40] P1_Al2O3_G__s2         프레임 2000 · Li 90 · 사건 4128 · 자격 미달
  [15/40] P1_Al2O3_H__s1         프레임 2000 · Li 90 · 사건 4023 · 자격 미달
  [16/40] P1_Al2O3_H__s2         프레임 2000 · Li 90 · 사건 4241 · 자격 미달
  [17/40] P1_Al2O3_I__s1         프레임 2000 · Li 90 · 사건 4186 · 자격 미달
  [18/40] P1_Al2O3_I__s2         프레임 2000 · Li 90 · 사건 4332 · 자격 미달
  [19/40] P1_Al2O3_J__s1         프레임 2000 · Li 90 · 사건 3992 · 자격 미달
  [20/40] P1_Al2O3_J__s2         프레임 2000 · Li 90 · 사건 4125 · 자격 미달
  [21/40] P2_Al2S3_A__s1         프레임 2000 · Li 90 · 사건 4518 · 자격 미달
  [22/40] P2_Al2S3_A__s2         프레임 2000 · Li 90 · 사건 4518 · 자격 미달
  [23/40] P2_Al2S3_B__s1         프레임 2000 · Li 90 · 사건 4612 · 자격 미달
  [24/40] P2_Al2S3_B__s2         프레임 2000 · Li 90 · 사건 4367 · 자격 미달
  [25/40] P2_Al2S3_C__s1         프레임 2000 · Li 90 · 사건 4510 · 자격 미달
  [26/40] P2_Al2S3_C__s2         프레임 2000 · Li 90 · 사건 4526 · 자격 미달
  [27/40] P2_Al2S3_D__s1         프레임 2000 · Li 90 · 사건 4504 · 자격 미달
  [28/40] P2_Al2S3_D__s2         프레임 2000 · Li 90 · 사건 4492 · 자격 미달
  [29/40] P2_Al2S3_E__s1         프레임 2000 · Li 90 · 사건 4390 · 자격 미달
  [30/40] P2_Al2S3_E__s2         프레임 2000 · Li 90 · 사건 4490 · 자격 미달
  [31/40] P2_Al2S3_F__s1         프레임 2000 · Li 90 · 사건 4580 · 자격 미달
  [32/40] P2_Al2S3_F__s2         프레임 2000 · Li 90 · 사건 4584 · 자격 미달
  [33/40] P2_Al2S3_G__s1         프레임 2000 · Li 90 · 사건 4584 · 자격 미달
  [34/40] P2_Al2S3_G__s2         프레임 2000 · Li 90 · 사건 4483 · 자격 미달
  [35/40] P2_Al2S3_H__s1         프레임 2000 · Li 90 · 사건 4456 · 자격 미달
  [36/40] P2_Al2S3_H__s2         프레임 2000 · Li 90 · 사건 4326 · 자격 미달
  [37/40] P2_Al2S3_I__s1         프레임 2000 · Li 90 · 사건 4724 · 자격 미달
  [38/40] P2_Al2S3_I__s2         프레임 2000 · Li 90 · 사건 4540 · 자격 미달
  [39/40] P2_Al2S3_J__s1         프레임 2000 · Li 90 · 사건 4558 · 자격 미달
  [40/40] P2_Al2S3_J__s2         프레임 2000 · Li 90 · 사건 4437 · 자격 미달
판정 대상 런 40 · 자격 통과 0
  기준별 미달 (겹침 있음): ① D_inc plateau 40 · ② 부창 기울기비 40 · ③ 사건 수 0 · 검사 불가 0 · 사건 수 최소/중앙/최대 [3992, 4332, 4724]

부모         D̄_P1       D̄_P2  L_k = ln R
  A          nan         nan        결측
  B          nan         nan        결측
  C          nan         nan        결측
  D          nan         nan        결측
  E          nan         nan        결측
  F          nan         nan        결측
  G          nan         nan        결측
  H          nan         nan        결측
  I          nan         nan        결측
  J          nan         nan        결측

1차: 유효 부모 0 — 구간 판정 없음 (n ≥ 2 · df ≤ 30 이어야 한다)

→ /home/kgy/work/runs/cascade_v6_40run_0921/cascade_v6_judgement.json
