      Step     Time          Energy          fmax
FIRE:    0 02:43:20    -4557.575818        0.304471
FIRE:    1 02:43:21    -4557.612291        0.291928
FIRE:    2 02:43:22    -4557.639599        0.267236
FIRE:    3 02:43:23    -4557.684655        0.233399
FIRE:    4 02:43:23    -4557.734499        0.193236
FIRE:    5 02:43:24    -4557.777978        0.149687
FIRE:    6 02:43:25    -4557.839973        0.115796
FIRE:    7 02:43:26    -4557.897609        0.121759
FIRE:    8 02:43:27    -4557.972902        0.122581
FIRE:    9 02:43:28    -4558.050892        0.137820
FIRE:   10 02:43:28    -4558.151037        0.109868
FIRE:   11 02:43:29    -4558.256930        0.131355
FIRE:   12 02:43:30    -4558.380213        0.146112
FIRE:   13 02:43:31    -4558.505183        0.192417
FIRE:   14 02:43:32    -4558.617847        0.220519
FIRE:   15 02:43:33    -4558.661433        0.073346
FIRE:   16 02:43:33    -4558.648267        0.174787
FIRE:   17 02:43:34    -4558.660348        0.135051
FIRE:   18 02:43:35    -4558.675247        0.080174
FIRE:   19 02:43:36    -4558.682471        0.065103
FIRE:   20 02:43:37    -4558.681663        0.091254
FIRE:   21 02:43:38    -4558.682765        0.087930
FIRE:   22 02:43:38    -4558.684713        0.082276
FIRE:   23 02:43:39    -4558.687308        0.075078
FIRE:   24 02:43:40    -4558.690088        0.067539
FIRE:   25 02:43:41    -4558.692778        0.062148
FIRE:   26 02:43:42    -4558.695093        0.060509
FIRE:   27 02:43:43    -4558.697310        0.060942
FIRE:   28 02:43:43    -4558.699538        0.063360
FIRE:   29 02:43:44    -4558.702405        0.066693
FIRE:   30 02:43:45    -4558.706524        0.067610
FIRE:   31 02:43:46    -4558.712247        0.064591
FIRE:   32 02:43:47    -4558.719539        0.058650
FIRE:   33 02:43:47    -4558.728024        0.055244
FIRE:   34 02:43:48    -4558.737242        0.056255
FIRE:   35 02:43:49    -4558.748291        0.058482
FIRE:   36 02:43:50    -4558.762530        0.057217
FIRE:   37 02:43:51    -4558.780143        0.053492
FIRE:   38 02:43:52    -4558.800090        0.055286
FIRE:   39 02:43:52    -4558.824234        0.055229
FIRE:   40 02:43:53    -4558.854214        0.049800
FIRE:   41 02:43:54    -4558.888506        0.055551
FIRE:   42 02:43:55    -4558.930597        0.050844
FIRE:   43 02:43:56    -4558.979255        0.057217
FIRE:   44 02:43:57    -4559.038188        0.048875
FIRE:   45 02:43:57    -4559.106180        0.053052
FIRE:   46 02:43:58    -4559.184197        0.061273
FIRE:   47 02:43:59    -4559.272439        0.075487
FIRE:   48 02:44:00    -4559.363474        0.122560
FIRE:   49 02:44:01    -4559.427041        0.219747
FIRE:   50 02:44:02    -4559.479484        0.042899
FIRE:   51 02:44:02    -4559.446662        0.194043
FIRE:   52 02:44:03    -4559.463688        0.149494
FIRE:   53 02:44:04    -4559.483119        0.073633
FIRE:   54 02:44:05    -4559.488720        0.045572
FIRE:   55 02:44:06    -4559.488952        0.044349
FIRE:   56 02:44:07    -4559.489474        0.042098
FIRE:   57 02:44:07    -4559.490146        0.039955
FIRE:   58 02:44:08    -4559.491083        0.039815
FIRE:   59 02:44:09    -4559.491941        0.039641
FIRE:   60 02:44:10    -4559.492939        0.039438
FIRE:   61 02:44:11    -4559.493961        0.039202
FIRE:   62 02:44:12    -4559.495378        0.038904
FIRE:   63 02:44:12    -4559.497006        0.038529
FIRE:   64 02:44:13    -4559.499189        0.038088
FIRE:   65 02:44:14    -4559.501984        0.037549
FIRE:   66 02:44:15    -4559.505436        0.037197
FIRE:   67 02:44:16    -4559.509706        0.037152
FIRE:   68 02:44:17    -4559.514653        0.037098
FIRE:   69 02:44:17    -4559.520820        0.037035
FIRE:   70 02:44:18    -4559.528613        0.036955
FIRE:   71 02:44:19    -4559.538094        0.036860
FIRE:   72 02:44:20    -4559.549325        0.036750
FIRE:   73 02:44:21    -4559.563157        0.036625
FIRE:   74 02:44:22    -4559.579957        0.036487
FIRE:   75 02:44:22    -4559.600053        0.036327
FIRE:   76 02:44:23    -4559.624479        0.036142
FIRE:   77 02:44:24    -4559.653473        0.035940
FIRE:   78 02:44:25    -4559.688123        0.035725
FIRE:   79 02:44:26    -4559.729143        0.035496
FIRE:   80 02:44:27    -4559.777697        0.035264
FIRE:   81 02:44:27    -4559.834198        0.035045
FIRE:   82 02:44:28    -4559.896450        0.069888
FIRE:   83 02:44:29    -4559.937176        0.210616
FIRE:   84 02:44:30    -4559.974050        0.034629
FIRE:   85 02:44:31    -4559.949609        0.188570
FIRE:   86 02:44:31    -4559.962101        0.142781
FIRE:   87 02:44:32    -4559.976075        0.064378
FIRE:   88 02:44:33    -4559.979198        0.044185
FIRE:   89 02:44:34    -4559.979423        0.042324
FIRE:   90 02:44:35    -4559.979853        0.038848
FIRE:   91 02:44:36    -4559.980403        0.034464
FIRE:   92 02:44:36    -4559.980936        0.034455
FIRE:   93 02:44:37    -4559.981570        0.034444
FIRE:   94 02:44:38    -4559.982285        0.034429
FIRE:   95 02:44:39    -4559.982844        0.034412
FIRE:   96 02:44:40    -4559.983690        0.034396
FIRE:   97 02:44:41    -4559.984758        0.034371
FIRE:   98 02:44:41    -4559.986032        0.034346
FIRE:   99 02:44:42    -4559.987792        0.034313
FIRE:  100 02:44:43    -4559.989945        0.034274
FIRE:  101 02:44:44    -4559.992563        0.034229
FIRE:  102 02:44:45    -4559.995535        0.034175
FIRE:  103 02:44:46    -4559.999357        0.034109
FIRE:  104 02:44:46    -4560.004167        0.034032
FIRE:  105 02:44:47    -4560.009879        0.033943
FIRE:  106 02:44:48    -4560.016817        0.033843
FIRE:  107 02:44:49    -4560.025356        0.033734
FIRE:  108 02:44:50    -4560.035742        0.033616
FIRE:  109 02:44:51    -4560.048150        0.033492
FIRE:  110 02:44:51    -4560.063193        0.033358
FIRE:  111 02:44:52    -4560.081248        0.033230
FIRE:  112 02:44:53    -4560.102754        0.033116
FIRE:  113 02:44:54    -4560.128458        0.033013
FIRE:  114 02:44:55    -4560.158929        0.032956
FIRE:  115 02:44:55    -4560.194796        0.032948
FIRE:  116 02:44:56    -4560.235274        0.071689
FIRE:  117 02:44:57    -4560.262538        0.271199
FIRE:  118 02:44:58    -4560.284634        0.033198
FIRE:  119 02:44:59    -4560.284858        0.033194
FIRE:  120 02:45:00    -4560.285426        0.033183
FIRE:  121 02:45:00    -4560.286228        0.033171
FIRE:  122 02:45:01    -4560.287212        0.033155
FIRE:  123 02:45:02    -4560.288465        0.033137
FIRE:  124 02:45:03    -4560.289921        0.033116
FIRE:  125 02:45:04    -4560.291696        0.033096
FIRE:  126 02:45:05    -4560.293929        0.033071
FIRE:  127 02:45:05    -4560.296606        0.033042
FIRE:  128 02:45:06    -4560.300219        0.033007
FIRE:  129 02:45:07    -4560.304462        0.032967
FIRE:  130 02:45:08    -4560.309819        0.032925
FIRE:  131 02:45:09    -4560.316493        0.032891
FIRE:  132 02:45:10    -4560.324608        0.032856
FIRE:  133 02:45:10    -4560.334478        0.032827
FIRE:  134 02:45:11    -4560.346474        0.032809
FIRE:  135 02:45:12    -4560.361193        0.032825
FIRE:  136 02:45:13    -4560.378671        0.032867
FIRE:  137 02:45:14    -4560.399350        0.038952
FIRE:  138 02:45:15    -4560.422015        0.098885
FIRE:  139 02:45:16    -4560.435364        0.279359
FIRE:  140 02:45:16    -4560.452236        0.033470
FIRE:  141 02:45:17    -4560.440936        0.248540
FIRE:  142 02:45:18    -4560.446714        0.188231
FIRE:  143 02:45:19    -4560.453179        0.082672
FIRE:  144 02:45:20    -4560.454612        0.048486
FIRE:  145 02:45:21    -4560.454702        0.045888
FIRE:  146 02:45:21    -4560.454912        0.040908
FIRE:  147 02:45:22    -4560.455082        0.034058
FIRE:  148 02:45:23    -4560.455405        0.033478
FIRE:  149 02:45:24    -4560.455659        0.033476
FIRE:  150 02:45:25    -4560.455991        0.033475
FIRE:  151 02:45:26    -4560.456290        0.033474
FIRE:  152 02:45:26    -4560.456670        0.033473
FIRE:  153 02:45:27    -4560.457122        0.033472
FIRE:  154 02:45:28    -4560.457642        0.033474
FIRE:  155 02:45:29    -4560.458480        0.033477
FIRE:  156 02:45:30    -4560.459467        0.033482
FIRE:  157 02:45:31    -4560.460571        0.033489
FIRE:  158 02:45:31    -4560.462015        0.033496
FIRE:  159 02:45:32    -4560.463681        0.033506
FIRE:  160 02:45:33    -4560.465757        0.033514
FIRE:  161 02:45:34    -4560.468347        0.033526
FIRE:  162 02:45:35    -4560.471546        0.033544
FIRE:  163 02:45:36    -4560.475318        0.033574
FIRE:  164 02:45:36    -4560.480053        0.033618
FIRE:  165 02:45:37    -4560.485595        0.033677
FIRE:  166 02:45:38    -4560.492399        0.033752
FIRE:  167 02:45:39    -4560.500635        0.033862
FIRE:  168 02:45:40    -4560.510534        0.034022
FIRE:  169 02:45:41    -4560.522415        0.034231
FIRE:  170 02:45:41    -4560.536474        0.034524
FIRE:  171 02:45:42    -4560.553412        0.034939
FIRE:  172 02:45:43    -4560.572640        0.054667
FIRE:  173 02:45:44    -4560.587469        0.187991
FIRE:  174 02:45:45    -4560.527196        0.627561
FIRE:  175 02:45:46    -4560.616265        0.155844
FIRE:  176 02:45:46    -4560.619088        0.108541
FIRE:  177 02:45:47    -4560.621871        0.037245
FIRE:  178 02:45:48    -4560.621683        0.061333
FIRE:  179 02:45:49    -4560.621906        0.056869
FIRE:  180 02:45:50    -4560.622057        0.048365
FIRE:  181 02:45:51    -4560.622354        0.037250
FIRE:  182 02:45:51    -4560.622745        0.037257
FIRE:  183 02:45:52    -4560.622966        0.037266
FIRE:  184 02:45:53    -4560.623217        0.037277
FIRE:  185 02:45:54    -4560.623433        0.037288
FIRE:  186 02:45:55    -4560.623663        0.037300
FIRE:  187 02:45:56    -4560.624045        0.037311
FIRE:  188 02:45:56    -4560.624609        0.037325
FIRE:  189 02:45:57    -4560.625423        0.037341
FIRE:  190 02:45:58    -4560.626181        0.037357
FIRE:  191 02:45:59    -4560.627101        0.037383
FIRE:  192 02:46:00    -4560.628250        0.037417
FIRE:  193 02:46:01    -4560.629705        0.037466
FIRE:  194 02:46:01    -4560.631631        0.037532
FIRE:  195 02:46:02    -4560.633714        0.037615
FIRE:  196 02:46:03    -4560.636333        0.037712
FIRE:  197 02:46:04    -4560.639686        0.037837
FIRE:  198 02:46:05    -4560.643514        0.038002
FIRE:  199 02:46:06    -4560.648286        0.038225
FIRE:  200 02:46:06    -4560.653943        0.038514
FIRE:  201 02:46:07    -4560.660718        0.038873
FIRE:  202 02:46:08    -4560.669018        0.039351
FIRE:  203 02:46:09    -4560.678977        0.039975
FIRE:  204 02:46:10    -4560.690435        0.048232
FIRE:  205 02:46:11    -4560.701637        0.123341
FIRE:  206 02:46:11    -4560.699118        0.320914
FIRE:  207 02:46:12    -4560.720346        0.043099
FIRE:  208 02:46:13    -4560.720435        0.043104
FIRE:  209 02:46:14    -4560.720715        0.043117
FIRE:  210 02:46:15    -4560.720972        0.043137
FIRE:  211 02:46:16    -4560.721404        0.043166
FIRE:  212 02:46:16    -4560.721804        0.043203
FIRE:  213 02:46:17    -4560.722377        0.043251
FIRE:  214 02:46:18    -4560.723126        0.043307
FIRE:  215 02:46:19    -4560.723946        0.043379
FIRE:  216 02:46:20    -4560.725037        0.043468
FIRE:  217 02:46:21    -4560.726281        0.043580
FIRE:  218 02:46:21    -4560.728061        0.043724
FIRE:  219 02:46:22    -4560.730066        0.043906
FIRE:  220 02:46:23    -4560.732570        0.044138
FIRE:  221 02:46:24    -4560.735798        0.044436
FIRE:  222 02:46:25    -4560.739649        0.044805
FIRE:  223 02:46:25    -4560.744354        0.045269
FIRE:  224 02:46:26    -4560.750205        0.045858
FIRE:  225 02:46:27    -4560.757144        0.046580
FIRE:  226 02:46:28    -4560.765582        0.047495
FIRE:  227 02:46:29    -4560.775724        0.048616
FIRE:  228 02:46:30    -4560.786916        0.084083
FIRE:  229 02:46:30    -4560.787970        0.305175
FIRE:  230 02:46:31    -4560.801857        0.051543
FIRE:  231 02:46:32    -4560.802013        0.051549
FIRE:  232 02:46:33    -4560.802309        0.051561
FIRE:  233 02:46:34    -4560.802597        0.051582
FIRE:  234 02:46:35    -4560.802875        0.051615
FIRE:  235 02:46:35    -4560.803271        0.051659
FIRE:  236 02:46:36    -4560.803961        0.051715
FIRE:  237 02:46:37    -4560.804523        0.051783
FIRE:  238 02:46:38    -4560.805302        0.051868
FIRE:  239 02:46:39    -4560.806204        0.051969
FIRE:  240 02:46:40    -4560.807411        0.052090
FIRE:  241 02:46:40    -4560.808824        0.052236
FIRE:  242 02:46:41    -4560.810630        0.052420
FIRE:  243 02:46:42    -4560.812885        0.052654
FIRE:  244 02:46:43    -4560.815612        0.052939
FIRE:  245 02:46:44    -4560.819055        0.053269
FIRE:  246 02:46:45    -4560.823037        0.053657
FIRE:  247 02:46:45    -4560.828161        0.054112
FIRE:  248 02:46:46    -4560.834151        0.054574
FIRE:  249 02:46:47    -4560.841426        0.055067
FIRE:  250 02:46:48    -4560.849560        0.063354
FIRE:  251 02:46:49    -4560.853570        0.183952
FIRE:  252 02:46:50    -4560.860785        0.055579
FIRE:  253 02:46:50    -4560.860839        0.055579
FIRE:  254 02:46:51    -4560.861033        0.055579
FIRE:  255 02:46:52    -4560.861175        0.055581
FIRE:  256 02:46:53    -4560.861503        0.055580
FIRE:  257 02:46:54    -4560.861870        0.055578
FIRE:  258 02:46:55    -4560.862215        0.055574
FIRE:  259 02:46:55    -4560.862798        0.055569
FIRE:  260 02:46:56    -4560.863361        0.055561
FIRE:  261 02:46:57    -4560.864127        0.055549
FIRE:  262 02:46:58    -4560.865104        0.055528
FIRE:  263 02:46:59    -4560.866374        0.055497
FIRE:  264 02:47:00    -4560.867881        0.055446
FIRE:  265 02:47:00    -4560.869838        0.055363
FIRE:  266 02:47:01    -4560.872174        0.055231
FIRE:  267 02:47:02    -4560.875026        0.055025
FIRE:  268 02:47:03    -4560.878563        0.054709
FIRE:  269 02:47:04    -4560.882998        0.054213
FIRE:  270 02:47:05    -4560.888234        0.053446
FIRE:  271 02:47:05    -4560.894754        0.052267
FIRE:  272 02:47:06    -4560.902620        0.050471
FIRE:  273 02:47:07    -4560.911941        0.047714
FIRE:  274 02:47:08    -4560.920073        0.116608
FIRE:  275 02:47:09    -4560.882950        0.472798
FIRE:  276 02:47:10    -4560.928940        0.172957
FIRE:  277 02:47:10    -4560.933086        0.114671
FIRE:  278 02:47:11    -4560.936360        0.044031
FIRE:  279 02:47:12    -4560.935095        0.083211
FIRE:  280 02:47:13    -4560.935353        0.076188
FIRE:  281 02:47:14    -4560.935863        0.062812
FIRE:  282 02:47:15    -4560.936419        0.044276
FIRE:  283 02:47:16    -4560.936819        0.044096
FIRE:  284 02:47:16    -4560.937204        0.044111
FIRE:  285 02:47:17    -4560.937190        0.044132
FIRE:  286 02:47:18    -4560.937119        0.044133
FIRE:  287 02:47:19    -4560.937182        0.044135
FIRE:  288 02:47:20    -4560.937147        0.044135
FIRE:  289 02:47:21    -4560.937223        0.044138
FIRE:  290 02:47:21    -4560.937276        0.044143
FIRE:  291 02:47:22    -4560.937397        0.044147
FIRE:  292 02:47:23    -4560.937396        0.044150
FIRE:  293 02:47:24    -4560.937394        0.044156
FIRE:  294 02:47:25    -4560.937477        0.044165
FIRE:  295 02:47:26    -4560.937591        0.044173
FIRE:  296 02:47:26    -4560.937707        0.044186
FIRE:  297 02:47:27    -4560.937753        0.044200
FIRE:  298 02:47:28    -4560.937881        0.044219
FIRE:  299 02:47:29    -4560.938115        0.044242
FIRE:  300 02:47:30    -4560.938305        0.044269
FIRE:  301 02:47:31    -4560.938705        0.044304
FIRE:  302 02:47:31    -4560.938950        0.044346
FIRE:  303 02:47:32    -4560.939356        0.044398
FIRE:  304 02:47:33    -4560.939852        0.044461
FIRE:  305 02:47:34    -4560.940427        0.044536
FIRE:  306 02:47:35    -4560.941256        0.044628
FIRE:  307 02:47:36    -4560.942045        0.044736
FIRE:  308 02:47:36    -4560.943144        0.044870
FIRE:  309 02:47:37    -4560.944540        0.045025
FIRE:  310 02:47:38    -4560.946068        0.045210
FIRE:  311 02:47:39    -4560.948011        0.045428
FIRE:  312 02:47:40    -4560.950426        0.045680
FIRE:  313 02:47:41    -4560.953334        0.045970
FIRE:  314 02:47:41    -4560.956871        0.046296
FIRE:  315 02:47:42    -4560.961037        0.046650
FIRE:  316 02:47:43    -4560.966188        0.047015
FIRE:  317 02:47:44    -4560.972286        0.047352
FIRE:  318 02:47:45    -4560.979438        0.047579
FIRE:  319 02:47:46    -4560.985929        0.098401
FIRE:  320 02:47:47    -4560.980225        0.264494
FIRE:  321 02:47:47    -4560.998312        0.048405
FIRE:  322 02:47:48    -4560.998535        0.048417
FIRE:  323 02:47:49    -4560.998820        0.048440
FIRE:  324 02:47:50    -4560.998956        0.048477
FIRE:  325 02:47:51    -4560.999180        0.048530
FIRE:  326 02:47:52    -4560.999445        0.048595
FIRE:  327 02:47:52    -4560.999943        0.048675
FIRE:  328 02:47:53    -4561.000447        0.048768
FIRE:  329 02:47:54    -4561.000945        0.048885
FIRE:  330 02:47:55    -4561.001680        0.049025
FIRE:  331 02:47:56    -4561.002562        0.049192
FIRE:  332 02:47:57    -4561.003736        0.049390
FIRE:  333 02:47:57    -4561.005095        0.049638
FIRE:  334 02:47:58    -4561.006763        0.049936
FIRE:  335 02:47:59    -4561.008858        0.050299
FIRE:  336 02:48:00    -4561.011382        0.050720
FIRE:  337 02:48:01    -4561.014513        0.051216
FIRE:  338 02:48:02    -4561.018405        0.051797
FIRE:  339 02:48:02    -4561.023176        0.052429
FIRE:  340 02:48:03    -4561.028867        0.053106
FIRE:  341 02:48:04    -4561.035847        0.053747
FIRE:  342 02:48:05    -4561.043389        0.083087
FIRE:  343 02:48:06    -4561.040573        0.300599
FIRE:  344 02:48:07    -4561.053654        0.056729
FIRE:  345 02:48:07    -4561.053966        0.054006
FIRE:  346 02:48:08    -4561.054356        0.054018
FIRE:  347 02:48:09    -4561.054513        0.054029
FIRE:  348 02:48:10    -4561.054673        0.054037
FIRE:  349 02:48:11    -4561.054917        0.054038
FIRE:  350 02:48:12    -4561.055458        0.054033
FIRE:  351 02:48:13    -4561.056085        0.054022
FIRE:  352 02:48:13    -4561.056476        0.054004
FIRE:  353 02:48:14    -4561.057061        0.053981
FIRE:  354 02:48:15    -4561.058014        0.053950
FIRE:  355 02:48:16    -4561.059107        0.053898
FIRE:  356 02:48:17    -4561.060342        0.053799
FIRE:  357 02:48:18    -4561.062089        0.053643
FIRE:  358 02:48:18    -4561.063895        0.053404
FIRE:  359 02:48:19    -4561.066426        0.053080
FIRE:  360 02:48:20    -4561.069138        0.052601
FIRE:  361 02:48:21    -4561.072647        0.051875
FIRE:  362 02:48:22    -4561.076986        0.050851
FIRE:  363 02:48:23    -4561.081943        0.049306
FIRE:  364 02:48:24    -4561.087448        0.070285
FIRE:  365 02:48:24    -4561.088852        0.210507
FIRE:  366 02:48:25    -4561.095199        0.043764
FIRE:  367 02:48:26    -4561.095195        0.043747
FIRE:  368 02:48:27    -4561.095289        0.043721
FIRE:  369 02:48:28    -4561.095438        0.043680
FIRE:  370 02:48:29    -4561.095600        0.043625
FIRE:  371 02:48:29    -4561.095935        0.043560
FIRE:  372 02:48:30    -4561.096247        0.043479
FIRE:  373 02:48:31    -4561.096502        0.043385
FIRE:  374 02:48:32    -4561.096921        0.043264
FIRE:  375 02:48:33    -4561.097497        0.043101
FIRE:  376 02:48:34    -4561.098176        0.042887
FIRE:  377 02:48:34    -4561.098936        0.042602
FIRE:  378 02:48:35    -4561.100001        0.042232
FIRE:  379 02:48:36    -4561.101264        0.041749
FIRE:  380 02:48:37    -4561.102844        0.041117
FIRE:  381 02:48:38    -4561.104749        0.041228
FIRE:  382 02:48:39    -4561.107183        0.041857
FIRE:  383 02:48:39    -4561.110063        0.042625
FIRE:  384 02:48:40    -4561.113581        0.043564
FIRE:  385 02:48:41    -4561.117769        0.044695
FIRE:  386 02:48:42    -4561.122434        0.046031
FIRE:  387 02:48:43    -4561.125680        0.114394
FIRE:  388 02:48:44    -4561.128763        0.047530
FIRE:  389 02:48:44    -4561.126888        0.102355
FIRE:  390 02:48:45    -4561.127862        0.077271
FIRE:  391 02:48:46    -4561.128964        0.047703
FIRE:  392 02:48:47    -4561.129190        0.047734
FIRE:  393 02:48:48    -4561.129297        0.047739
FIRE:  394 02:48:49    -4561.129259        0.047745
FIRE:  395 02:48:49    -4561.129300        0.047754
FIRE:  396 02:48:50    -4561.129428        0.047767
FIRE:  397 02:48:51    -4561.129516        0.047781
FIRE:  398 02:48:52    -4561.129502        0.047801
FIRE:  399 02:48:53    -4561.129583        0.047821
FIRE:  400 02:48:54    -4561.129701        0.047848
FIRE:  401 02:48:54    -4561.129783        0.047883
FIRE:  402 02:48:55    -4561.129990        0.047924
FIRE:  403 02:48:56    -4561.130154        0.047974
FIRE:  404 02:48:57    -4561.130235        0.048036
FIRE:  405 02:48:58    -4561.130623        0.048112
FIRE:  406 02:48:59    -4561.130817        0.048203
FIRE:  407 02:48:59    -4561.131258        0.048316
FIRE:  408 02:49:00    -4561.131757        0.048449
FIRE:  409 02:49:01    -4561.132390        0.048607
FIRE:  410 02:49:02    -4561.133128        0.048798
FIRE:  411 02:49:03    -4561.133924        0.049019
FIRE:  412 02:49:04    -4561.134998        0.049277
FIRE:  413 02:49:04    -4561.136279        0.049576
FIRE:  414 02:49:05    -4561.137925        0.049915
FIRE:  415 02:49:06    -4561.139894        0.050293
FIRE:  416 02:49:07    -4561.142144        0.050701
FIRE:  417 02:49:08    -4561.145005        0.051118
FIRE:  418 02:49:09    -4561.148497        0.051493
FIRE:  419 02:49:09    -4561.152575        0.051747
FIRE:  420 02:49:10    -4561.157455        0.051732
FIRE:  421 02:49:11    -4561.161986        0.078044
FIRE:  422 02:49:12    -4561.152545        0.269274
FIRE:  423 02:49:13    -4561.169095        0.063652
FIRE:  424 02:49:14    -4561.169730        0.049764
FIRE:  425 02:49:14    -4561.170181        0.049765
FIRE:  426 02:49:15    -4561.170245        0.049762
FIRE:  427 02:49:16    -4561.170237        0.049762
FIRE:  428 02:49:17    -4561.170379        0.049759
FIRE:  429 02:49:18    -4561.170452        0.049755
FIRE:  430 02:49:19    -4561.170559        0.049750
FIRE:  431 02:49:19    -4561.170576        0.049745
FIRE:  432 02:49:20    -4561.170692        0.049737
FIRE:  433 02:49:21    -4561.170715        0.049729
FIRE:  434 02:49:22    -4561.170757        0.049718
FIRE:  435 02:49:23    -4561.170955        0.049706
FIRE:  436 02:49:24    -4561.170985        0.049690
FIRE:  437 02:49:25    -4561.171176        0.049669
FIRE:  438 02:49:25    -4561.171473        0.049643
FIRE:  439 02:49:26    -4561.171791        0.049607
FIRE:  440 02:49:27    -4561.172071        0.049558
FIRE:  441 02:49:28    -4561.172486        0.049488
FIRE:  442 02:49:29    -4561.173010        0.049392
FIRE:  443 02:49:29    -4561.173624        0.049260
FIRE:  444 02:49:30    -4561.174378        0.049082
FIRE:  445 02:49:31    -4561.175363        0.048841
FIRE:  446 02:49:32    -4561.176460        0.048512
FIRE:  447 02:49:33    -4561.177886        0.048066
FIRE:  448 02:49:34    -4561.179613        0.047463
FIRE:  449 02:49:34    -4561.181651        0.046657
FIRE:  450 02:49:35    -4561.184065        0.045556
FIRE:  451 02:49:36    -4561.187079        0.044029
FIRE:  452 02:49:37    -4561.190739        0.041898
FIRE:  453 02:49:38    -4561.194815        0.038943
FIRE:  454 02:49:39    -4561.197612        0.096341
FIRE:  455 02:49:39    -4561.200060        0.034991
FIRE:  456 02:49:40    -4561.200033        0.034985
FIRE:  457 02:49:41    -4561.200119        0.034973
FIRE:  458 02:49:42    -4561.200246        0.034955
FIRE:  459 02:49:43    -4561.200399        0.034931
FIRE:  460 02:49:44    -4561.200498        0.034900
FIRE:  461 02:49:44    -4561.200583        0.034860
FIRE:  462 02:49:45    -4561.200827        0.034810
FIRE:  463 02:49:46    -4561.201077        0.034744
FIRE:  464 02:49:47    -4561.201517        0.034655
FIRE:  465 02:49:48    -4561.201925        0.034532
FIRE:  466 02:49:49    -4561.202386        0.034361
FIRE:  467 02:49:49    -4561.203035        0.034129
FIRE:  468 02:49:50    -4561.203824        0.033810
FIRE:  469 02:49:51    -4561.204813        0.033381
FIRE:  470 02:49:52    -4561.206061        0.032815
FIRE:  471 02:49:53    -4561.207509        0.032078
FIRE:  472 02:49:54    -4561.209373        0.031133
FIRE:  473 02:49:54    -4561.211500        0.029928
FIRE:  474 02:49:55    -4561.214242        0.028395
FIRE:  475 02:49:56    -4561.217463        0.028415
FIRE:  476 02:49:57    -4561.220804        0.042503
FIRE:  477 02:49:58    -4561.220240        0.150350
FIRE:  478 02:49:59    -4561.225598        0.029057
FIRE:  479 02:49:59    -4561.225614        0.029058
FIRE:  480 02:50:00    -4561.225764        0.029058
FIRE:  481 02:50:01    -4561.225882        0.029056
FIRE:  482 02:50:02    -4561.225937        0.029056
FIRE:  483 02:50:03    -4561.226048        0.029056
FIRE:  484 02:50:04    -4561.226248        0.029054
FIRE:  485 02:50:04    -4561.226476        0.029054
FIRE:  486 02:50:05    -4561.226699        0.029055
FIRE:  487 02:50:06    -4561.226893        0.029058
FIRE:  488 02:50:07    -4561.227360        0.029058
FIRE:  489 02:50:08    -4561.227740        0.029060
FIRE:  490 02:50:09    -4561.228314        0.029064
FIRE:  491 02:50:09    -4561.229042        0.029066
FIRE:  492 02:50:10    -4561.229884        0.029064
FIRE:  493 02:50:11    -4561.230904        0.029058
FIRE:  494 02:50:12    -4561.232210        0.029053
FIRE:  495 02:50:13    -4561.233660        0.029048
FIRE:  496 02:50:14    -4561.235595        0.029047
FIRE:  497 02:50:14    -4561.237873        0.029055
FIRE:  498 02:50:15    -4561.240443        0.029073
FIRE:  499 02:50:16    -4561.242522        0.078735
FIRE:  500 02:50:17    -4561.233659        0.265365
FIRE:  501 02:50:18    -4561.246445        0.065355
FIRE:  502 02:50:19    -4561.246889        0.044773
FIRE:  503 02:50:19    -4561.247407        0.029120
FIRE:  504 02:50:20    -4561.247316        0.029120
FIRE:  505 02:50:21    -4561.247330        0.029119
FIRE:  506 02:50:22    -4561.247386        0.029121
FIRE:  507 02:50:23    -4561.247431        0.029120
FIRE:  508 02:50:24    -4561.247512        0.029119
FIRE:  509 02:50:24    -4561.247554        0.029118
FIRE:  510 02:50:25    -4561.247568        0.029118
FIRE:  511 02:50:26    -4561.247611        0.029118
FIRE:  512 02:50:27    -4561.247642        0.029116
FIRE:  513 02:50:28    -4561.247706        0.029117
FIRE:  514 02:50:29    -4561.247803        0.029115
FIRE:  515 02:50:29    -4561.247921        0.029112
FIRE:  516 02:50:30    -4561.248110        0.029111
FIRE:  517 02:50:31    -4561.248313        0.029110
FIRE:  518 02:50:32    -4561.248394        0.029107
FIRE:  519 02:50:33    -4561.248670        0.029103
FIRE:  520 02:50:34    -4561.248974        0.029094
FIRE:  521 02:50:34    -4561.249358        0.029084
FIRE:  522 02:50:35    -4561.249865        0.029070
FIRE:  523 02:50:36    -4561.250298        0.029046
FIRE:  524 02:50:37    -4561.250961        0.029012
FIRE:  525 02:50:38    -4561.251782        0.028964
FIRE:  526 02:50:39    -4561.252686        0.028898
FIRE:  527 02:50:39    -4561.253877        0.028799
FIRE:  528 02:50:40    -4561.255173        0.028658
FIRE:  529 02:50:41    -4561.256882        0.028461
FIRE:  530 02:50:42    -4561.258836        0.028178
FIRE:  531 02:50:43    -4561.260747        0.042289
FIRE:  532 02:50:44    -4561.260500        0.120456
FIRE:  533 02:50:44    -4561.263690        0.027181
FIRE:  534 02:50:45    -4561.263691        0.027177
FIRE:  535 02:50:46    -4561.263812        0.027170
FIRE:  536 02:50:47    -4561.263789        0.027161
FIRE:  537 02:50:48    -4561.263933        0.027147
FIRE:  538 02:50:49    -4561.263986        0.027130
FIRE:  539 02:50:49    -4561.264024        0.027111
FIRE:  540 02:50:50    -4561.264132        0.027088
FIRE:  541 02:50:51    -4561.264262        0.027057
FIRE:  542 02:50:52    -4561.264470        0.027019
FIRE:  543 02:50:53    -4561.264609        0.026968
FIRE:  544 02:50:54    -4561.264953        0.026904
FIRE:  545 02:50:54    -4561.265210        0.026818
FIRE:  546 02:50:55    -4561.265634        0.026707
FIRE:  547 02:50:56    -4561.266132        0.026560
FIRE:  548 02:50:57    -4561.266771        0.026365
FIRE:  549 02:50:58    -4561.267564        0.026100
FIRE:  550 02:50:59    -4561.268407        0.025754
FIRE:  551 02:50:59    -4561.269490        0.025297
FIRE:  552 02:51:00    -4561.270738        0.024683
FIRE:  553 02:51:01    -4561.272309        0.023857
FIRE:  554 02:51:02    -4561.273527        0.051907
FIRE:  555 02:51:03    -4561.270631        0.161364
FIRE:  556 02:51:04    -4561.275762        0.028164
FIRE:  557 02:51:04    -4561.275968        0.021343
FIRE:  558 02:51:05    -4561.276011        0.021328
FIRE:  559 02:51:06    -4561.276031        0.021308
FIRE:  560 02:51:07    -4561.275974        0.021305
FIRE:  561 02:51:08    -4561.276090        0.021303
FIRE:  562 02:51:09    -4561.276070        0.021298
FIRE:  563 02:51:09    -4561.276071        0.021289
FIRE:  564 02:51:10    -4561.276035        0.021283
FIRE:  565 02:51:11    -4561.276155        0.021271
FIRE:  566 02:51:12    -4561.276158        0.021260
FIRE:  567 02:51:13    -4561.276136        0.021244
FIRE:  568 02:51:14    -4561.276188        0.021225
FIRE:  569 02:51:14    -4561.276263        0.021202
FIRE:  570 02:51:15    -4561.276286        0.021173
FIRE:  571 02:51:16    -4561.276375        0.021134
FIRE:  572 02:51:17    -4561.276419        0.021085
FIRE:  573 02:51:18    -4561.276490        0.021032
FIRE:  574 02:51:19    -4561.276701        0.020956
FIRE:  575 02:51:19    -4561.276745        0.020867
FIRE:  576 02:51:20    -4561.276971        0.020750
FIRE:  577 02:51:21    -4561.277170        0.020608
FIRE:  578 02:51:22    -4561.277466        0.020427
FIRE:  579 02:51:23    -4561.277795        0.020198
FIRE:  580 02:51:24    -4561.278094        0.019911
