chemsys = ['Cl', 'Co', 'Li', 'Mn', 'Nd', 'Ni', 'O', 'P', 'S']
Retrieving ThermoDoc documents:   0%|          | 0/5061 [00:00<?, ?it/s]Retrieving ThermoDoc documents:  40%|███▉      | 2000/5061 [00:03<00:05, 569.49it/s]Retrieving ThermoDoc documents:  59%|█████▉    | 3000/5061 [00:09<00:06, 296.26it/s]Retrieving ThermoDoc documents:  79%|███████▉  | 4000/5061 [00:14<00:04, 246.27it/s]Retrieving ThermoDoc documents:  99%|█████████▉| 5000/5061 [00:19<00:00, 233.92it/s]Retrieving ThermoDoc documents: 100%|██████████| 5061/5061 [00:21<00:00, 192.51it/s]Retrieving ThermoDoc documents: 100%|██████████| 5061/5061 [00:21<00:00, 238.59it/s]
[mp_api] 5061 entries in Cl-Co-Li-Mn-Nd-Ni-O-P-S
mu_Li(metal) = -1.9089 eV/atom

######## cathode LiCoO2 (LiCoO2) ########
  V=2.50  modelc   : -0.6238 eV/atom   0.6835 LiCoO2 + 0.3165 Li5.4P1S4.4Cl1.6 -> 0.8861 Li + 0.3165 Li3PO4 + 0.6835 CoS2 + 0.02532 Li2SO4 + 0.5063 LiCl
  V=2.50  nd_li_002: -0.6222 eV/atom   0.3165 Li5.34Nd0.02P1S4.4Cl1.6 + 0.6835 LiCoO2 -> 0.8861 Li + 0.3101 Li3PO4 + 0.6835 CoS2 + 0.006329 NdPO4 + 0.02532 Li2SO4 + 0.5063 LiCl
  V=2.50  o_only_003: -0.6216 eV/atom   0.318 Li5.4P1S4.37Cl1.6O0.03 + 0.682 LiCoO2 -> 0.8855 Li + 0.318 Li3PO4 + 0.682 CoS2 + 0.02544 Li2SO4 + 0.5087 LiCl
  V=2.50  ndo_li_002: -0.6200 eV/atom   0.318 Li5.34Nd0.02P1S4.37Cl1.6O0.03 + 0.682 LiCoO2 -> 0.8855 Li + 0.3116 Li3PO4 + 0.682 CoS2 + 0.006359 NdPO4 + 0.02544 Li2SO4 + 0.5087 LiCl
  V=2.50  lim_li_002: -0.6222 eV/atom   0.6835 LiCoO2 + 0.3165 Li5.34P1S4.4Cl1.6 -> 0.8671 Li + 0.3165 Li3PO4 + 0.6835 CoS2 + 0.02532 Li2SO4 + 0.5063 LiCl
  V=2.50  lim_li_002_o: -0.6200 eV/atom   0.318 Li5.34P1S4.37Cl1.6O0.03 + 0.682 LiCoO2 -> 0.8665 Li + 0.318 Li3PO4 + 0.682 CoS2 + 0.02544 Li2SO4 + 0.5087 LiCl
  V=2.50  nd_p_002 : -0.6232 eV/atom   0.3173 Li5.44Nd0.02P0.98S4.4Cl1.6 + 0.6827 LiCoO2 -> 0.9264 Li + 0.3046 Li3PO4 + 0.6827 CoS2 + 0.006345 NdPO4 + 0.03046 Li2SO4 + 0.5076 LiCl
  V=2.50  nd_p_002_asused: -0.6210 eV/atom   0.3188 Li5.44Nd0.02P0.98S4.37Cl1.6O0.03 + 0.6812 LiCoO2 -> 0.926 Li + 0.306 Li3PO4 + 0.6812 CoS2 + 0.006376 NdPO4 + 0.0306 Li2SO4 + 0.51 LiCl
  V=2.50  lim_p_002: -0.6232 eV/atom   0.6827 LiCoO2 + 0.3173 Li5.44P0.98S4.4Cl1.6 -> 0.9074 Li + 0.3109 Li3PO4 + 0.6827 CoS2 + 0.03046 Li2SO4 + 0.5076 LiCl
  V=2.50  lim_p_002_asused: -0.6210 eV/atom   0.3188 Li5.44P0.98S4.37Cl1.6O0.03 + 0.6812 LiCoO2 -> 0.9069 Li + 0.3124 Li3PO4 + 0.6812 CoS2 + 0.0306 Li2SO4 + 0.51 LiCl
  V=3.00  modelc   : -0.7300 eV/atom   0.6785 LiCoO2 + 0.3215 Li5.4P1S4.4Cl1.6 -> 1.141 Li + 0.6785 CoS2 + 0.1608 Li4P2O7 + 0.05788 Li2SO4 + 0.5145 LiCl
  V=3.00  nd_li_002: -0.7281 eV/atom   0.3214 Li5.34Nd0.02P1S4.4Cl1.6 + 0.6786 LiCoO2 -> 1.136 Li + 0.6786 CoS2 + 0.1575 Li4P2O7 + 0.006429 NdPO4 + 0.05722 Li2SO4 + 0.5143 LiCl
  V=3.00  o_only_003: -0.7275 eV/atom   0.3231 Li5.4P1S4.37Cl1.6O0.03 + 0.6769 LiCoO2 -> 1.142 Li + 0.6769 CoS2 + 0.1616 Li4P2O7 + 0.05816 Li2SO4 + 0.517 LiCl
  V=3.00  ndo_li_002: -0.7257 eV/atom   0.323 Li5.34Nd0.02P1S4.37Cl1.6O0.03 + 0.677 LiCoO2 -> 1.137 Li + 0.677 CoS2 + 0.1583 Li4P2O7 + 0.00646 NdPO4 + 0.05749 Li2SO4 + 0.5168 LiCl
  V=3.00  lim_li_002: -0.7261 eV/atom   0.6785 LiCoO2 + 0.3215 Li5.34P1S4.4Cl1.6 -> 1.122 Li + 0.6785 CoS2 + 0.1608 Li4P2O7 + 0.05788 Li2SO4 + 0.5145 LiCl
  V=3.00  lim_li_002_o: -0.7237 eV/atom   0.3231 Li5.34P1S4.37Cl1.6O0.03 + 0.6769 LiCoO2 -> 1.123 Li + 0.6769 CoS2 + 0.1616 Li4P2O7 + 0.05816 Li2SO4 + 0.517 LiCl
  V=3.00  nd_p_002 : -0.7340 eV/atom   0.3222 Li5.44Nd0.02P0.98S4.4Cl1.6 + 0.6778 LiCoO2 -> 1.173 Li + 0.6778 CoS2 + 0.1546 Li4P2O7 + 0.006443 NdPO4 + 0.06186 Li2SO4 + 0.5155 LiCl
  V=3.00  nd_p_002_asused: -0.7315 eV/atom   0.3237 Li5.44Nd0.02P0.98S4.37Cl1.6O0.03 + 0.6763 LiCoO2 -> 1.174 Li + 0.6763 CoS2 + 0.1554 Li4P2O7 + 0.006475 NdPO4 + 0.06216 Li2SO4 + 0.518 LiCl
  V=3.00  lim_p_002: -0.7319 eV/atom   0.6777 LiCoO2 + 0.3223 Li5.44P0.98S4.4Cl1.6 -> 1.159 Li + 0.6777 CoS2 + 0.1579 Li4P2O7 + 0.06252 Li2SO4 + 0.5156 LiCl
  V=3.00  lim_p_002_asused: -0.7295 eV/atom   0.3238 Li5.44P0.98S4.37Cl1.6O0.03 + 0.6762 LiCoO2 -> 1.159 Li + 0.6762 CoS2 + 0.1587 Li4P2O7 + 0.06282 Li2SO4 + 0.5181 LiCl
  V=3.50  modelc   : -0.8859 eV/atom   0.6732 LiCoO2 + 0.3268 Li5.4P1S4.4Cl1.6 -> 1.405 Li + 0.6732 CoS2 + 0.0915 Li2SO4 + 0.3268 LiPO3 + 0.5229 LiCl
  V=3.50  nd_li_002: -0.8837 eV/atom   0.3268 Li5.34Nd0.02P1S4.4Cl1.6 + 0.6732 LiCoO2 -> 1.405 Li + 0.006536 LiNd(PO3)4 + 0.6732 CoS2 + 0.0915 Li2SO4 + 0.3007 LiPO3 + 0.5229 LiCl
  V=3.50  o_only_003: -0.8834 eV/atom   0.3284 Li5.4P1S4.37Cl1.6O0.03 + 0.6716 LiCoO2 -> 1.407 Li + 0.6716 CoS2 + 0.09195 Li2SO4 + 0.3284 LiPO3 + 0.5255 LiCl
  V=3.50  ndo_li_002: -0.8812 eV/atom   0.3284 Li5.34Nd0.02P1S4.37Cl1.6O0.03 + 0.6716 LiCoO2 -> 1.407 Li + 0.006568 LiNd(PO3)4 + 0.6716 CoS2 + 0.09195 Li2SO4 + 0.3021 LiPO3 + 0.5255 LiCl
  V=3.50  lim_li_002: -0.8797 eV/atom   0.6732 LiCoO2 + 0.3268 Li5.34P1S4.4Cl1.6 -> 1.386 Li + 0.6732 CoS2 + 0.0915 Li2SO4 + 0.3268 LiPO3 + 0.5229 LiCl
  V=3.50  lim_li_002_o: -0.8772 eV/atom   0.3284 Li5.34P1S4.37Cl1.6O0.03 + 0.6716 LiCoO2 -> 1.388 Li + 0.6716 CoS2 + 0.09195 Li2SO4 + 0.3284 LiPO3 + 0.5255 LiCl
  V=3.50  nd_p_002 : -0.8936 eV/atom   0.3274 Li5.44Nd0.02P0.98S4.4Cl1.6 + 0.6726 LiCoO2 -> 1.437 Li + 0.006549 LiNd(PO3)4 + 0.6726 CoS2 + 0.09561 Li2SO4 + 0.2947 LiPO3 + 0.5239 LiCl
  V=3.50  nd_p_002_asused: -0.8911 eV/atom   0.3291 Li5.44Nd0.02P0.98S4.37Cl1.6O0.03 + 0.6709 LiCoO2 -> 1.44 Li + 0.006581 LiNd(PO3)4 + 0.6709 CoS2 + 0.09608 Li2SO4 + 0.2962 LiPO3 + 0.5265 LiCl
  V=3.50  lim_p_002: -0.8896 eV/atom   0.6726 LiCoO2 + 0.3274 Li5.44P0.98S4.4Cl1.6 -> 1.418 Li + 0.6726 CoS2 + 0.09561 Li2SO4 + 0.3209 LiPO3 + 0.5239 LiCl
  V=3.50  lim_p_002_asused: -0.8871 eV/atom   0.3291 Li5.44P0.98S4.37Cl1.6O0.03 + 0.6709 LiCoO2 -> 1.42 Li + 0.6709 CoS2 + 0.09608 Li2SO4 + 0.3225 LiPO3 + 0.5265 LiCl
  V=4.00  modelc   : -1.1655 eV/atom   0.6091 LiCoO2 + 0.3909 Li5.4P1S4.4Cl1.6 -> 2.72 Li + 0.07166 SO2 + 0.6254 SCl + 0.5114 CoS2 + 0.09772 CoP4O11
  V=4.00  nd_li_002: -1.1612 eV/atom   0.3933 Li5.34Nd0.02P1S4.4Cl1.6 + 0.6067 LiCoO2 -> 2.707 Li + 0.0649 SO2 + 0.007866 NdP5O14 + 0.6293 SCl + 0.5182 CoS2 + 0.0885 CoP4O11
  V=4.00  o_only_003: -1.1631 eV/atom   0.3932 Li5.4P1S4.37Cl1.6O0.03 + 0.6068 LiCoO2 -> 2.73 Li + 0.07208 SO2 + 0.6291 SCl + 0.5085 CoS2 + 0.0983 CoP4O11
  V=4.00  ndo_li_002: -1.1588 eV/atom   0.3956 Li5.34Nd0.02P1S4.37Cl1.6O0.03 + 0.6044 LiCoO2 -> 2.717 Li + 0.06528 SO2 + 0.007913 NdP5O14 + 0.633 SCl + 0.5153 CoS2 + 0.08902 CoP4O11
  V=4.00  lim_li_002: -1.1560 eV/atom   0.6091 LiCoO2 + 0.3909 Li5.34P1S4.4Cl1.6 -> 2.696 Li + 0.07166 SO2 + 0.6254 SCl + 0.5114 CoS2 + 0.09772 CoP4O11
  V=4.00  lim_li_002_o: -1.1535 eV/atom   0.3932 Li5.34P1S4.37Cl1.6O0.03 + 0.6068 LiCoO2 -> 2.706 Li + 0.07208 SO2 + 0.6291 SCl + 0.5085 CoS2 + 0.0983 CoP4O11
  V=4.00  nd_p_002 : -1.1777 eV/atom   0.3953 Li5.44Nd0.02P0.98S4.4Cl1.6 + 0.6047 LiCoO2 -> 2.755 Li + 0.07115 SO2 + 0.007905 NdP5O14 + 0.6324 SCl + 0.5178 CoS2 + 0.08696 CoP4O11
  V=4.00  nd_p_002_asused: -1.1753 eV/atom   0.3976 Li5.44Nd0.02P0.98S4.37Cl1.6O0.03 + 0.6024 LiCoO2 -> 2.765 Li + 0.07157 SO2 + 0.007952 NdP5O14 + 0.6362 SCl + 0.5149 CoS2 + 0.08748 CoP4O11
  V=4.00  lim_p_002: -1.1724 eV/atom   0.6072 LiCoO2 + 0.3928 Li5.44P0.98S4.4Cl1.6 -> 2.744 Li + 0.07791 SO2 + 0.6285 SCl + 0.511 CoS2 + 0.09624 CoP4O11
  V=4.00  lim_p_002_asused: -1.1700 eV/atom   0.3951 Li5.44P0.98S4.37Cl1.6O0.03 + 0.6049 LiCoO2 -> 2.754 Li + 0.07837 SO2 + 0.6322 SCl + 0.5081 CoS2 + 0.09681 CoP4O11
  V=4.30  modelc   : -1.3459 eV/atom   0.5789 LiCoO2 + 0.4211 Li5.4P1S4.4Cl1.6 -> 2.853 Li + 0.6737 SCl + 0.1053 CoP4O11 + 0.4737 CoS2 + 0.2316 S
  V=4.30  nd_li_002: -1.3396 eV/atom   0.4206 Li5.34Nd0.02P1S4.4Cl1.6 + 0.5794 LiCoO2 -> 2.825 Li + 0.673 SCl + 0.008412 NdP5O14 + 0.09464 CoP4O11 + 0.4848 CoS2 + 0.2082 S
  V=4.30  o_only_003: -1.3437 eV/atom   0.4237 Li5.4P1S4.37Cl1.6O0.03 + 0.5763 LiCoO2 -> 2.864 Li + 0.678 SCl + 0.1059 CoP4O11 + 0.4703 CoS2 + 0.2331 S
  V=4.30  ndo_li_002: -1.3374 eV/atom   0.4233 Li5.34Nd0.02P1S4.37Cl1.6O0.03 + 0.5767 LiCoO2 -> 2.837 Li + 0.6772 SCl + 0.008466 NdP5O14 + 0.09524 CoP4O11 + 0.4815 CoS2 + 0.2095 S
  V=4.30  lim_li_002: -1.3343 eV/atom   0.5789 LiCoO2 + 0.4211 Li5.34P1S4.4Cl1.6 -> 2.827 Li + 0.6737 SCl + 0.1053 CoP4O11 + 0.4737 CoS2 + 0.2316 S
  V=4.30  lim_li_002_o: -1.3320 eV/atom   0.4237 Li5.34P1S4.37Cl1.6O0.03 + 0.5763 LiCoO2 -> 2.839 Li + 0.678 SCl + 0.1059 CoP4O11 + 0.4703 CoS2 + 0.2331 S
  V=4.30  nd_p_002 : -1.3603 eV/atom   0.4255 Li5.44Nd0.02P0.98S4.4Cl1.6 + 0.5745 LiCoO2 -> 2.889 Li + 0.6809 SCl + 0.008511 NdP5O14 + 0.09362 CoP4O11 + 0.4809 CoS2 + 0.2298 S
  V=4.30  nd_p_002_asused: -1.3582 eV/atom   0.4283 Li5.44Nd0.02P0.98S4.37Cl1.6O0.03 + 0.5717 LiCoO2 -> 2.901 Li + 0.6852 SCl + 0.008565 NdP5O14 + 0.09422 CoP4O11 + 0.4775 CoS2 + 0.2313 S
  V=4.30  lim_p_002: -1.3550 eV/atom   0.574 LiCoO2 + 0.426 Li5.44P0.98S4.4Cl1.6 -> 2.891 Li + 0.6816 SCl + 0.1044 CoP4O11 + 0.4696 CoS2 + 0.2535 S
  V=4.30  lim_p_002_asused: -1.3528 eV/atom   0.4287 Li5.44P0.98S4.37Cl1.6O0.03 + 0.5713 LiCoO2 -> 2.904 Li + 0.686 SCl + 0.105 CoP4O11 + 0.4662 CoS2 + 0.2551 S
  V=4.50  modelc   : -1.4677 eV/atom   0.5789 LiCoO2 + 0.4211 Li5.4P1S4.4Cl1.6 -> 2.853 Li + 0.1053 CoP4O11 + 0.6737 SCl + 0.4737 CoS2 + 0.2316 S
  V=4.50  nd_li_002: -1.4601 eV/atom   0.4206 Li5.34Nd0.02P1S4.4Cl1.6 + 0.5794 LiCoO2 -> 2.825 Li + 0.09464 CoP4O11 + 0.008412 NdP5O14 + 0.673 SCl + 0.4848 CoS2 + 0.2082 S
  V=4.50  o_only_003: -1.4657 eV/atom   0.4237 Li5.4P1S4.37Cl1.6O0.03 + 0.5763 LiCoO2 -> 2.864 Li + 0.1059 CoP4O11 + 0.678 SCl + 0.4703 CoS2 + 0.2331 S
  V=4.50  ndo_li_002: -1.4581 eV/atom   0.4233 Li5.34Nd0.02P1S4.37Cl1.6O0.03 + 0.5767 LiCoO2 -> 2.837 Li + 0.09524 CoP4O11 + 0.008466 NdP5O14 + 0.6772 SCl + 0.4815 CoS2 + 0.2095 S
  V=4.50  lim_li_002: -1.4550 eV/atom   0.5789 LiCoO2 + 0.4211 Li5.34P1S4.4Cl1.6 -> 2.827 Li + 0.1053 CoP4O11 + 0.6737 SCl + 0.4737 CoS2 + 0.2316 S
  V=4.50  lim_li_002_o: -1.4530 eV/atom   0.4237 Li5.34P1S4.37Cl1.6O0.03 + 0.5763 LiCoO2 -> 2.839 Li + 0.1059 CoP4O11 + 0.678 SCl + 0.4703 CoS2 + 0.2331 S
  V=4.50  nd_p_002 : -1.4832 eV/atom   0.4255 Li5.44Nd0.02P0.98S4.4Cl1.6 + 0.5745 LiCoO2 -> 2.889 Li + 0.09362 CoP4O11 + 0.008511 NdP5O14 + 0.6809 SCl + 0.4809 CoS2 + 0.2298 S
  V=4.50  nd_p_002_asused: -1.4813 eV/atom   0.4283 Li5.44Nd0.02P0.98S4.37Cl1.6O0.03 + 0.5717 LiCoO2 -> 2.901 Li + 0.09422 CoP4O11 + 0.008565 NdP5O14 + 0.6852 SCl + 0.4775 CoS2 + 0.2313 S
  V=4.50  lim_p_002: -1.4781 eV/atom   0.574 LiCoO2 + 0.426 Li5.44P0.98S4.4Cl1.6 -> 2.891 Li + 0.1044 CoP4O11 + 0.6816 SCl + 0.4696 CoS2 + 0.2535 S
  V=4.50  lim_p_002_asused: -1.4762 eV/atom   0.4287 Li5.44P0.98S4.37Cl1.6O0.03 + 0.5713 LiCoO2 -> 2.904 Li + 0.105 CoP4O11 + 0.686 SCl + 0.4662 CoS2 + 0.2551 S

######## cathode LiNiO2 (LiNiO2) ########
  V=2.50  modelc   : -0.7762 eV/atom   0.7465 LiNiO2 + 0.2535 Li5.4P1S4.4Cl1.6 -> 0.7097 Li + 0.2535 Li3PO4 + 0.2488 Ni3S4 + 0.1198 Li2SO4 + 0.4055 LiCl
  V=2.50  nd_li_002: -0.7747 eV/atom   0.2535 Li5.34Nd0.02P1S4.4Cl1.6 + 0.7465 LiNiO2 -> 0.7097 Li + 0.2484 Li3PO4 + 0.005069 NdPO4 + 0.2488 Ni3S4 + 0.1198 Li2SO4 + 0.4055 LiCl
  V=2.50  o_only_003: -0.7739 eV/atom   0.2548 Li5.4P1S4.37Cl1.6O0.03 + 0.7452 LiNiO2 -> 0.7096 Li + 0.2548 Li3PO4 + 0.2484 Ni3S4 + 0.1197 Li2SO4 + 0.4076 LiCl
  V=2.50  ndo_li_002: -0.7723 eV/atom   0.2548 Li5.34Nd0.02P1S4.37Cl1.6O0.03 + 0.7452 LiNiO2 -> 0.7096 Li + 0.2497 Li3PO4 + 0.005096 NdPO4 + 0.2484 Ni3S4 + 0.1197 Li2SO4 + 0.4076 LiCl
  V=2.50  lim_li_002: -0.7749 eV/atom   0.7465 LiNiO2 + 0.2535 Li5.34P1S4.4Cl1.6 -> 0.6945 Li + 0.2535 Li3PO4 + 0.2488 Ni3S4 + 0.1198 Li2SO4 + 0.4055 LiCl
  V=2.50  lim_li_002_o: -0.7725 eV/atom   0.2548 Li5.34P1S4.37Cl1.6O0.03 + 0.7452 LiNiO2 -> 0.6943 Li + 0.2548 Li3PO4 + 0.2484 Ni3S4 + 0.1197 Li2SO4 + 0.4076 LiCl
  V=2.50  nd_p_002 : -0.7754 eV/atom   0.2542 Li5.44Nd0.02P0.98S4.4Cl1.6 + 0.7458 LiNiO2 -> 0.7421 Li + 0.244 Li3PO4 + 0.005083 NdPO4 + 0.2486 Ni3S4 + 0.1238 Li2SO4 + 0.4067 LiCl
  V=2.50  nd_p_002_asused: -0.7731 eV/atom   0.2555 Li5.44Nd0.02P0.98S4.37Cl1.6O0.03 + 0.7445 LiNiO2 -> 0.7422 Li + 0.2453 Li3PO4 + 0.00511 NdPO4 + 0.2482 Ni3S4 + 0.1238 Li2SO4 + 0.4088 LiCl
  V=2.50  lim_p_002: -0.7756 eV/atom   0.7458 LiNiO2 + 0.2542 Li5.44P0.98S4.4Cl1.6 -> 0.7269 Li + 0.2491 Li3PO4 + 0.2486 Ni3S4 + 0.1238 Li2SO4 + 0.4067 LiCl
  V=2.50  lim_p_002_asused: -0.7733 eV/atom   0.2555 Li5.44P0.98S4.37Cl1.6O0.03 + 0.7445 LiNiO2 -> 0.7269 Li + 0.2504 Li3PO4 + 0.2482 Ni3S4 + 0.1238 Li2SO4 + 0.4088 LiCl
  V=3.00  modelc   : -0.8652 eV/atom   0.7421 LiNiO2 + 0.2579 Li5.4P1S4.4Cl1.6 -> 0.9156 Li + 0.129 Li4P2O7 + 0.2474 Ni3S4 + 0.1454 Li2SO4 + 0.4127 LiCl
  V=3.00  nd_li_002: -0.8635 eV/atom   0.2578 Li5.34Nd0.02P1S4.4Cl1.6 + 0.7422 LiNiO2 -> 0.9114 Li + 0.1263 Li4P2O7 + 0.005156 NdPO4 + 0.2474 Ni3S4 + 0.1448 Li2SO4 + 0.4125 LiCl
  V=3.00  o_only_003: -0.8627 eV/atom   0.2593 Li5.4P1S4.37Cl1.6O0.03 + 0.7407 LiNiO2 -> 0.9166 Li + 0.1296 Li4P2O7 + 0.2469 Ni3S4 + 0.1454 Li2SO4 + 0.4148 LiCl
  V=3.00  ndo_li_002: -0.8609 eV/atom   0.2592 Li5.34Nd0.02P1S4.37Cl1.6O0.03 + 0.7408 LiNiO2 -> 0.9123 Li + 0.127 Li4P2O7 + 0.005184 NdPO4 + 0.2469 Ni3S4 + 0.1449 Li2SO4 + 0.4147 LiCl
  V=3.00  lim_li_002: -0.8619 eV/atom   0.7421 LiNiO2 + 0.2579 Li5.34P1S4.4Cl1.6 -> 0.9001 Li + 0.129 Li4P2O7 + 0.2474 Ni3S4 + 0.1454 Li2SO4 + 0.4127 LiCl
  V=3.00  lim_li_002_o: -0.8593 eV/atom   0.2593 Li5.34P1S4.37Cl1.6O0.03 + 0.7407 LiNiO2 -> 0.901 Li + 0.1296 Li4P2O7 + 0.2469 Ni3S4 + 0.1454 Li2SO4 + 0.4148 LiCl
  V=3.00  nd_p_002 : -0.8684 eV/atom   0.2585 Li5.44Nd0.02P0.98S4.4Cl1.6 + 0.7415 LiNiO2 -> 0.9408 Li + 0.1241 Li4P2O7 + 0.005169 NdPO4 + 0.2472 Ni3S4 + 0.1485 Li2SO4 + 0.4135 LiCl
  V=3.00  nd_p_002_asused: -0.8659 eV/atom   0.2598 Li5.44Nd0.02P0.98S4.37Cl1.6O0.03 + 0.7402 LiNiO2 -> 0.9419 Li + 0.1247 Li4P2O7 + 0.005197 NdPO4 + 0.2467 Ni3S4 + 0.1486 Li2SO4 + 0.4157 LiCl
  V=3.00  lim_p_002: -0.8668 eV/atom   0.7415 LiNiO2 + 0.2585 Li5.44P0.98S4.4Cl1.6 -> 0.9295 Li + 0.1267 Li4P2O7 + 0.2472 Ni3S4 + 0.149 Li2SO4 + 0.4137 LiCl
  V=3.00  lim_p_002_asused: -0.8643 eV/atom   0.2599 Li5.44P0.98S4.37Cl1.6O0.03 + 0.7401 LiNiO2 -> 0.9305 Li + 0.1274 Li4P2O7 + 0.2467 Ni3S4 + 0.1491 Li2SO4 + 0.4159 LiCl
  V=3.50  modelc   : -1.0316 eV/atom   0.7561 LiNiO2 + 0.2439 Li5.4P1S4.4Cl1.6 -> 1.683 Li + 0.122 Ni(PO3)2 + 0.439 NiS2 + 0.1951 NiCl2 + 0.1951 Li2SO4
  V=3.50  nd_li_002: -1.0291 eV/atom   0.2458 Li5.34Nd0.02P1S4.4Cl1.6 + 0.7542 LiNiO2 -> 1.676 Li + 0.1131 Ni(PO3)2 + 0.4444 NiS2 + 0.004916 LiNd(PO3)4 + 0.1967 NiCl2 + 0.1927 Li2SO4
  V=3.50  o_only_003: -1.0294 eV/atom   0.2448 Li5.4P1S4.37Cl1.6O0.03 + 0.7552 LiNiO2 -> 1.685 Li + 0.1224 Ni(PO3)2 + 0.437 NiS2 + 0.1958 NiCl2 + 0.1958 Li2SO4
  V=3.50  ndo_li_002: -1.0268 eV/atom   0.2467 Li5.34Nd0.02P1S4.37Cl1.6O0.03 + 0.7533 LiNiO2 -> 1.679 Li + 0.1135 Ni(PO3)2 + 0.4424 NiS2 + 0.004935 LiNd(PO3)4 + 0.1974 NiCl2 + 0.1934 Li2SO4
  V=3.50  lim_li_002: -1.0266 eV/atom   0.7561 LiNiO2 + 0.2439 Li5.34P1S4.4Cl1.6 -> 1.668 Li + 0.122 Ni(PO3)2 + 0.439 NiS2 + 0.1951 NiCl2 + 0.1951 Li2SO4
  V=3.50  lim_li_002_o: -1.0243 eV/atom   0.2448 Li5.34P1S4.37Cl1.6O0.03 + 0.7552 LiNiO2 -> 1.671 Li + 0.1224 Ni(PO3)2 + 0.437 NiS2 + 0.1958 NiCl2 + 0.1958 Li2SO4
  V=3.50  nd_p_002 : -1.0371 eV/atom   0.2467 Li5.44Nd0.02P0.98S4.4Cl1.6 + 0.7533 LiNiO2 -> 1.7 Li + 0.111 Ni(PO3)2 + 0.445 NiS2 + 0.004933 LiNd(PO3)4 + 0.1973 NiCl2 + 0.1954 Li2SO4
  V=3.50  nd_p_002_asused: -1.0348 eV/atom   0.2476 Li5.44Nd0.02P0.98S4.37Cl1.6O0.03 + 0.7524 LiNiO2 -> 1.702 Li + 0.1114 Ni(PO3)2 + 0.4429 NiS2 + 0.004952 LiNd(PO3)4 + 0.1981 NiCl2 + 0.1961 Li2SO4
  V=3.50  lim_p_002: -1.0346 eV/atom   0.7553 LiNiO2 + 0.2447 Li5.44P0.98S4.4Cl1.6 -> 1.691 Li + 0.1199 Ni(PO3)2 + 0.4395 NiS2 + 0.1958 NiCl2 + 0.1977 Li2SO4
  V=3.50  lim_p_002_asused: -1.0323 eV/atom   0.2456 Li5.44P0.98S4.37Cl1.6O0.03 + 0.7544 LiNiO2 -> 1.694 Li + 0.1204 Ni(PO3)2 + 0.4375 NiS2 + 0.1965 NiCl2 + 0.1985 Li2SO4
  V=4.00  modelc   : -1.2818 eV/atom   0.7391 LiNiO2 + 0.2609 Li5.4P1S4.4Cl1.6 -> 2.148 Li + 0.1304 Ni(PO3)2 + 0.3478 SO2 + 0.4 NiS2 + 0.2087 NiCl2
  V=4.00  nd_li_002: -1.2772 eV/atom   0.2622 Li5.34Nd0.02P1S4.4Cl1.6 + 0.7378 LiNiO2 -> 2.138 Li + 0.1233 Ni(PO3)2 + 0.3444 SO2 + 0.005245 Nd(PO3)3 + 0.4047 NiS2 + 0.2098 NiCl2
  V=4.00  o_only_003: -1.2797 eV/atom   0.2619 Li5.4P1S4.37Cl1.6O0.03 + 0.7381 LiNiO2 -> 2.152 Li + 0.1309 Ni(PO3)2 + 0.3492 SO2 + 0.3976 NiS2 + 0.2095 NiCl2
  V=4.00  ndo_li_002: -1.2750 eV/atom   0.2633 Li5.34Nd0.02P1S4.37Cl1.6O0.03 + 0.7367 LiNiO2 -> 2.143 Li + 0.1237 Ni(PO3)2 + 0.3458 SO2 + 0.005265 Nd(PO3)3 + 0.4024 NiS2 + 0.2106 NiCl2
  V=4.00  lim_li_002: -1.2746 eV/atom   0.7391 LiNiO2 + 0.2609 Li5.34P1S4.4Cl1.6 -> 2.132 Li + 0.1304 Ni(PO3)2 + 0.3478 SO2 + 0.4 NiS2 + 0.2087 NiCl2
  V=4.00  lim_li_002_o: -1.2724 eV/atom   0.2619 Li5.34P1S4.37Cl1.6O0.03 + 0.7381 LiNiO2 -> 2.137 Li + 0.1309 Ni(PO3)2 + 0.3492 SO2 + 0.3976 NiS2 + 0.2095 NiCl2
  V=4.00  nd_p_002 : -1.2893 eV/atom   0.2634 Li5.44Nd0.02P0.98S4.4Cl1.6 + 0.7366 LiNiO2 -> 2.169 Li + 0.1212 Ni(PO3)2 + 0.3494 SO2 + 0.005268 Nd(PO3)3 + 0.4047 NiS2 + 0.2107 NiCl2
  V=4.00  nd_p_002_asused: -1.2871 eV/atom   0.2644 Li5.44Nd0.02P0.98S4.37Cl1.6O0.03 + 0.7356 LiNiO2 -> 2.174 Li + 0.1216 Ni(PO3)2 + 0.3508 SO2 + 0.005289 Nd(PO3)3 + 0.4024 NiS2 + 0.2115 NiCl2
  V=4.00  lim_p_002: -1.2866 eV/atom   0.738 LiNiO2 + 0.262 Li5.44P0.98S4.4Cl1.6 -> 2.163 Li + 0.1284 Ni(PO3)2 + 0.3528 SO2 + 0.4 NiS2 + 0.2096 NiCl2
  V=4.00  lim_p_002_asused: -1.2845 eV/atom   0.263 Li5.44P0.98S4.37Cl1.6O0.03 + 0.737 LiNiO2 -> 2.168 Li + 0.1289 Ni(PO3)2 + 0.3542 SO2 + 0.3976 NiS2 + 0.2104 NiCl2
  V=4.30  modelc   : -1.4493 eV/atom   0.6386 LiNiO2 + 0.3614 Li5.4P1S4.4Cl1.6 -> 2.59 Li + 0.1807 Ni(PO3)2 + 0.5783 SCl + 0.4578 NiS2 + 0.09639 SO2
  V=4.30  nd_li_002: -1.4421 eV/atom   0.3641 Li5.34Nd0.02P1S4.4Cl1.6 + 0.6359 LiNiO2 -> 2.58 Li + 0.1711 Ni(PO3)2 + 0.5825 SCl + 0.4648 NiS2 + 0.007282 Nd(PO3)3 + 0.08981 SO2
  V=4.30  o_only_003: -1.4469 eV/atom   0.3634 Li5.4P1S4.37Cl1.6O0.03 + 0.6366 LiNiO2 -> 2.599 Li + 0.1817 Ni(PO3)2 + 0.5815 SCl + 0.4549 NiS2 + 0.09691 SO2
  V=4.30  ndo_li_002: -1.4396 eV/atom   0.3661 Li5.34Nd0.02P1S4.37Cl1.6O0.03 + 0.6339 LiNiO2 -> 2.589 Li + 0.1721 Ni(PO3)2 + 0.5857 SCl + 0.4619 NiS2 + 0.007322 Nd(PO3)3 + 0.0903 SO2
  V=4.30  lim_li_002: -1.4388 eV/atom   0.6386 LiNiO2 + 0.3614 Li5.34P1S4.4Cl1.6 -> 2.569 Li + 0.1807 Ni(PO3)2 + 0.5783 SCl + 0.4578 NiS2 + 0.09639 SO2
  V=4.30  lim_li_002_o: -1.4363 eV/atom   0.3634 Li5.34P1S4.37Cl1.6O0.03 + 0.6366 LiNiO2 -> 2.577 Li + 0.1817 Ni(PO3)2 + 0.5815 SCl + 0.4549 NiS2 + 0.09691 SO2
  V=4.30  nd_p_002 : -1.4604 eV/atom   0.3686 Li5.44Nd0.02P0.98S4.4Cl1.6 + 0.6314 LiNiO2 -> 2.636 Li + 0.1622 Ni(PO3)2 + 0.5897 SCl + 0.007371 NdP5O14 + 0.4693 NiS2 + 0.09337 SO2
  V=4.30  nd_p_002_asused: -1.4580 eV/atom   0.3706 Li5.44Nd0.02P0.98S4.37Cl1.6O0.03 + 0.6294 LiNiO2 -> 2.645 Li + 0.1631 Ni(PO3)2 + 0.593 SCl + 0.007412 NdP5O14 + 0.4663 NiS2 + 0.09389 SO2
  V=4.30  lim_p_002: -1.4570 eV/atom   0.6364 LiNiO2 + 0.3636 Li5.44P0.98S4.4Cl1.6 -> 2.615 Li + 0.1782 Ni(PO3)2 + 0.5818 SCl + 0.4582 NiS2 + 0.1018 SO2
  V=4.30  lim_p_002_asused: -1.4545 eV/atom   0.3656 Li5.44P0.98S4.37Cl1.6O0.03 + 0.6344 LiNiO2 -> 2.623 Li + 0.1792 Ni(PO3)2 + 0.585 SCl + 0.4552 NiS2 + 0.1024 SO2
  V=4.50  modelc   : -1.5659 eV/atom   0.6386 LiNiO2 + 0.3614 Li5.4P1S4.4Cl1.6 -> 2.59 Li + 0.5783 SCl + 0.4578 NiS2 + 0.09639 SO2 + 0.1807 Ni(PO3)2
  V=4.50  nd_li_002: -1.5579 eV/atom   0.3663 Li5.34Nd0.02P1S4.4Cl1.6 + 0.6337 LiNiO2 -> 2.59 Li + 0.007326 NdP5O14 + 0.5861 SCl + 0.4689 NiS2 + 0.08791 SO2 + 0.1648 Ni(PO3)2
  V=4.50  o_only_003: -1.5636 eV/atom   0.3634 Li5.4P1S4.37Cl1.6O0.03 + 0.6366 LiNiO2 -> 2.599 Li + 0.5815 SCl + 0.4549 NiS2 + 0.09691 SO2 + 0.1817 Ni(PO3)2
  V=4.50  ndo_li_002: -1.5556 eV/atom   0.3683 Li5.34Nd0.02P1S4.37Cl1.6O0.03 + 0.6317 LiNiO2 -> 2.599 Li + 0.007366 NdP5O14 + 0.5893 SCl + 0.4659 NiS2 + 0.0884 SO2 + 0.1657 Ni(PO3)2
  V=4.50  lim_li_002: -1.5544 eV/atom   0.6386 LiNiO2 + 0.3614 Li5.34P1S4.4Cl1.6 -> 2.569 Li + 0.5783 SCl + 0.4578 NiS2 + 0.09639 SO2 + 0.1807 Ni(PO3)2
  V=4.50  lim_li_002_o: -1.5520 eV/atom   0.3634 Li5.34P1S4.37Cl1.6O0.03 + 0.6366 LiNiO2 -> 2.577 Li + 0.5815 SCl + 0.4549 NiS2 + 0.09691 SO2 + 0.1817 Ni(PO3)2
  V=4.50  nd_p_002 : -1.5783 eV/atom   0.3686 Li5.44Nd0.02P0.98S4.4Cl1.6 + 0.6314 LiNiO2 -> 2.636 Li + 0.007371 NdP5O14 + 0.5897 SCl + 0.4693 NiS2 + 0.09337 SO2 + 0.1622 Ni(PO3)2
  V=4.50  nd_p_002_asused: -1.5760 eV/atom   0.3706 Li5.44Nd0.02P0.98S4.37Cl1.6O0.03 + 0.6294 LiNiO2 -> 2.645 Li + 0.007412 NdP5O14 + 0.593 SCl + 0.4663 NiS2 + 0.09389 SO2 + 0.1631 Ni(PO3)2
  V=4.50  lim_p_002: -1.5745 eV/atom   0.6364 LiNiO2 + 0.3636 Li5.44P0.98S4.4Cl1.6 -> 2.615 Li + 0.5818 SCl + 0.4582 NiS2 + 0.1018 SO2 + 0.1782 Ni(PO3)2
  V=4.50  lim_p_002_asused: -1.5723 eV/atom   0.3656 Li5.44P0.98S4.37Cl1.6O0.03 + 0.6344 LiNiO2 -> 2.623 Li + 0.585 SCl + 0.4552 NiS2 + 0.1024 SO2 + 0.1792 Ni(PO3)2

######## cathode LiMnO2 (LiMnO2) ########
  V=2.50  modelc   : -0.4570 eV/atom   0.6835 LiMnO2 + 0.3165 Li5.4P1S4.4Cl1.6 -> 0.8861 Li + 0.3165 Li3PO4 + 0.02532 Li2SO4 + 0.6835 MnS2 + 0.5063 LiCl
  V=2.50  nd_li_002: -0.4556 eV/atom   0.6835 LiMnO2 + 0.3165 Li5.34Nd0.02P1S4.4Cl1.6 -> 0.8861 Li + 0.3101 Li3PO4 + 0.006329 NdPO4 + 0.02532 Li2SO4 + 0.6835 MnS2 + 0.5063 LiCl
  V=2.50  o_only_003: -0.4554 eV/atom   0.318 Li5.4P1S4.37Cl1.6O0.03 + 0.682 LiMnO2 -> 0.8855 Li + 0.318 Li3PO4 + 0.02544 Li2SO4 + 0.682 MnS2 + 0.5087 LiCl
  V=2.50  ndo_li_002: -0.4540 eV/atom   0.318 Li5.34Nd0.02P1S4.37Cl1.6O0.03 + 0.682 LiMnO2 -> 0.8855 Li + 0.3116 Li3PO4 + 0.006359 NdPO4 + 0.02544 Li2SO4 + 0.682 MnS2 + 0.5087 LiCl
  V=2.50  lim_li_002: -0.4554 eV/atom   0.6835 LiMnO2 + 0.3165 Li5.34P1S4.4Cl1.6 -> 0.8671 Li + 0.3165 Li3PO4 + 0.02532 Li2SO4 + 0.6835 MnS2 + 0.5063 LiCl
  V=2.50  lim_li_002_o: -0.4538 eV/atom   0.318 Li5.34P1S4.37Cl1.6O0.03 + 0.682 LiMnO2 -> 0.8665 Li + 0.318 Li3PO4 + 0.02544 Li2SO4 + 0.682 MnS2 + 0.5087 LiCl
  V=2.50  nd_p_002 : -0.4567 eV/atom   0.6827 LiMnO2 + 0.3173 Li5.44Nd0.02P0.98S4.4Cl1.6 -> 0.9264 Li + 0.3046 Li3PO4 + 0.006345 NdPO4 + 0.03046 Li2SO4 + 0.6827 MnS2 + 0.5076 LiCl
  V=2.50  nd_p_002_asused: -0.4551 eV/atom   0.3188 Li5.44Nd0.02P0.98S4.37Cl1.6O0.03 + 0.6812 LiMnO2 -> 0.926 Li + 0.306 Li3PO4 + 0.006376 NdPO4 + 0.0306 Li2SO4 + 0.6812 MnS2 + 0.51 LiCl
  V=2.50  lim_p_002: -0.4565 eV/atom   0.6827 LiMnO2 + 0.3173 Li5.44P0.98S4.4Cl1.6 -> 0.9074 Li + 0.3109 Li3PO4 + 0.03046 Li2SO4 + 0.6827 MnS2 + 0.5076 LiCl
  V=2.50  lim_p_002_asused: -0.4549 eV/atom   0.3188 Li5.44P0.98S4.37Cl1.6O0.03 + 0.6812 LiMnO2 -> 0.9069 Li + 0.3124 Li3PO4 + 0.0306 Li2SO4 + 0.6812 MnS2 + 0.51 LiCl
  V=3.00  modelc   : -0.5675 eV/atom   0.7442 LiMnO2 + 0.2558 Li5.4P1S4.4Cl1.6 -> 1.419 Li + 0.1279 Mn2P2O7 + 0.4885 MnS2 + 0.1483 Li2SO4 + 0.4092 LiCl
  V=3.00  nd_li_002: -0.5661 eV/atom   0.7433 LiMnO2 + 0.2567 Li5.34Nd0.02P1S4.4Cl1.6 -> 1.411 Li + 0.1258 Mn2P2O7 + 0.005135 NdPO4 + 0.4917 MnS2 + 0.1463 Li2SO4 + 0.4108 LiCl
  V=3.00  o_only_003: -0.5660 eV/atom   0.2567 Li5.4P1S4.37Cl1.6O0.03 + 0.7433 LiMnO2 -> 1.421 Li + 0.1284 Mn2P2O7 + 0.4865 MnS2 + 0.1489 Li2SO4 + 0.4108 LiCl
  V=3.00  ndo_li_002: -0.5645 eV/atom   0.2577 Li5.34Nd0.02P1S4.37Cl1.6O0.03 + 0.7423 LiMnO2 -> 1.412 Li + 0.1263 Mn2P2O7 + 0.005155 NdPO4 + 0.4897 MnS2 + 0.1469 Li2SO4 + 0.4124 LiCl
  V=3.00  lim_li_002: -0.5642 eV/atom   0.7442 LiMnO2 + 0.2558 Li5.34P1S4.4Cl1.6 -> 1.404 Li + 0.1279 Mn2P2O7 + 0.4885 MnS2 + 0.1483 Li2SO4 + 0.4092 LiCl
  V=3.00  lim_li_002_o: -0.5627 eV/atom   0.2567 Li5.34P1S4.37Cl1.6O0.03 + 0.7433 LiMnO2 -> 1.406 Li + 0.1284 Mn2P2O7 + 0.4865 MnS2 + 0.1489 Li2SO4 + 0.4108 LiCl
  V=3.00  nd_p_002 : -0.5711 eV/atom   0.7133 LiMnO2 + 0.2867 Li5.44Nd0.02P0.98S4.4Cl1.6 -> 1.319 Li + 0.1376 Li2MnP2O7 + 0.005734 NdPO4 + 0.5757 MnS2 + 0.1101 Li2SO4 + 0.4587 LiCl
  V=3.00  nd_p_002_asused: -0.5695 eV/atom   0.2593 Li5.44Nd0.02P0.98S4.37Cl1.6O0.03 + 0.7407 LiMnO2 -> 1.438 Li + 0.1244 Mn2P2O7 + 0.005185 NdPO4 + 0.4918 MnS2 + 0.1493 Li2SO4 + 0.4148 LiCl
  V=3.00  lim_p_002: -0.5692 eV/atom   0.7427 LiMnO2 + 0.2573 Li5.44P0.98S4.4Cl1.6 -> 1.429 Li + 0.1261 Mn2P2O7 + 0.4906 MnS2 + 0.1508 Li2SO4 + 0.4116 LiCl
  V=3.00  lim_p_002_asused: -0.5676 eV/atom   0.2583 Li5.44P0.98S4.37Cl1.6O0.03 + 0.7417 LiMnO2 -> 1.431 Li + 0.1265 Mn2P2O7 + 0.4886 MnS2 + 0.1513 Li2SO4 + 0.4132 LiCl
  V=3.50  modelc   : -0.7787 eV/atom   0.6 LiMnO2 + 0.4 Li5.4P1S4.4Cl1.6 -> 2.76 Li + 0.64 SCl + 0.4 MnS2 + 0.2 Mn(PO3)2 + 0.32 S
  V=3.50  nd_li_002: -0.7749 eV/atom   0.6746 LiMnO2 + 0.3254 Li5.34Nd0.02P1S4.4Cl1.6 -> 2.412 Li + 0.5011 SCl + 0.4187 MnS2 + 0.09328 MnSO4 + 0.006508 NdCl3 + 0.1627 Mn(PO3)2
  V=3.50  o_only_003: -0.7767 eV/atom   0.4024 Li5.4P1S4.37Cl1.6O0.03 + 0.5976 LiMnO2 -> 2.771 Li + 0.6439 SCl + 0.3964 MnS2 + 0.2012 Mn(PO3)2 + 0.3219 S
  V=3.50  ndo_li_002: -0.7732 eV/atom   0.327 Li5.34Nd0.02P1S4.37Cl1.6O0.03 + 0.673 LiMnO2 -> 2.419 Li + 0.5035 SCl + 0.4158 MnS2 + 0.09373 MnSO4 + 0.00654 NdCl3 + 0.1635 Mn(PO3)2
  V=3.50  lim_li_002: -0.7721 eV/atom   0.6703 LiMnO2 + 0.3297 Li5.34P1S4.4Cl1.6 -> 2.431 Li + 0.5275 SCl + 0.4176 MnS2 + 0.08791 MnSO4 + 0.1648 Mn(PO3)2
  V=3.50  lim_li_002_o: -0.7704 eV/atom   0.3313 Li5.34P1S4.37Cl1.6O0.03 + 0.6687 LiMnO2 -> 2.438 Li + 0.5301 SCl + 0.4147 MnS2 + 0.08835 MnSO4 + 0.1657 Mn(PO3)2
  V=3.50  nd_p_002 : -0.7862 eV/atom   0.5951 LiMnO2 + 0.4049 Li5.44Nd0.02P0.98S4.4Cl1.6 -> 2.798 Li + 0.6235 SCl + 0.3968 MnS2 + 0.008097 NdCl3 + 0.1984 Mn(PO3)2 + 0.3644 S
  V=3.50  nd_p_002_asused: -0.7843 eV/atom   0.4073 Li5.44Nd0.02P0.98S4.37Cl1.6O0.03 + 0.5927 LiMnO2 -> 2.809 Li + 0.6273 SCl + 0.3931 MnS2 + 0.008147 NdCl3 + 0.1996 Mn(PO3)2 + 0.3666 S
  V=3.50  lim_p_002: -0.7830 eV/atom   0.5951 LiMnO2 + 0.4049 Li5.44P0.98S4.4Cl1.6 -> 2.798 Li + 0.6478 SCl + 0.3968 MnS2 + 0.1984 Mn(PO3)2 + 0.3401 S
  V=3.50  lim_p_002_asused: -0.7811 eV/atom   0.4073 Li5.44P0.98S4.37Cl1.6O0.03 + 0.5927 LiMnO2 -> 2.809 Li + 0.6517 SCl + 0.3931 MnS2 + 0.1996 Mn(PO3)2 + 0.3422 S
  V=4.00  modelc   : -1.0787 eV/atom   0.6 LiMnO2 + 0.4 Li5.4P1S4.4Cl1.6 -> 2.76 Li + 0.4 MnS2 + 0.64 SCl + 0.2 Mn(PO3)2 + 0.32 S
  V=4.00  nd_li_002: -1.0716 eV/atom   0.6 LiMnO2 + 0.4 Li5.34Nd0.02P1S4.4Cl1.6 -> 2.736 Li + 0.4 MnS2 + 0.616 SCl + 0.008 NdCl3 + 0.2 Mn(PO3)2 + 0.344 S
  V=4.00  o_only_003: -1.0772 eV/atom   0.4024 Li5.4P1S4.37Cl1.6O0.03 + 0.5976 LiMnO2 -> 2.771 Li + 0.3964 MnS2 + 0.6439 SCl + 0.2012 Mn(PO3)2 + 0.3219 S
  V=4.00  ndo_li_002: -1.0702 eV/atom   0.4024 Li5.34Nd0.02P1S4.37Cl1.6O0.03 + 0.5976 LiMnO2 -> 2.746 Li + 0.3964 MnS2 + 0.6197 SCl + 0.008048 NdCl3 + 0.2012 Mn(PO3)2 + 0.3461 S
  V=4.00  lim_li_002: -1.0690 eV/atom   0.6 LiMnO2 + 0.4 Li5.34P1S4.4Cl1.6 -> 2.736 Li + 0.4 MnS2 + 0.64 SCl + 0.2 Mn(PO3)2 + 0.32 S
  V=4.00  lim_li_002_o: -1.0675 eV/atom   0.4024 Li5.34P1S4.37Cl1.6O0.03 + 0.5976 LiMnO2 -> 2.746 Li + 0.3964 MnS2 + 0.6439 SCl + 0.2012 Mn(PO3)2 + 0.3219 S
  V=4.00  nd_p_002 : -1.0890 eV/atom   0.5951 LiMnO2 + 0.4049 Li5.44Nd0.02P0.98S4.4Cl1.6 -> 2.798 Li + 0.3968 MnS2 + 0.6235 SCl + 0.008097 NdCl3 + 0.1984 Mn(PO3)2 + 0.3644 S
  V=4.00  nd_p_002_asused: -1.0876 eV/atom   0.4073 Li5.44Nd0.02P0.98S4.37Cl1.6O0.03 + 0.5927 LiMnO2 -> 2.809 Li + 0.3931 MnS2 + 0.6273 SCl + 0.008147 NdCl3 + 0.1996 Mn(PO3)2 + 0.3666 S
  V=4.00  lim_p_002: -1.0863 eV/atom   0.5951 LiMnO2 + 0.4049 Li5.44P0.98S4.4Cl1.6 -> 2.798 Li + 0.3968 MnS2 + 0.6478 SCl + 0.1984 Mn(PO3)2 + 0.3401 S
  V=4.00  lim_p_002_asused: -1.0850 eV/atom   0.4073 Li5.44P0.98S4.37Cl1.6O0.03 + 0.5927 LiMnO2 -> 2.809 Li + 0.3931 MnS2 + 0.6517 SCl + 0.1996 Mn(PO3)2 + 0.3422 S
  V=4.30  modelc   : -1.2720 eV/atom   0.1603 LiMnO2 + 0.8397 Li5.4P1S4.4Cl1.6 -> 4.695 Li + 1.13 SCl + 0.3664 P2S7 + 0.1069 MnCl2 + 0.05344 Mn(PO3)2
  V=4.30  nd_li_002: -1.2587 eV/atom   0.1486 LiMnO2 + 0.8514 Li5.34Nd0.02P1S4.4Cl1.6 -> 4.695 Li + 1.113 SCl + 0.3762 P2S7 + 0.09907 MnCl2 + 0.01703 NdCl3 + 0.04954 Mn(PO3)2
  V=4.30  o_only_003: -1.2702 eV/atom   0.8387 Li5.4P1S4.37Cl1.6O0.03 + 0.1613 LiMnO2 -> 4.69 Li + 1.135 SCl + 0.3614 P2S7 + 0.1033 MnCl2 + 0.05795 Mn(PO3)2
  V=4.30  ndo_li_002: -1.2569 eV/atom   0.8504 Li5.34Nd0.02P1S4.37Cl1.6O0.03 + 0.1496 LiMnO2 -> 4.691 Li + 1.119 SCl + 0.3711 P2S7 + 0.09548 MnCl2 + 0.01701 NdCl3 + 0.05412 Mn(PO3)2
  V=4.30  lim_li_002: -1.2549 eV/atom   0.1603 LiMnO2 + 0.8397 Li5.34P1S4.4Cl1.6 -> 4.644 Li + 1.13 SCl + 0.3664 P2S7 + 0.1069 MnCl2 + 0.05344 Mn(PO3)2
  V=4.30  lim_li_002_o: -1.2531 eV/atom   0.8387 Li5.34P1S4.37Cl1.6O0.03 + 0.1613 LiMnO2 -> 4.64 Li + 1.135 SCl + 0.3614 P2S7 + 0.1033 MnCl2 + 0.05795 Mn(PO3)2
  V=4.30  nd_p_002 : -1.2910 eV/atom   Li5.44Nd0.02P0.98S4.4Cl1.6 -> 5.44 Li + 1.205 SCl + 0.06706 PCl5 + 0.4565 P2S7 + 0.02 NdCl3  ⛔끝점 (mixing_x=1.000000) — 계면량 아님(자체분해)
  V=4.30  nd_p_002_asused: -1.2890 eV/atom   0.9926 Li5.44Nd0.02P0.98S4.37Cl1.6O0.03 + 0.007444 LiMnO2 -> 5.407 Li + 1.209 SCl + 0.06393 PCl5 + 0.4469 P2S7 + 0.01985 NdCl3 + 0.007444 Mn(PO3)2
  V=4.30  lim_p_002: -1.2869 eV/atom   0.1466 LiMnO2 + 0.8534 Li5.44P0.98S4.4Cl1.6 -> 4.789 Li + 1.17 SCl + 0.3693 P2S7 + 0.09775 MnCl2 + 0.04888 Mn(PO3)2
  V=4.30  lim_p_002_asused: -1.2851 eV/atom   0.8524 Li5.44P0.98S4.37Cl1.6O0.03 + 0.1476 LiMnO2 -> 4.785 Li + 1.176 SCl + 0.3642 P2S7 + 0.09415 MnCl2 + 0.05347 Mn(PO3)2
  V=4.50  modelc   : -1.4249 eV/atom   Li5.4P1S4.4Cl1.6 -> 5.4 Li + 1.188 SCl + 0.4588 P2S7 + 0.08235 PCl5  ⛔끝점 (mixing_x=1.000000) — 계면량 아님(자체분해)
  V=4.50  nd_li_002: -1.4086 eV/atom   Li5.34Nd0.02P1S4.4Cl1.6 -> 5.34 Li + 1.164 SCl + 0.4624 P2S7 + 0.07529 PCl5 + 0.02 NdCl3  ⛔끝점 (mixing_x=1.000000) — 계면량 아님(자체분해)
  V=4.50  o_only_003: -1.4227 eV/atom   0.9926 Li5.4P1S4.37Cl1.6O0.03 + 0.007444 LiMnO2 -> 5.367 Li + 1.193 SCl + 0.4493 P2S7 + 0.07911 PCl5 + 0.007444 Mn(PO3)2
  V=4.50  ndo_li_002: -1.4065 eV/atom   0.9926 Li5.34Nd0.02P1S4.37Cl1.6O0.03 + 0.007444 LiMnO2 -> 5.308 Li + 1.168 SCl + 0.4528 P2S7 + 0.07211 PCl5 + 0.01985 NdCl3 + 0.007444 Mn(PO3)2
  V=4.50  lim_li_002: -1.4047 eV/atom   Li5.34P1S4.4Cl1.6 -> 5.34 Li + 1.188 SCl + 0.4588 P2S7 + 0.08235 PCl5  ⛔끝점 (mixing_x=1.000000) — 계면량 아님(자체분해)
  V=4.50  lim_li_002_o: -1.4026 eV/atom   0.9926 Li5.34P1S4.37Cl1.6O0.03 + 0.007444 LiMnO2 -> 5.308 Li + 1.193 SCl + 0.4493 P2S7 + 0.07911 PCl5 + 0.007444 Mn(PO3)2
  V=4.50  nd_p_002 : -1.4464 eV/atom   Li5.44Nd0.02P0.98S4.4Cl1.6 -> 5.44 Li + 1.205 SCl + 0.4565 P2S7 + 0.06706 PCl5 + 0.02 NdCl3  ⛔끝점 (mixing_x=1.000000) — 계면량 아님(자체분해)
  V=4.50  nd_p_002_asused: -1.4442 eV/atom   Li5.44Nd0.02P0.98S4.37Cl1.6O0.03 -> 5.44 Li + 1.212 SCl + 0.003333 Nd(PO3)3 + 0.4512 P2S7 + 0.06765 PCl5 + 0.01667 NdCl3  ⛔끝점 (mixing_x=1.000000) — 계면량 아님(자체분해)
  V=4.50  lim_p_002: -1.4426 eV/atom   Li5.44P0.98S4.4Cl1.6 -> 5.44 Li + 1.229 SCl + 0.4529 P2S7 + 0.07412 PCl5  ⛔끝점 (mixing_x=1.000000) — 계면량 아님(자체분해)
  V=4.50  lim_p_002_asused: -1.4404 eV/atom   0.9926 Li5.44P0.98S4.37Cl1.6O0.03 + 0.007444 LiMnO2 -> 5.407 Li + 1.233 SCl + 0.4434 P2S7 + 0.07094 PCl5 + 0.007444 Mn(PO3)2

######## cathode NMC811 (LiNi0.8Co0.1Mn0.1O2) ########
  V=2.50  modelc   : -0.7098 eV/atom   0.7397 Li1Mn0.1Co0.1Ni0.8O2 + 0.2603 Li5.4P1S4.4Cl1.6 -> 0.7288 Li + 0.07397 Co(NiS2)2 + 0.2603 Li3PO4 + 0.1479 Ni3S4 + 0.1096 Li2SO4 + 0.07397 MnS2 + 0.4164 LiCl
  V=2.50  nd_li_002: -0.7083 eV/atom   0.7397 Li1Mn0.1Co0.1Ni0.8O2 + 0.2603 Li5.34Nd0.02P1S4.4Cl1.6 -> 0.7288 Li + 0.07397 Co(NiS2)2 + 0.2551 Li3PO4 + 0.005205 NdPO4 + 0.1479 Ni3S4 + 0.1096 Li2SO4 + 0.07397 MnS2 + 0.4164 LiCl
  V=2.50  o_only_003: -0.7076 eV/atom   0.7593 Li1Mn0.1Co0.1Ni0.8O2 + 0.2407 Li5.4P1S4.37Cl1.6O0.03 -> 0.8222 Li + 0.07593 LiMnPO4 + 0.07593 Co(NiS2)2 + 0.1648 Li3PO4 + 0.1519 Ni3S4 + 0.1407 Li2SO4 + 0.3851 LiCl
  V=2.50  ndo_li_002: -0.7062 eV/atom   0.2407 Li5.34Nd0.02P1S4.37Cl1.6O0.03 + 0.7593 Li1Mn0.1Co0.1Ni0.8O2 -> 0.8222 Li + 0.07593 LiMnPO4 + 0.07593 Co(NiS2)2 + 0.16 Li3PO4 + 0.004814 NdPO4 + 0.1519 Ni3S4 + 0.1407 Li2SO4 + 0.3851 LiCl
  V=2.50  lim_li_002: -0.7084 eV/atom   0.7397 Li1Mn0.1Co0.1Ni0.8O2 + 0.2603 Li5.34P1S4.4Cl1.6 -> 0.7132 Li + 0.07397 Co(NiS2)2 + 0.2603 Li3PO4 + 0.1479 Ni3S4 + 0.1096 Li2SO4 + 0.07397 MnS2 + 0.4164 LiCl
  V=2.50  lim_li_002_o: -0.7063 eV/atom   0.7593 Li1Mn0.1Co0.1Ni0.8O2 + 0.2407 Li5.34P1S4.37Cl1.6O0.03 -> 0.8078 Li + 0.07593 LiMnPO4 + 0.07593 Co(NiS2)2 + 0.1648 Li3PO4 + 0.1519 Ni3S4 + 0.1407 Li2SO4 + 0.3851 LiCl
  V=2.50  nd_p_002 : -0.7092 eV/atom   0.739 Li1Mn0.1Co0.1Ni0.8O2 + 0.261 Li5.44Nd0.02P0.98S4.4Cl1.6 -> 0.7621 Li + 0.0739 Co(NiS2)2 + 0.2505 Li3PO4 + 0.00522 NdPO4 + 0.1478 Ni3S4 + 0.1137 Li2SO4 + 0.0739 MnS2 + 0.4176 LiCl
  V=2.50  nd_p_002_asused: -0.7070 eV/atom   0.2414 Li5.44Nd0.02P0.98S4.37Cl1.6O0.03 + 0.7586 Li1Mn0.1Co0.1Ni0.8O2 -> 0.853 Li + 0.07586 LiMnPO4 + 0.07586 Co(NiS2)2 + 0.1559 Li3PO4 + 0.004828 NdPO4 + 0.1517 Ni3S4 + 0.1446 Li2SO4 + 0.3862 LiCl
  V=2.50  lim_p_002: -0.7093 eV/atom   0.739 Li1Mn0.1Co0.1Ni0.8O2 + 0.261 Li5.44P0.98S4.4Cl1.6 -> 0.7464 Li + 0.0739 Co(NiS2)2 + 0.2558 Li3PO4 + 0.1478 Ni3S4 + 0.1137 Li2SO4 + 0.0739 MnS2 + 0.4176 LiCl
  V=2.50  lim_p_002_asused: -0.7071 eV/atom   0.7586 Li1Mn0.1Co0.1Ni0.8O2 + 0.2414 Li5.44P0.98S4.37Cl1.6O0.03 -> 0.8385 Li + 0.07586 LiMnPO4 + 0.07586 Co(NiS2)2 + 0.1607 Li3PO4 + 0.1517 Ni3S4 + 0.1446 Li2SO4 + 0.3862 LiCl
  V=3.00  modelc   : -0.8143 eV/atom   0.7576 Li1Mn0.1Co0.1Ni0.8O2 + 0.2424 Li5.4P1S4.4Cl1.6 -> 0.9551 Li + 0.07576 Co(NiS2)2 + 0.0833 Li4P2O7 + 0.07576 LiMnPO4 + 0.1515 Ni3S4 + 0.1573 Li2SO4 + 0.3878 LiCl
  V=3.00  nd_li_002: -0.8128 eV/atom   0.7577 Li1Mn0.1Co0.1Ni0.8O2 + 0.2423 Li5.34Nd0.02P1S4.4Cl1.6 -> 0.9512 Li + 0.07577 Co(NiS2)2 + 0.08083 Li4P2O7 + 0.07577 LiMnPO4 + 0.004846 NdPO4 + 0.1515 Ni3S4 + 0.1568 Li2SO4 + 0.3877 LiCl
  V=3.00  o_only_003: -0.8121 eV/atom   0.7563 Li1Mn0.1Co0.1Ni0.8O2 + 0.2437 Li5.4P1S4.37Cl1.6O0.03 -> 0.956 Li + 0.07563 Co(NiS2)2 + 0.08403 Li4P2O7 + 0.07563 LiMnPO4 + 0.1513 Ni3S4 + 0.1573 Li2SO4 + 0.3899 LiCl
  V=3.00  ndo_li_002: -0.8105 eV/atom   0.2436 Li5.34Nd0.02P1S4.37Cl1.6O0.03 + 0.7564 Li1Mn0.1Co0.1Ni0.8O2 -> 0.952 Li + 0.07564 Co(NiS2)2 + 0.08154 Li4P2O7 + 0.07564 LiMnPO4 + 0.004872 NdPO4 + 0.1513 Ni3S4 + 0.1568 Li2SO4 + 0.3898 LiCl
  V=3.00  lim_li_002: -0.8112 eV/atom   0.7576 Li1Mn0.1Co0.1Ni0.8O2 + 0.2424 Li5.34P1S4.4Cl1.6 -> 0.9406 Li + 0.07576 Co(NiS2)2 + 0.0833 Li4P2O7 + 0.07576 LiMnPO4 + 0.1515 Ni3S4 + 0.1573 Li2SO4 + 0.3878 LiCl
  V=3.00  lim_li_002_o: -0.8089 eV/atom   0.7563 Li1Mn0.1Co0.1Ni0.8O2 + 0.2437 Li5.34P1S4.37Cl1.6O0.03 -> 0.9413 Li + 0.07563 Co(NiS2)2 + 0.08403 Li4P2O7 + 0.07563 LiMnPO4 + 0.1513 Ni3S4 + 0.1573 Li2SO4 + 0.3899 LiCl
  V=3.00  nd_p_002 : -0.8175 eV/atom   0.7571 Li1Mn0.1Co0.1Ni0.8O2 + 0.2429 Li5.44Nd0.02P0.98S4.4Cl1.6 -> 0.9788 Li + 0.07571 Co(NiS2)2 + 0.07873 Li4P2O7 + 0.07571 LiMnPO4 + 0.004858 NdPO4 + 0.1514 Ni3S4 + 0.1602 Li2SO4 + 0.3886 LiCl
  V=3.00  nd_p_002_asused: -0.8152 eV/atom   0.2442 Li5.44Nd0.02P0.98S4.37Cl1.6O0.03 + 0.7558 Li1Mn0.1Co0.1Ni0.8O2 -> 0.9797 Li + 0.07558 Co(NiS2)2 + 0.07943 Li4P2O7 + 0.07558 LiMnPO4 + 0.004884 NdPO4 + 0.1512 Ni3S4 + 0.1603 Li2SO4 + 0.3907 LiCl
  V=3.00  lim_p_002: -0.8159 eV/atom   0.757 Li1Mn0.1Co0.1Ni0.8O2 + 0.243 Li5.44P0.98S4.4Cl1.6 -> 0.9681 Li + 0.0757 Co(NiS2)2 + 0.08121 Li4P2O7 + 0.0757 LiMnPO4 + 0.1514 Ni3S4 + 0.1607 Li2SO4 + 0.3888 LiCl
  V=3.00  lim_p_002_asused: -0.8137 eV/atom   0.7557 Li1Mn0.1Co0.1Ni0.8O2 + 0.2443 Li5.44P0.98S4.37Cl1.6O0.03 -> 0.9691 Li + 0.07557 Co(NiS2)2 + 0.08192 Li4P2O7 + 0.07557 LiMnPO4 + 0.1511 Ni3S4 + 0.1607 Li2SO4 + 0.3909 LiCl
  V=3.50  modelc   : -0.9853 eV/atom   0.7561 Li1Mn0.1Co0.1Ni0.8O2 + 0.2439 Li5.4P1S4.4Cl1.6 -> 1.683 Li + 0.04634 Ni(PO3)2 + 0.3634 NiS2 + 0.07561 CoS2 + 0.1951 NiCl2 + 0.1951 Li2SO4 + 0.07561 Mn(PO3)2
  V=3.50  nd_li_002: -0.9830 eV/atom   0.7542 Li1Mn0.1Co0.1Ni0.8O2 + 0.2458 Li5.34Nd0.02P1S4.4Cl1.6 -> 1.676 Li + 0.03766 Ni(PO3)2 + 0.369 NiS2 + 0.004916 LiNd(PO3)4 + 0.07542 CoS2 + 0.1967 NiCl2 + 0.1927 Li2SO4 + 0.07542 Mn(PO3)2
  V=3.50  o_only_003: -0.9831 eV/atom   0.7552 Li1Mn0.1Co0.1Ni0.8O2 + 0.2448 Li5.4P1S4.37Cl1.6O0.03 -> 1.685 Li + 0.04688 Ni(PO3)2 + 0.3614 NiS2 + 0.07552 CoS2 + 0.1958 NiCl2 + 0.1958 Li2SO4 + 0.07552 Mn(PO3)2
  V=3.50  ndo_li_002: -0.9809 eV/atom   0.2316 Li5.34Nd0.02P1S4.37Cl1.6O0.03 + 0.7684 Li1Mn0.1Co0.1Ni0.8O2 -> 1.729 Li + 0.1065 Ni(PO3)2 + 0.07684 Li2Mn(SO4)2 + 0.323 NiS2 + 0.004631 LiNd(PO3)4 + 0.07684 CoS2 + 0.1853 NiCl2 + 0.0586 Li2SO4
  V=3.50  lim_li_002: -0.9804 eV/atom   0.7711 Li1Mn0.1Co0.1Ni0.8O2 + 0.2289 Li5.34P1S4.4Cl1.6 -> 1.72 Li + 0.1144 Ni(PO3)2 + 0.07711 Li2Mn(SO4)2 + 0.3194 NiS2 + 0.07711 CoS2 + 0.1831 NiCl2 + 0.0597 Li2SO4
  V=3.50  lim_li_002_o: -0.9783 eV/atom   0.7703 Li1Mn0.1Co0.1Ni0.8O2 + 0.2297 Li5.34P1S4.37Cl1.6O0.03 -> 1.722 Li + 0.1149 Ni(PO3)2 + 0.07703 Li2Mn(SO4)2 + 0.3176 NiS2 + 0.07703 CoS2 + 0.1838 NiCl2 + 0.06052 Li2SO4
  V=3.50  nd_p_002 : -0.9910 eV/atom   0.7533 Li1Mn0.1Co0.1Ni0.8O2 + 0.2467 Li5.44Nd0.02P0.98S4.4Cl1.6 -> 1.7 Li + 0.03567 Ni(PO3)2 + 0.3697 NiS2 + 0.004933 LiNd(PO3)4 + 0.07533 CoS2 + 0.1973 NiCl2 + 0.1954 Li2SO4 + 0.07533 Mn(PO3)2
  V=3.50  nd_p_002_asused: -0.9889 eV/atom   0.2476 Li5.44Nd0.02P0.98S4.37Cl1.6O0.03 + 0.7524 Li1Mn0.1Co0.1Ni0.8O2 -> 1.702 Li + 0.03617 Ni(PO3)2 + 0.3677 NiS2 + 0.004952 LiNd(PO3)4 + 0.07524 CoS2 + 0.1981 NiCl2 + 0.1961 Li2SO4 + 0.07524 Mn(PO3)2
  V=3.50  lim_p_002: -0.9883 eV/atom   0.7553 Li1Mn0.1Co0.1Ni0.8O2 + 0.2447 Li5.44P0.98S4.4Cl1.6 -> 1.691 Li + 0.0444 Ni(PO3)2 + 0.364 NiS2 + 0.07553 CoS2 + 0.1958 NiCl2 + 0.1977 Li2SO4 + 0.07553 Mn(PO3)2
  V=3.50  lim_p_002_asused: -0.9861 eV/atom   0.7544 Li1Mn0.1Co0.1Ni0.8O2 + 0.2456 Li5.44P0.98S4.37Cl1.6O0.03 -> 1.694 Li + 0.04493 Ni(PO3)2 + 0.362 NiS2 + 0.07544 CoS2 + 0.1965 NiCl2 + 0.1985 Li2SO4 + 0.07544 Mn(PO3)2
  V=4.00  modelc   : -1.2395 eV/atom   0.6386 Li1Mn0.1Co0.1Ni0.8O2 + 0.3614 Li5.4P1S4.4Cl1.6 -> 2.59 Li + 0.1169 Ni(PO3)2 + 0.09639 SO2 + 0.5783 SCl + 0.394 NiS2 + 0.06386 CoS2 + 0.06386 Mn(PO3)2
  V=4.00  nd_li_002: -1.2340 eV/atom   0.6359 Li1Mn0.1Co0.1Ni0.8O2 + 0.3641 Li5.34Nd0.02P1S4.4Cl1.6 -> 2.58 Li + 0.1075 Ni(PO3)2 + 0.08981 SO2 + 0.5825 SCl + 0.007282 Nd(PO3)3 + 0.4012 NiS2 + 0.06359 CoS2 + 0.06359 Mn(PO3)2
  V=4.00  o_only_003: -1.2370 eV/atom   0.6366 Li1Mn0.1Co0.1Ni0.8O2 + 0.3634 Li5.4P1S4.37Cl1.6O0.03 -> 2.599 Li + 0.118 Ni(PO3)2 + 0.09691 SO2 + 0.5815 SCl + 0.3912 NiS2 + 0.06366 CoS2 + 0.06366 Mn(PO3)2
  V=4.00  ndo_li_002: -1.2314 eV/atom   0.3661 Li5.34Nd0.02P1S4.37Cl1.6O0.03 + 0.6339 Li1Mn0.1Co0.1Ni0.8O2 -> 2.589 Li + 0.1087 Ni(PO3)2 + 0.0903 SO2 + 0.5857 SCl + 0.007322 Nd(PO3)3 + 0.3985 NiS2 + 0.06339 CoS2 + 0.06339 Mn(PO3)2
  V=4.00  lim_li_002: -1.2305 eV/atom   0.6386 Li1Mn0.1Co0.1Ni0.8O2 + 0.3614 Li5.34P1S4.4Cl1.6 -> 2.569 Li + 0.1169 Ni(PO3)2 + 0.09639 SO2 + 0.5783 SCl + 0.394 NiS2 + 0.06386 CoS2 + 0.06386 Mn(PO3)2
  V=4.00  lim_li_002_o: -1.2280 eV/atom   0.7381 Li1Mn0.1Co0.1Ni0.8O2 + 0.2619 Li5.34P1S4.37Cl1.6O0.03 -> 2.137 Li + 0.05714 Ni(PO3)2 + 0.3492 SO2 + 0.3238 NiS2 + 0.07381 CoS2 + 0.2095 NiCl2 + 0.07381 Mn(PO3)2
  V=4.00  nd_p_002 : -1.2493 eV/atom   0.6337 Li1Mn0.1Co0.1Ni0.8O2 + 0.3663 Li5.44Nd0.02P0.98S4.4Cl1.6 -> 2.626 Li + 0.1051 Ni(PO3)2 + 0.09524 SO2 + 0.5861 SCl + 0.007326 Nd(PO3)3 + 0.4018 NiS2 + 0.06337 CoS2 + 0.06337 Mn(PO3)2
  V=4.00  nd_p_002_asused: -1.2468 eV/atom   0.3683 Li5.44Nd0.02P0.98S4.37Cl1.6O0.03 + 0.6317 Li1Mn0.1Co0.1Ni0.8O2 -> 2.635 Li + 0.1063 Ni(PO3)2 + 0.09576 SO2 + 0.5893 SCl + 0.007366 Nd(PO3)3 + 0.3991 NiS2 + 0.06317 CoS2 + 0.06317 Mn(PO3)2
  V=4.00  lim_p_002: -1.2457 eV/atom   0.6364 Li1Mn0.1Co0.1Ni0.8O2 + 0.3636 Li5.44P0.98S4.4Cl1.6 -> 2.615 Li + 0.1145 Ni(PO3)2 + 0.1018 SO2 + 0.5818 SCl + 0.3945 NiS2 + 0.06364 CoS2 + 0.06364 Mn(PO3)2
  V=4.00  lim_p_002_asused: -1.2431 eV/atom   0.6344 Li1Mn0.1Co0.1Ni0.8O2 + 0.3656 Li5.44P0.98S4.37Cl1.6O0.03 -> 2.623 Li + 0.1157 Ni(PO3)2 + 0.1024 SO2 + 0.585 SCl + 0.3918 NiS2 + 0.06344 CoS2 + 0.06344 Mn(PO3)2
  V=4.30  modelc   : -1.4147 eV/atom   0.6199 Li1Mn0.1Co0.1Ni0.8O2 + 0.3801 Li5.4P1S4.4Cl1.6 -> 2.673 Li + 0.06199 MnP4O11 + 0.06608 Ni(PO3)2 + 0.6082 SCl + 0.4298 NiS2 + 0.06199 CoS2 + 0.0807 SO2
  V=4.30  nd_li_002: -1.4078 eV/atom   0.6149 Li1Mn0.1Co0.1Ni0.8O2 + 0.3851 Li5.34Nd0.02P1S4.4Cl1.6 -> 2.671 Li + 0.06149 MnP4O11 + 0.0503 Ni(PO3)2 + 0.6161 SCl + 0.007701 NdP5O14 + 0.4416 NiS2 + 0.06149 CoS2 + 0.07192 SO2
  V=4.30  o_only_003: -1.4124 eV/atom   0.6179 Li1Mn0.1Co0.1Ni0.8O2 + 0.3821 Li5.4P1S4.37Cl1.6O0.03 -> 2.681 Li + 0.06179 MnP4O11 + 0.06749 Ni(PO3)2 + 0.6114 SCl + 0.4268 NiS2 + 0.06179 CoS2 + 0.08131 SO2
  V=4.30  ndo_li_002: -1.4053 eV/atom   0.3871 Li5.34Nd0.02P1S4.37Cl1.6O0.03 + 0.6129 Li1Mn0.1Co0.1Ni0.8O2 -> 2.68 Li + 0.06129 MnP4O11 + 0.05164 Ni(PO3)2 + 0.6194 SCl + 0.007743 NdP5O14 + 0.4387 NiS2 + 0.06129 CoS2 + 0.07248 SO2
  V=4.30  lim_li_002: -1.4038 eV/atom   0.6199 Li1Mn0.1Co0.1Ni0.8O2 + 0.3801 Li5.34P1S4.4Cl1.6 -> 2.65 Li + 0.06199 MnP4O11 + 0.06608 Ni(PO3)2 + 0.6082 SCl + 0.4298 NiS2 + 0.06199 CoS2 + 0.0807 SO2
  V=4.30  lim_li_002_o: -1.4015 eV/atom   0.6366 Li1Mn0.1Co0.1Ni0.8O2 + 0.3634 Li5.34P1S4.37Cl1.6O0.03 -> 2.577 Li + 0.118 Ni(PO3)2 + 0.5815 SCl + 0.3912 NiS2 + 0.06366 CoS2 + 0.09691 SO2 + 0.06366 Mn(PO3)2
  V=4.30  nd_p_002 : -1.4268 eV/atom   0.6126 Li1Mn0.1Co0.1Ni0.8O2 + 0.3874 Li5.44Nd0.02P0.98S4.4Cl1.6 -> 2.72 Li + 0.06126 MnP4O11 + 0.04791 Ni(PO3)2 + 0.6198 SCl + 0.007747 NdP5O14 + 0.4422 NiS2 + 0.06126 CoS2 + 0.07771 SO2
  V=4.30  nd_p_002_asused: -1.4244 eV/atom   0.3895 Li5.44Nd0.02P0.98S4.37Cl1.6O0.03 + 0.6105 Li1Mn0.1Co0.1Ni0.8O2 -> 2.729 Li + 0.06105 MnP4O11 + 0.04925 Ni(PO3)2 + 0.6231 SCl + 0.007789 NdP5O14 + 0.4392 NiS2 + 0.06105 CoS2 + 0.07831 SO2
  V=4.30  lim_p_002: -1.4227 eV/atom   0.6176 Li1Mn0.1Co0.1Ni0.8O2 + 0.3824 Li5.44P0.98S4.4Cl1.6 -> 2.698 Li + 0.06176 MnP4O11 + 0.06382 Ni(PO3)2 + 0.6118 SCl + 0.4303 NiS2 + 0.06176 CoS2 + 0.08647 SO2
  V=4.30  lim_p_002_asused: -1.4204 eV/atom   0.6156 Li1Mn0.1Co0.1Ni0.8O2 + 0.3844 Li5.44P0.98S4.37Cl1.6O0.03 -> 2.707 Li + 0.06156 MnP4O11 + 0.06523 Ni(PO3)2 + 0.615 SCl + 0.4273 NiS2 + 0.06156 CoS2 + 0.08711 SO2
  V=4.50  modelc   : -1.5330 eV/atom   0.6091 Li1Mn0.1Co0.1Ni0.8O2 + 0.3909 Li5.4P1S4.4Cl1.6 -> 2.72 Li + 0.03681 NiP4O11 + 0.06091 MnP4O11 + 0.6254 SCl + 0.06091 CoS2 + 0.4505 NiS2 + 0.07166 SO2
  V=4.50  nd_li_002: -1.5252 eV/atom   0.6149 Li1Mn0.1Co0.1Ni0.8O2 + 0.3851 Li5.34Nd0.02P1S4.4Cl1.6 -> 2.671 Li + 0.06149 MnP4O11 + 0.007701 NdP5O14 + 0.6161 SCl + 0.06149 CoS2 + 0.4416 NiS2 + 0.07192 SO2 + 0.0503 Ni(PO3)2
  V=4.50  o_only_003: -1.5308 eV/atom   0.6179 Li1Mn0.1Co0.1Ni0.8O2 + 0.3821 Li5.4P1S4.37Cl1.6O0.03 -> 2.681 Li + 0.06179 MnP4O11 + 0.6114 SCl + 0.06179 CoS2 + 0.4268 NiS2 + 0.08131 SO2 + 0.06749 Ni(PO3)2
  V=4.50  ndo_li_002: -1.5230 eV/atom   0.3871 Li5.34Nd0.02P1S4.37Cl1.6O0.03 + 0.6129 Li1Mn0.1Co0.1Ni0.8O2 -> 2.68 Li + 0.06129 MnP4O11 + 0.007743 NdP5O14 + 0.6194 SCl + 0.06129 CoS2 + 0.4387 NiS2 + 0.07248 SO2 + 0.05164 Ni(PO3)2
  V=4.50  lim_li_002: -1.5211 eV/atom   0.6199 Li1Mn0.1Co0.1Ni0.8O2 + 0.3801 Li5.34P1S4.4Cl1.6 -> 2.65 Li + 0.06199 MnP4O11 + 0.6082 SCl + 0.06199 CoS2 + 0.4298 NiS2 + 0.0807 SO2 + 0.06608 Ni(PO3)2
  V=4.50  lim_li_002_o: -1.5188 eV/atom   0.6179 Li1Mn0.1Co0.1Ni0.8O2 + 0.3821 Li5.34P1S4.37Cl1.6O0.03 -> 2.658 Li + 0.06179 MnP4O11 + 0.6114 SCl + 0.06179 CoS2 + 0.4268 NiS2 + 0.08131 SO2 + 0.06749 Ni(PO3)2
  V=4.50  nd_p_002 : -1.5469 eV/atom   0.5745 Li1Mn0.1Co0.1Ni0.8O2 + 0.4255 Li5.44Nd0.02P0.98S4.4Cl1.6 -> 2.889 Li + 0.03617 NiP4O11 + 0.05745 MnP4O11 + 0.008511 NdP5O14 + 0.6809 SCl + 0.05745 CoS2 + 0.4234 NiS2 + 0.2298 S
  V=4.50  nd_p_002_asused: -1.5446 eV/atom   0.4283 Li5.44Nd0.02P0.98S4.37Cl1.6O0.03 + 0.5717 Li1Mn0.1Co0.1Ni0.8O2 -> 2.901 Li + 0.03704 NiP4O11 + 0.05717 MnP4O11 + 0.008565 NdP5O14 + 0.6852 SCl + 0.05717 CoS2 + 0.4203 NiS2 + 0.2313 S
  V=4.50  lim_p_002: -1.5424 eV/atom   0.574 Li1Mn0.1Co0.1Ni0.8O2 + 0.426 Li5.44P0.98S4.4Cl1.6 -> 2.891 Li + 0.04696 NiP4O11 + 0.0574 MnP4O11 + 0.6816 SCl + 0.0574 CoS2 + 0.4122 NiS2 + 0.2535 S
  V=4.50  lim_p_002_asused: -1.5400 eV/atom   0.6049 Li1Mn0.1Co0.1Ni0.8O2 + 0.3951 Li5.44P0.98S4.37Cl1.6O0.03 -> 2.754 Li + 0.03632 NiP4O11 + 0.06049 MnP4O11 + 0.6322 SCl + 0.06049 CoS2 + 0.4476 NiS2 + 0.07837 SO2

══ 산물 인구조사 — 갭(§C) 대상 후보 32 종 ══
  SCl              112 회   처음 나온 곳 LiCoO2@4.00V/lim_li_002
  Li2SO4           110 회   처음 나온 곳 LiCoO2@2.50V/lim_li_002
  CoS2             100 회   처음 나온 곳 LiCoO2@2.50V/lim_li_002
  LiCl              90 회   처음 나온 곳 LiCoO2@2.50V/lim_li_002
  NiS2              80 회   처음 나온 곳 LiNiO2@3.50V/lim_li_002
  Ni(PO3)2          75 회   처음 나온 곳 LiNiO2@3.50V/lim_li_002
  SO2               67 회   처음 나온 곳 LiCoO2@4.00V/lim_li_002
  Mn(PO3)2          51 회   처음 나온 곳 LiMnO2@3.50V/lim_li_002
  MnS2              45 회   처음 나온 곳 LiMnO2@2.50V/lim_li_002
  Li3PO4            40 회   처음 나온 곳 LiCoO2@2.50V/lim_li_002
  Ni3S4             40 회   처음 나온 곳 LiNiO2@2.50V/lim_li_002
  S                 39 회   처음 나온 곳 LiCoO2@4.30V/lim_li_002
  NdPO4             32 회   처음 나온 곳 LiCoO2@2.50V/nd_li_002
  NiCl2             31 회   처음 나온 곳 LiNiO2@3.50V/lim_li_002
  Li4P2O7           30 회   처음 나온 곳 LiCoO2@3.00V/lim_li_002
  CoP4O11           30 회   처음 나온 곳 LiCoO2@4.00V/lim_li_002
  NdP5O14           26 회   처음 나온 곳 LiCoO2@4.00V/nd_li_002
  Co(NiS2)2         20 회   처음 나온 곳 NMC811@2.50V/lim_li_002
  MnP4O11           19 회   처음 나온 곳 NMC811@4.30V/lim_li_002
  LiMnPO4           15 회   처음 나온 곳 NMC811@2.50V/lim_li_002_o
  P2S7              13 회   처음 나온 곳 LiMnO2@4.30V/lim_li_002
  LiNd(PO3)4        12 회   처음 나온 곳 LiCoO2@3.50V/nd_li_002
  NdCl3             12 회   처음 나온 곳 LiMnO2@3.50V/nd_li_002
  LiPO3             10 회   처음 나온 곳 LiCoO2@3.50V/lim_li_002
  Nd(PO3)3          10 회   처음 나온 곳 LiNiO2@4.00V/nd_li_002
  Mn2P2O7            9 회   처음 나온 곳 LiMnO2@3.00V/lim_li_002
  MnCl2              8 회   처음 나온 곳 LiMnO2@4.30V/lim_li_002
  PCl5               5 회   처음 나온 곳 LiMnO2@4.30V/nd_p_002_asused
  NiP4O11            5 회   처음 나온 곳 NMC811@4.50V/lim_p_002
  MnSO4              4 회   처음 나온 곳 LiMnO2@3.50V/lim_li_002
  Li2Mn(SO4)2        3 회   처음 나온 곳 NMC811@3.50V/lim_li_002
  Li2MnP2O7          1 회   처음 나온 곳 LiMnO2@3.00V/nd_p_002
  (저장소 회계로 제외: {'Li': 233} — 상이 아니라 전기화학 장부다)
  ⛔ 끝점 퇴화로 제외: 7/240 칸 — 전해질 자체분해라 계면 산물이 아니다
  ⛔ 이 목록은 **최소 kink 산물**만이다. 다른 kink 의 상은 여기 없다 (카드 G2).
  ⚠ 기체·홑원소(S·SO₂·PCl₅)는 **안 걸렀다** — 갭 대상인지는 카드·사람이 정한다.

══ 재현 대조 vs db/properties/cei_interface_V_x002_2026_09_28.json ══
  REPRODUCED · 겹친 칸 216 · 문턱 0.002 eV/atom
  최대 차 0.000000  (LiCoO2 2.50 V modelc: -0.62382 → -0.62382)
  이번에 새로 들어간 조성: lim_li_002_o
  ⚠ 옛 파일에만 있는 조성: comp1, lim_li_020, lpsocl, modelc_nd, nd_only, nd_p_020, o_only_03

→ db/properties/cei_interface_V_ga_2026_09_29.json
