▶ V2_top_fcc 22:27:12
■ V2_top_fcc rc=0 22:27:29
▶ V2_top_hcp 22:27:29
■ V2_top_hcp rc=0 22:27:46
▶ V2_bridge 22:27:46
■ V2_bridge rc=0 22:28:02
▶ V2_hollow_fcc 22:28:02
■ V2_hollow_fcc rc=0 22:28:19
▶ V3_s_outer_A 22:28:19
■ V3_s_outer_A rc=2 22:29:07
▶ V3_li_outer_A 22:29:07
■ V3_li_outer_A rc=2 22:29:45
▶ V4_s_outer_A 22:29:45
■ V4_s_outer_A rc=0 22:30:33
▶ V4_li_outer_A 22:30:33
■ V4_li_outer_A rc=2 22:34:22
▶ V5_s_outer_A 22:34:22
■ V5_s_outer_A rc=0 22:36:18
▶ V5_s_outer_B 22:36:18
■ V5_s_outer_B rc=0 22:38:11
▶ V5_li_outer_A 22:38:11
■ V5_li_outer_A rc=0 22:39:09
▶ V5_li_outer_B 22:39:09
■ V5_li_outer_B rc=0 22:40:13
✅ 전부 끝
