# 관련 모듈 — GREEN 커밋 e2160c2ef (clean) · source_digest 3f84c0db52d2b9ac · 영수증 재생성 전
# 2026-10-04T17:40:37Z · python -m pytest tests/test_gate70_defensive.py tests/test_gate71_defensive.py tests/test_gate72_defensive.py tests/test_gate74_defensive.py tests/test_io_bookkeeping.py tests/test_design_wire.py tests/test_issuance_authority_60.py tests/test_lifecycle_e2e.py tests/test_preserve.py tests/test_run_schema_binding_59.py -q -rfE -p no:cacheprovider

[conftest] 시험 authority: /tmp/dd-test-authority-xpblwxdn/docs/22p_gap/LEG_PRESERVATION.yaml (운영 원장의 바이트 복사본 — 70차 E6)

[conftest] 이 checkout 을 처음 보았다 — 얼린 cohort 17개의 좌표를 시험 authority 에 봉인했다: ['g10_2026_09_01', 'g11_2026_09_02', 'g12_2026_09_03', 'g13_2026_09_07', 'g14_2026_09_08', 'g15_2026_09_08', 'g16_2026_09_09', 'g17_2026_09_14', 'g1_2026_08_20', 'g2_2026_08_25', 'g3_2026_08_28', 'g4_2026_08_28', 'g5_2026_08_29', 'g6_2026_09_01', 'g7_2026_09_01', 'g8_2026_09_01', 'g9_2026_09_01']
..........................................F.................F..........F [ 12%]
...........F.FFFFFF..................................................... [ 24%]
........................................................................ [ 36%]
........................................................................ [ 49%]
........................................................................ [ 61%]
........................................................................ [ 73%]
........................................................................ [ 85%]
........................................................................ [ 98%]
...........                                                              [100%]
=================================== FAILURES ===================================
_ test_g70_e3_17_the_real_receipt_is_a_typed_receipt_of_the_current_validator __

    def test_g70_e3_17_the_real_receipt_is_a_typed_receipt_of_the_current_validator():
        """양성 대조군 (읽기 전용) — 실물 `paired_fixed5_v4.validate.yaml` 이 닫힌 schema 를 지나고 현행 검증기의 것이다.
        (RUN_SCOPE 를 고치면 이 시험과 docs-lint 가 함께 '낡았다' 로 빨개진다 — 영수증을 다시 만들라는 뜻.)"""
        doc = yaml.safe_load(_REAL_LEDGER.read_text(encoding="utf-8"))
        for e in doc["legs"]:
            if e.get("preservation_status") != "full_bundle":
                continue
>           core = P.read_verification_receipt(e["evidence"]["verification_receipt"], e["leg_id"], repo_root=REPO)
                   ^^^^^^^^^^^^^^^^^^^^^^^^^^^^^^^^^^^^^^^^^^^^^^^^^^^^^^^^^^^^^^^^^^^^^^^^^^^^^^^^^^^^^^^^^^^^^^^

tests/test_gate70_defensive.py:523: 
_ _ _ _ _ _ _ _ _ _ _ _ _ _ _ _ _ _ _ _ _ _ _ _ _ _ _ _ _ _ _ _ _ _ _ _ _ _ _ _ 

path = 'docs/22p_gap/receipts/paired_fixed5_v4.validate.yaml'
leg_id = 'paired_fixed5_v4'
repo_root = PosixPath('/home/user/Yonghoon-DEM-DFT/degradation-degeneracy')

    def read_verification_receipt(path, leg_id: str, *, repo_root=None) -> dict:
        """검증 영수증을 **닫힌 schema 로** 읽어 이 다리의 것인지 확인한다 (70차 E3).
    
        돌려주는 것은 `core` (검증된 dict). 어긋나면 `PreserveError` — 부분 성공은
        없다. 보는 것:
          · 파일이 저장소 안의 정규 상대경로인가 (`_repo_relative_or_refuse`)
          · 최상위·core·bundle·restore·validation·identity 의 key 집합이 정확히 닫혔는가
          · `core_sha256` 이 core 바이트에서 다시 계산한 값과 같은가 (자기 일관성)
          · `core.leg_id == leg_id`
          · `validation.ok is True` · `fail == []` · `n_checks == len(checks)` · 검사 이름 정렬 unique
          · `restore.mode == "empty_root"` · `conflicts == 0` · `bundle.member_mismatches == 0`
          · `outputs` 에 `rescored_summary` 역할이 있고 모두 semantic digest 를 가졌으며 `outputs_agree is True`
          · `identity.validator_source_digest` 가 **지금** `source_digest()` 와 같은가
            (다른 검증기의 영수증은 "현행 검증" 이 아니다 — 낡은 영수증으로 원장을 올리지 않는다)
        """
        import yaml
        from src.io import source_digest as _sd
    
        root = Path(repo_root or REPO_ROOT)
        rp = _repo_relative_or_refuse(root, path, "verification_receipt")
        if not rp.is_file():
            raise PreserveError("plan", f"검증 영수증이 없다: {path}")
    
        def _bad(why: str) -> PreserveError:
            return PreserveError(
                "plan", f"{leg_id!r} 의 검증 영수증({path})이 typed schema 밖이다: {why} "
                        "— 영수증을 소비할 수 없으므로 `full_bundle` 로 올리지 않는다 (70차 E3)")
    
        try:
            rec = yaml.safe_load(rp.read_text(encoding="utf-8"))
        except (OSError, UnicodeDecodeError, yaml.YAMLError) as exc:
            raise _bad(f"읽을 수 없다: {exc}") from exc
        if not isinstance(rec, dict) or frozenset(rec) != VERIFICATION_RECEIPT_KEYS:
            raise _bad(f"최상위 key 집합 {sorted(rec) if isinstance(rec, dict) else type(rec).__name__}")
        if rec["schema_version"] != VERIFICATION_RECEIPT_SCHEMA_VERSION:
            raise _bad(f"schema_version={rec['schema_version']!r}")
        core = rec["core"]
        if not isinstance(core, dict) or frozenset(core) != VERIFICATION_RECEIPT_CORE_KEYS:
            raise _bad(f"core key 집합 {sorted(core) if isinstance(core, dict) else type(core).__name__}")
        for name, want in (("bundle", VERIFICATION_RECEIPT_BUNDLE_KEYS),
                           ("restore", VERIFICATION_RECEIPT_RESTORE_KEYS),
                           ("validation", VERIFICATION_RECEIPT_VALIDATION_KEYS),
                           ("identity", VERIFICATION_RECEIPT_IDENTITY_KEYS)):
            got = core[name]
            if not isinstance(got, dict) or frozenset(got) != want:
                raise _bad(f"core.{name} key 집합 {sorted(got) if isinstance(got, dict) else type(got).__name__}")
        if not (isinstance(rec["core_sha256"], str) and _is_hex64(rec["core_sha256"])):
            raise _bad("core_sha256 이 hex64 가 아니다")
        if not secrets.compare_digest(_receipt_core_sha256(core), rec["core_sha256"]):
            raise _bad("core_sha256 이 core 바이트와 다르다")
        if core["leg_id"] != leg_id:
            raise _bad(f"다른 다리의 영수증이다 ({core['leg_id']!r})")
        v = core["validation"]
        if v["ok"] is not True or v["fail"] != []:
            raise _bad(f"검증이 통과를 말하지 않는다 (ok={v['ok']!r}, fail={v['fail']!r}) — "
                       "실패·부분 상태는 `full_bundle` 이 아니다")
        if not isinstance(v["checks"], dict) or not v["checks"] \
                or type(v["n_checks"]) is not int or v["n_checks"] != len(v["checks"]):
            raise _bad(f"n_checks={v['n_checks']!r} 가 checks({type(v['checks']).__name__}) 와 안 맞는다")
        r = core["restore"]
        if r["mode"] != "empty_root" or r["conflicts"] != 0:
            raise _bad(f"empty-root 복원 기록이 아니다 (mode={r['mode']!r}, conflicts={r['conflicts']!r})")
        b = core["bundle"]
        if b["member_mismatches"] != 0:
            raise _bad(f"member 불일치 {b['member_mismatches']!r} 를 기록했다")
        for k in ("files", "bytes"):
            if type(b[k]) is not int or b[k] <= 0:
                raise _bad(f"bundle.{k}={b[k]!r}")
        for k in ("payload_index_sha256", "fits_sha256"):
            if not _is_hex64(b[k]):
                raise _bad(f"bundle.{k} 가 hex64 가 아니다")
        # ★ 71차 E3-R — `outputs_agree` 는 **주장**이다. 주장을 읽지 않고 짝·일치·결속을 다시 계산한다.
        try:
            pair = _receipt_output_pair(core)
        except PreserveError as exc:
            raise _bad(str(exc)) from exc
        if not secrets.compare_digest(pair["rescored_summary"]["source_file_sha256"], b["fits_sha256"]):
            raise _bad("rescored_summary.source_file_sha256 ≠ bundle.fits_sha256 — 재채점이 읽은 fits 가 이 묶음의 "
                       "fits 가 아니므로 그 재채점은 이 묶음의 검증이 아니다 (R06)")
        if core["outputs_agree"] is not True:
            raise _bad(f"outputs_agree={core['outputs_agree']!r}")
        ident = core["identity"]
        for k, v in ident.items():
            if not (isinstance(v, str) and _HEX16.match(v)):
                raise _bad(f"identity.{k}={v!r} 는 hex16 이 아니다 (R10)")
        now = _sd()
        if ident["validator_source_digest"] != now:
>           raise _bad(f"영수증이 낡았다 — validator {ident['validator_source_digest']!r} ≠ 현행 "
                       f"{now!r}. `python3 {VERIFICATION_RECEIPT_GENERATOR} {leg_id}` 로 다시 만들라")
E           tools.preserve.PreserveError: [plan] 'paired_fixed5_v4' 의 검증 영수증(docs/22p_gap/receipts/paired_fixed5_v4.validate.yaml)이 typed schema 밖이다: 영수증이 낡았다 — validator '803e2b7781cbc9cd' ≠ 현행 '3f84c0db52d2b9ac'. `python3 docs/22p_gap/make_receipt.py paired_fixed5_v4` 로 다시 만들라 — 영수증을 소비할 수 없으므로 `full_bundle` 로 올리지 않는다 (70차 E3)

tools/preserve.py:8513: PreserveError
__ test_g71_e3r_12_the_real_receipt_satisfies_the_production_contract_checks ___

    def test_g71_e3r_12_the_real_receipt_satisfies_the_production_contract_checks():
        """실물 `paired_fixed5_v4.validate.yaml` — 두 산출 · 같은 semantic · source fits = bundle fits · 복원 지도 일치."""
        doc = yaml.safe_load(_REAL_LEDGER.read_text(encoding="utf-8"))
        for e in doc["legs"]:
            if e.get("preservation_status") != "full_bundle":
                continue
>           core = P.read_verification_receipt(e["evidence"]["verification_receipt"], e["leg_id"], repo_root=REPO)
                   ^^^^^^^^^^^^^^^^^^^^^^^^^^^^^^^^^^^^^^^^^^^^^^^^^^^^^^^^^^^^^^^^^^^^^^^^^^^^^^^^^^^^^^^^^^^^^^^

tests/test_gate71_defensive.py:167: 
_ _ _ _ _ _ _ _ _ _ _ _ _ _ _ _ _ _ _ _ _ _ _ _ _ _ _ _ _ _ _ _ _ _ _ _ _ _ _ _ 

path = 'docs/22p_gap/receipts/paired_fixed5_v4.validate.yaml'
leg_id = 'paired_fixed5_v4'
repo_root = PosixPath('/home/user/Yonghoon-DEM-DFT/degradation-degeneracy')

    def read_verification_receipt(path, leg_id: str, *, repo_root=None) -> dict:
        """검증 영수증을 **닫힌 schema 로** 읽어 이 다리의 것인지 확인한다 (70차 E3).
    
        돌려주는 것은 `core` (검증된 dict). 어긋나면 `PreserveError` — 부분 성공은
        없다. 보는 것:
          · 파일이 저장소 안의 정규 상대경로인가 (`_repo_relative_or_refuse`)
          · 최상위·core·bundle·restore·validation·identity 의 key 집합이 정확히 닫혔는가
          · `core_sha256` 이 core 바이트에서 다시 계산한 값과 같은가 (자기 일관성)
          · `core.leg_id == leg_id`
          · `validation.ok is True` · `fail == []` · `n_checks == len(checks)` · 검사 이름 정렬 unique
          · `restore.mode == "empty_root"` · `conflicts == 0` · `bundle.member_mismatches == 0`
          · `outputs` 에 `rescored_summary` 역할이 있고 모두 semantic digest 를 가졌으며 `outputs_agree is True`
          · `identity.validator_source_digest` 가 **지금** `source_digest()` 와 같은가
            (다른 검증기의 영수증은 "현행 검증" 이 아니다 — 낡은 영수증으로 원장을 올리지 않는다)
        """
        import yaml
        from src.io import source_digest as _sd
    
        root = Path(repo_root or REPO_ROOT)
        rp = _repo_relative_or_refuse(root, path, "verification_receipt")
        if not rp.is_file():
            raise PreserveError("plan", f"검증 영수증이 없다: {path}")
    
        def _bad(why: str) -> PreserveError:
            return PreserveError(
                "plan", f"{leg_id!r} 의 검증 영수증({path})이 typed schema 밖이다: {why} "
                        "— 영수증을 소비할 수 없으므로 `full_bundle` 로 올리지 않는다 (70차 E3)")
    
        try:
            rec = yaml.safe_load(rp.read_text(encoding="utf-8"))
        except (OSError, UnicodeDecodeError, yaml.YAMLError) as exc:
            raise _bad(f"읽을 수 없다: {exc}") from exc
        if not isinstance(rec, dict) or frozenset(rec) != VERIFICATION_RECEIPT_KEYS:
            raise _bad(f"최상위 key 집합 {sorted(rec) if isinstance(rec, dict) else type(rec).__name__}")
        if rec["schema_version"] != VERIFICATION_RECEIPT_SCHEMA_VERSION:
            raise _bad(f"schema_version={rec['schema_version']!r}")
        core = rec["core"]
        if not isinstance(core, dict) or frozenset(core) != VERIFICATION_RECEIPT_CORE_KEYS:
            raise _bad(f"core key 집합 {sorted(core) if isinstance(core, dict) else type(core).__name__}")
        for name, want in (("bundle", VERIFICATION_RECEIPT_BUNDLE_KEYS),
                           ("restore", VERIFICATION_RECEIPT_RESTORE_KEYS),
                           ("validation", VERIFICATION_RECEIPT_VALIDATION_KEYS),
                           ("identity", VERIFICATION_RECEIPT_IDENTITY_KEYS)):
            got = core[name]
            if not isinstance(got, dict) or frozenset(got) != want:
                raise _bad(f"core.{name} key 집합 {sorted(got) if isinstance(got, dict) else type(got).__name__}")
        if not (isinstance(rec["core_sha256"], str) and _is_hex64(rec["core_sha256"])):
            raise _bad("core_sha256 이 hex64 가 아니다")
        if not secrets.compare_digest(_receipt_core_sha256(core), rec["core_sha256"]):
            raise _bad("core_sha256 이 core 바이트와 다르다")
        if core["leg_id"] != leg_id:
            raise _bad(f"다른 다리의 영수증이다 ({core['leg_id']!r})")
        v = core["validation"]
        if v["ok"] is not True or v["fail"] != []:
            raise _bad(f"검증이 통과를 말하지 않는다 (ok={v['ok']!r}, fail={v['fail']!r}) — "
                       "실패·부분 상태는 `full_bundle` 이 아니다")
        if not isinstance(v["checks"], dict) or not v["checks"] \
                or type(v["n_checks"]) is not int or v["n_checks"] != len(v["checks"]):
            raise _bad(f"n_checks={v['n_checks']!r} 가 checks({type(v['checks']).__name__}) 와 안 맞는다")
        r = core["restore"]
        if r["mode"] != "empty_root" or r["conflicts"] != 0:
            raise _bad(f"empty-root 복원 기록이 아니다 (mode={r['mode']!r}, conflicts={r['conflicts']!r})")
        b = core["bundle"]
        if b["member_mismatches"] != 0:
            raise _bad(f"member 불일치 {b['member_mismatches']!r} 를 기록했다")
        for k in ("files", "bytes"):
            if type(b[k]) is not int or b[k] <= 0:
                raise _bad(f"bundle.{k}={b[k]!r}")
        for k in ("payload_index_sha256", "fits_sha256"):
            if not _is_hex64(b[k]):
                raise _bad(f"bundle.{k} 가 hex64 가 아니다")
        # ★ 71차 E3-R — `outputs_agree` 는 **주장**이다. 주장을 읽지 않고 짝·일치·결속을 다시 계산한다.
        try:
            pair = _receipt_output_pair(core)
        except PreserveError as exc:
            raise _bad(str(exc)) from exc
        if not secrets.compare_digest(pair["rescored_summary"]["source_file_sha256"], b["fits_sha256"]):
            raise _bad("rescored_summary.source_file_sha256 ≠ bundle.fits_sha256 — 재채점이 읽은 fits 가 이 묶음의 "
                       "fits 가 아니므로 그 재채점은 이 묶음의 검증이 아니다 (R06)")
        if core["outputs_agree"] is not True:
            raise _bad(f"outputs_agree={core['outputs_agree']!r}")
        ident = core["identity"]
        for k, v in ident.items():
            if not (isinstance(v, str) and _HEX16.match(v)):
                raise _bad(f"identity.{k}={v!r} 는 hex16 이 아니다 (R10)")
        now = _sd()
        if ident["validator_source_digest"] != now:
>           raise _bad(f"영수증이 낡았다 — validator {ident['validator_source_digest']!r} ≠ 현행 "
                       f"{now!r}. `python3 {VERIFICATION_RECEIPT_GENERATOR} {leg_id}` 로 다시 만들라")
E           tools.preserve.PreserveError: [plan] 'paired_fixed5_v4' 의 검증 영수증(docs/22p_gap/receipts/paired_fixed5_v4.validate.yaml)이 typed schema 밖이다: 영수증이 낡았다 — validator '803e2b7781cbc9cd' ≠ 현행 '3f84c0db52d2b9ac'. `python3 docs/22p_gap/make_receipt.py paired_fixed5_v4` 로 다시 만들라 — 영수증을 소비할 수 없으므로 `full_bundle` 로 올리지 않는다 (70차 E3)

tools/preserve.py:8513: PreserveError
_ test_g72_a07_the_historical_full_bundle_leg_without_out_is_unbound_not_a_success _

    def test_g72_a07_the_historical_full_bundle_leg_without_out_is_unbound_not_a_success():
        """실물 원장 (읽기 전용) — `paired_fixed5_v4` 는 finalize 이전(소급 기록)이라 `out` 이 없다.
        같은 영수증으로 attach 를 부르면 **미결속 거부**이지 멱등 성공이 아니고, 원장은 안 바뀐다.
        (소급해서 out 을 채우지 않는다 — 리뷰어: "과거 자료 읽기와 신규 승격 성공을 구분")"""
        import shutil
        doc = yaml.safe_load(_REAL_LEDGER.read_text(encoding="utf-8"))
        legs = [e for e in doc["legs"] if e.get("preservation_status") == "full_bundle" and "out" not in (e.get("evidence") or {})]
        assert legs, "out 없는 역사적 full_bundle 다리가 없다 — 이 시험의 전제가 바뀌었다 (문서를 고쳐라)"
        # 운영 원장에는 쓰지 않는다: 바이트 사본 위에서 부른다 (repo_root 는 실물 — 묶음·영수증은 읽기만)
        import tempfile
        tmp = Path(tempfile.mkdtemp(prefix="g72-hist-"))
        try:
            led = tmp / "LEG_PRESERVATION.yaml"
            shutil.copyfile(_REAL_LEDGER, led)
            before = led.read_bytes()
            e = legs[0]
            with pytest.raises(P.PreserveError) as ei:
                P.attach_bundle_evidence(e["leg_id"], e["evidence"]["verification_receipt"], ledger=led, repo_root=REPO)
>           assert "미결속" in str(ei.value), str(ei.value)
E           AssertionError: [plan] 'paired_fixed5_v4' 의 검증 영수증(docs/22p_gap/receipts/paired_fixed5_v4.validate.yaml)이 typed schema 밖이다: 영수증이 낡았다 — validator '803e2b7781cbc9cd' ≠ 현행 '3f84c0db52d2b9ac'. `python3 docs/22p_gap/make_receipt.py paired_fixed5_v4` 로 다시 만들라 — 영수증을 소비할 수 없으므로 `full_bundle` 로 올리지 않는다 (70차 E3)
E           assert '미결속' in "[plan] 'paired_fixed5_v4' 의 검증 영수증(docs/22p_gap/receipts/paired_fixed5_v4.validate.yaml)이 typed schema 밖이다: 영수증이 낡았다 ...'. `python3 docs/22p_gap/make_receipt.py paired_fixed5_v4` 로 다시 만들라 — 영수증을 소비할 수 없으므로 `full_bundle` 로 올리지 않는다 (70차 E3)"
E            +  where "[plan] 'paired_fixed5_v4' 의 검증 영수증(docs/22p_gap/receipts/paired_fixed5_v4.validate.yaml)이 typed schema 밖이다: 영수증이 낡았다 ...'. `python3 docs/22p_gap/make_receipt.py paired_fixed5_v4` 로 다시 만들라 — 영수증을 소비할 수 없으므로 `full_bundle` 로 올리지 않는다 (70차 E3)" = str(PreserveError("[plan] 'paired_fixed5_v4' 의 검증 영수증(docs/22p_gap/receipts/paired_fixed5_v4.validate.yaml)이 typed schema .... `python3 docs/22p_gap/make_receipt.py paired_fixed5_v4` 로 다시 만들라 — 영수증을 소비할 수 없으므로 `full_bundle` 로 올리지 않는다 (70차 E3)"))
E            +    where PreserveError("[plan] 'paired_fixed5_v4' 의 검증 영수증(docs/22p_gap/receipts/paired_fixed5_v4.validate.yaml)이 typed schema .... `python3 docs/22p_gap/make_receipt.py paired_fixed5_v4` 로 다시 만들라 — 영수증을 소비할 수 없으므로 `full_bundle` 로 올리지 않는다 (70차 E3)") = <ExceptionInfo PreserveError("[plan] 'paired_fixed5_v4' 의 검증 영수증(docs/22p_gap/receipts/paired_fixed5_v4.validate.yaml)...3 docs/22p_gap/make_receipt.py paired_fixed5_v4` 로 다시 만들라 — 영수증을 소비할 수 없으므로 `full_bundle` 로 올리지 않는다 (70차 E3)") tblen=3>.value

tests/test_gate72_defensive.py:142: AssertionError
_ test_g74_3_01_the_live_ledger_keeps_grid_fit_v5_as_diagnostic_only_outside_the_projection_roster _

    def test_g74_3_01_the_live_ledger_keeps_grid_fit_v5_as_diagnostic_only_outside_the_projection_roster():
        """① 진단 전용 양성 — 실행/영수증 결속 유지 · 투영 membership 아님 · active claim 없음."""
        reg, creg, roles_ok, sealed = _live()
        leg = _leg(reg, "grid_fit_v5")
        assert leg.get("claim_scope") == "no_active_claim", leg.get("claim_scope")
        assert not leg.get("claim_roles")
        assert (leg["preservation_status"], leg["validation_status"]) == ("full_bundle", "current_validated")
        assert leg["evidence"]["out"] == "results/grid_fit_v5"
        g18 = _cohort(reg, "g18_2026_09_15")
        assert g18["legs"] == ["paired_fixed5_v4"], g18["legs"]          # 투영 명부 — 봉인 그대로
        assert g18.get("executed_legs") == ["grid_fit_v5"], g18.get("executed_legs")
        assert g18.get("prospective_legs") == []
        assert DL._scope_problems(reg) == []
>       assert DL._no_active_claim_evidence_problems(reg) == []
E       assert ['grid_fit_v5...않는다 (70차 E3)'] == []
E         
E         Left contains one more item: "grid_fit_v5: 영수증을 typed 로 읽지 못한다: [plan] 'grid_fit_v5' 의 검증 영수증(docs/22p_gap/receipts/grid_fit_v5.validate.yaml)이 typ...2b9ac'. `python3 docs/22p_gap/make_receipt.py grid_fit_v5` 로 다시 만들라 — 영수증을 소비할 수 없으므로 `full_bundle` 로 올리지 않는다 (70차 E3)"
E         Use -v to get more diff

tests/test_gate74_defensive.py:188: AssertionError
_ test_g74_3_03_the_full_bundle_evidence_contract_still_binds_a_no_active_claim_leg[_drop_out] _

mutate = <function _drop_out at 0x7f5369a52ac0>

    @pytest.mark.parametrize("mutate", [_drop_out, _drop_receipt, _alter_core, _unvalidated,
                                        _pending, _validator_drift])
    def test_g74_3_03_the_full_bundle_evidence_contract_still_binds_a_no_active_claim_leg(mutate):
        """③ out/receipt/hash/필수 상태를 빼거나 바꾸면 거부 — diagnostic 이 면제가 아니다."""
        reg, *_ = _live()
>       assert DL._no_active_claim_evidence_problems(reg) == []
E       assert ['grid_fit_v5...않는다 (70차 E3)'] == []
E         
E         Left contains one more item: "grid_fit_v5: 영수증을 typed 로 읽지 못한다: [plan] 'grid_fit_v5' 의 검증 영수증(docs/22p_gap/receipts/grid_fit_v5.validate.yaml)이 typ...2b9ac'. `python3 docs/22p_gap/make_receipt.py grid_fit_v5` 로 다시 만들라 — 영수증을 소비할 수 없으므로 `full_bundle` 로 올리지 않는다 (70차 E3)"
E         Use -v to get more diff

tests/test_gate74_defensive.py:231: AssertionError
_ test_g74_3_03_the_full_bundle_evidence_contract_still_binds_a_no_active_claim_leg[_drop_receipt] _

mutate = <function _drop_receipt at 0x7f5369a52b60>

    @pytest.mark.parametrize("mutate", [_drop_out, _drop_receipt, _alter_core, _unvalidated,
                                        _pending, _validator_drift])
    def test_g74_3_03_the_full_bundle_evidence_contract_still_binds_a_no_active_claim_leg(mutate):
        """③ out/receipt/hash/필수 상태를 빼거나 바꾸면 거부 — diagnostic 이 면제가 아니다."""
        reg, *_ = _live()
>       assert DL._no_active_claim_evidence_problems(reg) == []
E       assert ['grid_fit_v5...않는다 (70차 E3)'] == []
E         
E         Left contains one more item: "grid_fit_v5: 영수증을 typed 로 읽지 못한다: [plan] 'grid_fit_v5' 의 검증 영수증(docs/22p_gap/receipts/grid_fit_v5.validate.yaml)이 typ...2b9ac'. `python3 docs/22p_gap/make_receipt.py grid_fit_v5` 로 다시 만들라 — 영수증을 소비할 수 없으므로 `full_bundle` 로 올리지 않는다 (70차 E3)"
E         Use -v to get more diff

tests/test_gate74_defensive.py:231: AssertionError
_ test_g74_3_03_the_full_bundle_evidence_contract_still_binds_a_no_active_claim_leg[_alter_core] _

mutate = <function _alter_core at 0x7f5369a52c00>

    @pytest.mark.parametrize("mutate", [_drop_out, _drop_receipt, _alter_core, _unvalidated,
                                        _pending, _validator_drift])
    def test_g74_3_03_the_full_bundle_evidence_contract_still_binds_a_no_active_claim_leg(mutate):
        """③ out/receipt/hash/필수 상태를 빼거나 바꾸면 거부 — diagnostic 이 면제가 아니다."""
        reg, *_ = _live()
>       assert DL._no_active_claim_evidence_problems(reg) == []
E       assert ['grid_fit_v5...않는다 (70차 E3)'] == []
E         
E         Left contains one more item: "grid_fit_v5: 영수증을 typed 로 읽지 못한다: [plan] 'grid_fit_v5' 의 검증 영수증(docs/22p_gap/receipts/grid_fit_v5.validate.yaml)이 typ...2b9ac'. `python3 docs/22p_gap/make_receipt.py grid_fit_v5` 로 다시 만들라 — 영수증을 소비할 수 없으므로 `full_bundle` 로 올리지 않는다 (70차 E3)"
E         Use -v to get more diff

tests/test_gate74_defensive.py:231: AssertionError
_ test_g74_3_03_the_full_bundle_evidence_contract_still_binds_a_no_active_claim_leg[_unvalidated] _

mutate = <function _unvalidated at 0x7f5369a52ca0>

    @pytest.mark.parametrize("mutate", [_drop_out, _drop_receipt, _alter_core, _unvalidated,
                                        _pending, _validator_drift])
    def test_g74_3_03_the_full_bundle_evidence_contract_still_binds_a_no_active_claim_leg(mutate):
        """③ out/receipt/hash/필수 상태를 빼거나 바꾸면 거부 — diagnostic 이 면제가 아니다."""
        reg, *_ = _live()
>       assert DL._no_active_claim_evidence_problems(reg) == []
E       assert ['grid_fit_v5...않는다 (70차 E3)'] == []
E         
E         Left contains one more item: "grid_fit_v5: 영수증을 typed 로 읽지 못한다: [plan] 'grid_fit_v5' 의 검증 영수증(docs/22p_gap/receipts/grid_fit_v5.validate.yaml)이 typ...2b9ac'. `python3 docs/22p_gap/make_receipt.py grid_fit_v5` 로 다시 만들라 — 영수증을 소비할 수 없으므로 `full_bundle` 로 올리지 않는다 (70차 E3)"
E         Use -v to get more diff

tests/test_gate74_defensive.py:231: AssertionError
_ test_g74_3_03_the_full_bundle_evidence_contract_still_binds_a_no_active_claim_leg[_pending] _

mutate = <function _pending at 0x7f5369a52d40>

    @pytest.mark.parametrize("mutate", [_drop_out, _drop_receipt, _alter_core, _unvalidated,
                                        _pending, _validator_drift])
    def test_g74_3_03_the_full_bundle_evidence_contract_still_binds_a_no_active_claim_leg(mutate):
        """③ out/receipt/hash/필수 상태를 빼거나 바꾸면 거부 — diagnostic 이 면제가 아니다."""
        reg, *_ = _live()
>       assert DL._no_active_claim_evidence_problems(reg) == []
E       assert ['grid_fit_v5...않는다 (70차 E3)'] == []
E         
E         Left contains one more item: "grid_fit_v5: 영수증을 typed 로 읽지 못한다: [plan] 'grid_fit_v5' 의 검증 영수증(docs/22p_gap/receipts/grid_fit_v5.validate.yaml)이 typ...2b9ac'. `python3 docs/22p_gap/make_receipt.py grid_fit_v5` 로 다시 만들라 — 영수증을 소비할 수 없으므로 `full_bundle` 로 올리지 않는다 (70차 E3)"
E         Use -v to get more diff

tests/test_gate74_defensive.py:231: AssertionError
_ test_g74_3_03_the_full_bundle_evidence_contract_still_binds_a_no_active_claim_leg[_validator_drift] _

mutate = <function _validator_drift at 0x7f5369a52de0>

    @pytest.mark.parametrize("mutate", [_drop_out, _drop_receipt, _alter_core, _unvalidated,
                                        _pending, _validator_drift])
    def test_g74_3_03_the_full_bundle_evidence_contract_still_binds_a_no_active_claim_leg(mutate):
        """③ out/receipt/hash/필수 상태를 빼거나 바꾸면 거부 — diagnostic 이 면제가 아니다."""
        reg, *_ = _live()
>       assert DL._no_active_claim_evidence_problems(reg) == []
E       assert ['grid_fit_v5...않는다 (70차 E3)'] == []
E         
E         Left contains one more item: "grid_fit_v5: 영수증을 typed 로 읽지 못한다: [plan] 'grid_fit_v5' 의 검증 영수증(docs/22p_gap/receipts/grid_fit_v5.validate.yaml)이 typ...2b9ac'. `python3 docs/22p_gap/make_receipt.py grid_fit_v5` 로 다시 만들라 — 영수증을 소비할 수 없으므로 `full_bundle` 로 올리지 않는다 (70차 E3)"
E         Use -v to get more diff

tests/test_gate74_defensive.py:231: AssertionError
=========================== short test summary info ============================
FAILED tests/test_gate70_defensive.py::test_g70_e3_17_the_real_receipt_is_a_typed_receipt_of_the_current_validator
FAILED tests/test_gate71_defensive.py::test_g71_e3r_12_the_real_receipt_satisfies_the_production_contract_checks
FAILED tests/test_gate72_defensive.py::test_g72_a07_the_historical_full_bundle_leg_without_out_is_unbound_not_a_success
FAILED tests/test_gate74_defensive.py::test_g74_3_01_the_live_ledger_keeps_grid_fit_v5_as_diagnostic_only_outside_the_projection_roster
FAILED tests/test_gate74_defensive.py::test_g74_3_03_the_full_bundle_evidence_contract_still_binds_a_no_active_claim_leg[_drop_out]
FAILED tests/test_gate74_defensive.py::test_g74_3_03_the_full_bundle_evidence_contract_still_binds_a_no_active_claim_leg[_drop_receipt]
FAILED tests/test_gate74_defensive.py::test_g74_3_03_the_full_bundle_evidence_contract_still_binds_a_no_active_claim_leg[_alter_core]
FAILED tests/test_gate74_defensive.py::test_g74_3_03_the_full_bundle_evidence_contract_still_binds_a_no_active_claim_leg[_unvalidated]
FAILED tests/test_gate74_defensive.py::test_g74_3_03_the_full_bundle_evidence_contract_still_binds_a_no_active_claim_leg[_pending]
FAILED tests/test_gate74_defensive.py::test_g74_3_03_the_full_bundle_evidence_contract_still_binds_a_no_active_claim_leg[_validator_drift]
10 failed, 577 passed in 143.71s (0:02:23)
rc=1
# END 2026-10-04T17:43:03Z HEAD e2160c2ef dirty 0
