[2026-09-26 20:38:43] ════ run_sese_gpu · IN=/home/ubuntu/wad4l/db/inputs/wad_aprime_s4_v2_stage2_2026_09_26/V2_top_hcp/qe · RUN=/home/ubuntu/runs/wad_aprime_s4_v2s2_2026_09_26/V2_top_hcp · JOBS=[V2_top_hcp_dft_bound V2_top_hcp_dft_far V2_top_hcp_Ed_m03 V2_top_hcp_Ed_p03 V2_top_hcp_Ed_p06]
[2026-09-26 20:38:43] 공존 근거: D-2026-09-23-gabia-gpu-exception-sese · START<2048 MiB · KILL>31000 MiB · 표본 2s · UMA 공존 허용=0 · 허용 PID=[제한 없음]
[2026-09-26 20:38:46] 랭크 NP=1 · GPU 1 장 · pseudo=/home/ubuntu/wad4l/pseudo_kgy (PSEUDO_DIR 로 교체)
[2026-09-26 20:38:47] PP Ag_ONCV_PBE-1.0.oncvpsp.upf sha256 0494aa5927b754b4 · 기준과 같음 ✓
[2026-09-26 20:38:48] PP C.pbe-n-kjpaw_psl.1.0.0.UPF sha256 9900d1efd50b9848 · 기준과 같음 ✓
[2026-09-26 20:38:48] 디스크 872G 남음 (7% 사용)
[2026-09-26 20:38:48] GPU 합계 사용량 지금 0 MiB · 호스트 MemAvailable 119407 MiB (시작 문턱 16384 · 중단 4096)
[qe_gpu] MPI 를 바이너리에서 읽었다: /home/ubuntu/apps/nvhpc/Linux_x86_64/24.11/comm_libs/12.6/hpcx/hpcx-2.20/ompi/lib/libmpi.so.40
[qe_gpu]   prefix=/home/ubuntu/apps/nvhpc/Linux_x86_64/24.11/comm_libs/12.6/hpcx/hpcx-2.20/ompi · mpirun=/home/ubuntu/apps/nvhpc/Linux_x86_64/24.11/comm_libs/12.6/hpcx/hpcx-2.20/ompi/bin/mpirun
[2026-09-26 20:38:49] ▶ V2_top_hcp_dft_bound (scf) 시작 · GPU 합계 0 MiB · 호스트 여유 119398 MiB
[2026-09-26 20:38:50]    래퍼(mpirun) PID 1603465 · pw.x PID 1603483
[2026-09-26 20:39:21]    ⚠ nvidia-smi 목록에 우리 pw.x(1603483) 가 안 보인다 — 컨테이너 PID 이름공간이 다르거나 프로세스 정보가 막혔다. 자기 VRAM 칸은 '—' 로 적는다 (0 이 아니다)
[2026-09-26 20:42:40] ■ V2_top_hcp_dft_bound rc=0 완료=1 벽시계 230s · 피크 합계 2752 MiB · 자기 — MiB · 호스트 최저 118528 MiB · 중단=0
[2026-09-26 20:42:43] ▶ V2_top_hcp_dft_far (scf) 시작 · GPU 합계 0 MiB · 호스트 여유 119411 MiB
[2026-09-26 20:42:44]    래퍼(mpirun) PID 1605399 · pw.x PID 1605417
[2026-09-26 20:43:15]    ⚠ nvidia-smi 목록에 우리 pw.x(1605417) 가 안 보인다 — 컨테이너 PID 이름공간이 다르거나 프로세스 정보가 막혔다. 자기 VRAM 칸은 '—' 로 적는다 (0 이 아니다)
[2026-09-26 20:44:55] ■ V2_top_hcp_dft_far rc=0 완료=1 벽시계 131s · 피크 합계 2750 MiB · 자기 — MiB · 호스트 최저 118516 MiB · 중단=0
[2026-09-26 20:44:59] ▶ V2_top_hcp_Ed_m03 (scf) 시작 · GPU 합계 0 MiB · 호스트 여유 119417 MiB
[2026-09-26 20:45:00]    래퍼(mpirun) PID 1606529 · pw.x PID 1606547
[2026-09-26 20:45:31]    ⚠ nvidia-smi 목록에 우리 pw.x(1606547) 가 안 보인다 — 컨테이너 PID 이름공간이 다르거나 프로세스 정보가 막혔다. 자기 VRAM 칸은 '—' 로 적는다 (0 이 아니다)
[2026-09-26 20:48:39] ■ V2_top_hcp_Ed_m03 rc=0 완료=1 벽시계 220s · 피크 합계 2754 MiB · 자기 — MiB · 호스트 최저 118522 MiB · 중단=0
[2026-09-26 20:48:43] ▶ V2_top_hcp_Ed_p03 (scf) 시작 · GPU 합계 0 MiB · 호스트 여유 119409 MiB
[2026-09-26 20:48:44]    래퍼(mpirun) PID 1608376 · pw.x PID 1608394
[2026-09-26 20:49:15]    ⚠ nvidia-smi 목록에 우리 pw.x(1608394) 가 안 보인다 — 컨테이너 PID 이름공간이 다르거나 프로세스 정보가 막혔다. 자기 VRAM 칸은 '—' 로 적는다 (0 이 아니다)
[2026-09-26 20:51:14] ■ V2_top_hcp_Ed_p03 rc=0 완료=1 벽시계 151s · 피크 합계 2750 MiB · 자기 — MiB · 호스트 최저 118529 MiB · 중단=0
[2026-09-26 20:51:23] ▶ V2_top_hcp_Ed_p06 (scf) 시작 · GPU 합계 0 MiB · 호스트 여유 119409 MiB
[2026-09-26 20:51:24]    래퍼(mpirun) PID 1609661 · pw.x PID 1609683
[2026-09-26 20:51:54]    ⚠ nvidia-smi 목록에 우리 pw.x(1609683) 가 안 보인다 — 컨테이너 PID 이름공간이 다르거나 프로세스 정보가 막혔다. 자기 VRAM 칸은 '—' 로 적는다 (0 이 아니다)
[2026-09-26 20:53:51] ■ V2_top_hcp_Ed_p06 rc=0 완료=1 벽시계 148s · 피크 합계 2750 MiB · 자기 — MiB · 호스트 최저 118515 MiB · 중단=0
[2026-09-26 20:53:51] ✅ 전부 완료 — 집계: python3 tools/wad/se_sym_slab.py --collect /home/ubuntu/runs/wad_aprime_s4_v2s2_2026_09_26/V2_top_hcp --qe_in /home/ubuntu/wad4l/db/inputs/wad_aprime_s4_v2_stage2_2026_09_26/V2_top_hcp/qe
