=== 무결성 ===  검사 129개 · 변경 0 · 없음 0
=== 잡 게이트 ===  통과 12/19 · 문제 7건:
  ⛔ prospective/ptfe_c10__b00__afm2424_net4: NOT_RUN(static), RECEIPT_MISSING(EXECUTABLE_RECEIPT.tsv 가 반송물에 없다 — 어떤 바이너리로 돌았는지 확인할 수 없다. run_staged.sh 경로로 돌았다면 잡마다 남는다)
  ⛔ prospective/ptfe_c10__b52__afm2424_net4: NOT_RUN(static), RECEIPT_MISSING(EXECUTABLE_RECEIPT.tsv 가 반송물에 없다 — 어떤 바이너리로 돌았는지 확인할 수 없다. run_staged.sh 경로로 돌았다면 잡마다 남는다)
  ⛔ prospective/ptfe_c10__b52__afm2424_pm1: NOT_RUN(static), RECEIPT_MISSING(EXECUTABLE_RECEIPT.tsv 가 반송물에 없다 — 어떤 바이너리로 돌았는지 확인할 수 없다. run_staged.sh 경로로 돌았다면 잡마다 남는다)
  ⛔ prospective/sdcp_neutral__b00__afm2424_net4: NOT_RUN(static), RECEIPT_MISSING(EXECUTABLE_RECEIPT.tsv 가 반송물에 없다 — 어떤 바이너리로 돌았는지 확인할 수 없다. run_staged.sh 경로로 돌았다면 잡마다 남는다)
  ⛔ prospective/sdcp_neutral__b12__afm2424_net4: NOT_RUN(static), RECEIPT_MISSING(EXECUTABLE_RECEIPT.tsv 가 반송물에 없다 — 어떤 바이너리로 돌았는지 확인할 수 없다. run_staged.sh 경로로 돌았다면 잡마다 남는다)
  ⛔ prospective/sdcp_neutral__b12__afm2424_pm1: NOT_RUN(static), RECEIPT_MISSING(EXECUTABLE_RECEIPT.tsv 가 반송물에 없다 — 어떤 바이너리로 돌았는지 확인할 수 없다. run_staged.sh 경로로 돌았다면 잡마다 남는다)
  ⛔ refs/clean_slab__afm2424_net4: NOT_RUN(static), RECEIPT_MISSING(EXECUTABLE_RECEIPT.tsv 가 반송물에 없다 — 어떤 바이너리로 돌았는지 확인할 수 없다. run_staged.sh 경로로 돌았다면 잡마다 남는다)

=== 자리 선호 (ΔE = E(Ni_top) − E(Li_top), 양수 = Li 우세 · seed-매칭) ===

=== 조각별 판정 ===
  ptfe_c10       n=0/0  중앙값 —  → NO_DATA
  sdcp_neutral   n=0/0  중앙값 —  → NO_DATA
  ℹ 수치게이트 box_ptfe_c10: 0.1 meV
  ℹ 수치게이트 box_sdcp_neutral: 0.2 meV
  ⚠ sensitivity tier 7건 미완 ['prospective/ptfe_c10__b00__afm2424_net4 [static]', 'prospective/ptfe_c10__b52__afm2424_pm1 [static]', 'prospective/ptfe_c10__b52__afm2424_net4 [static]'] — **D_pm1 에는 영향이 없다**. 다만 자기 분기·자세 민감도를 보고할 수 없다 (회신 AP #4)

→ ./RESULTS.json

── 인용 자격 ──
  manuscript_citable = False
   ⛔ potcar_identity_policy.manuscript_citable != true (mode='post_hoc') — 승인된 PAW dataset 인지 확인되지 않았다
   ⛔ overall_citable_at_0.01eV != true — ENCUT·축간 상호작용을 안 쟀다
   ⛔ potcar_identity.allowed_claim='bundle_conditional_only' — 외부 앵커가 없다
  ⚠ 계산은 성공했을 수 있다 — 그것과 **다른 상태**다. 이 결과로 원고
     문장을 쓰지 않는다 (회신 BA P0-3).
⚠ 계산은 완주했지만 **원고 인용 자격이 없다** (탐색용) — 종료코드 3:
   · potcar_identity_policy.manuscript_citable != true (mode='post_hoc') — 승인된 PAW dataset 인지 확인되지 않았다
   · overall_citable_at_0.01eV != true — ENCUT·축간 상호작용을 안 쟀다
   · potcar_identity.allowed_claim='bundle_conditional_only' — 외부 앵커가 없다
   (rc 2 = 판정 실패 · rc 3 = 완주했으나 인용 불가 · 회신 BE P1)
