      Step     Time          Energy          fmax
FIRE:    0 02:35:13    -4557.576110        0.306558
FIRE:    1 02:35:14    -4557.612470        0.293715
FIRE:    2 02:35:15    -4557.639838        0.268554
FIRE:    3 02:35:16    -4557.684868        0.234267
FIRE:    4 02:35:16    -4557.734742        0.193764
FIRE:    5 02:35:17    -4557.778276        0.149650
FIRE:    6 02:35:18    -4557.840359        0.115825
FIRE:    7 02:35:19    -4557.897956        0.121558
FIRE:    8 02:35:20    -4557.973298        0.123182
FIRE:    9 02:35:21    -4558.051272        0.134184
FIRE:   10 02:35:21    -4558.151538        0.110647
FIRE:   11 02:35:22    -4558.257392        0.128699
FIRE:   12 02:35:23    -4558.380852        0.147177
FIRE:   13 02:35:24    -4558.505910        0.190474
FIRE:   14 02:35:25    -4558.618637        0.214069
FIRE:   15 02:35:26    -4558.662044        0.074762
FIRE:   16 02:35:26    -4558.649071        0.172273
FIRE:   17 02:35:27    -4558.661034        0.135540
FIRE:   18 02:35:28    -4558.675973        0.080426
FIRE:   19 02:35:29    -4558.683204        0.064906
FIRE:   20 02:35:30    -4558.682479        0.091407
FIRE:   21 02:35:30    -4558.683566        0.088372
FIRE:   22 02:35:31    -4558.685412        0.082711
FIRE:   23 02:35:32    -4558.688040        0.075372
FIRE:   24 02:35:33    -4558.690775        0.067743
FIRE:   25 02:35:34    -4558.693446        0.062647
FIRE:   26 02:35:35    -4558.695868        0.060295
FIRE:   27 02:35:36    -4558.697950        0.060887
FIRE:   28 02:35:36    -4558.700234        0.063389
FIRE:   29 02:35:37    -4558.703148        0.066655
FIRE:   30 02:35:38    -4558.707224        0.067512
FIRE:   31 02:35:39    -4558.712883        0.064531
FIRE:   32 02:35:40    -4558.720284        0.058724
FIRE:   33 02:35:41    -4558.728670        0.055227
FIRE:   34 02:35:41    -4558.737917        0.056057
FIRE:   35 02:35:42    -4558.748991        0.058442
FIRE:   36 02:35:43    -4558.763165        0.057255
FIRE:   37 02:35:44    -4558.780896        0.053746
FIRE:   38 02:35:45    -4558.800794        0.055582
FIRE:   39 02:35:46    -4558.824950        0.055412
FIRE:   40 02:35:46    -4558.854896        0.050088
FIRE:   41 02:35:47    -4558.889129        0.054905
FIRE:   42 02:35:48    -4558.931254        0.051206
FIRE:   43 02:35:49    -4558.979969        0.056813
FIRE:   44 02:35:50    -4559.038943        0.048899
FIRE:   45 02:35:51    -4559.106902        0.052993
FIRE:   46 02:35:51    -4559.185118        0.061395
FIRE:   47 02:35:52    -4559.273292        0.076037
FIRE:   48 02:35:53    -4559.364402        0.125276
FIRE:   49 02:35:54    -4559.427937        0.225080
FIRE:   50 02:35:55    -4559.480419        0.043068
FIRE:   51 02:35:55    -4559.447512        0.199572
FIRE:   52 02:35:56    -4559.464584        0.153606
FIRE:   53 02:35:57    -4559.484043        0.075139
FIRE:   54 02:35:58    -4559.489619        0.045737
FIRE:   55 02:35:59    -4559.489922        0.044477
FIRE:   56 02:36:00    -4559.490404        0.042162
FIRE:   57 02:36:00    -4559.491070        0.040090
FIRE:   58 02:36:01    -4559.491951        0.039943
FIRE:   59 02:36:02    -4559.492932        0.039766
FIRE:   60 02:36:03    -4559.493800        0.039561
FIRE:   61 02:36:04    -4559.494990        0.039313
FIRE:   62 02:36:05    -4559.496230        0.039014
FIRE:   63 02:36:05    -4559.497899        0.038645
FIRE:   64 02:36:06    -4559.500079        0.038190
FIRE:   65 02:36:07    -4559.502885        0.037650
FIRE:   66 02:36:08    -4559.506339        0.037191
FIRE:   67 02:36:09    -4559.510555        0.037141
FIRE:   68 02:36:10    -4559.515563        0.037081
FIRE:   69 02:36:10    -4559.521770        0.037009
FIRE:   70 02:36:11    -4559.529544        0.036923
FIRE:   71 02:36:12    -4559.539008        0.036819
FIRE:   72 02:36:13    -4559.550249        0.036699
FIRE:   73 02:36:14    -4559.564077        0.036559
FIRE:   74 02:36:15    -4559.580869        0.036399
FIRE:   75 02:36:15    -4559.601017        0.036213
FIRE:   76 02:36:16    -4559.625385        0.036001
FIRE:   77 02:36:17    -4559.654356        0.035762
FIRE:   78 02:36:18    -4559.688980        0.035500
FIRE:   79 02:36:19    -4559.730184        0.035212
FIRE:   80 02:36:20    -4559.778548        0.034914
FIRE:   81 02:36:20    -4559.835167        0.034611
FIRE:   82 02:36:21    -4559.897371        0.068141
FIRE:   83 02:36:22    -4559.937735        0.202983
FIRE:   84 02:36:23    -4559.974845        0.034005
FIRE:   85 02:36:24    -4559.950086        0.181775
FIRE:   86 02:36:25    -4559.962909        0.137838
FIRE:   87 02:36:25    -4559.976979        0.062688
FIRE:   88 02:36:26    -4559.980079        0.043643
FIRE:   89 02:36:27    -4559.980338        0.041835
FIRE:   90 02:36:28    -4559.980753        0.038499
FIRE:   91 02:36:29    -4559.981246        0.034074
FIRE:   92 02:36:30    -4559.981833        0.033816
FIRE:   93 02:36:30    -4559.982478        0.033804
FIRE:   94 02:36:31    -4559.983159        0.033789
FIRE:   95 02:36:32    -4559.983697        0.033772
FIRE:   96 02:36:33    -4559.984585        0.033751
FIRE:   97 02:36:34    -4559.985485        0.033725
FIRE:   98 02:36:35    -4559.986869        0.033696
FIRE:   99 02:36:35    -4559.988595        0.033660
FIRE:  100 02:36:36    -4559.990762        0.033620
FIRE:  101 02:36:37    -4559.993423        0.033567
FIRE:  102 02:36:38    -4559.996539        0.033508
FIRE:  103 02:36:39    -4560.000232        0.033436
FIRE:  104 02:36:40    -4560.004989        0.033349
FIRE:  105 02:36:40    -4560.010812        0.033249
FIRE:  106 02:36:41    -4560.017681        0.033137
FIRE:  107 02:36:42    -4560.026254        0.033012
FIRE:  108 02:36:43    -4560.036547        0.032879
FIRE:  109 02:36:44    -4560.048973        0.032731
FIRE:  110 02:36:45    -4560.064047        0.032571
FIRE:  111 02:36:45    -4560.082015        0.032411
FIRE:  112 02:36:46    -4560.103552        0.032258
FIRE:  113 02:36:47    -4560.129293        0.032114
FIRE:  114 02:36:48    -4560.159679        0.032006
FIRE:  115 02:36:49    -4560.195514        0.031936
FIRE:  116 02:36:50    -4560.235900        0.086972
FIRE:  117 02:36:51    -4560.261715        0.330103
FIRE:  118 02:36:51    -4560.285129        0.035163
FIRE:  119 02:36:52    -4560.285556        0.032024
FIRE:  120 02:36:53    -4560.286039        0.032011
FIRE:  121 02:36:54    -4560.286822        0.031993
FIRE:  122 02:36:55    -4560.287822        0.031973
FIRE:  123 02:36:56    -4560.289094        0.031951
FIRE:  124 02:36:56    -4560.290532        0.031928
FIRE:  125 02:36:57    -4560.292321        0.031901
FIRE:  126 02:36:58    -4560.294531        0.031872
FIRE:  127 02:36:59    -4560.297356        0.031835
FIRE:  128 02:37:00    -4560.300769        0.031790
FIRE:  129 02:37:01    -4560.305136        0.031736
FIRE:  130 02:37:01    -4560.310412        0.031679
FIRE:  131 02:37:02    -4560.317080        0.031623
FIRE:  132 02:37:03    -4560.325121        0.031565
FIRE:  133 02:37:04    -4560.335095        0.031502
FIRE:  134 02:37:05    -4560.347089        0.031448
FIRE:  135 02:37:06    -4560.361693        0.031414
FIRE:  136 02:37:06    -4560.379123        0.031385
FIRE:  137 02:37:07    -4560.399713        0.040073
FIRE:  138 02:37:08    -4560.422274        0.101554
FIRE:  139 02:37:09    -4560.435388        0.282710
FIRE:  140 02:37:10    -4560.452605        0.031660
FIRE:  141 02:37:11    -4560.441089        0.257275
FIRE:  142 02:37:11    -4560.446977        0.193452
FIRE:  143 02:37:12    -4560.453491        0.082940
FIRE:  144 02:37:13    -4560.454885        0.051443
FIRE:  145 02:37:14    -4560.454996        0.048640
FIRE:  146 02:37:15    -4560.455138        0.043281
FIRE:  147 02:37:16    -4560.455399        0.035826
FIRE:  148 02:37:16    -4560.455766        0.031645
FIRE:  149 02:37:17    -4560.455984        0.031642
FIRE:  150 02:37:18    -4560.456235        0.031639
FIRE:  151 02:37:19    -4560.456620        0.031635
FIRE:  152 02:37:20    -4560.456924        0.031631
FIRE:  153 02:37:21    -4560.457409        0.031627
FIRE:  154 02:37:21    -4560.457900        0.031626
FIRE:  155 02:37:22    -4560.458752        0.031624
FIRE:  156 02:37:23    -4560.459797        0.031624
FIRE:  157 02:37:24    -4560.460904        0.031624
FIRE:  158 02:37:25    -4560.462219        0.031623
FIRE:  159 02:37:26    -4560.463998        0.031621
FIRE:  160 02:37:27    -4560.466025        0.031617
FIRE:  161 02:37:27    -4560.468666        0.031611
FIRE:  162 02:37:28    -4560.471793        0.031611
FIRE:  163 02:37:29    -4560.475619        0.031616
FIRE:  164 02:37:30    -4560.480296        0.031631
FIRE:  165 02:37:31    -4560.485848        0.031653
FIRE:  166 02:37:32    -4560.492736        0.031678
FIRE:  167 02:37:32    -4560.500951        0.031727
FIRE:  168 02:37:33    -4560.510757        0.031815
FIRE:  169 02:37:34    -4560.522640        0.031927
FIRE:  170 02:37:35    -4560.536859        0.032107
FIRE:  171 02:37:36    -4560.553630        0.032371
FIRE:  172 02:37:37    -4560.572818        0.063626
FIRE:  173 02:37:37    -4560.586913        0.214623
FIRE:  174 02:37:38    -4560.596548        0.033257
FIRE:  175 02:37:39    -4560.590361        0.196373
FIRE:  176 02:37:40    -4560.593855        0.146272
FIRE:  177 02:37:41    -4560.597532        0.060056
FIRE:  178 02:37:42    -4560.598341        0.044794
FIRE:  179 02:37:42    -4560.598404        0.042205
FIRE:  180 02:37:43    -4560.598514        0.037383
FIRE:  181 02:37:44    -4560.598750        0.033290
FIRE:  182 02:37:45    -4560.598926        0.033289
FIRE:  183 02:37:46    -4560.599123        0.033287
FIRE:  184 02:37:47    -4560.599293        0.033288
FIRE:  185 02:37:48    -4560.599514        0.033288
FIRE:  186 02:37:48    -4560.599844        0.033289
FIRE:  187 02:37:49    -4560.600097        0.033294
FIRE:  188 02:37:50    -4560.600604        0.033300
FIRE:  189 02:37:51    -4560.601179        0.033311
FIRE:  190 02:37:52    -4560.601891        0.033324
FIRE:  191 02:37:53    -4560.602796        0.033338
FIRE:  192 02:37:53    -4560.603825        0.033360
FIRE:  193 02:37:54    -4560.605125        0.033383
FIRE:  194 02:37:55    -4560.606818        0.033409
FIRE:  195 02:37:56    -4560.608696        0.033438
FIRE:  196 02:37:57    -4560.611054        0.033485
FIRE:  197 02:37:58    -4560.613930        0.033548
FIRE:  198 02:37:58    -4560.617467        0.033637
FIRE:  199 02:37:59    -4560.621821        0.033741
FIRE:  200 02:38:00    -4560.626959        0.033876
FIRE:  201 02:38:01    -4560.633167        0.034059
FIRE:  202 02:38:02    -4560.640709        0.034308
FIRE:  203 02:38:03    -4560.649795        0.034619
FIRE:  204 02:38:03    -4560.660445        0.035054
FIRE:  205 02:38:04    -4560.673201        0.035608
FIRE:  206 02:38:05    -4560.687529        0.063462
FIRE:  207 02:38:06    -4560.695508        0.212473
FIRE:  208 02:38:07    -4560.705871        0.037342
FIRE:  209 02:38:08    -4560.705959        0.037345
FIRE:  210 02:38:08    -4560.706182        0.037353
FIRE:  211 02:38:09    -4560.706481        0.037366
FIRE:  212 02:38:10    -4560.706971        0.037383
FIRE:  213 02:38:11    -4560.707446        0.037407
FIRE:  214 02:38:12    -4560.707928        0.037438
FIRE:  215 02:38:13    -4560.708762        0.037474
FIRE:  216 02:38:13    -4560.709585        0.037523
FIRE:  217 02:38:14    -4560.710653        0.037586
FIRE:  218 02:38:15    -4560.712079        0.037662
FIRE:  219 02:38:16    -4560.713893        0.037759
FIRE:  220 02:38:17    -4560.716036        0.037886
FIRE:  221 02:38:18    -4560.718611        0.038054
FIRE:  222 02:38:18    -4560.721918        0.038269
FIRE:  223 02:38:19    -4560.725921        0.038537
FIRE:  224 02:38:20    -4560.730911        0.038879
FIRE:  225 02:38:21    -4560.736921        0.039324
FIRE:  226 02:38:22    -4560.744049        0.039880
FIRE:  227 02:38:23    -4560.752859        0.040604
FIRE:  228 02:38:23    -4560.763349        0.041515
FIRE:  229 02:38:24    -4560.774215        0.094593
FIRE:  230 02:38:25    -4560.769416        0.326811
FIRE:  231 02:38:26    -4560.789916        0.054535
FIRE:  232 02:38:27    -4560.790308        0.044147
FIRE:  233 02:38:28    -4560.790683        0.044154
FIRE:  234 02:38:28    -4560.790901        0.044173
FIRE:  235 02:38:29    -4560.791087        0.044205
FIRE:  236 02:38:30    -4560.791522        0.044248
FIRE:  237 02:38:31    -4560.792207        0.044303
FIRE:  238 02:38:32    -4560.792885        0.044371
FIRE:  239 02:38:33    -4560.793617        0.044456
FIRE:  240 02:38:33    -4560.794452        0.044559
FIRE:  241 02:38:34    -4560.795771        0.044678
FIRE:  242 02:38:35    -4560.797281        0.044827
FIRE:  243 02:38:36    -4560.799060        0.045014
FIRE:  244 02:38:37    -4560.801472        0.045262
FIRE:  245 02:38:38    -4560.804024        0.045576
FIRE:  246 02:38:38    -4560.807539        0.045940
FIRE:  247 02:38:39    -4560.811544        0.046385
FIRE:  248 02:38:40    -4560.816618        0.046943
FIRE:  249 02:38:41    -4560.822741        0.047578
FIRE:  250 02:38:42    -4560.830136        0.048350
FIRE:  251 02:38:43    -4560.839180        0.049242
FIRE:  252 02:38:43    -4560.849582        0.057417
FIRE:  253 02:38:44    -4560.851854        0.244591
FIRE:  254 02:38:45    -4560.862806        0.057440
FIRE:  255 02:38:46    -4560.863093        0.051093
FIRE:  256 02:38:47    -4560.863544        0.051108
FIRE:  257 02:38:48    -4560.863853        0.051127
FIRE:  258 02:38:48    -4560.863990        0.051148
FIRE:  259 02:38:49    -4560.864342        0.051170
FIRE:  260 02:38:50    -4560.865070        0.051191
FIRE:  261 02:38:51    -4560.865750        0.051215
FIRE:  262 02:38:52    -4560.866343        0.051246
FIRE:  263 02:38:52    -4560.867177        0.051289
FIRE:  264 02:38:53    -4560.868492        0.051343
FIRE:  265 02:38:54    -4560.869869        0.051406
FIRE:  266 02:38:55    -4560.871537        0.051474
FIRE:  267 02:38:56    -4560.873813        0.051536
FIRE:  268 02:38:57    -4560.876275        0.051598
FIRE:  269 02:38:57    -4560.879616        0.051658
FIRE:  270 02:38:58    -4560.883528        0.051719
FIRE:  271 02:38:59    -4560.888321        0.052182
FIRE:  272 02:39:00    -4560.894123        0.052637
FIRE:  273 02:39:01    -4560.900783        0.053097
FIRE:  274 02:39:02    -4560.907009        0.109012
FIRE:  275 02:39:02    -4560.899401        0.303208
FIRE:  276 02:39:03    -4560.919017        0.053404
FIRE:  277 02:39:04    -4560.919256        0.053406
FIRE:  278 02:39:05    -4560.919495        0.053409
FIRE:  279 02:39:06    -4560.919711        0.053411
FIRE:  280 02:39:07    -4560.919913        0.053411
FIRE:  281 02:39:08    -4560.920231        0.053408
FIRE:  282 02:39:08    -4560.920742        0.053402
FIRE:  283 02:39:09    -4560.921294        0.053394
FIRE:  284 02:39:10    -4560.921983        0.053379
FIRE:  285 02:39:11    -4560.922626        0.053359
FIRE:  286 02:39:12    -4560.923670        0.053331
FIRE:  287 02:39:13    -4560.924960        0.053288
FIRE:  288 02:39:13    -4560.926392        0.053216
FIRE:  289 02:39:14    -4560.928272        0.053100
FIRE:  290 02:39:15    -4560.930510        0.052927
FIRE:  291 02:39:16    -4560.933315        0.052676
FIRE:  292 02:39:17    -4560.936631        0.052303
FIRE:  293 02:39:18    -4560.940778        0.051739
FIRE:  294 02:39:18    -4560.945853        0.050908
FIRE:  295 02:39:19    -4560.951994        0.049653
FIRE:  296 02:39:20    -4560.959330        0.048565
FIRE:  297 02:39:21    -4560.966042        0.128717
FIRE:  298 02:39:22    -4560.950802        0.430054
FIRE:  299 02:39:23    -4560.977379        0.090284
FIRE:  300 02:39:23    -4560.978084        0.062629
FIRE:  301 02:39:24    -4560.978847        0.050856
FIRE:  302 02:39:25    -4560.978920        0.050902
FIRE:  303 02:39:26    -4560.978949        0.050903
FIRE:  304 02:39:27    -4560.979070        0.050905
FIRE:  305 02:39:28    -4560.979187        0.050908
FIRE:  306 02:39:28    -4560.979314        0.050915
FIRE:  307 02:39:29    -4560.979435        0.050920
FIRE:  308 02:39:30    -4560.979555        0.050928
FIRE:  309 02:39:31    -4560.979558        0.050941
FIRE:  310 02:39:32    -4560.979797        0.050956
FIRE:  311 02:39:33    -4560.979889        0.050978
FIRE:  312 02:39:33    -4560.980277        0.051005
FIRE:  313 02:39:34    -4560.980594        0.051041
FIRE:  314 02:39:35    -4560.980930        0.051084
FIRE:  315 02:39:36    -4560.981492        0.051136
FIRE:  316 02:39:37    -4560.981936        0.051194
FIRE:  317 02:39:38    -4560.982703        0.051260
FIRE:  318 02:39:38    -4560.983560        0.051333
FIRE:  319 02:39:39    -4560.984714        0.051415
FIRE:  320 02:39:40    -4560.985967        0.051517
FIRE:  321 02:39:41    -4560.987632        0.051632
FIRE:  322 02:39:42    -4560.989600        0.051748
FIRE:  323 02:39:43    -4560.991953        0.051851
FIRE:  324 02:39:43    -4560.994837        0.051937
FIRE:  325 02:39:44    -4560.998360        0.051987
FIRE:  326 02:39:45    -4561.002662        0.051928
FIRE:  327 02:39:46    -4561.007848        0.051695
FIRE:  328 02:39:47    -4561.014140        0.051153
FIRE:  329 02:39:47    -4561.021300        0.050023
FIRE:  330 02:39:48    -4561.026851        0.124010
FIRE:  331 02:39:49    -4561.030537        0.048033
FIRE:  332 02:39:50    -4561.028294        0.113333
FIRE:  333 02:39:51    -4561.029613        0.084191
FIRE:  334 02:39:52    -4561.030991        0.047910
FIRE:  335 02:39:52    -4561.031307        0.047903
FIRE:  336 02:39:53    -4561.031389        0.047898
FIRE:  337 02:39:54    -4561.031430        0.047893
FIRE:  338 02:39:55    -4561.031453        0.047882
FIRE:  339 02:39:56    -4561.031573        0.047870
FIRE:  340 02:39:57    -4561.031613        0.047856
FIRE:  341 02:39:57    -4561.031698        0.047839
FIRE:  342 02:39:58    -4561.031879        0.047819
FIRE:  343 02:39:59    -4561.031932        0.047793
FIRE:  344 02:40:00    -4561.032068        0.047764
FIRE:  345 02:40:01    -4561.032347        0.047726
FIRE:  346 02:40:02    -4561.032506        0.047681
FIRE:  347 02:40:02    -4561.032871        0.047626
FIRE:  348 02:40:03    -4561.033269        0.047553
FIRE:  349 02:40:04    -4561.033693        0.047463
FIRE:  350 02:40:05    -4561.034259        0.047345
FIRE:  351 02:40:06    -4561.034974        0.047196
FIRE:  352 02:40:07    -4561.035745        0.047001
FIRE:  353 02:40:08    -4561.036830        0.046753
FIRE:  354 02:40:08    -4561.038113        0.046739
FIRE:  355 02:40:09    -4561.039612        0.046804
FIRE:  356 02:40:10    -4561.041573        0.046860
FIRE:  357 02:40:11    -4561.043872        0.046894
FIRE:  358 02:40:12    -4561.046579        0.046889
FIRE:  359 02:40:13    -4561.050090        0.046814
FIRE:  360 02:40:13    -4561.054128        0.046608
FIRE:  361 02:40:14    -4561.059025        0.046193
FIRE:  362 02:40:15    -4561.064967        0.045428
FIRE:  363 02:40:16    -4561.071479        0.061734
FIRE:  364 02:40:17    -4561.073603        0.196150
FIRE:  365 02:40:18    -4561.080411        0.047570
FIRE:  366 02:40:18    -4561.080446        0.047588
FIRE:  367 02:40:19    -4561.080604        0.047618
FIRE:  368 02:40:20    -4561.080766        0.047665
FIRE:  369 02:40:21    -4561.080941        0.047728
FIRE:  370 02:40:22    -4561.081163        0.047805
FIRE:  371 02:40:23    -4561.081548        0.047891
FIRE:  372 02:40:23    -4561.081849        0.047994
FIRE:  373 02:40:24    -4561.082397        0.048120
FIRE:  374 02:40:25    -4561.082984        0.048277
FIRE:  375 02:40:26    -4561.083644        0.048469
FIRE:  376 02:40:27    -4561.084526        0.048702
FIRE:  377 02:40:28    -4561.085698        0.048985
FIRE:  378 02:40:28    -4561.087034        0.049320
FIRE:  379 02:40:29    -4561.088722        0.049716
FIRE:  380 02:40:30    -4561.090825        0.050195
FIRE:  381 02:40:31    -4561.093366        0.050756
FIRE:  382 02:40:32    -4561.096545        0.051387
FIRE:  383 02:40:33    -4561.100449        0.052094
FIRE:  384 02:40:34    -4561.105109        0.052833
FIRE:  385 02:40:34    -4561.110435        0.053507
FIRE:  386 02:40:35    -4561.114698        0.100235
FIRE:  387 02:40:36    -4561.117472        0.053949
FIRE:  388 02:40:37    -4561.115843        0.090576
FIRE:  389 02:40:38    -4561.116690        0.068161
FIRE:  390 02:40:39    -4561.117773        0.054010
FIRE:  391 02:40:39    -4561.118070        0.054027
FIRE:  392 02:40:40    -4561.118078        0.054027
FIRE:  393 02:40:41    -4561.118129        0.054029
FIRE:  394 02:40:42    -4561.118270        0.054031
FIRE:  395 02:40:43    -4561.118253        0.054036
FIRE:  396 02:40:44    -4561.118367        0.054041
FIRE:  397 02:40:44    -4561.118347        0.054047
FIRE:  398 02:40:45    -4561.118518        0.054051
FIRE:  399 02:40:46    -4561.118540        0.054061
FIRE:  400 02:40:47    -4561.118659        0.054068
FIRE:  401 02:40:48    -4561.118836        0.054082
FIRE:  402 02:40:49    -4561.119068        0.054095
FIRE:  403 02:40:49    -4561.119328        0.054111
FIRE:  404 02:40:50    -4561.119578        0.054131
FIRE:  405 02:40:51    -4561.119927        0.054152
FIRE:  406 02:40:52    -4561.120391        0.054175
FIRE:  407 02:40:53    -4561.121007        0.054197
FIRE:  408 02:40:53    -4561.121708        0.054213
FIRE:  409 02:40:54    -4561.122555        0.054223
FIRE:  410 02:40:55    -4561.123472        0.054220
FIRE:  411 02:40:56    -4561.124807        0.054190
FIRE:  412 02:40:57    -4561.126311        0.054117
FIRE:  413 02:40:58    -4561.128138        0.053977
FIRE:  414 02:40:58    -4561.130297        0.053725
FIRE:  415 02:40:59    -4561.133028        0.053316
FIRE:  416 02:41:00    -4561.136324        0.052654
FIRE:  417 02:41:01    -4561.140287        0.051615
FIRE:  418 02:41:02    -4561.144979        0.050005
FIRE:  419 02:41:03    -4561.150624        0.047550
FIRE:  420 02:41:04    -4561.156547        0.057143
FIRE:  421 02:41:04    -4561.154115        0.219527
FIRE:  422 02:41:05    -4561.164168        0.050765
FIRE:  423 02:41:06    -4561.164507        0.038818
FIRE:  424 02:41:07    -4561.164837        0.038798
FIRE:  425 02:41:08    -4561.164925        0.038771
FIRE:  426 02:41:09    -4561.164892        0.038768
FIRE:  427 02:41:09    -4561.164997        0.038765
FIRE:  428 02:41:10    -4561.164994        0.038760
FIRE:  429 02:41:11    -4561.165049        0.038752
FIRE:  430 02:41:12    -4561.165170        0.038744
FIRE:  431 02:41:13    -4561.165225        0.038733
FIRE:  432 02:41:14    -4561.165241        0.038716
FIRE:  433 02:41:14    -4561.165359        0.038700
FIRE:  434 02:41:15    -4561.165450        0.038677
FIRE:  435 02:41:16    -4561.165634        0.038647
FIRE:  436 02:41:17    -4561.165877        0.038609
FIRE:  437 02:41:18    -4561.166124        0.038563
FIRE:  438 02:41:19    -4561.166411        0.038502
FIRE:  439 02:41:19    -4561.166715        0.038423
FIRE:  440 02:41:20    -4561.167163        0.038320
FIRE:  441 02:41:21    -4561.167768        0.038186
FIRE:  442 02:41:22    -4561.168347        0.038007
FIRE:  443 02:41:23    -4561.169209        0.037767
FIRE:  444 02:41:24    -4561.170173        0.037446
FIRE:  445 02:41:24    -4561.171472        0.037022
FIRE:  446 02:41:25    -4561.172909        0.036470
FIRE:  447 02:41:26    -4561.174588        0.035747
FIRE:  448 02:41:27    -4561.176798        0.034802
FIRE:  449 02:41:28    -4561.179315        0.033591
FIRE:  450 02:41:29    -4561.182397        0.032024
FIRE:  451 02:41:29    -4561.186162        0.030026
FIRE:  452 02:41:30    -4561.190336        0.028355
FIRE:  453 02:41:31    -4561.193457        0.086970
FIRE:  454 02:41:32    -4561.195585        0.028676
FIRE:  455 02:41:33    -4561.195657        0.028676
FIRE:  456 02:41:34    -4561.195711        0.028677
FIRE:  457 02:41:34    -4561.195816        0.028676
FIRE:  458 02:41:35    -4561.196053        0.028674
FIRE:  459 02:41:36    -4561.196124        0.028676
FIRE:  460 02:41:37    -4561.196277        0.028674
FIRE:  461 02:41:38    -4561.196546        0.028673
FIRE:  462 02:41:39    -4561.196744        0.028671
FIRE:  463 02:41:39    -4561.197112        0.028672
FIRE:  464 02:41:40    -4561.197563        0.028671
FIRE:  465 02:41:41    -4561.198019        0.028672
FIRE:  466 02:41:42    -4561.198654        0.028669
FIRE:  467 02:41:43    -4561.199462        0.028665
FIRE:  468 02:41:44    -4561.200449        0.028661
FIRE:  469 02:41:44    -4561.201635        0.028658
FIRE:  470 02:41:45    -4561.203281        0.028653
FIRE:  471 02:41:46    -4561.204996        0.028652
FIRE:  472 02:41:47    -4561.207174        0.028673
FIRE:  473 02:41:48    -4561.209844        0.028715
FIRE:  474 02:41:49    -4561.213118        0.028801
FIRE:  475 02:41:49    -4561.216433        0.042823
FIRE:  476 02:41:50    -4561.215341        0.146176
FIRE:  477 02:41:51    -4561.221278        0.029163
FIRE:  478 02:41:52    -4561.221376        0.029165
FIRE:  479 02:41:53    -4561.221534        0.029166
FIRE:  480 02:41:54    -4561.221581        0.029175
FIRE:  481 02:41:54    -4561.221718        0.029178
FIRE:  482 02:41:55    -4561.221784        0.029184
FIRE:  483 02:41:56    -4561.222010        0.029190
FIRE:  484 02:41:57    -4561.222265        0.029198
FIRE:  485 02:41:58    -4561.222433        0.029203
FIRE:  486 02:41:59    -4561.222699        0.029212
FIRE:  487 02:41:59    -4561.223052        0.029228
FIRE:  488 02:42:00    -4561.223587        0.029247
FIRE:  489 02:42:01    -4561.224106        0.029267
FIRE:  490 02:42:02    -4561.224907        0.029282
FIRE:  491 02:42:03    -4561.225697        0.029298
FIRE:  492 02:42:04    -4561.226778        0.029312
FIRE:  493 02:42:04    -4561.227998        0.029326
FIRE:  494 02:42:05    -4561.229643        0.029331
FIRE:  495 02:42:06    -4561.231561        0.029336
FIRE:  496 02:42:07    -4561.233844        0.029323
FIRE:  497 02:42:08    -4561.236533        0.029290
FIRE:  498 02:42:09    -4561.239158        0.069935
FIRE:  499 02:42:09    -4561.234259        0.254665
FIRE:  500 02:42:10    -4561.243097        0.064701
FIRE:  501 02:42:11    -4561.243428        0.044553
FIRE:  502 02:42:12    -4561.243757        0.029036
FIRE:  503 02:42:13    -4561.243801        0.029038
FIRE:  504 02:42:14    -4561.243825        0.029037
FIRE:  505 02:42:15    -4561.243825        0.029034
FIRE:  506 02:42:15    -4561.243931        0.029037
FIRE:  507 02:42:16    -4561.243958        0.029033
FIRE:  508 02:42:17    -4561.243955        0.029031
FIRE:  509 02:42:18    -4561.244018        0.029030
FIRE:  510 02:42:19    -4561.244118        0.029028
FIRE:  511 02:42:20    -4561.244103        0.029026
FIRE:  512 02:42:20    -4561.244169        0.029022
FIRE:  513 02:42:21    -4561.244276        0.029018
FIRE:  514 02:42:22    -4561.244456        0.029018
FIRE:  515 02:42:23    -4561.244535        0.029011
FIRE:  516 02:42:24    -4561.244673        0.029006
FIRE:  517 02:42:25    -4561.244916        0.028994
FIRE:  518 02:42:25    -4561.245233        0.028981
FIRE:  519 02:42:26    -4561.245553        0.028965
FIRE:  520 02:42:27    -4561.245896        0.028937
FIRE:  521 02:42:28    -4561.246361        0.028907
FIRE:  522 02:42:29    -4561.246931        0.028861
FIRE:  523 02:42:30    -4561.247581        0.028797
FIRE:  524 02:42:30    -4561.248484        0.028706
FIRE:  525 02:42:31    -4561.249469        0.028581
FIRE:  526 02:42:32    -4561.250726        0.028410
FIRE:  527 02:42:33    -4561.252157        0.028169
FIRE:  528 02:42:34    -4561.253921        0.027834
FIRE:  529 02:42:35    -4561.256018        0.027361
FIRE:  530 02:42:35    -4561.258379        0.026681
FIRE:  531 02:42:36    -4561.259980        0.087830
FIRE:  532 02:42:37    -4561.261406        0.025700
FIRE:  533 02:42:38    -4561.261532        0.025696
FIRE:  534 02:42:39    -4561.261505        0.025688
FIRE:  535 02:42:40    -4561.261553        0.025675
FIRE:  536 02:42:40    -4561.261597        0.025657
FIRE:  537 02:42:41    -4561.261665        0.025635
FIRE:  538 02:42:42    -4561.261801        0.025607
FIRE:  539 02:42:43    -4561.261892        0.025577
FIRE:  540 02:42:44    -4561.262056        0.025534
FIRE:  541 02:42:45    -4561.262207        0.025480
FIRE:  542 02:42:45    -4561.262492        0.025411
FIRE:  543 02:42:46    -4561.262828        0.025320
FIRE:  544 02:42:47    -4561.263064        0.025203
FIRE:  545 02:42:48    -4561.263477        0.025051
FIRE:  546 02:42:49    -4561.264136        0.024850
FIRE:  547 02:42:50    -4561.264795        0.024584
FIRE:  548 02:42:50    -4561.265615        0.024237
FIRE:  549 02:42:51    -4561.266596        0.023781
FIRE:  550 02:42:52    -4561.267759        0.023184
FIRE:  551 02:42:53    -4561.269151        0.022402
FIRE:  552 02:42:54    -4561.270756        0.021376
FIRE:  553 02:42:55    -4561.272035        0.063362
FIRE:  554 02:42:55    -4561.272828        0.020048
FIRE:  555 02:42:56    -4561.272290        0.056243
FIRE:  556 02:42:57    -4561.272595        0.042503
FIRE:  557 02:42:58    -4561.272833        0.019971
