pair  r1 r2 | rule: nonmono_A  nonmono_Rc(mult)  jumpA@onset(×)  A/A_ligg[min,max]  A/A_G1[min,max]
SE_SE 0.5 0.5 | G1       0    0    1.9997  [0.500,4.221]  [1.000,1.000]
SE_SE 0.5 0.5 | U        0    0    1.9997  [0.500,4.221]  [0.621,1.000]
SE_SE 0.5 0.5 | UL       0    0    1.9997  [0.500,4.221]  [0.892,1.000]
SE_SE 0.5 0.5 | ULA      1    1    0.0566  [0.028,4.221]  [0.028,1.000]
SE_SE 0.5 0.5 | ULB      0    0    1.0000  [1.000,4.221]  [0.892,2.000]
SE_SE 0.5 0.5 | ULBP     0    0    1.0000  [1.000,2.483]  [0.588,2.000]
AM_SE 0.5 1.0 | G1       0    0    1.9996  [0.500,4.334]  [1.000,1.000]
AM_SE 0.5 1.0 | U        0    0    1.9996  [0.500,4.334]  [0.719,1.000]
AM_SE 0.5 1.0 | UL       0    0    1.9996  [0.500,4.334]  [1.000,1.000]
AM_SE 0.5 1.0 | ULA      1    1    0.0754  [0.038,4.334]  [0.038,1.000]
AM_SE 0.5 1.0 | ULB      0    0    1.0000  [1.000,3.230]  [0.569,2.000]
AM_SE 0.5 1.0 | ULBP     0    0    1.0000  [1.000,3.230]  [0.569,2.000]
AM_SE 0.5 2.0 | G1       0    0    1.9994  [0.500,3.625]  [1.000,1.000]
AM_SE 0.5 2.0 | U        0    0    1.9994  [0.500,3.625]  [0.788,1.000]
AM_SE 0.5 2.0 | UL       0    0    1.9994  [0.500,3.625]  [1.000,1.000]
AM_SE 0.5 2.0 | ULA      1    1    0.0905  [0.045,3.625]  [0.045,1.000]
AM_SE 0.5 2.0 | ULB      0    0    1.0000  [1.000,2.833]  [0.500,1.999]
AM_SE 0.5 2.0 | ULBP     0    0    1.0000  [1.000,2.833]  [0.500,1.999]
AM_SE 0.5 5.0 | G1       0    0    1.9991  [0.500,3.465]  [1.000,1.000]
AM_SE 0.5 5.0 | U        0    0    1.9991  [0.500,3.465]  [0.840,1.000]
AM_SE 0.5 5.0 | UL       0    0    1.9991  [0.500,3.465]  [1.000,1.000]
AM_SE 0.5 5.0 | ULA      1    1    0.1028  [0.051,3.465]  [0.051,1.000]
AM_SE 0.5 5.0 | ULB      0    0    1.0000  [1.000,2.709]  [0.500,1.999]
AM_SE 0.5 5.0 | ULBP     0    0    1.0000  [1.000,2.709]  [0.500,1.999]
AM_SE 0.5 6.0 | G1       0    0    1.9991  [0.500,3.485]  [1.000,1.000]
AM_SE 0.5 6.0 | U        0    0    1.9991  [0.500,3.485]  [0.847,1.000]
AM_SE 0.5 6.0 | UL       0    0    1.9991  [0.500,3.485]  [1.000,1.000]
AM_SE 0.5 6.0 | ULA      1    1    0.1044  [0.052,3.485]  [0.052,1.000]
AM_SE 0.5 6.0 | ULB      0    0    1.0000  [1.000,2.719]  [0.500,1.999]
AM_SE 0.5 6.0 | ULBP     0    0    1.0000  [1.000,2.719]  [0.500,1.999]
AM_AM 2.0 6.0 | G1       0    0    1.9995  [0.500,4.022]  [1.000,1.000]
AM_AM 2.0 6.0 | U        0    0    1.9995  [0.500,4.022]  [1.000,1.000]
AM_AM 2.0 6.0 | UL       0    0    1.9995  [0.500,4.022]  [1.000,1.000]
AM_AM 2.0 6.0 | ULA      1    1    0.3394  [0.170,4.022]  [0.170,1.000]
AM_AM 2.0 6.0 | ULB      0    0    1.0000  [1.000,3.179]  [0.500,2.000]
AM_AM 2.0 6.0 | ULBP     0    0    1.0000  [1.000,1.000]  [0.249,2.000]
AM_AM 6.0 6.0 | G1       0    0    1.9997  [0.500,4.221]  [1.000,1.000]
AM_AM 6.0 6.0 | U        0    0    1.9997  [0.500,4.221]  [1.000,1.000]
AM_AM 6.0 6.0 | UL       0    0    1.9997  [0.500,4.221]  [1.000,1.000]
AM_AM 6.0 6.0 | ULA      1    1    0.3765  [0.188,4.221]  [0.188,1.000]
AM_AM 6.0 6.0 | ULB      0    0    1.0000  [1.000,4.221]  [1.000,2.000]
AM_AM 6.0 6.0 | ULBP     0    0    1.0000  [1.000,1.000]  [0.237,2.000]
