# -k g88 (EXPECT 선언 뒤 검증) · HEAD 8adb3bb41b3e7fee74712bb859c31658d0824bdd + 작업 트리 (mutation_replay.py 에 -g88 16 등록 + EXPECT 16 · RUN_SCOPE = e462a3d19 와 같음)
# 2026-10-03T09:43:33Z · python3 docs/22p_gap/mutation_replay.py -k g88
sandbox: /tmp/mutation_replay_xb0_j4s2/degradation-degeneracy

물었다        fit-only-claim-seals-its-phase-set-g88 node 1 · -k f01_01
물었다        v3-plan-needs-an-external-input-digest-g88 node 1 · -k f02_02
물었다        index-asks-the-v6-external-input-rule-g88 node 1 · -k f02_02
물었다        fit-only-claim-refuses-other-phases-g88 node 1 · -k f03_01
물었다        fit-only-receipt-carries-the-input-binding-g88 node 3 · -k f03_02
물었다        input-binding-recomputes-the-package-g88 node 1 · -k f03_02 and inputs_disagree
물었다        fit-only-consumer-names-the-external-input-g88 node 3 · -k f01_01 or f03_04 or f04_01
물었다        phase-order-runs-over-the-claim-set-g88 node 4 · -k f01_01 or f03_03 or f03_04 or f04_01
물었다        finalize-counts-remaining-over-the-claim-set-g88 node 4 · -k f01_01 or f03_03 or f03_04 or f04_01
물었다        finalize-checks-consumption-over-the-claim-set-g88 node 4 · -k f01_01 or f03_03 or f03_04 or f04_01
물었다        finalize-compares-the-external-input-with-the-plan-g88 node 1 · -k f03_03
물었다        finalize-rederives-the-phase-set-g88 node 1 · -k f00_04
물었다        finalize-records-only-the-claim-phases-g88 node 3 · -k f01_01 or f03_04 or f04_01
물었다        claim-record-has-two-closed-key-sets-g88 node 4 · -k f01_01 or f03_03 or f03_04 or f04_01
물었다        fit-carries-the-staged-input-binding-g88 node 1 · -k f01_01
물었다        one-package-digest-function-g88 node 4 · -k f01_01 or f03_03 or f03_04 or f04_01

scenario_total 16 · scenario_executable 16 · scenario_declared 0 · site_total 16 · site_executable 16 · site_declared 0 · ran 16
실행한 변이 16건이 전부 기대 node 를 call 단계에서 물었다
rc=0
