# -k g88 (EXPECT 21 대조 · 단독 실행 — 같은 시각 다른 시험 0) · HEAD 38522285f3e7573699a7180fe1220fe6da0f2d25 + 작업 트리 (시험 f03_05 · f03_06 · f00_06 + 등록 21 · EXPECT 21 · RUN_SCOPE = e462a3d19 와 같음)
# 2026-10-03T10:26:40Z · python3 docs/22p_gap/mutation_replay.py -k g88
sandbox: /tmp/mutation_replay_j1rsikg0/degradation-degeneracy

물었다        fit-only-claim-seals-its-phase-set-g88 node 1 · -k f01_01
물었다        v3-plan-needs-an-external-input-digest-g88 node 1 · -k f02_02
물었다        index-asks-the-v6-external-input-rule-g88 node 1 · -k f02_02
물었다        fit-only-claim-refuses-other-phases-g88 node 1 · -k f03_01
물었다        fit-only-receipt-carries-the-input-binding-g88 node 3 · -k f03_02
물었다        input-binding-recomputes-the-package-g88 node 1 · -k f03_02 and inputs_disagree
물었다        fit-only-consumer-names-the-external-input-g88 node 3 · -k f01_01 or f03_04 or f04_01
물었다        phase-order-runs-over-the-claim-set-g88 node 4 · -k f01_01 or f03_03 or f03_04 or f04_01
물었다        finalize-counts-remaining-over-the-claim-set-g88 node 4 · -k f01_01 or f03_03 or f03_04 or f04_01
물었다        finalize-checks-consumption-over-the-claim-set-g88 node 4 · -k f01_01 or f03_03 or f03_04 or f04_01
물었다        finalize-compares-the-external-input-with-the-plan-g88 node 1 · -k f03_03
물었다        finalize-rederives-the-phase-set-g88 node 1 · -k f00_04
물었다        finalize-records-only-the-claim-phases-g88 node 3 · -k f01_01 or f03_04 or f04_01
물었다        claim-record-has-two-closed-key-sets-g88 node 4 · -k f01_01 or f03_03 or f03_04 or f04_01
물었다        fit-carries-the-staged-input-binding-g88 node 1 · -k f01_01
물었다        one-package-digest-function-g88 node 4 · -k f01_01 or f03_03 or f03_04 or f04_01
물었다        claim-phase-set-value-is-exactly-fit-g88 node 4 · -k f03_05
물었다        input-binding-keys-are-closed-g88 node 1 · -k f03_06 and inputs_extra_key
물었다        input-binding-values-are-hex64-g88 node 1 · -k f03_06 and inputs_not_hex
물었다        finalize-binds-the-receipt-package-to-the-consumer-g88 node 1 · -k f03_06 and receipt_package_tampered
물었다        fit-input-binding-is-only-for-fit-only-claims-g88 node 1 · -k f00_06

scenario_total 21 · scenario_executable 21 · scenario_declared 0 · site_total 21 · site_executable 21 · site_declared 0 · ran 21
실행한 변이 21건이 전부 기대 node 를 call 단계에서 물었다
rc=0
