chemsys = ['Cl', 'Co', 'Li', 'Mn', 'Nd', 'Ni', 'O', 'P', 'S']
Retrieving ThermoDoc documents:   0%|          | 0/5061 [00:00<?, ?it/s]Retrieving ThermoDoc documents:  40%|███▉      | 2000/5061 [00:03<00:05, 598.84it/s]Retrieving ThermoDoc documents:  59%|█████▉    | 3000/5061 [00:07<00:05, 386.02it/s]Retrieving ThermoDoc documents:  79%|███████▉  | 4000/5061 [00:11<00:03, 299.25it/s]Retrieving ThermoDoc documents:  99%|█████████▉| 5000/5061 [00:15<00:00, 299.85it/s]Retrieving ThermoDoc documents: 100%|██████████| 5061/5061 [00:16<00:00, 273.51it/s]Retrieving ThermoDoc documents: 100%|██████████| 5061/5061 [00:16<00:00, 316.02it/s]
[mp_api] 5061 entries in Cl-Co-Li-Mn-Nd-Ni-O-P-S
mu_Li(metal) = -1.9089 eV/atom

######## cathode LiCoO2 (LiCoO2) ########
  V=2.50  comp1    : -0.6662 eV/atom   0.7059 LiCoO2 + 0.2941 Li6PS5Cl -> 1.176 Li + 0.2941 Li3PO4 + 0.7059 CoS2 + 0.05882 Li2SO4 + 0.2941 LiCl
  V=2.50  modelc   : -0.6238 eV/atom   0.6835 LiCoO2 + 0.3165 Li5.4P1S4.4Cl1.6 -> 0.8861 Li + 0.3165 Li3PO4 + 0.6835 CoS2 + 0.02532 Li2SO4 + 0.5063 LiCl
  V=2.50  lpsocl   : -0.6088 eV/atom   0.3268 Li5.4P1S4.2Cl1.6O0.2 + 0.6732 LiCoO2 -> 0.8824 Li + 0.3268 Li3PO4 + 0.6732 CoS2 + 0.02614 Li2SO4 + 0.5229 LiCl
  V=2.50  modelc_nd: -0.5849 eV/atom   0.3322 Li4.8Nd0.2P1S4.1Cl1.6O0.3 + 0.6678 LiCoO2 -> 0.8804 Li + 0.2658 Li3PO4 + 0.6678 CoS2 + 0.06645 NdPO4 + 0.02658 Li2SO4 + 0.5316 LiCl
  V=2.50  nd_only  : -0.6079 eV/atom   0.3165 Li4.8Nd0.2P1S4.4Cl1.6 + 0.6835 LiCoO2 -> 0.8861 Li + 0.2532 Li3PO4 + 0.6835 CoS2 + 0.06329 NdPO4 + 0.02532 Li2SO4 + 0.5063 LiCl
  V=2.50  o_only_03: -0.6010 eV/atom   0.3322 Li5.4P1S4.1Cl1.6O0.3 + 0.6678 LiCoO2 -> 0.8804 Li + 0.3322 Li3PO4 + 0.6678 CoS2 + 0.02658 Li2SO4 + 0.5316 LiCl
  V=2.50  nd_li_002: -0.6222 eV/atom   0.3165 Li5.34Nd0.02P1S4.4Cl1.6 + 0.6835 LiCoO2 -> 0.8861 Li + 0.3101 Li3PO4 + 0.6835 CoS2 + 0.006329 NdPO4 + 0.02532 Li2SO4 + 0.5063 LiCl
  V=2.50  nd_p_002 : -0.6232 eV/atom   0.3173 Li5.44Nd0.02P0.98S4.4Cl1.6 + 0.6827 LiCoO2 -> 0.9264 Li + 0.3046 Li3PO4 + 0.6827 CoS2 + 0.006345 NdPO4 + 0.03046 Li2SO4 + 0.5076 LiCl
  V=2.50  nd_p_020 : -0.6176 eV/atom   0.3247 Li5.8Nd0.2P0.8S4.4Cl1.6 + 0.6753 LiCoO2 -> 1.299 Li + 0.1948 Li3PO4 + 0.6753 CoS2 + 0.06494 NdPO4 + 0.07792 Li2SO4 + 0.5195 LiCl
  V=2.50  nd_p_002_asused: -0.6210 eV/atom   0.3188 Li5.44Nd0.02P0.98S4.37Cl1.6O0.03 + 0.6812 LiCoO2 -> 0.926 Li + 0.306 Li3PO4 + 0.6812 CoS2 + 0.006376 NdPO4 + 0.0306 Li2SO4 + 0.51 LiCl
  V=2.50  ndo_li_002: -0.6200 eV/atom   0.318 Li5.34Nd0.02P1S4.37Cl1.6O0.03 + 0.682 LiCoO2 -> 0.8855 Li + 0.3116 Li3PO4 + 0.682 CoS2 + 0.006359 NdPO4 + 0.02544 Li2SO4 + 0.5087 LiCl
  V=2.50  o_only_003: -0.6216 eV/atom   0.318 Li5.4P1S4.37Cl1.6O0.03 + 0.682 LiCoO2 -> 0.8855 Li + 0.318 Li3PO4 + 0.682 CoS2 + 0.02544 Li2SO4 + 0.5087 LiCl
  V=2.50  lim_li_002: -0.6222 eV/atom   0.6835 LiCoO2 + 0.3165 Li5.34P1S4.4Cl1.6 -> 0.8671 Li + 0.3165 Li3PO4 + 0.6835 CoS2 + 0.02532 Li2SO4 + 0.5063 LiCl
  V=2.50  lim_li_020: -0.6078 eV/atom   0.6835 LiCoO2 + 0.3165 Li4.8P1S4.4Cl1.6 -> 0.6962 Li + 0.3165 Li3PO4 + 0.6835 CoS2 + 0.02532 Li2SO4 + 0.5063 LiCl
  V=2.50  lim_p_002: -0.6232 eV/atom   0.6827 LiCoO2 + 0.3173 Li5.44P0.98S4.4Cl1.6 -> 0.9074 Li + 0.3109 Li3PO4 + 0.6827 CoS2 + 0.03046 Li2SO4 + 0.5076 LiCl
  V=2.50  lim_p_002_asused: -0.6210 eV/atom   0.3188 Li5.44P0.98S4.37Cl1.6O0.03 + 0.6812 LiCoO2 -> 0.9069 Li + 0.3124 Li3PO4 + 0.6812 CoS2 + 0.0306 Li2SO4 + 0.51 LiCl
  V=3.00  comp1    : -0.8101 eV/atom   0.7015 LiCoO2 + 0.2985 Li6PS5Cl -> 1.418 Li + 0.7015 CoS2 + 0.1493 Li4P2O7 + 0.08955 Li2SO4 + 0.2985 LiCl
  V=3.00  modelc   : -0.7300 eV/atom   0.6785 LiCoO2 + 0.3215 Li5.4P1S4.4Cl1.6 -> 1.141 Li + 0.6785 CoS2 + 0.1608 Li4P2O7 + 0.05788 Li2SO4 + 0.5145 LiCl
  V=3.00  lpsocl   : -0.7134 eV/atom   0.3322 Li5.4P1S4.2Cl1.6O0.2 + 0.6678 LiCoO2 -> 1.146 Li + 0.6678 CoS2 + 0.1661 Li4P2O7 + 0.0598 Li2SO4 + 0.5316 LiCl
  V=3.00  modelc_nd: -0.6865 eV/atom   0.3367 Li4.8Nd0.2P1S4.1Cl1.6O0.3 + 0.6633 LiCoO2 -> 1.094 Li + 0.6633 CoS2 + 0.1347 Li4P2O7 + 0.06734 NdPO4 + 0.05387 Li2SO4 + 0.5387 LiCl
  V=3.00  nd_only  : -0.7119 eV/atom   0.3205 Li4.8Nd0.2P1S4.4Cl1.6 + 0.6795 LiCoO2 -> 1.09 Li + 0.6795 CoS2 + 0.1282 Li4P2O7 + 0.0641 NdPO4 + 0.05128 Li2SO4 + 0.5128 LiCl
  V=3.00  o_only_03: -0.7048 eV/atom   0.3378 Li5.4P1S4.1Cl1.6O0.3 + 0.6622 LiCoO2 -> 1.149 Li + 0.6622 CoS2 + 0.1689 Li4P2O7 + 0.06081 Li2SO4 + 0.5405 LiCl
  V=3.00  nd_li_002: -0.7281 eV/atom   0.3214 Li5.34Nd0.02P1S4.4Cl1.6 + 0.6786 LiCoO2 -> 1.136 Li + 0.6786 CoS2 + 0.1575 Li4P2O7 + 0.006429 NdPO4 + 0.05722 Li2SO4 + 0.5143 LiCl
  V=3.00  nd_p_002 : -0.7340 eV/atom   0.3222 Li5.44Nd0.02P0.98S4.4Cl1.6 + 0.6778 LiCoO2 -> 1.173 Li + 0.6778 CoS2 + 0.1546 Li4P2O7 + 0.006443 NdPO4 + 0.06186 Li2SO4 + 0.5155 LiCl
  V=3.00  nd_p_020 : -0.7703 eV/atom   0.3279 Li5.8Nd0.2P0.8S4.4Cl1.6 + 0.6721 LiCoO2 -> 1.459 Li + 0.6721 CoS2 + 0.09836 Li4P2O7 + 0.06557 NdPO4 + 0.09836 Li2SO4 + 0.5246 LiCl
  V=3.00  nd_p_002_asused: -0.7315 eV/atom   0.3237 Li5.44Nd0.02P0.98S4.37Cl1.6O0.03 + 0.6763 LiCoO2 -> 1.174 Li + 0.6763 CoS2 + 0.1554 Li4P2O7 + 0.006475 NdPO4 + 0.06216 Li2SO4 + 0.518 LiCl
  V=3.00  ndo_li_002: -0.7257 eV/atom   0.323 Li5.34Nd0.02P1S4.37Cl1.6O0.03 + 0.677 LiCoO2 -> 1.137 Li + 0.677 CoS2 + 0.1583 Li4P2O7 + 0.00646 NdPO4 + 0.05749 Li2SO4 + 0.5168 LiCl
  V=3.00  o_only_003: -0.7275 eV/atom   0.3231 Li5.4P1S4.37Cl1.6O0.03 + 0.6769 LiCoO2 -> 1.142 Li + 0.6769 CoS2 + 0.1616 Li4P2O7 + 0.05816 Li2SO4 + 0.517 LiCl
  V=3.00  lim_li_002: -0.7261 eV/atom   0.6785 LiCoO2 + 0.3215 Li5.34P1S4.4Cl1.6 -> 1.122 Li + 0.6785 CoS2 + 0.1608 Li4P2O7 + 0.05788 Li2SO4 + 0.5145 LiCl
  V=3.00  lim_li_020: -0.6913 eV/atom   0.6785 LiCoO2 + 0.3215 Li4.8P1S4.4Cl1.6 -> 0.9486 Li + 0.6785 CoS2 + 0.1608 Li4P2O7 + 0.05788 Li2SO4 + 0.5145 LiCl
  V=3.00  lim_p_002: -0.7319 eV/atom   0.6777 LiCoO2 + 0.3223 Li5.44P0.98S4.4Cl1.6 -> 1.159 Li + 0.6777 CoS2 + 0.1579 Li4P2O7 + 0.06252 Li2SO4 + 0.5156 LiCl
  V=3.00  lim_p_002_asused: -0.7295 eV/atom   0.3238 Li5.44P0.98S4.37Cl1.6O0.03 + 0.6762 LiCoO2 -> 1.159 Li + 0.6762 CoS2 + 0.1587 Li4P2O7 + 0.06282 Li2SO4 + 0.5181 LiCl
  V=3.50  comp1    : -1.0108 eV/atom   0.6552 LiCoO2 + 0.3448 Li6PS5Cl -> 2.241 Li + 0.3448 SCl + 0.6552 CoS2 + 0.06897 Li2SO4 + 0.3448 LiPO3
  V=3.50  modelc   : -0.8859 eV/atom   0.6732 LiCoO2 + 0.3268 Li5.4P1S4.4Cl1.6 -> 1.405 Li + 0.6732 CoS2 + 0.0915 Li2SO4 + 0.3268 LiPO3 + 0.5229 LiCl
  V=3.50  lpsocl   : -0.8688 eV/atom   0.3378 Li5.4P1S4.2Cl1.6O0.2 + 0.6622 LiCoO2 -> 1.419 Li + 0.6622 CoS2 + 0.09459 Li2SO4 + 0.3378 LiPO3 + 0.5405 LiCl
  V=3.50  modelc_nd: -0.8386 eV/atom   0.3436 Li4.8Nd0.2P1S4.1Cl1.6O0.3 + 0.6564 LiCoO2 -> 1.426 Li + 0.06873 LiNd(PO3)4 + 0.6564 CoS2 + 0.09622 Li2SO4 + 0.06873 LiPO3 + 0.5498 LiCl
  V=3.50  nd_only  : -0.8648 eV/atom   0.3268 Li4.8Nd0.2P1S4.4Cl1.6 + 0.6732 LiCoO2 -> 1.405 Li + 0.06536 LiNd(PO3)4 + 0.6732 CoS2 + 0.0915 Li2SO4 + 0.06536 LiPO3 + 0.5229 LiCl
  V=3.50  o_only_03: -0.8600 eV/atom   0.3436 Li5.4P1S4.1Cl1.6O0.3 + 0.6564 LiCoO2 -> 1.426 Li + 0.6564 CoS2 + 0.09622 Li2SO4 + 0.3436 LiPO3 + 0.5498 LiCl
  V=3.50  nd_li_002: -0.8837 eV/atom   0.3268 Li5.34Nd0.02P1S4.4Cl1.6 + 0.6732 LiCoO2 -> 1.405 Li + 0.006536 LiNd(PO3)4 + 0.6732 CoS2 + 0.0915 Li2SO4 + 0.3007 LiPO3 + 0.5229 LiCl
  V=3.50  nd_p_002 : -0.8936 eV/atom   0.3274 Li5.44Nd0.02P0.98S4.4Cl1.6 + 0.6726 LiCoO2 -> 1.437 Li + 0.006549 LiNd(PO3)4 + 0.6726 CoS2 + 0.09561 Li2SO4 + 0.2947 LiPO3 + 0.5239 LiCl
  V=3.50  nd_p_020 : -0.9742 eV/atom   0.4237 Li5.8Nd0.2P0.8S4.4Cl1.6 + 0.5763 LiCoO2 -> 2.881 Li + 0.08475 LiNd(PO3)4 + 0.678 SCl + 0.5763 CoS2 + 0.0339 Li2SO4
  V=3.50  nd_p_002_asused: -0.8911 eV/atom   0.3291 Li5.44Nd0.02P0.98S4.37Cl1.6O0.03 + 0.6709 LiCoO2 -> 1.44 Li + 0.006581 LiNd(PO3)4 + 0.6709 CoS2 + 0.09608 Li2SO4 + 0.2962 LiPO3 + 0.5265 LiCl
  V=3.50  ndo_li_002: -0.8812 eV/atom   0.3284 Li5.34Nd0.02P1S4.37Cl1.6O0.03 + 0.6716 LiCoO2 -> 1.407 Li + 0.006568 LiNd(PO3)4 + 0.6716 CoS2 + 0.09195 Li2SO4 + 0.3021 LiPO3 + 0.5255 LiCl
  V=3.50  o_only_003: -0.8834 eV/atom   0.3284 Li5.4P1S4.37Cl1.6O0.03 + 0.6716 LiCoO2 -> 1.407 Li + 0.6716 CoS2 + 0.09195 Li2SO4 + 0.3284 LiPO3 + 0.5255 LiCl
  V=3.50  lim_li_002: -0.8797 eV/atom   0.6732 LiCoO2 + 0.3268 Li5.34P1S4.4Cl1.6 -> 1.386 Li + 0.6732 CoS2 + 0.0915 Li2SO4 + 0.3268 LiPO3 + 0.5229 LiCl
  V=3.50  lim_li_020: -0.8240 eV/atom   0.6732 LiCoO2 + 0.3268 Li4.8P1S4.4Cl1.6 -> 1.209 Li + 0.6732 CoS2 + 0.0915 Li2SO4 + 0.3268 LiPO3 + 0.5229 LiCl
  V=3.50  lim_p_002: -0.8896 eV/atom   0.6726 LiCoO2 + 0.3274 Li5.44P0.98S4.4Cl1.6 -> 1.418 Li + 0.6726 CoS2 + 0.09561 Li2SO4 + 0.3209 LiPO3 + 0.5239 LiCl
  V=3.50  lim_p_002_asused: -0.8871 eV/atom   0.3291 Li5.44P0.98S4.37Cl1.6O0.03 + 0.6709 LiCoO2 -> 1.42 Li + 0.6709 CoS2 + 0.09608 Li2SO4 + 0.3225 LiPO3 + 0.5265 LiCl
  V=4.00  comp1    : -1.3150 eV/atom   0.5789 LiCoO2 + 0.4211 Li6PS5Cl -> 3.105 Li + 0.4211 SCl + 0.4737 CoS2 + 0.1053 CoP4O11 + 0.7368 S
  V=4.00  modelc   : -1.1655 eV/atom   0.6091 LiCoO2 + 0.3909 Li5.4P1S4.4Cl1.6 -> 2.72 Li + 0.07166 SO2 + 0.6254 SCl + 0.5114 CoS2 + 0.09772 CoP4O11
  V=4.00  lpsocl   : -1.1492 eV/atom   0.4068 Li5.4P1S4.2Cl1.6O0.2 + 0.5932 LiCoO2 -> 2.79 Li + 0.07458 SO2 + 0.6508 SCl + 0.4915 CoS2 + 0.1017 CoP4O11
  V=4.00  modelc_nd: -1.0938 eV/atom   0.4444 Li4.8Nd0.2P1S4.1Cl1.6O0.3 + 0.5556 LiCoO2 -> 2.689 Li + 0.08889 NdP5O14 + 0.7111 SCl + 0.5556 CoS2
  V=4.00  nd_only  : -1.1211 eV/atom   0.4167 Li4.8Nd0.2P1S4.4Cl1.6 + 0.5833 LiCoO2 -> 2.583 Li + 0.08333 NdP5O14 + 0.6667 SCl + 0.5833 CoS2
  V=4.00  o_only_03: -1.1407 eV/atom   0.4152 Li5.4P1S4.1Cl1.6O0.3 + 0.5848 LiCoO2 -> 2.827 Li + 0.07612 SO2 + 0.6644 SCl + 0.481 CoS2 + 0.1038 CoP4O11
  V=4.00  nd_li_002: -1.1612 eV/atom   0.3933 Li5.34Nd0.02P1S4.4Cl1.6 + 0.6067 LiCoO2 -> 2.707 Li + 0.0649 SO2 + 0.007866 NdP5O14 + 0.6293 SCl + 0.5182 CoS2 + 0.0885 CoP4O11
  V=4.00  nd_p_002 : -1.1777 eV/atom   0.3953 Li5.44Nd0.02P0.98S4.4Cl1.6 + 0.6047 LiCoO2 -> 2.755 Li + 0.07115 SO2 + 0.007905 NdP5O14 + 0.6324 SCl + 0.5178 CoS2 + 0.08696 CoP4O11
  V=4.00  nd_p_020 : -1.2950 eV/atom   0.4651 Li5.8Nd0.2P0.8S4.4Cl1.6 + 0.5349 LiCoO2 -> 3.233 Li + 0.04651 NdP5O14 + 0.7442 SCl + 0.04651 Nd(PO3)3 + 0.5349 CoS2 + 0.2326 S
  V=4.00  nd_p_002_asused: -1.1753 eV/atom   0.3976 Li5.44Nd0.02P0.98S4.37Cl1.6O0.03 + 0.6024 LiCoO2 -> 2.765 Li + 0.07157 SO2 + 0.007952 NdP5O14 + 0.6362 SCl + 0.5149 CoS2 + 0.08748 CoP4O11
  V=4.00  ndo_li_002: -1.1588 eV/atom   0.3956 Li5.34Nd0.02P1S4.37Cl1.6O0.03 + 0.6044 LiCoO2 -> 2.717 Li + 0.06528 SO2 + 0.007913 NdP5O14 + 0.633 SCl + 0.5153 CoS2 + 0.08902 CoP4O11
  V=4.00  o_only_003: -1.1631 eV/atom   0.3932 Li5.4P1S4.37Cl1.6O0.03 + 0.6068 LiCoO2 -> 2.73 Li + 0.07208 SO2 + 0.6291 SCl + 0.5085 CoS2 + 0.0983 CoP4O11
  V=4.00  lim_li_002: -1.1560 eV/atom   0.6091 LiCoO2 + 0.3909 Li5.34P1S4.4Cl1.6 -> 2.696 Li + 0.07166 SO2 + 0.6254 SCl + 0.5114 CoS2 + 0.09772 CoP4O11
  V=4.00  lim_li_020: -1.0699 eV/atom   0.6091 LiCoO2 + 0.3909 Li4.8P1S4.4Cl1.6 -> 2.485 Li + 0.07166 SO2 + 0.6254 SCl + 0.5114 CoS2 + 0.09772 CoP4O11
  V=4.00  lim_p_002: -1.1724 eV/atom   0.6072 LiCoO2 + 0.3928 Li5.44P0.98S4.4Cl1.6 -> 2.744 Li + 0.07791 SO2 + 0.6285 SCl + 0.511 CoS2 + 0.09624 CoP4O11
  V=4.00  lim_p_002_asused: -1.1700 eV/atom   0.3951 Li5.44P0.98S4.37Cl1.6O0.03 + 0.6049 LiCoO2 -> 2.754 Li + 0.07837 SO2 + 0.6322 SCl + 0.5081 CoS2 + 0.09681 CoP4O11
  V=4.30  comp1    : -1.5438 eV/atom   Li6PS5Cl -> 6 Li + SCl + 0.5 P2S7 + 0.5 S  ⛔끝점 (mixing_x=1.000000) — 계면량 아님(자체분해)
  V=4.30  modelc   : -1.3459 eV/atom   0.5789 LiCoO2 + 0.4211 Li5.4P1S4.4Cl1.6 -> 2.853 Li + 0.6737 SCl + 0.1053 CoP4O11 + 0.4737 CoS2 + 0.2316 S
  V=4.30  lpsocl   : -1.3310 eV/atom   0.4396 Li5.4P1S4.2Cl1.6O0.2 + 0.5604 LiCoO2 -> 2.934 Li + 0.7033 SCl + 0.1099 CoP4O11 + 0.4505 CoS2 + 0.2418 S
  V=4.30  modelc_nd: -1.2596 eV/atom   0.4444 Li4.8Nd0.2P1S4.1Cl1.6O0.3 + 0.5556 LiCoO2 -> 2.689 Li + 0.7111 SCl + 0.08889 NdP5O14 + 0.5556 CoS2
  V=4.30  nd_only  : -1.2842 eV/atom   0.4167 Li4.8Nd0.2P1S4.4Cl1.6 + 0.5833 LiCoO2 -> 2.583 Li + 0.6667 SCl + 0.08333 NdP5O14 + 0.5833 CoS2
  V=4.30  o_only_03: -1.3232 eV/atom   0.4494 Li5.4P1S4.1Cl1.6O0.3 + 0.5506 LiCoO2 -> 2.978 Li + 0.7191 SCl + 0.1124 CoP4O11 + 0.4382 CoS2 + 0.2472 S
  V=4.30  nd_li_002: -1.3396 eV/atom   0.4206 Li5.34Nd0.02P1S4.4Cl1.6 + 0.5794 LiCoO2 -> 2.825 Li + 0.673 SCl + 0.008412 NdP5O14 + 0.09464 CoP4O11 + 0.4848 CoS2 + 0.2082 S
  V=4.30  nd_p_002 : -1.3603 eV/atom   0.4255 Li5.44Nd0.02P0.98S4.4Cl1.6 + 0.5745 LiCoO2 -> 2.889 Li + 0.6809 SCl + 0.008511 NdP5O14 + 0.09362 CoP4O11 + 0.4809 CoS2 + 0.2298 S
  V=4.30  nd_p_020 : -1.4945 eV/atom   0.4651 Li5.8Nd0.2P0.8S4.4Cl1.6 + 0.5349 LiCoO2 -> 3.233 Li + 0.7442 SCl + 0.04651 NdP5O14 + 0.04651 Nd(PO3)3 + 0.5349 CoS2 + 0.2326 S
  V=4.30  nd_p_002_asused: -1.3582 eV/atom   0.4283 Li5.44Nd0.02P0.98S4.37Cl1.6O0.03 + 0.5717 LiCoO2 -> 2.901 Li + 0.6852 SCl + 0.008565 NdP5O14 + 0.09422 CoP4O11 + 0.4775 CoS2 + 0.2313 S
  V=4.30  ndo_li_002: -1.3374 eV/atom   0.4233 Li5.34Nd0.02P1S4.37Cl1.6O0.03 + 0.5767 LiCoO2 -> 2.837 Li + 0.6772 SCl + 0.008466 NdP5O14 + 0.09524 CoP4O11 + 0.4815 CoS2 + 0.2095 S
  V=4.30  o_only_003: -1.3437 eV/atom   0.4237 Li5.4P1S4.37Cl1.6O0.03 + 0.5763 LiCoO2 -> 2.864 Li + 0.678 SCl + 0.1059 CoP4O11 + 0.4703 CoS2 + 0.2331 S
  V=4.30  lim_li_002: -1.3343 eV/atom   0.5789 LiCoO2 + 0.4211 Li5.34P1S4.4Cl1.6 -> 2.827 Li + 0.6737 SCl + 0.1053 CoP4O11 + 0.4737 CoS2 + 0.2316 S
  V=4.30  lim_li_020: -1.2333 eV/atom   0.6091 LiCoO2 + 0.3909 Li4.8P1S4.4Cl1.6 -> 2.485 Li + 0.6254 SCl + 0.09772 CoP4O11 + 0.5114 CoS2 + 0.07166 SO2
  V=4.30  lim_p_002: -1.3550 eV/atom   0.574 LiCoO2 + 0.426 Li5.44P0.98S4.4Cl1.6 -> 2.891 Li + 0.6816 SCl + 0.1044 CoP4O11 + 0.4696 CoS2 + 0.2535 S
  V=4.30  lim_p_002_asused: -1.3528 eV/atom   0.4287 Li5.44P0.98S4.37Cl1.6O0.03 + 0.5713 LiCoO2 -> 2.904 Li + 0.686 SCl + 0.105 CoP4O11 + 0.4662 CoS2 + 0.2551 S
  V=4.50  comp1    : -1.7153 eV/atom   Li6PS5Cl -> 6 Li + SCl + 0.5 P2S7 + 0.5 S  ⛔끝점 (mixing_x=1.000000) — 계면량 아님(자체분해)
  V=4.50  modelc   : -1.4677 eV/atom   0.5789 LiCoO2 + 0.4211 Li5.4P1S4.4Cl1.6 -> 2.853 Li + 0.1053 CoP4O11 + 0.6737 SCl + 0.4737 CoS2 + 0.2316 S
  V=4.50  lpsocl   : -1.4543 eV/atom   0.4396 Li5.4P1S4.2Cl1.6O0.2 + 0.5604 LiCoO2 -> 2.934 Li + 0.1099 CoP4O11 + 0.7033 SCl + 0.4505 CoS2 + 0.2418 S
  V=4.50  modelc_nd: -1.3701 eV/atom   0.4444 Li4.8Nd0.2P1S4.1Cl1.6O0.3 + 0.5556 LiCoO2 -> 2.689 Li + 0.08889 NdP5O14 + 0.7111 SCl + 0.5556 CoS2
  V=4.50  nd_only  : -1.3930 eV/atom   0.4167 Li4.8Nd0.2P1S4.4Cl1.6 + 0.5833 LiCoO2 -> 2.583 Li + 0.08333 NdP5O14 + 0.6667 SCl + 0.5833 CoS2
  V=4.50  o_only_03: -1.4473 eV/atom   0.4494 Li5.4P1S4.1Cl1.6O0.3 + 0.5506 LiCoO2 -> 2.978 Li + 0.1124 CoP4O11 + 0.7191 SCl + 0.4382 CoS2 + 0.2472 S
  V=4.50  nd_li_002: -1.4601 eV/atom   0.4206 Li5.34Nd0.02P1S4.4Cl1.6 + 0.5794 LiCoO2 -> 2.825 Li + 0.09464 CoP4O11 + 0.008412 NdP5O14 + 0.673 SCl + 0.4848 CoS2 + 0.2082 S
  V=4.50  nd_p_002 : -1.4832 eV/atom   0.4255 Li5.44Nd0.02P0.98S4.4Cl1.6 + 0.5745 LiCoO2 -> 2.889 Li + 0.09362 CoP4O11 + 0.008511 NdP5O14 + 0.6809 SCl + 0.4809 CoS2 + 0.2298 S
  V=4.50  nd_p_020 : -1.6347 eV/atom   Li5.8Nd0.2P0.8S4.4Cl1.6 -> 5.8 Li + SCl + 0.4 P2S7 + 0.2 NdCl3 + 0.6 S  ⛔끝점 (mixing_x=1.000000) — 계면량 아님(자체분해)
  V=4.50  nd_p_002_asused: -1.4813 eV/atom   0.4283 Li5.44Nd0.02P0.98S4.37Cl1.6O0.03 + 0.5717 LiCoO2 -> 2.901 Li + 0.09422 CoP4O11 + 0.008565 NdP5O14 + 0.6852 SCl + 0.4775 CoS2 + 0.2313 S
  V=4.50  ndo_li_002: -1.4581 eV/atom   0.4233 Li5.34Nd0.02P1S4.37Cl1.6O0.03 + 0.5767 LiCoO2 -> 2.837 Li + 0.09524 CoP4O11 + 0.008466 NdP5O14 + 0.6772 SCl + 0.4815 CoS2 + 0.2095 S
  V=4.50  o_only_003: -1.4657 eV/atom   0.4237 Li5.4P1S4.37Cl1.6O0.03 + 0.5763 LiCoO2 -> 2.864 Li + 0.1059 CoP4O11 + 0.678 SCl + 0.4703 CoS2 + 0.2331 S
  V=4.50  lim_li_002: -1.4550 eV/atom   0.5789 LiCoO2 + 0.4211 Li5.34P1S4.4Cl1.6 -> 2.827 Li + 0.1053 CoP4O11 + 0.6737 SCl + 0.4737 CoS2 + 0.2316 S
  V=4.50  lim_li_020: -1.3422 eV/atom   0.6091 LiCoO2 + 0.3909 Li4.8P1S4.4Cl1.6 -> 2.485 Li + 0.09772 CoP4O11 + 0.6254 SCl + 0.5114 CoS2 + 0.07166 SO2
  V=4.50  lim_p_002: -1.4781 eV/atom   0.574 LiCoO2 + 0.426 Li5.44P0.98S4.4Cl1.6 -> 2.891 Li + 0.1044 CoP4O11 + 0.6816 SCl + 0.4696 CoS2 + 0.2535 S
  V=4.50  lim_p_002_asused: -1.4762 eV/atom   0.4287 Li5.44P0.98S4.37Cl1.6O0.03 + 0.5713 LiCoO2 -> 2.904 Li + 0.105 CoP4O11 + 0.686 SCl + 0.4662 CoS2 + 0.2551 S

######## cathode LiNiO2 (LiNiO2) ########
  V=2.50  comp1    : -0.8191 eV/atom   0.766 LiNiO2 + 0.234 Li6PS5Cl -> 0.9362 Li + 0.234 Li3PO4 + 0.2553 Ni3S4 + 0.1489 Li2SO4 + 0.234 LiCl
  V=2.50  modelc   : -0.7762 eV/atom   0.7465 LiNiO2 + 0.2535 Li5.4P1S4.4Cl1.6 -> 0.7097 Li + 0.2535 Li3PO4 + 0.2488 Ni3S4 + 0.1198 Li2SO4 + 0.4055 LiCl
  V=2.50  lpsocl   : -0.7602 eV/atom   0.2625 Li5.4P1S4.2Cl1.6O0.2 + 0.7375 LiNiO2 -> 0.7088 Li + 0.2625 Li3PO4 + 0.2458 Ni3S4 + 0.1193 Li2SO4 + 0.42 LiCl
  V=2.50  modelc_nd: -0.7361 eV/atom   0.2673 Li4.8Nd0.2P1S4.1Cl1.6O0.3 + 0.7327 LiNiO2 -> 0.7084 Li + 0.2139 Li3PO4 + 0.05346 NdPO4 + 0.2442 Ni3S4 + 0.1191 Li2SO4 + 0.4277 LiCl
  V=2.50  nd_only  : -0.7608 eV/atom   0.2535 Li4.8Nd0.2P1S4.4Cl1.6 + 0.7465 LiNiO2 -> 0.7097 Li + 0.2028 Li3PO4 + 0.05069 NdPO4 + 0.2488 Ni3S4 + 0.1198 Li2SO4 + 0.4055 LiCl
  V=2.50  o_only_03: -0.7518 eV/atom   0.2673 Li5.4P1S4.1Cl1.6O0.3 + 0.7327 LiNiO2 -> 0.7084 Li + 0.2673 Li3PO4 + 0.2442 Ni3S4 + 0.1191 Li2SO4 + 0.4277 LiCl
  V=2.50  nd_li_002: -0.7747 eV/atom   0.2535 Li5.34Nd0.02P1S4.4Cl1.6 + 0.7465 LiNiO2 -> 0.7097 Li + 0.2484 Li3PO4 + 0.005069 NdPO4 + 0.2488 Ni3S4 + 0.1198 Li2SO4 + 0.4055 LiCl
  V=2.50  nd_p_002 : -0.7754 eV/atom   0.2542 Li5.44Nd0.02P0.98S4.4Cl1.6 + 0.7458 LiNiO2 -> 0.7421 Li + 0.244 Li3PO4 + 0.005083 NdPO4 + 0.2486 Ni3S4 + 0.1238 Li2SO4 + 0.4067 LiCl
  V=2.50  nd_p_020 : -0.7684 eV/atom   0.2607 Li5.8Nd0.2P0.8S4.4Cl1.6 + 0.7393 LiNiO2 -> 1.043 Li + 0.1564 Li3PO4 + 0.05213 NdPO4 + 0.2464 Ni3S4 + 0.1611 Li2SO4 + 0.4171 LiCl
  V=2.50  nd_p_002_asused: -0.7731 eV/atom   0.2555 Li5.44Nd0.02P0.98S4.37Cl1.6O0.03 + 0.7445 LiNiO2 -> 0.7422 Li + 0.2453 Li3PO4 + 0.00511 NdPO4 + 0.2482 Ni3S4 + 0.1238 Li2SO4 + 0.4088 LiCl
  V=2.50  ndo_li_002: -0.7723 eV/atom   0.2548 Li5.34Nd0.02P1S4.37Cl1.6O0.03 + 0.7452 LiNiO2 -> 0.7096 Li + 0.2497 Li3PO4 + 0.005096 NdPO4 + 0.2484 Ni3S4 + 0.1197 Li2SO4 + 0.4076 LiCl
  V=2.50  o_only_003: -0.7739 eV/atom   0.2548 Li5.4P1S4.37Cl1.6O0.03 + 0.7452 LiNiO2 -> 0.7096 Li + 0.2548 Li3PO4 + 0.2484 Ni3S4 + 0.1197 Li2SO4 + 0.4076 LiCl
  V=2.50  lim_li_002: -0.7749 eV/atom   0.7465 LiNiO2 + 0.2535 Li5.34P1S4.4Cl1.6 -> 0.6945 Li + 0.2535 Li3PO4 + 0.2488 Ni3S4 + 0.1198 Li2SO4 + 0.4055 LiCl
  V=2.50  lim_li_020: -0.7626 eV/atom   0.7465 LiNiO2 + 0.2535 Li4.8P1S4.4Cl1.6 -> 0.5576 Li + 0.2535 Li3PO4 + 0.2488 Ni3S4 + 0.1198 Li2SO4 + 0.4055 LiCl
  V=2.50  lim_p_002: -0.7756 eV/atom   0.7458 LiNiO2 + 0.2542 Li5.44P0.98S4.4Cl1.6 -> 0.7269 Li + 0.2491 Li3PO4 + 0.2486 Ni3S4 + 0.1238 Li2SO4 + 0.4067 LiCl
  V=2.50  lim_p_002_asused: -0.7733 eV/atom   0.2555 Li5.44P0.98S4.37Cl1.6O0.03 + 0.7445 LiNiO2 -> 0.7269 Li + 0.2504 Li3PO4 + 0.2482 Ni3S4 + 0.1238 Li2SO4 + 0.4088 LiCl
  V=3.00  comp1    : -0.9394 eV/atom   0.7622 LiNiO2 + 0.2378 Li6PS5Cl -> 1.13 Li + 0.1189 Li4P2O7 + 0.2541 Ni3S4 + 0.173 Li2SO4 + 0.2378 LiCl
  V=3.00  modelc   : -0.8652 eV/atom   0.7421 LiNiO2 + 0.2579 Li5.4P1S4.4Cl1.6 -> 0.9156 Li + 0.129 Li4P2O7 + 0.2474 Ni3S4 + 0.1454 Li2SO4 + 0.4127 LiCl
  V=3.00  lpsocl   : -0.8480 eV/atom   0.2673 Li5.4P1S4.2Cl1.6O0.2 + 0.7327 LiNiO2 -> 0.9222 Li + 0.1337 Li4P2O7 + 0.2442 Ni3S4 + 0.1458 Li2SO4 + 0.4277 LiCl
  V=3.00  modelc_nd: -0.8220 eV/atom   0.2673 Li4.8Nd0.2P1S4.1Cl1.6O0.3 + 0.7327 LiNiO2 -> 0.7084 Li + 0.05346 NdPO4 + 0.2139 Li3PO4 + 0.2442 Ni3S4 + 0.1191 Li2SO4 + 0.4277 LiCl
  V=3.00  nd_only  : -0.8483 eV/atom   0.257 Li4.8Nd0.2P1S4.4Cl1.6 + 0.743 LiNiO2 -> 0.8738 Li + 0.1028 Li4P2O7 + 0.0514 NdPO4 + 0.2477 Ni3S4 + 0.1402 Li2SO4 + 0.4112 LiCl
  V=3.00  o_only_03: -0.8391 eV/atom   0.2723 Li5.4P1S4.1Cl1.6O0.3 + 0.7277 LiNiO2 -> 0.9257 Li + 0.1361 Li4P2O7 + 0.2426 Ni3S4 + 0.146 Li2SO4 + 0.4356 LiCl
  V=3.00  nd_li_002: -0.8635 eV/atom   0.2578 Li5.34Nd0.02P1S4.4Cl1.6 + 0.7422 LiNiO2 -> 0.9114 Li + 0.1263 Li4P2O7 + 0.005156 NdPO4 + 0.2474 Ni3S4 + 0.1448 Li2SO4 + 0.4125 LiCl
  V=3.00  nd_p_002 : -0.8684 eV/atom   0.2585 Li5.44Nd0.02P0.98S4.4Cl1.6 + 0.7415 LiNiO2 -> 0.9408 Li + 0.1241 Li4P2O7 + 0.005169 NdPO4 + 0.2472 Ni3S4 + 0.1485 Li2SO4 + 0.4135 LiCl
  V=3.00  nd_p_020 : -0.8979 eV/atom   0.2635 Li5.8Nd0.2P0.8S4.4Cl1.6 + 0.7365 LiNiO2 -> 1.172 Li + 0.07904 Li4P2O7 + 0.05269 NdPO4 + 0.2455 Ni3S4 + 0.1772 Li2SO4 + 0.4216 LiCl
  V=3.00  nd_p_002_asused: -0.8659 eV/atom   0.2598 Li5.44Nd0.02P0.98S4.37Cl1.6O0.03 + 0.7402 LiNiO2 -> 0.9419 Li + 0.1247 Li4P2O7 + 0.005197 NdPO4 + 0.2467 Ni3S4 + 0.1486 Li2SO4 + 0.4157 LiCl
  V=3.00  ndo_li_002: -0.8609 eV/atom   0.2592 Li5.34Nd0.02P1S4.37Cl1.6O0.03 + 0.7408 LiNiO2 -> 0.9123 Li + 0.127 Li4P2O7 + 0.005184 NdPO4 + 0.2469 Ni3S4 + 0.1449 Li2SO4 + 0.4147 LiCl
  V=3.00  o_only_003: -0.8627 eV/atom   0.2593 Li5.4P1S4.37Cl1.6O0.03 + 0.7407 LiNiO2 -> 0.9166 Li + 0.1296 Li4P2O7 + 0.2469 Ni3S4 + 0.1454 Li2SO4 + 0.4148 LiCl
  V=3.00  lim_li_002: -0.8619 eV/atom   0.7421 LiNiO2 + 0.2579 Li5.34P1S4.4Cl1.6 -> 0.9001 Li + 0.129 Li4P2O7 + 0.2474 Ni3S4 + 0.1454 Li2SO4 + 0.4127 LiCl
  V=3.00  lim_li_020: -0.8322 eV/atom   0.7421 LiNiO2 + 0.2579 Li4.8P1S4.4Cl1.6 -> 0.7608 Li + 0.129 Li4P2O7 + 0.2474 Ni3S4 + 0.1454 Li2SO4 + 0.4127 LiCl
  V=3.00  lim_p_002: -0.8668 eV/atom   0.7415 LiNiO2 + 0.2585 Li5.44P0.98S4.4Cl1.6 -> 0.9295 Li + 0.1267 Li4P2O7 + 0.2472 Ni3S4 + 0.149 Li2SO4 + 0.4137 LiCl
  V=3.00  lim_p_002_asused: -0.8643 eV/atom   0.2599 Li5.44P0.98S4.37Cl1.6O0.03 + 0.7401 LiNiO2 -> 0.9305 Li + 0.1274 Li4P2O7 + 0.2467 Ni3S4 + 0.1491 Li2SO4 + 0.4159 LiCl
  V=3.50  comp1    : -1.1277 eV/atom   0.7479 LiNiO2 + 0.2521 Li6PS5Cl -> 1.807 Li + 0.08403 LiNi(PO3)3 + 0.5378 NiS2 + 0.1261 NiCl2 + 0.1849 Li2SO4
  V=3.50  modelc   : -1.0316 eV/atom   0.7561 LiNiO2 + 0.2439 Li5.4P1S4.4Cl1.6 -> 1.683 Li + 0.122 Ni(PO3)2 + 0.439 NiS2 + 0.1951 NiCl2 + 0.1951 Li2SO4
  V=3.50  lpsocl   : -1.0162 eV/atom   0.25 Li5.4P1S4.2Cl1.6O0.2 + 0.75 LiNiO2 -> 1.7 Li + 0.125 Ni(PO3)2 + 0.425 NiS2 + 0.2 NiCl2 + 0.2 Li2SO4
  V=3.50  modelc_nd: -0.9859 eV/atom   0.183 Li4.8Nd0.2P1S4.1Cl1.6O0.3 + 0.817 LiNiO2 -> 1.695 Li + 0.0915 Ni(PO3)2 + 0.0183 Nd2(SO4)3 + 0.1464 NiCl2 + 0.2301 NiSO4 + 0.1163 Ni3S4
  V=3.50  nd_only  : -1.0054 eV/atom   0.2439 Li4.8Nd0.2P1S4.4Cl1.6 + 0.7561 LiNiO2 -> 1.683 Li + 0.122 Ni(PO3)2 + 0.02439 Nd2(SO4)3 + 0.439 NiS2 + 0.1951 NiCl2 + 0.122 Li2SO4
  V=3.50  o_only_03: -1.0082 eV/atom   0.2532 Li5.4P1S4.1Cl1.6O0.3 + 0.7468 LiNiO2 -> 1.709 Li + 0.1266 Ni(PO3)2 + 0.4177 NiS2 + 0.2025 NiCl2 + 0.2025 Li2SO4
  V=3.50  nd_li_002: -1.0291 eV/atom   0.2458 Li5.34Nd0.02P1S4.4Cl1.6 + 0.7542 LiNiO2 -> 1.676 Li + 0.1131 Ni(PO3)2 + 0.4444 NiS2 + 0.004916 LiNd(PO3)4 + 0.1967 NiCl2 + 0.1927 Li2SO4
  V=3.50  nd_p_002 : -1.0371 eV/atom   0.2467 Li5.44Nd0.02P0.98S4.4Cl1.6 + 0.7533 LiNiO2 -> 1.7 Li + 0.111 Ni(PO3)2 + 0.445 NiS2 + 0.004933 LiNd(PO3)4 + 0.1973 NiCl2 + 0.1954 Li2SO4
  V=3.50  nd_p_020 : -1.0908 eV/atom   0.2747 Li5.8Nd0.2P0.8S4.4Cl1.6 + 0.7253 LiNiO2 -> 1.868 Li + 0.5055 NiS2 + 0.05495 LiNd(PO3)4 + 0.2198 NiCl2 + 0.1978 Li2SO4
  V=3.50  nd_p_002_asused: -1.0348 eV/atom   0.2476 Li5.44Nd0.02P0.98S4.37Cl1.6O0.03 + 0.7524 LiNiO2 -> 1.702 Li + 0.1114 Ni(PO3)2 + 0.4429 NiS2 + 0.004952 LiNd(PO3)4 + 0.1981 NiCl2 + 0.1961 Li2SO4
  V=3.50  ndo_li_002: -1.0268 eV/atom   0.2467 Li5.34Nd0.02P1S4.37Cl1.6O0.03 + 0.7533 LiNiO2 -> 1.679 Li + 0.1135 Ni(PO3)2 + 0.4424 NiS2 + 0.004935 LiNd(PO3)4 + 0.1974 NiCl2 + 0.1934 Li2SO4
  V=3.50  o_only_003: -1.0294 eV/atom   0.2448 Li5.4P1S4.37Cl1.6O0.03 + 0.7552 LiNiO2 -> 1.685 Li + 0.1224 Ni(PO3)2 + 0.437 NiS2 + 0.1958 NiCl2 + 0.1958 Li2SO4
  V=3.50  lim_li_002: -1.0266 eV/atom   0.7561 LiNiO2 + 0.2439 Li5.34P1S4.4Cl1.6 -> 1.668 Li + 0.122 Ni(PO3)2 + 0.439 NiS2 + 0.1951 NiCl2 + 0.1951 Li2SO4
  V=3.50  lim_li_020: -0.9869 eV/atom   0.8345 LiNiO2 + 0.1655 Li4.8P1S4.4Cl1.6 -> 1.629 Li + 0.08274 Ni(PO3)2 + 0.1324 NiCl2 + 0.2931 NiSO4 + 0.1087 Ni3S4
  V=3.50  lim_p_002: -1.0346 eV/atom   0.7553 LiNiO2 + 0.2447 Li5.44P0.98S4.4Cl1.6 -> 1.691 Li + 0.1199 Ni(PO3)2 + 0.4395 NiS2 + 0.1958 NiCl2 + 0.1977 Li2SO4
  V=3.50  lim_p_002_asused: -1.0323 eV/atom   0.2456 Li5.44P0.98S4.37Cl1.6O0.03 + 0.7544 LiNiO2 -> 1.694 Li + 0.1204 Ni(PO3)2 + 0.4375 NiS2 + 0.1965 NiCl2 + 0.1985 Li2SO4
  V=4.00  comp1    : -1.4153 eV/atom   0.6842 LiNiO2 + 0.3158 Li6PS5Cl -> 2.579 Li + 0.1579 Ni(PO3)2 + 0.2105 SO2 + 0.3158 SCl + 0.5263 NiS2
  V=4.00  modelc   : -1.2818 eV/atom   0.7391 LiNiO2 + 0.2609 Li5.4P1S4.4Cl1.6 -> 2.148 Li + 0.1304 Ni(PO3)2 + 0.3478 SO2 + 0.4 NiS2 + 0.2087 NiCl2
  V=4.00  lpsocl   : -1.2672 eV/atom   0.2679 Li5.4P1S4.2Cl1.6O0.2 + 0.7321 LiNiO2 -> 2.179 Li + 0.1339 Ni(PO3)2 + 0.3571 SO2 + 0.3839 NiS2 + 0.2143 NiCl2
  V=4.00  modelc_nd: -1.2173 eV/atom   0.2166 Li4.8Nd0.2P1S4.1Cl1.6O0.3 + 0.7834 LiNiO2 -> 1.823 Li + 0.1083 Ni(PO3)2 + 0.1805 NiSO4 + 0.02166 Nd2(SO4)3 + 0.3213 NiS2 + 0.1733 NiCl2
  V=4.00  nd_only  : -1.2369 eV/atom   0.2542 Li4.8Nd0.2P1S4.4Cl1.6 + 0.7458 LiNiO2 -> 1.966 Li + 0.1271 Ni(PO3)2 + 0.2119 SO2 + 0.02542 Nd2(SO4)3 + 0.4153 NiS2 + 0.2034 NiCl2
  V=4.00  o_only_03: -1.2597 eV/atom   0.2715 Li5.4P1S4.1Cl1.6O0.3 + 0.7285 LiNiO2 -> 2.195 Li + 0.1357 Ni(PO3)2 + 0.362 SO2 + 0.3756 NiS2 + 0.2172 NiCl2
  V=4.00  nd_li_002: -1.2772 eV/atom   0.2622 Li5.34Nd0.02P1S4.4Cl1.6 + 0.7378 LiNiO2 -> 2.138 Li + 0.1233 Ni(PO3)2 + 0.3444 SO2 + 0.005245 Nd(PO3)3 + 0.4047 NiS2 + 0.2098 NiCl2
  V=4.00  nd_p_002 : -1.2893 eV/atom   0.2634 Li5.44Nd0.02P0.98S4.4Cl1.6 + 0.7366 LiNiO2 -> 2.169 Li + 0.1212 Ni(PO3)2 + 0.3494 SO2 + 0.005268 Nd(PO3)3 + 0.4047 NiS2 + 0.2107 NiCl2
  V=4.00  nd_p_020 : -1.3771 eV/atom   0.4317 Li5.8Nd0.2P0.8S4.4Cl1.6 + 0.5683 LiNiO2 -> 3.072 Li + 0.07194 SO2 + 0.04317 NdP5O14 + 0.6906 SCl + 0.04317 Nd(PO3)3 + 0.5683 NiS2
  V=4.00  nd_p_002_asused: -1.2871 eV/atom   0.2644 Li5.44Nd0.02P0.98S4.37Cl1.6O0.03 + 0.7356 LiNiO2 -> 2.174 Li + 0.1216 Ni(PO3)2 + 0.3508 SO2 + 0.005289 Nd(PO3)3 + 0.4024 NiS2 + 0.2115 NiCl2
  V=4.00  ndo_li_002: -1.2750 eV/atom   0.2633 Li5.34Nd0.02P1S4.37Cl1.6O0.03 + 0.7367 LiNiO2 -> 2.143 Li + 0.1237 Ni(PO3)2 + 0.3458 SO2 + 0.005265 Nd(PO3)3 + 0.4024 NiS2 + 0.2106 NiCl2
  V=4.00  o_only_003: -1.2797 eV/atom   0.2619 Li5.4P1S4.37Cl1.6O0.03 + 0.7381 LiNiO2 -> 2.152 Li + 0.1309 Ni(PO3)2 + 0.3492 SO2 + 0.3976 NiS2 + 0.2095 NiCl2
  V=4.00  lim_li_002: -1.2746 eV/atom   0.7391 LiNiO2 + 0.2609 Li5.34P1S4.4Cl1.6 -> 2.132 Li + 0.1304 Ni(PO3)2 + 0.3478 SO2 + 0.4 NiS2 + 0.2087 NiCl2
  V=4.00  lim_li_020: -1.2154 eV/atom   0.8065 LiNiO2 + 0.1935 Li4.8P1S4.4Cl1.6 -> 1.735 Li + 0.09677 Ni(PO3)2 + 0.2581 NiSO4 + 0.2968 NiS2 + 0.1548 NiCl2
  V=4.00  lim_p_002: -1.2866 eV/atom   0.738 LiNiO2 + 0.262 Li5.44P0.98S4.4Cl1.6 -> 2.163 Li + 0.1284 Ni(PO3)2 + 0.3528 SO2 + 0.4 NiS2 + 0.2096 NiCl2
  V=4.00  lim_p_002_asused: -1.2845 eV/atom   0.263 Li5.44P0.98S4.37Cl1.6O0.03 + 0.737 LiNiO2 -> 2.168 Li + 0.1289 Ni(PO3)2 + 0.3542 SO2 + 0.3976 NiS2 + 0.2104 NiCl2
  V=4.30  comp1    : -1.6072 eV/atom   0.5789 LiNiO2 + 0.4211 Li6PS5Cl -> 3.105 Li + 0.1053 NiP4O11 + 0.4211 SCl + 0.4737 NiS2 + 0.7368 S
  V=4.30  modelc   : -1.4493 eV/atom   0.6386 LiNiO2 + 0.3614 Li5.4P1S4.4Cl1.6 -> 2.59 Li + 0.1807 Ni(PO3)2 + 0.5783 SCl + 0.4578 NiS2 + 0.09639 SO2
  V=4.30  lpsocl   : -1.4325 eV/atom   0.375 Li5.4P1S4.2Cl1.6O0.2 + 0.625 LiNiO2 -> 2.65 Li + 0.1875 Ni(PO3)2 + 0.6 SCl + 0.4375 NiS2 + 0.1 SO2
  V=4.30  modelc_nd: -1.3605 eV/atom   0.2643 Li4.8Nd0.2P1S4.1Cl1.6O0.3 + 0.7357 LiNiO2 -> 2.004 Li + 0.1322 Ni(PO3)2 + 0.3921 NiS2 + 0.02643 Nd2(SO4)3 + 0.2203 SO2 + 0.2115 NiCl2
  V=4.30  nd_only  : -1.3824 eV/atom   0.2752 Li4.8Nd0.2P1S4.4Cl1.6 + 0.7248 LiNiO2 -> 2.046 Li + 0.05505 Ni(PO3)2 + 0.4495 NiS2 + 0.05505 Nd(PO3)3 + 0.3119 SO2 + 0.2202 NiCl2
  V=4.30  o_only_03: -1.4238 eV/atom   0.3822 Li5.4P1S4.1Cl1.6O0.3 + 0.6178 LiNiO2 -> 2.682 Li + 0.1911 Ni(PO3)2 + 0.6115 SCl + 0.4268 NiS2 + 0.1019 SO2
  V=4.30  nd_li_002: -1.4421 eV/atom   0.3641 Li5.34Nd0.02P1S4.4Cl1.6 + 0.6359 LiNiO2 -> 2.58 Li + 0.1711 Ni(PO3)2 + 0.5825 SCl + 0.4648 NiS2 + 0.007282 Nd(PO3)3 + 0.08981 SO2
  V=4.30  nd_p_002 : -1.4604 eV/atom   0.3686 Li5.44Nd0.02P0.98S4.4Cl1.6 + 0.6314 LiNiO2 -> 2.636 Li + 0.1622 Ni(PO3)2 + 0.5897 SCl + 0.007371 NdP5O14 + 0.4693 NiS2 + 0.09337 SO2
  V=4.30  nd_p_020 : -1.5731 eV/atom   0.4651 Li5.8Nd0.2P0.8S4.4Cl1.6 + 0.5349 LiNiO2 -> 3.233 Li + 0.7442 SCl + 0.04651 NdP5O14 + 0.5349 NiS2 + 0.04651 Nd(PO3)3 + 0.2326 S
  V=4.30  nd_p_002_asused: -1.4580 eV/atom   0.3706 Li5.44Nd0.02P0.98S4.37Cl1.6O0.03 + 0.6294 LiNiO2 -> 2.645 Li + 0.1631 Ni(PO3)2 + 0.593 SCl + 0.007412 NdP5O14 + 0.4663 NiS2 + 0.09389 SO2
  V=4.30  ndo_li_002: -1.4396 eV/atom   0.3661 Li5.34Nd0.02P1S4.37Cl1.6O0.03 + 0.6339 LiNiO2 -> 2.589 Li + 0.1721 Ni(PO3)2 + 0.5857 SCl + 0.4619 NiS2 + 0.007322 Nd(PO3)3 + 0.0903 SO2
  V=4.30  o_only_003: -1.4469 eV/atom   0.3634 Li5.4P1S4.37Cl1.6O0.03 + 0.6366 LiNiO2 -> 2.599 Li + 0.1817 Ni(PO3)2 + 0.5815 SCl + 0.4549 NiS2 + 0.09691 SO2
  V=4.30  lim_li_002: -1.4388 eV/atom   0.6386 LiNiO2 + 0.3614 Li5.34P1S4.4Cl1.6 -> 2.569 Li + 0.1807 Ni(PO3)2 + 0.5783 SCl + 0.4578 NiS2 + 0.09639 SO2
  V=4.30  lim_li_020: -1.3576 eV/atom   0.7391 LiNiO2 + 0.2609 Li4.8P1S4.4Cl1.6 -> 1.991 Li + 0.1304 Ni(PO3)2 + 0.4 NiS2 + 0.3478 SO2 + 0.2087 NiCl2
  V=4.30  lim_p_002: -1.4570 eV/atom   0.6364 LiNiO2 + 0.3636 Li5.44P0.98S4.4Cl1.6 -> 2.615 Li + 0.1782 Ni(PO3)2 + 0.5818 SCl + 0.4582 NiS2 + 0.1018 SO2
  V=4.30  lim_p_002_asused: -1.4545 eV/atom   0.3656 Li5.44P0.98S4.37Cl1.6O0.03 + 0.6344 LiNiO2 -> 2.623 Li + 0.1792 Ni(PO3)2 + 0.585 SCl + 0.4552 NiS2 + 0.1024 SO2
  V=4.50  comp1    : -1.7398 eV/atom   0.5789 LiNiO2 + 0.4211 Li6PS5Cl -> 3.105 Li + 0.1053 NiP4O11 + 0.4211 SCl + 0.4737 NiS2 + 0.7368 S
  V=4.50  modelc   : -1.5659 eV/atom   0.6386 LiNiO2 + 0.3614 Li5.4P1S4.4Cl1.6 -> 2.59 Li + 0.5783 SCl + 0.4578 NiS2 + 0.09639 SO2 + 0.1807 Ni(PO3)2
  V=4.50  lpsocl   : -1.5503 eV/atom   0.375 Li5.4P1S4.2Cl1.6O0.2 + 0.625 LiNiO2 -> 2.65 Li + 0.6 SCl + 0.4375 NiS2 + 0.1 SO2 + 0.1875 Ni(PO3)2
  V=4.50  modelc_nd: -1.4591 eV/atom   0.2871 Li4.8Nd0.2P1S4.1Cl1.6O0.3 + 0.7129 LiNiO2 -> 2.091 Li + 0.4258 NiS2 + 0.3254 SO2 + 0.05742 Ni(PO3)2 + 0.05742 Nd(PO3)3 + 0.2297 NiCl2
  V=4.50  nd_only  : -1.4820 eV/atom   0.3896 Li4.8Nd0.2P1S4.4Cl1.6 + 0.6104 LiNiO2 -> 2.481 Li + 0.6234 SCl + 0.5325 NiS2 + 0.02597 SO2 + 0.07792 Ni(PO3)2 + 0.07792 Nd(PO3)3
  V=4.50  o_only_03: -1.5422 eV/atom   0.3822 Li5.4P1S4.1Cl1.6O0.3 + 0.6178 LiNiO2 -> 2.682 Li + 0.6115 SCl + 0.4268 NiS2 + 0.1019 SO2 + 0.1911 Ni(PO3)2
  V=4.50  nd_li_002: -1.5579 eV/atom   0.3663 Li5.34Nd0.02P1S4.4Cl1.6 + 0.6337 LiNiO2 -> 2.59 Li + 0.007326 NdP5O14 + 0.5861 SCl + 0.4689 NiS2 + 0.08791 SO2 + 0.1648 Ni(PO3)2
  V=4.50  nd_p_002 : -1.5783 eV/atom   0.3686 Li5.44Nd0.02P0.98S4.4Cl1.6 + 0.6314 LiNiO2 -> 2.636 Li + 0.007371 NdP5O14 + 0.5897 SCl + 0.4693 NiS2 + 0.09337 SO2 + 0.1622 Ni(PO3)2
  V=4.50  nd_p_020 : -1.7061 eV/atom   0.4651 Li5.8Nd0.2P0.8S4.4Cl1.6 + 0.5349 LiNiO2 -> 3.233 Li + 0.04651 NdP5O14 + 0.7442 SCl + 0.5349 NiS2 + 0.04651 Nd(PO3)3 + 0.2326 S
  V=4.50  nd_p_002_asused: -1.5760 eV/atom   0.3706 Li5.44Nd0.02P0.98S4.37Cl1.6O0.03 + 0.6294 LiNiO2 -> 2.645 Li + 0.007412 NdP5O14 + 0.593 SCl + 0.4663 NiS2 + 0.09389 SO2 + 0.1631 Ni(PO3)2
  V=4.50  ndo_li_002: -1.5556 eV/atom   0.3683 Li5.34Nd0.02P1S4.37Cl1.6O0.03 + 0.6317 LiNiO2 -> 2.599 Li + 0.007366 NdP5O14 + 0.5893 SCl + 0.4659 NiS2 + 0.0884 SO2 + 0.1657 Ni(PO3)2
  V=4.50  o_only_003: -1.5636 eV/atom   0.3634 Li5.4P1S4.37Cl1.6O0.03 + 0.6366 LiNiO2 -> 2.599 Li + 0.5815 SCl + 0.4549 NiS2 + 0.09691 SO2 + 0.1817 Ni(PO3)2
  V=4.50  lim_li_002: -1.5544 eV/atom   0.6386 LiNiO2 + 0.3614 Li5.34P1S4.4Cl1.6 -> 2.569 Li + 0.5783 SCl + 0.4578 NiS2 + 0.09639 SO2 + 0.1807 Ni(PO3)2
  V=4.50  lim_li_020: -1.4560 eV/atom   0.7391 LiNiO2 + 0.2609 Li4.8P1S4.4Cl1.6 -> 1.991 Li + 0.4 NiS2 + 0.3478 SO2 + 0.1304 Ni(PO3)2 + 0.2087 NiCl2
  V=4.50  lim_p_002: -1.5745 eV/atom   0.6364 LiNiO2 + 0.3636 Li5.44P0.98S4.4Cl1.6 -> 2.615 Li + 0.5818 SCl + 0.4582 NiS2 + 0.1018 SO2 + 0.1782 Ni(PO3)2
  V=4.50  lim_p_002_asused: -1.5723 eV/atom   0.3656 Li5.44P0.98S4.37Cl1.6O0.03 + 0.6344 LiNiO2 -> 2.623 Li + 0.585 SCl + 0.4552 NiS2 + 0.1024 SO2 + 0.1792 Ni(PO3)2

######## cathode LiMnO2 (LiMnO2) ########
  V=2.50  comp1    : -0.4903 eV/atom   0.7059 LiMnO2 + 0.2941 Li6PS5Cl -> 1.176 Li + 0.2941 Li3PO4 + 0.05882 Li2SO4 + 0.7059 MnS2 + 0.2941 LiCl
  V=2.50  modelc   : -0.4570 eV/atom   0.6835 LiMnO2 + 0.3165 Li5.4P1S4.4Cl1.6 -> 0.8861 Li + 0.3165 Li3PO4 + 0.02532 Li2SO4 + 0.6835 MnS2 + 0.5063 LiCl
  V=2.50  lpsocl   : -0.4461 eV/atom   0.3268 Li5.4P1S4.2Cl1.6O0.2 + 0.6732 LiMnO2 -> 0.8824 Li + 0.3268 Li3PO4 + 0.02614 Li2SO4 + 0.6732 MnS2 + 0.5229 LiCl
  V=2.50  modelc_nd: -0.4268 eV/atom   0.3322 Li4.8Nd0.2P1S4.1Cl1.6O0.3 + 0.6678 LiMnO2 -> 0.8804 Li + 0.2658 Li3PO4 + 0.06645 NdPO4 + 0.02658 Li2SO4 + 0.6678 MnS2 + 0.5316 LiCl
  V=2.50  nd_only  : -0.4436 eV/atom   0.6835 LiMnO2 + 0.3165 Li4.8Nd0.2P1S4.4Cl1.6 -> 0.8861 Li + 0.2532 Li3PO4 + 0.06329 NdPO4 + 0.02532 Li2SO4 + 0.6835 MnS2 + 0.5063 LiCl
  V=2.50  o_only_03: -0.4404 eV/atom   0.3322 Li5.4P1S4.1Cl1.6O0.3 + 0.6678 LiMnO2 -> 0.8804 Li + 0.3322 Li3PO4 + 0.02658 Li2SO4 + 0.6678 MnS2 + 0.5316 LiCl
  V=2.50  nd_li_002: -0.4556 eV/atom   0.6835 LiMnO2 + 0.3165 Li5.34Nd0.02P1S4.4Cl1.6 -> 0.8861 Li + 0.3101 Li3PO4 + 0.006329 NdPO4 + 0.02532 Li2SO4 + 0.6835 MnS2 + 0.5063 LiCl
  V=2.50  nd_p_002 : -0.4567 eV/atom   0.6827 LiMnO2 + 0.3173 Li5.44Nd0.02P0.98S4.4Cl1.6 -> 0.9264 Li + 0.3046 Li3PO4 + 0.006345 NdPO4 + 0.03046 Li2SO4 + 0.6827 MnS2 + 0.5076 LiCl
  V=2.50  nd_p_020 : -0.4541 eV/atom   0.6753 LiMnO2 + 0.3247 Li5.8Nd0.2P0.8S4.4Cl1.6 -> 1.299 Li + 0.1948 Li3PO4 + 0.06494 NdPO4 + 0.07792 Li2SO4 + 0.6753 MnS2 + 0.5195 LiCl
  V=2.50  nd_p_002_asused: -0.4551 eV/atom   0.3188 Li5.44Nd0.02P0.98S4.37Cl1.6O0.03 + 0.6812 LiMnO2 -> 0.926 Li + 0.306 Li3PO4 + 0.006376 NdPO4 + 0.0306 Li2SO4 + 0.6812 MnS2 + 0.51 LiCl
  V=2.50  ndo_li_002: -0.4540 eV/atom   0.318 Li5.34Nd0.02P1S4.37Cl1.6O0.03 + 0.682 LiMnO2 -> 0.8855 Li + 0.3116 Li3PO4 + 0.006359 NdPO4 + 0.02544 Li2SO4 + 0.682 MnS2 + 0.5087 LiCl
  V=2.50  o_only_003: -0.4554 eV/atom   0.318 Li5.4P1S4.37Cl1.6O0.03 + 0.682 LiMnO2 -> 0.8855 Li + 0.318 Li3PO4 + 0.02544 Li2SO4 + 0.682 MnS2 + 0.5087 LiCl
  V=2.50  lim_li_002: -0.4554 eV/atom   0.6835 LiMnO2 + 0.3165 Li5.34P1S4.4Cl1.6 -> 0.8671 Li + 0.3165 Li3PO4 + 0.02532 Li2SO4 + 0.6835 MnS2 + 0.5063 LiCl
  V=2.50  lim_li_020: -0.4410 eV/atom   0.6835 LiMnO2 + 0.3165 Li4.8P1S4.4Cl1.6 -> 0.6962 Li + 0.3165 Li3PO4 + 0.02532 Li2SO4 + 0.6835 MnS2 + 0.5063 LiCl
  V=2.50  lim_p_002: -0.4565 eV/atom   0.6827 LiMnO2 + 0.3173 Li5.44P0.98S4.4Cl1.6 -> 0.9074 Li + 0.3109 Li3PO4 + 0.03046 Li2SO4 + 0.6827 MnS2 + 0.5076 LiCl
  V=2.50  lim_p_002_asused: -0.4549 eV/atom   0.3188 Li5.44P0.98S4.37Cl1.6O0.03 + 0.6812 LiMnO2 -> 0.9069 Li + 0.3124 Li3PO4 + 0.0306 Li2SO4 + 0.6812 MnS2 + 0.51 LiCl
  V=3.00  comp1    : -0.6360 eV/atom   0.7015 LiMnO2 + 0.2985 Li6PS5Cl -> 1.418 Li + 0.1493 Li4P2O7 + 0.7015 MnS2 + 0.08955 Li2SO4 + 0.2985 LiCl
  V=3.00  modelc   : -0.5675 eV/atom   0.7442 LiMnO2 + 0.2558 Li5.4P1S4.4Cl1.6 -> 1.419 Li + 0.1279 Mn2P2O7 + 0.4885 MnS2 + 0.1483 Li2SO4 + 0.4092 LiCl
  V=3.00  lpsocl   : -0.5571 eV/atom   0.2625 Li5.4P1S4.2Cl1.6O0.2 + 0.7375 LiMnO2 -> 1.43 Li + 0.1312 Mn2P2O7 + 0.4751 MnS2 + 0.1522 Li2SO4 + 0.4199 LiCl
  V=3.00  modelc_nd: -0.5365 eV/atom   0.277 Li4.8Nd0.2P1S4.1Cl1.6O0.3 + 0.723 LiMnO2 -> 1.343 Li + 0.1108 Mn2P2O7 + 0.0554 NdPO4 + 0.5014 MnS2 + 0.133 Li2SO4 + 0.4432 LiCl
  V=3.00  nd_only  : -0.5530 eV/atom   0.734 LiMnO2 + 0.266 Li4.8Nd0.2P1S4.4Cl1.6 -> 1.33 Li + 0.1064 Mn2P2O7 + 0.05319 NdPO4 + 0.5213 MnS2 + 0.1277 Li2SO4 + 0.4255 LiCl
  V=3.00  o_only_03: -0.5517 eV/atom   0.266 Li5.4P1S4.1Cl1.6O0.3 + 0.734 LiMnO2 -> 1.436 Li + 0.133 Mn2P2O7 + 0.4681 MnS2 + 0.1543 Li2SO4 + 0.4255 LiCl
  V=3.00  nd_li_002: -0.5661 eV/atom   0.7433 LiMnO2 + 0.2567 Li5.34Nd0.02P1S4.4Cl1.6 -> 1.411 Li + 0.1258 Mn2P2O7 + 0.005135 NdPO4 + 0.4917 MnS2 + 0.1463 Li2SO4 + 0.4108 LiCl
  V=3.00  nd_p_002 : -0.5711 eV/atom   0.7133 LiMnO2 + 0.2867 Li5.44Nd0.02P0.98S4.4Cl1.6 -> 1.319 Li + 0.1376 Li2MnP2O7 + 0.005734 NdPO4 + 0.5757 MnS2 + 0.1101 Li2SO4 + 0.4587 LiCl
  V=3.00  nd_p_020 : -0.6081 eV/atom   0.6721 LiMnO2 + 0.3279 Li5.8Nd0.2P0.8S4.4Cl1.6 -> 1.459 Li + 0.09836 Li4P2O7 + 0.06557 NdPO4 + 0.6721 MnS2 + 0.09836 Li2SO4 + 0.5246 LiCl
  V=3.00  nd_p_002_asused: -0.5695 eV/atom   0.2593 Li5.44Nd0.02P0.98S4.37Cl1.6O0.03 + 0.7407 LiMnO2 -> 1.438 Li + 0.1244 Mn2P2O7 + 0.005185 NdPO4 + 0.4918 MnS2 + 0.1493 Li2SO4 + 0.4148 LiCl
  V=3.00  ndo_li_002: -0.5645 eV/atom   0.2577 Li5.34Nd0.02P1S4.37Cl1.6O0.03 + 0.7423 LiMnO2 -> 1.412 Li + 0.1263 Mn2P2O7 + 0.005155 NdPO4 + 0.4897 MnS2 + 0.1469 Li2SO4 + 0.4124 LiCl
  V=3.00  o_only_003: -0.5660 eV/atom   0.2567 Li5.4P1S4.37Cl1.6O0.03 + 0.7433 LiMnO2 -> 1.421 Li + 0.1284 Mn2P2O7 + 0.4865 MnS2 + 0.1489 Li2SO4 + 0.4108 LiCl
  V=3.00  lim_li_002: -0.5642 eV/atom   0.7442 LiMnO2 + 0.2558 Li5.34P1S4.4Cl1.6 -> 1.404 Li + 0.1279 Mn2P2O7 + 0.4885 MnS2 + 0.1483 Li2SO4 + 0.4092 LiCl
  V=3.00  lim_li_020: -0.5347 eV/atom   0.7442 LiMnO2 + 0.2558 Li4.8P1S4.4Cl1.6 -> 1.266 Li + 0.1279 Mn2P2O7 + 0.4885 MnS2 + 0.1483 Li2SO4 + 0.4092 LiCl
  V=3.00  lim_p_002: -0.5692 eV/atom   0.7427 LiMnO2 + 0.2573 Li5.44P0.98S4.4Cl1.6 -> 1.429 Li + 0.1261 Mn2P2O7 + 0.4906 MnS2 + 0.1508 Li2SO4 + 0.4116 LiCl
  V=3.00  lim_p_002_asused: -0.5676 eV/atom   0.2583 Li5.44P0.98S4.37Cl1.6O0.03 + 0.7417 LiMnO2 -> 1.431 Li + 0.1265 Mn2P2O7 + 0.4886 MnS2 + 0.1513 Li2SO4 + 0.4132 LiCl
  V=3.50  comp1    : -0.8994 eV/atom   0.6 LiMnO2 + 0.4 Li6PS5Cl -> 3 Li + 0.4 SCl + 0.4 MnS2 + 0.2 Mn(PO3)2 + 0.8 S
  V=3.50  modelc   : -0.7787 eV/atom   0.6 LiMnO2 + 0.4 Li5.4P1S4.4Cl1.6 -> 2.76 Li + 0.64 SCl + 0.4 MnS2 + 0.2 Mn(PO3)2 + 0.32 S
  V=3.50  lpsocl   : -0.7669 eV/atom   0.2844 Li5.4P1S4.2Cl1.6O0.2 + 0.7156 LiMnO2 -> 2.251 Li + 0.1422 Mn2P2O7 + 0.455 SCl + 0.3081 MnS2 + 0.1232 MnSO4
  V=3.50  modelc_nd: -0.7407 eV/atom   0.1923 Li4.8Nd0.2P1S4.1Cl1.6O0.3 + 0.8077 LiMnO2 -> 1.731 Li + 0.09615 Mn2P2O7 + 0.09615 MnCl2 + 0.2692 MnS2 + 0.25 MnSO4 + 0.03846 NdCl3
  V=3.50  nd_only  : -0.7525 eV/atom   0.8131 LiMnO2 + 0.1869 Li4.8Nd0.2P1S4.4Cl1.6 -> 1.71 Li + 0.09346 Mn2P2O7 + 0.09346 MnCl2 + 0.2897 MnS2 + 0.243 MnSO4 + 0.03738 NdCl3
  V=3.50  o_only_03: -0.7631 eV/atom   0.1786 Li5.4P1S4.1Cl1.6O0.3 + 0.8214 LiMnO2 -> 1.786 Li + 0.08929 Mn2P2O7 + 0.1429 MnCl2 + 0.2321 MnS2 + 0.2679 MnSO4
  V=3.50  nd_li_002: -0.7749 eV/atom   0.6746 LiMnO2 + 0.3254 Li5.34Nd0.02P1S4.4Cl1.6 -> 2.412 Li + 0.5011 SCl + 0.4187 MnS2 + 0.09328 MnSO4 + 0.006508 NdCl3 + 0.1627 Mn(PO3)2
  V=3.50  nd_p_002 : -0.7862 eV/atom   0.5951 LiMnO2 + 0.4049 Li5.44Nd0.02P0.98S4.4Cl1.6 -> 2.798 Li + 0.6235 SCl + 0.3968 MnS2 + 0.008097 NdCl3 + 0.1984 Mn(PO3)2 + 0.3644 S
  V=3.50  nd_p_020 : -0.8596 eV/atom   0.5455 LiMnO2 + 0.4545 Li5.8Nd0.2P0.8S4.4Cl1.6 -> 3.182 Li + 0.4545 SCl + 0.3636 MnS2 + 0.09091 NdCl3 + 0.1818 Mn(PO3)2 + 0.8182 S
  V=3.50  nd_p_002_asused: -0.7843 eV/atom   0.4073 Li5.44Nd0.02P0.98S4.37Cl1.6O0.03 + 0.5927 LiMnO2 -> 2.809 Li + 0.6273 SCl + 0.3931 MnS2 + 0.008147 NdCl3 + 0.1996 Mn(PO3)2 + 0.3666 S
  V=3.50  ndo_li_002: -0.7732 eV/atom   0.327 Li5.34Nd0.02P1S4.37Cl1.6O0.03 + 0.673 LiMnO2 -> 2.419 Li + 0.5035 SCl + 0.4158 MnS2 + 0.09373 MnSO4 + 0.00654 NdCl3 + 0.1635 Mn(PO3)2
  V=3.50  o_only_003: -0.7767 eV/atom   0.4024 Li5.4P1S4.37Cl1.6O0.03 + 0.5976 LiMnO2 -> 2.771 Li + 0.6439 SCl + 0.3964 MnS2 + 0.2012 Mn(PO3)2 + 0.3219 S
  V=3.50  lim_li_002: -0.7721 eV/atom   0.6703 LiMnO2 + 0.3297 Li5.34P1S4.4Cl1.6 -> 2.431 Li + 0.5275 SCl + 0.4176 MnS2 + 0.08791 MnSO4 + 0.1648 Mn(PO3)2
  V=3.50  lim_li_020: -0.7354 eV/atom   0.8261 LiMnO2 + 0.1739 Li4.8P1S4.4Cl1.6 -> 1.661 Li + 0.08696 Mn2P2O7 + 0.1391 MnCl2 + 0.2522 MnS2 + 0.2609 MnSO4
  V=3.50  lim_p_002: -0.7830 eV/atom   0.5951 LiMnO2 + 0.4049 Li5.44P0.98S4.4Cl1.6 -> 2.798 Li + 0.6478 SCl + 0.3968 MnS2 + 0.1984 Mn(PO3)2 + 0.3401 S
  V=3.50  lim_p_002_asused: -0.7811 eV/atom   0.4073 Li5.44P0.98S4.37Cl1.6O0.03 + 0.5927 LiMnO2 -> 2.809 Li + 0.6517 SCl + 0.3931 MnS2 + 0.1996 Mn(PO3)2 + 0.3422 S
  V=4.00  comp1    : -1.2867 eV/atom   Li6PS5Cl -> 6 Li + 0.5 P2S7 + SCl + 0.5 S  ⛔끝점 (mixing_x=1.000000) — 계면량 아님(자체분해)
  V=4.00  modelc   : -1.0787 eV/atom   0.6 LiMnO2 + 0.4 Li5.4P1S4.4Cl1.6 -> 2.76 Li + 0.4 MnS2 + 0.64 SCl + 0.2 Mn(PO3)2 + 0.32 S
  V=4.00  lpsocl   : -1.0690 eV/atom   0.4167 Li5.4P1S4.2Cl1.6O0.2 + 0.5833 LiMnO2 -> 2.833 Li + 0.375 MnS2 + 0.6667 SCl + 0.2083 Mn(PO3)2 + 0.3333 S
  V=4.00  modelc_nd: -0.9920 eV/atom   0.4255 Li4.8Nd0.2P1S4.1Cl1.6O0.3 + 0.5745 LiMnO2 -> 2.617 Li + 0.3617 MnS2 + 0.4255 SCl + 0.08511 NdCl3 + 0.2128 Mn(PO3)2 + 0.5957 S
  V=4.00  nd_only  : -1.0091 eV/atom   0.6 LiMnO2 + 0.4 Li4.8Nd0.2P1S4.4Cl1.6 -> 2.52 Li + 0.4 MnS2 + 0.4 SCl + 0.08 NdCl3 + 0.2 Mn(PO3)2 + 0.56 S
  V=4.00  o_only_03: -1.0640 eV/atom   0.4255 Li5.4P1S4.1Cl1.6O0.3 + 0.5745 LiMnO2 -> 2.872 Li + 0.3617 MnS2 + 0.6809 SCl + 0.2128 Mn(PO3)2 + 0.3404 S
  V=4.00  nd_li_002: -1.0716 eV/atom   0.6 LiMnO2 + 0.4 Li5.34Nd0.02P1S4.4Cl1.6 -> 2.736 Li + 0.4 MnS2 + 0.616 SCl + 0.008 NdCl3 + 0.2 Mn(PO3)2 + 0.344 S
  V=4.00  nd_p_002 : -1.0890 eV/atom   0.5951 LiMnO2 + 0.4049 Li5.44Nd0.02P0.98S4.4Cl1.6 -> 2.798 Li + 0.3968 MnS2 + 0.6235 SCl + 0.008097 NdCl3 + 0.1984 Mn(PO3)2 + 0.3644 S
  V=4.00  nd_p_020 : -1.2204 eV/atom   Li5.8Nd0.2P0.8S4.4Cl1.6 -> 5.8 Li + 0.4 P2S7 + SCl + 0.2 NdCl3 + 0.6 S  ⛔끝점 (mixing_x=1.000000) — 계면량 아님(자체분해)
  V=4.00  nd_p_002_asused: -1.0876 eV/atom   0.4073 Li5.44Nd0.02P0.98S4.37Cl1.6O0.03 + 0.5927 LiMnO2 -> 2.809 Li + 0.3931 MnS2 + 0.6273 SCl + 0.008147 NdCl3 + 0.1996 Mn(PO3)2 + 0.3666 S
  V=4.00  ndo_li_002: -1.0702 eV/atom   0.4024 Li5.34Nd0.02P1S4.37Cl1.6O0.03 + 0.5976 LiMnO2 -> 2.746 Li + 0.3964 MnS2 + 0.6197 SCl + 0.008048 NdCl3 + 0.2012 Mn(PO3)2 + 0.3461 S
  V=4.00  o_only_003: -1.0772 eV/atom   0.4024 Li5.4P1S4.37Cl1.6O0.03 + 0.5976 LiMnO2 -> 2.771 Li + 0.3964 MnS2 + 0.6439 SCl + 0.2012 Mn(PO3)2 + 0.3219 S
  V=4.00  lim_li_002: -1.0690 eV/atom   0.6 LiMnO2 + 0.4 Li5.34P1S4.4Cl1.6 -> 2.736 Li + 0.4 MnS2 + 0.64 SCl + 0.2 Mn(PO3)2 + 0.32 S
  V=4.00  lim_li_020: -0.9816 eV/atom   0.6 LiMnO2 + 0.4 Li4.8P1S4.4Cl1.6 -> 2.52 Li + 0.4 MnS2 + 0.64 SCl + 0.2 Mn(PO3)2 + 0.32 S
  V=4.00  lim_p_002: -1.0863 eV/atom   0.5951 LiMnO2 + 0.4049 Li5.44P0.98S4.4Cl1.6 -> 2.798 Li + 0.3968 MnS2 + 0.6478 SCl + 0.1984 Mn(PO3)2 + 0.3401 S
  V=4.00  lim_p_002_asused: -1.0850 eV/atom   0.4073 Li5.44P0.98S4.37Cl1.6O0.03 + 0.5927 LiMnO2 -> 2.809 Li + 0.3931 MnS2 + 0.6517 SCl + 0.1996 Mn(PO3)2 + 0.3422 S
  V=4.30  comp1    : -1.5438 eV/atom   Li6PS5Cl -> 6 Li + SCl + 0.5 P2S7 + 0.5 S  ⛔끝점 (mixing_x=1.000000) — 계면량 아님(자체분해)
  V=4.30  modelc   : -1.2720 eV/atom   0.1603 LiMnO2 + 0.8397 Li5.4P1S4.4Cl1.6 -> 4.695 Li + 1.13 SCl + 0.3664 P2S7 + 0.1069 MnCl2 + 0.05344 Mn(PO3)2
  V=4.30  lpsocl   : -1.2600 eV/atom   0.8333 Li5.4P1S4.2Cl1.6O0.2 + 0.1667 LiMnO2 -> 4.667 Li + 1.167 SCl + 0.3333 P2S7 + 0.08333 MnCl2 + 0.08333 Mn(PO3)2
  V=4.30  modelc_nd: -1.1560 eV/atom   0.4255 Li4.8Nd0.2P1S4.1Cl1.6O0.3 + 0.5745 LiMnO2 -> 2.617 Li + 0.4255 SCl + 0.3617 MnS2 + 0.08511 NdCl3 + 0.2128 Mn(PO3)2 + 0.5957 S
  V=4.30  nd_only  : -1.1707 eV/atom   0.6 LiMnO2 + 0.4 Li4.8Nd0.2P1S4.4Cl1.6 -> 2.52 Li + 0.4 SCl + 0.4 MnS2 + 0.08 NdCl3 + 0.2 Mn(PO3)2 + 0.56 S
  V=4.30  o_only_03: -1.2541 eV/atom   0.8302 Li5.4P1S4.1Cl1.6O0.3 + 0.1698 LiMnO2 -> 4.653 Li + 1.185 SCl + 0.317 P2S7 + 0.0717 MnCl2 + 0.09811 Mn(PO3)2
  V=4.30  nd_li_002: -1.2587 eV/atom   0.1486 LiMnO2 + 0.8514 Li5.34Nd0.02P1S4.4Cl1.6 -> 4.695 Li + 1.113 SCl + 0.3762 P2S7 + 0.09907 MnCl2 + 0.01703 NdCl3 + 0.04954 Mn(PO3)2
  V=4.30  nd_p_002 : -1.2910 eV/atom   Li5.44Nd0.02P0.98S4.4Cl1.6 -> 5.44 Li + 1.205 SCl + 0.06706 PCl5 + 0.4565 P2S7 + 0.02 NdCl3  ⛔끝점 (mixing_x=1.000000) — 계면량 아님(자체분해)
  V=4.30  nd_p_020 : -1.4689 eV/atom   Li5.8Nd0.2P0.8S4.4Cl1.6 -> 5.8 Li + SCl + 0.4 P2S7 + 0.2 NdCl3 + 0.6 S  ⛔끝점 (mixing_x=1.000000) — 계면량 아님(자체분해)
  V=4.30  nd_p_002_asused: -1.2890 eV/atom   0.9926 Li5.44Nd0.02P0.98S4.37Cl1.6O0.03 + 0.007444 LiMnO2 -> 5.407 Li + 1.209 SCl + 0.06393 PCl5 + 0.4469 P2S7 + 0.01985 NdCl3 + 0.007444 Mn(PO3)2
  V=4.30  ndo_li_002: -1.2569 eV/atom   0.8504 Li5.34Nd0.02P1S4.37Cl1.6O0.03 + 0.1496 LiMnO2 -> 4.691 Li + 1.119 SCl + 0.3711 P2S7 + 0.09548 MnCl2 + 0.01701 NdCl3 + 0.05412 Mn(PO3)2
  V=4.30  o_only_003: -1.2702 eV/atom   0.8387 Li5.4P1S4.37Cl1.6O0.03 + 0.1613 LiMnO2 -> 4.69 Li + 1.135 SCl + 0.3614 P2S7 + 0.1033 MnCl2 + 0.05795 Mn(PO3)2
  V=4.30  lim_li_002: -1.2549 eV/atom   0.1603 LiMnO2 + 0.8397 Li5.34P1S4.4Cl1.6 -> 4.644 Li + 1.13 SCl + 0.3664 P2S7 + 0.1069 MnCl2 + 0.05344 Mn(PO3)2
  V=4.30  lim_li_020: -1.1460 eV/atom   0.6 LiMnO2 + 0.4 Li4.8P1S4.4Cl1.6 -> 2.52 Li + 0.64 SCl + 0.4 MnS2 + 0.2 Mn(PO3)2 + 0.32 S
  V=4.30  lim_p_002: -1.2869 eV/atom   0.1466 LiMnO2 + 0.8534 Li5.44P0.98S4.4Cl1.6 -> 4.789 Li + 1.17 SCl + 0.3693 P2S7 + 0.09775 MnCl2 + 0.04888 Mn(PO3)2
  V=4.30  lim_p_002_asused: -1.2851 eV/atom   0.8524 Li5.44P0.98S4.37Cl1.6O0.03 + 0.1476 LiMnO2 -> 4.785 Li + 1.176 SCl + 0.3642 P2S7 + 0.09415 MnCl2 + 0.05347 Mn(PO3)2
  V=4.50  comp1    : -1.7153 eV/atom   Li6PS5Cl -> 6 Li + SCl + 0.5 P2S7 + 0.5 S  ⛔끝점 (mixing_x=1.000000) — 계면량 아님(자체분해)
  V=4.50  modelc   : -1.4249 eV/atom   Li5.4P1S4.4Cl1.6 -> 5.4 Li + 1.188 SCl + 0.4588 P2S7 + 0.08235 PCl5  ⛔끝점 (mixing_x=1.000000) — 계면량 아님(자체분해)
  V=4.50  lpsocl   : -1.4106 eV/atom   0.9524 Li5.4P1S4.2Cl1.6O0.2 + 0.04762 LiMnO2 -> 5.19 Li + 1.216 SCl + 0.3978 P2S7 + 0.06162 PCl5 + 0.04762 Mn(PO3)2
  V=4.50  modelc_nd: -1.2653 eV/atom   0.4255 Li4.8Nd0.2P1S4.1Cl1.6O0.3 + 0.5745 LiMnO2 -> 2.617 Li + 0.4255 SCl + 0.3617 MnS2 + 0.08511 NdCl3 + 0.2128 Mn(PO3)2 + 0.5957 S
  V=4.50  nd_only  : -1.2784 eV/atom   0.6 LiMnO2 + 0.4 Li4.8Nd0.2P1S4.4Cl1.6 -> 2.52 Li + 0.4 SCl + 0.4 MnS2 + 0.08 NdCl3 + 0.2 Mn(PO3)2 + 0.56 S
  V=4.50  o_only_03: -1.4037 eV/atom   0.9302 Li5.4P1S4.1Cl1.6O0.3 + 0.06977 LiMnO2 -> 5.093 Li + 1.228 SCl + 0.3694 P2S7 + 0.05198 PCl5 + 0.06977 Mn(PO3)2
  V=4.50  nd_li_002: -1.4086 eV/atom   Li5.34Nd0.02P1S4.4Cl1.6 -> 5.34 Li + 1.164 SCl + 0.4624 P2S7 + 0.07529 PCl5 + 0.02 NdCl3  ⛔끝점 (mixing_x=1.000000) — 계면량 아님(자체분해)
  V=4.50  nd_p_002 : -1.4464 eV/atom   Li5.44Nd0.02P0.98S4.4Cl1.6 -> 5.44 Li + 1.205 SCl + 0.4565 P2S7 + 0.06706 PCl5 + 0.02 NdCl3  ⛔끝점 (mixing_x=1.000000) — 계면량 아님(자체분해)
  V=4.50  nd_p_020 : -1.6347 eV/atom   Li5.8Nd0.2P0.8S4.4Cl1.6 -> 5.8 Li + SCl + 0.4 P2S7 + 0.2 NdCl3 + 0.6 S  ⛔끝점 (mixing_x=1.000000) — 계면량 아님(자체분해)
  V=4.50  nd_p_002_asused: -1.4442 eV/atom   Li5.44Nd0.02P0.98S4.37Cl1.6O0.03 -> 5.44 Li + 1.212 SCl + 0.003333 Nd(PO3)3 + 0.4512 P2S7 + 0.06765 PCl5 + 0.01667 NdCl3  ⛔끝점 (mixing_x=1.000000) — 계면량 아님(자체분해)
  V=4.50  ndo_li_002: -1.4065 eV/atom   0.9926 Li5.34Nd0.02P1S4.37Cl1.6O0.03 + 0.007444 LiMnO2 -> 5.308 Li + 1.168 SCl + 0.4528 P2S7 + 0.07211 PCl5 + 0.01985 NdCl3 + 0.007444 Mn(PO3)2
  V=4.50  o_only_003: -1.4227 eV/atom   0.9926 Li5.4P1S4.37Cl1.6O0.03 + 0.007444 LiMnO2 -> 5.367 Li + 1.193 SCl + 0.4493 P2S7 + 0.07911 PCl5 + 0.007444 Mn(PO3)2
  V=4.50  lim_li_002: -1.4047 eV/atom   Li5.34P1S4.4Cl1.6 -> 5.34 Li + 1.188 SCl + 0.4588 P2S7 + 0.08235 PCl5  ⛔끝점 (mixing_x=1.000000) — 계면량 아님(자체분해)
  V=4.50  lim_li_020: -1.2555 eV/atom   0.6 LiMnO2 + 0.4 Li4.8P1S4.4Cl1.6 -> 2.52 Li + 0.64 SCl + 0.4 MnS2 + 0.2 Mn(PO3)2 + 0.32 S
  V=4.50  lim_p_002: -1.4426 eV/atom   Li5.44P0.98S4.4Cl1.6 -> 5.44 Li + 1.229 SCl + 0.4529 P2S7 + 0.07412 PCl5  ⛔끝점 (mixing_x=1.000000) — 계면량 아님(자체분해)
  V=4.50  lim_p_002_asused: -1.4404 eV/atom   0.9926 Li5.44P0.98S4.37Cl1.6O0.03 + 0.007444 LiMnO2 -> 5.407 Li + 1.233 SCl + 0.4434 P2S7 + 0.07094 PCl5 + 0.007444 Mn(PO3)2

######## cathode NMC811 (LiNi0.8Co0.1Mn0.1O2) ########
  V=2.50  comp1    : -0.7505 eV/atom   0.7595 Li1Mn0.1Co0.1Ni0.8O2 + 0.2405 Li6PS5Cl -> 0.962 Li + 0.07595 Co(NiS2)2 + 0.2405 Li3PO4 + 0.1519 Ni3S4 + 0.1392 Li2SO4 + 0.07595 MnS2 + 0.2405 LiCl
  V=2.50  modelc   : -0.7098 eV/atom   0.7397 Li1Mn0.1Co0.1Ni0.8O2 + 0.2603 Li5.4P1S4.4Cl1.6 -> 0.7288 Li + 0.07397 Co(NiS2)2 + 0.2603 Li3PO4 + 0.1479 Ni3S4 + 0.1096 Li2SO4 + 0.07397 MnS2 + 0.4164 LiCl
  V=2.50  lpsocl   : -0.6957 eV/atom   0.7518 Li1Mn0.1Co0.1Ni0.8O2 + 0.2482 Li5.4P1S4.2Cl1.6O0.2 -> 0.8204 Li + 0.07518 LiMnPO4 + 0.07518 Co(NiS2)2 + 0.173 Li3PO4 + 0.1504 Ni3S4 + 0.1401 Li2SO4 + 0.3971 LiCl
  V=2.50  modelc_nd: -0.6740 eV/atom   0.2528 Li4.8Nd0.2P1S4.1Cl1.6O0.3 + 0.7472 Li1Mn0.1Co0.1Ni0.8O2 -> 0.8193 Li + 0.07472 LiMnPO4 + 0.07472 Co(NiS2)2 + 0.1275 Li3PO4 + 0.05056 NdPO4 + 0.1494 Ni3S4 + 0.1398 Li2SO4 + 0.4045 LiCl
  V=2.50  nd_only  : -0.6957 eV/atom   0.7606 Li1Mn0.1Co0.1Ni0.8O2 + 0.2394 Li4.8Nd0.2P1S4.4Cl1.6 -> 0.8225 Li + 0.07606 LiMnPO4 + 0.07606 Co(NiS2)2 + 0.1155 Li3PO4 + 0.04789 NdPO4 + 0.1521 Ni3S4 + 0.1408 Li2SO4 + 0.3831 LiCl
  V=2.50  o_only_03: -0.6883 eV/atom   0.7472 Li1Mn0.1Co0.1Ni0.8O2 + 0.2528 Li5.4P1S4.1Cl1.6O0.3 -> 0.8193 Li + 0.07472 LiMnPO4 + 0.07472 Co(NiS2)2 + 0.1781 Li3PO4 + 0.1494 Ni3S4 + 0.1398 Li2SO4 + 0.4045 LiCl
  V=2.50  nd_li_002: -0.7083 eV/atom   0.7397 Li1Mn0.1Co0.1Ni0.8O2 + 0.2603 Li5.34Nd0.02P1S4.4Cl1.6 -> 0.7288 Li + 0.07397 Co(NiS2)2 + 0.2551 Li3PO4 + 0.005205 NdPO4 + 0.1479 Ni3S4 + 0.1096 Li2SO4 + 0.07397 MnS2 + 0.4164 LiCl
  V=2.50  nd_p_002 : -0.7092 eV/atom   0.739 Li1Mn0.1Co0.1Ni0.8O2 + 0.261 Li5.44Nd0.02P0.98S4.4Cl1.6 -> 0.7621 Li + 0.0739 Co(NiS2)2 + 0.2505 Li3PO4 + 0.00522 NdPO4 + 0.1478 Ni3S4 + 0.1137 Li2SO4 + 0.0739 MnS2 + 0.4176 LiCl
  V=2.50  nd_p_020 : -0.7032 eV/atom   0.7536 Li1Mn0.1Co0.1Ni0.8O2 + 0.2464 Li5.8Nd0.2P0.8S4.4Cl1.6 -> 1.136 Li + 0.07536 LiMnPO4 + 0.07536 Co(NiS2)2 + 0.07246 Li3PO4 + 0.04928 NdPO4 + 0.1507 Ni3S4 + 0.1797 Li2SO4 + 0.3942 LiCl
  V=2.50  nd_p_002_asused: -0.7070 eV/atom   0.2414 Li5.44Nd0.02P0.98S4.37Cl1.6O0.03 + 0.7586 Li1Mn0.1Co0.1Ni0.8O2 -> 0.853 Li + 0.07586 LiMnPO4 + 0.07586 Co(NiS2)2 + 0.1559 Li3PO4 + 0.004828 NdPO4 + 0.1517 Ni3S4 + 0.1446 Li2SO4 + 0.3862 LiCl
  V=2.50  ndo_li_002: -0.7062 eV/atom   0.2407 Li5.34Nd0.02P1S4.37Cl1.6O0.03 + 0.7593 Li1Mn0.1Co0.1Ni0.8O2 -> 0.8222 Li + 0.07593 LiMnPO4 + 0.07593 Co(NiS2)2 + 0.16 Li3PO4 + 0.004814 NdPO4 + 0.1519 Ni3S4 + 0.1407 Li2SO4 + 0.3851 LiCl
  V=2.50  o_only_003: -0.7076 eV/atom   0.7593 Li1Mn0.1Co0.1Ni0.8O2 + 0.2407 Li5.4P1S4.37Cl1.6O0.03 -> 0.8222 Li + 0.07593 LiMnPO4 + 0.07593 Co(NiS2)2 + 0.1648 Li3PO4 + 0.1519 Ni3S4 + 0.1407 Li2SO4 + 0.3851 LiCl
  V=2.50  lim_li_002: -0.7084 eV/atom   0.7397 Li1Mn0.1Co0.1Ni0.8O2 + 0.2603 Li5.34P1S4.4Cl1.6 -> 0.7132 Li + 0.07397 Co(NiS2)2 + 0.2603 Li3PO4 + 0.1479 Ni3S4 + 0.1096 Li2SO4 + 0.07397 MnS2 + 0.4164 LiCl
  V=2.50  lim_li_020: -0.6966 eV/atom   0.7606 Li1Mn0.1Co0.1Ni0.8O2 + 0.2394 Li4.8P1S4.4Cl1.6 -> 0.6789 Li + 0.07606 LiMnPO4 + 0.07606 Co(NiS2)2 + 0.1634 Li3PO4 + 0.1521 Ni3S4 + 0.1408 Li2SO4 + 0.3831 LiCl
  V=2.50  lim_p_002: -0.7093 eV/atom   0.739 Li1Mn0.1Co0.1Ni0.8O2 + 0.261 Li5.44P0.98S4.4Cl1.6 -> 0.7464 Li + 0.0739 Co(NiS2)2 + 0.2558 Li3PO4 + 0.1478 Ni3S4 + 0.1137 Li2SO4 + 0.0739 MnS2 + 0.4176 LiCl
  V=2.50  lim_p_002_asused: -0.7071 eV/atom   0.7586 Li1Mn0.1Co0.1Ni0.8O2 + 0.2414 Li5.44P0.98S4.37Cl1.6O0.03 -> 0.8385 Li + 0.07586 LiMnPO4 + 0.07586 Co(NiS2)2 + 0.1607 Li3PO4 + 0.1517 Ni3S4 + 0.1446 Li2SO4 + 0.3862 LiCl
  V=3.00  comp1    : -0.8830 eV/atom   0.7756 Li1Mn0.1Co0.1Ni0.8O2 + 0.2244 Li6PS5Cl -> 1.221 Li + 0.07756 Co(NiS2)2 + 0.07756 Li2MnP2O7 + 0.03465 Li4P2O7 + 0.1551 Ni3S4 + 0.1914 Li2SO4 + 0.2244 LiCl
  V=3.00  modelc   : -0.8143 eV/atom   0.7576 Li1Mn0.1Co0.1Ni0.8O2 + 0.2424 Li5.4P1S4.4Cl1.6 -> 0.9551 Li + 0.07576 Co(NiS2)2 + 0.0833 Li4P2O7 + 0.07576 LiMnPO4 + 0.1515 Ni3S4 + 0.1573 Li2SO4 + 0.3878 LiCl
  V=3.00  lpsocl   : -0.7990 eV/atom   0.7486 Li1Mn0.1Co0.1Ni0.8O2 + 0.2514 Li5.4P1S4.2Cl1.6O0.2 -> 0.9609 Li + 0.07486 Co(NiS2)2 + 0.08827 Li4P2O7 + 0.07486 LiMnPO4 + 0.1497 Ni3S4 + 0.1575 Li2SO4 + 0.4022 LiCl
  V=3.00  modelc_nd: -0.7751 eV/atom   0.2552 Li4.8Nd0.2P1S4.1Cl1.6O0.3 + 0.7448 Li1Mn0.1Co0.1Ni0.8O2 -> 0.9225 Li + 0.07448 Co(NiS2)2 + 0.06484 Li4P2O7 + 0.07448 LiMnPO4 + 0.05104 NdPO4 + 0.149 Ni3S4 + 0.1526 Li2SO4 + 0.4083 LiCl
  V=3.00  nd_only  : -0.7988 eV/atom   0.7585 Li1Mn0.1Co0.1Ni0.8O2 + 0.2415 Li4.8Nd0.2P1S4.4Cl1.6 -> 0.9159 Li + 0.07585 Co(NiS2)2 + 0.05868 Li4P2O7 + 0.07585 LiMnPO4 + 0.0483 NdPO4 + 0.1517 Ni3S4 + 0.1524 Li2SO4 + 0.3864 LiCl
  V=3.00  o_only_03: -0.7910 eV/atom   0.7438 Li1Mn0.1Co0.1Ni0.8O2 + 0.2562 Li5.4P1S4.1Cl1.6O0.3 -> 0.9639 Li + 0.07438 Co(NiS2)2 + 0.09089 Li4P2O7 + 0.07438 LiMnPO4 + 0.1488 Ni3S4 + 0.1577 Li2SO4 + 0.4099 LiCl
  V=3.00  nd_li_002: -0.8128 eV/atom   0.7577 Li1Mn0.1Co0.1Ni0.8O2 + 0.2423 Li5.34Nd0.02P1S4.4Cl1.6 -> 0.9512 Li + 0.07577 Co(NiS2)2 + 0.08083 Li4P2O7 + 0.07577 LiMnPO4 + 0.004846 NdPO4 + 0.1515 Ni3S4 + 0.1568 Li2SO4 + 0.3877 LiCl
  V=3.00  nd_p_002 : -0.8175 eV/atom   0.7571 Li1Mn0.1Co0.1Ni0.8O2 + 0.2429 Li5.44Nd0.02P0.98S4.4Cl1.6 -> 0.9788 Li + 0.07571 Co(NiS2)2 + 0.07873 Li4P2O7 + 0.07571 LiMnPO4 + 0.004858 NdPO4 + 0.1514 Ni3S4 + 0.1602 Li2SO4 + 0.3886 LiCl
  V=3.00  nd_p_020 : -0.8463 eV/atom   0.7509 Li1Mn0.1Co0.1Ni0.8O2 + 0.2491 Li5.8Nd0.2P0.8S4.4Cl1.6 -> 1.258 Li + 0.07509 Co(NiS2)2 + 0.07435 Li2MnP2O7 + 0.0007435 LiMnPO4 + 0.04981 NdPO4 + 0.1502 Ni3S4 + 0.1948 Li2SO4 + 0.3985 LiCl
  V=3.00  nd_p_002_asused: -0.8152 eV/atom   0.2442 Li5.44Nd0.02P0.98S4.37Cl1.6O0.03 + 0.7558 Li1Mn0.1Co0.1Ni0.8O2 -> 0.9797 Li + 0.07558 Co(NiS2)2 + 0.07943 Li4P2O7 + 0.07558 LiMnPO4 + 0.004884 NdPO4 + 0.1512 Ni3S4 + 0.1603 Li2SO4 + 0.3907 LiCl
  V=3.00  ndo_li_002: -0.8105 eV/atom   0.2436 Li5.34Nd0.02P1S4.37Cl1.6O0.03 + 0.7564 Li1Mn0.1Co0.1Ni0.8O2 -> 0.952 Li + 0.07564 Co(NiS2)2 + 0.08154 Li4P2O7 + 0.07564 LiMnPO4 + 0.004872 NdPO4 + 0.1513 Ni3S4 + 0.1568 Li2SO4 + 0.3898 LiCl
  V=3.00  o_only_003: -0.8121 eV/atom   0.7563 Li1Mn0.1Co0.1Ni0.8O2 + 0.2437 Li5.4P1S4.37Cl1.6O0.03 -> 0.956 Li + 0.07563 Co(NiS2)2 + 0.08403 Li4P2O7 + 0.07563 LiMnPO4 + 0.1513 Ni3S4 + 0.1573 Li2SO4 + 0.3899 LiCl
  V=3.00  lim_li_002: -0.8112 eV/atom   0.7576 Li1Mn0.1Co0.1Ni0.8O2 + 0.2424 Li5.34P1S4.4Cl1.6 -> 0.9406 Li + 0.07576 Co(NiS2)2 + 0.0833 Li4P2O7 + 0.07576 LiMnPO4 + 0.1515 Ni3S4 + 0.1573 Li2SO4 + 0.3878 LiCl
  V=3.00  lim_li_020: -0.7828 eV/atom   0.7576 Li1Mn0.1Co0.1Ni0.8O2 + 0.2424 Li4.8P1S4.4Cl1.6 -> 0.8097 Li + 0.07576 Co(NiS2)2 + 0.0833 Li4P2O7 + 0.07576 LiMnPO4 + 0.1515 Ni3S4 + 0.1573 Li2SO4 + 0.3878 LiCl
  V=3.00  lim_p_002: -0.8159 eV/atom   0.757 Li1Mn0.1Co0.1Ni0.8O2 + 0.243 Li5.44P0.98S4.4Cl1.6 -> 0.9681 Li + 0.0757 Co(NiS2)2 + 0.08121 Li4P2O7 + 0.0757 LiMnPO4 + 0.1514 Ni3S4 + 0.1607 Li2SO4 + 0.3888 LiCl
  V=3.00  lim_p_002_asused: -0.8137 eV/atom   0.7557 Li1Mn0.1Co0.1Ni0.8O2 + 0.2443 Li5.44P0.98S4.37Cl1.6O0.03 -> 0.9691 Li + 0.07557 Co(NiS2)2 + 0.08192 Li4P2O7 + 0.07557 LiMnPO4 + 0.1511 Ni3S4 + 0.1607 Li2SO4 + 0.3909 LiCl
  V=3.50  comp1    : -1.0818 eV/atom   0.7459 Li1Mn0.1Co0.1Ni0.8O2 + 0.2541 Li6PS5Cl -> 1.801 Li + 0.07459 LiMn(PO3)3 + 0.4696 NiS2 + 0.07459 CoS2 + 0.1271 NiCl2 + 0.1823 Li2SO4 + 0.03039 LiPO3
  V=3.50  modelc   : -0.9853 eV/atom   0.7561 Li1Mn0.1Co0.1Ni0.8O2 + 0.2439 Li5.4P1S4.4Cl1.6 -> 1.683 Li + 0.04634 Ni(PO3)2 + 0.3634 NiS2 + 0.07561 CoS2 + 0.1951 NiCl2 + 0.1951 Li2SO4 + 0.07561 Mn(PO3)2
  V=3.50  lpsocl   : -0.9710 eV/atom   0.7653 Li1Mn0.1Co0.1Ni0.8O2 + 0.2347 Li5.4P1S4.2Cl1.6O0.2 -> 1.749 Li + 0.1173 Ni(PO3)2 + 0.07653 Li2Mn(SO4)2 + 0.3071 NiS2 + 0.07653 CoS2 + 0.1878 NiCl2 + 0.06531 Li2SO4
  V=3.50  modelc_nd: -0.9400 eV/atom   0.2421 Li4.8Nd0.2P1S4.1Cl1.6O0.3 + 0.7579 Li1Mn0.1Co0.1Ni0.8O2 -> 1.592 Li + 0.02421 Ni(PO3)2 + 0.07579 Li2Mn(SO4)2 + 0.2369 NiS2 + 0.07579 Co(NiS2)2 + 0.04841 LiNd(PO3)4 + 0.1937 NiCl2 + 0.06398 Li2SO4
  V=3.50  nd_only  : -0.9626 eV/atom   0.7514 Li1Mn0.1Co0.1Ni0.8O2 + 0.2486 Li4.8Nd0.2P1S4.4Cl1.6 -> 1.667 Li + 0.02486 Ni(PO3)2 + 0.07514 Li2Mn(SO4)2 + 0.3773 NiS2 + 0.04973 LiNd(PO3)4 + 0.07514 CoS2 + 0.1989 NiCl2 + 0.03892 Li2SO4
  V=3.50  o_only_03: -0.9638 eV/atom   0.7623 Li1Mn0.1Co0.1Ni0.8O2 + 0.2377 Li5.4P1S4.1Cl1.6O0.3 -> 1.757 Li + 0.1189 Ni(PO3)2 + 0.07623 Li2Mn(SO4)2 + 0.3008 NiS2 + 0.07623 CoS2 + 0.1902 NiCl2 + 0.06822 Li2SO4
  V=3.50  nd_li_002: -0.9830 eV/atom   0.7542 Li1Mn0.1Co0.1Ni0.8O2 + 0.2458 Li5.34Nd0.02P1S4.4Cl1.6 -> 1.676 Li + 0.03766 Ni(PO3)2 + 0.369 NiS2 + 0.004916 LiNd(PO3)4 + 0.07542 CoS2 + 0.1967 NiCl2 + 0.1927 Li2SO4 + 0.07542 Mn(PO3)2
  V=3.50  nd_p_002 : -0.9910 eV/atom   0.7533 Li1Mn0.1Co0.1Ni0.8O2 + 0.2467 Li5.44Nd0.02P0.98S4.4Cl1.6 -> 1.7 Li + 0.03567 Ni(PO3)2 + 0.3697 NiS2 + 0.004933 LiNd(PO3)4 + 0.07533 CoS2 + 0.1973 NiCl2 + 0.1954 Li2SO4 + 0.07533 Mn(PO3)2
  V=3.50  nd_p_020 : -1.0448 eV/atom   0.7416 Li1Mn0.1Co0.1Ni0.8O2 + 0.2584 Li5.8Nd0.2P0.8S4.4Cl1.6 -> 1.906 Li + 0.07416 Li2Mn(SO4)2 + 0.3865 NiS2 + 0.05169 LiNd(PO3)4 + 0.07416 CoS2 + 0.2067 NiCl2 + 0.06742 Li2SO4
  V=3.50  nd_p_002_asused: -0.9889 eV/atom   0.2476 Li5.44Nd0.02P0.98S4.37Cl1.6O0.03 + 0.7524 Li1Mn0.1Co0.1Ni0.8O2 -> 1.702 Li + 0.03617 Ni(PO3)2 + 0.3677 NiS2 + 0.004952 LiNd(PO3)4 + 0.07524 CoS2 + 0.1981 NiCl2 + 0.1961 Li2SO4 + 0.07524 Mn(PO3)2
  V=3.50  ndo_li_002: -0.9809 eV/atom   0.2316 Li5.34Nd0.02P1S4.37Cl1.6O0.03 + 0.7684 Li1Mn0.1Co0.1Ni0.8O2 -> 1.729 Li + 0.1065 Ni(PO3)2 + 0.07684 Li2Mn(SO4)2 + 0.323 NiS2 + 0.004631 LiNd(PO3)4 + 0.07684 CoS2 + 0.1853 NiCl2 + 0.0586 Li2SO4
  V=3.50  o_only_003: -0.9831 eV/atom   0.7552 Li1Mn0.1Co0.1Ni0.8O2 + 0.2448 Li5.4P1S4.37Cl1.6O0.03 -> 1.685 Li + 0.04688 Ni(PO3)2 + 0.3614 NiS2 + 0.07552 CoS2 + 0.1958 NiCl2 + 0.1958 Li2SO4 + 0.07552 Mn(PO3)2
  V=3.50  lim_li_002: -0.9804 eV/atom   0.7711 Li1Mn0.1Co0.1Ni0.8O2 + 0.2289 Li5.34P1S4.4Cl1.6 -> 1.72 Li + 0.1144 Ni(PO3)2 + 0.07711 Li2Mn(SO4)2 + 0.3194 NiS2 + 0.07711 CoS2 + 0.1831 NiCl2 + 0.0597 Li2SO4
  V=3.50  lim_li_020: -0.9382 eV/atom   0.7868 Li1Mn0.1Co0.1Ni0.8O2 + 0.2132 Li4.8P1S4.4Cl1.6 -> 1.501 Li + 0.1066 Ni(PO3)2 + 0.07868 Li2Mn(SO4)2 + 0.1949 NiS2 + 0.07868 Co(NiS2)2 + 0.1706 NiCl2 + 0.07614 Li2SO4
  V=3.50  lim_p_002: -0.9883 eV/atom   0.7553 Li1Mn0.1Co0.1Ni0.8O2 + 0.2447 Li5.44P0.98S4.4Cl1.6 -> 1.691 Li + 0.0444 Ni(PO3)2 + 0.364 NiS2 + 0.07553 CoS2 + 0.1958 NiCl2 + 0.1977 Li2SO4 + 0.07553 Mn(PO3)2
  V=3.50  lim_p_002_asused: -0.9861 eV/atom   0.7544 Li1Mn0.1Co0.1Ni0.8O2 + 0.2456 Li5.44P0.98S4.37Cl1.6O0.03 -> 1.694 Li + 0.04493 Ni(PO3)2 + 0.362 NiS2 + 0.07544 CoS2 + 0.1965 NiCl2 + 0.1985 Li2SO4 + 0.07544 Mn(PO3)2
  V=4.00  comp1    : -1.3799 eV/atom   0.5789 Li1Mn0.1Co0.1Ni0.8O2 + 0.4211 Li6PS5Cl -> 3.105 Li + 0.05789 MnP4O11 + 0.04737 NiP4O11 + 0.4211 SCl + 0.4158 NiS2 + 0.05789 CoS2 + 0.7368 S
  V=4.00  modelc   : -1.2395 eV/atom   0.6386 Li1Mn0.1Co0.1Ni0.8O2 + 0.3614 Li5.4P1S4.4Cl1.6 -> 2.59 Li + 0.1169 Ni(PO3)2 + 0.09639 SO2 + 0.5783 SCl + 0.394 NiS2 + 0.06386 CoS2 + 0.06386 Mn(PO3)2
  V=4.00  lpsocl   : -1.2234 eV/atom   0.7321 Li1Mn0.1Co0.1Ni0.8O2 + 0.2679 Li5.4P1S4.2Cl1.6O0.2 -> 2.179 Li + 0.06071 Ni(PO3)2 + 0.3571 SO2 + 0.3107 NiS2 + 0.07321 CoS2 + 0.2143 NiCl2 + 0.07321 Mn(PO3)2
  V=4.00  modelc_nd: -1.1709 eV/atom   0.2443 Li4.8Nd0.2P1S4.1Cl1.6O0.3 + 0.7557 Li1Mn0.1Co0.1Ni0.8O2 -> 1.929 Li + 0.1222 Ni(PO3)2 + 0.1281 SO2 + 0.02443 Nd2(SO4)3 + 0.07557 MnSO4 + 0.2869 NiS2 + 0.07557 CoS2 + 0.1955 NiCl2
  V=4.00  nd_only  : -1.1923 eV/atom   0.7458 Li1Mn0.1Co0.1Ni0.8O2 + 0.2542 Li4.8Nd0.2P1S4.4Cl1.6 -> 1.966 Li + 0.05254 Ni(PO3)2 + 0.2119 SO2 + 0.02542 Nd2(SO4)3 + 0.3407 NiS2 + 0.07458 CoS2 + 0.2034 NiCl2 + 0.07458 Mn(PO3)2
  V=4.00  o_only_03: -1.2162 eV/atom   0.7285 Li1Mn0.1Co0.1Ni0.8O2 + 0.2715 Li5.4P1S4.1Cl1.6O0.3 -> 2.195 Li + 0.0629 Ni(PO3)2 + 0.362 SO2 + 0.3027 NiS2 + 0.07285 CoS2 + 0.2172 NiCl2 + 0.07285 Mn(PO3)2
  V=4.00  nd_li_002: -1.2340 eV/atom   0.6359 Li1Mn0.1Co0.1Ni0.8O2 + 0.3641 Li5.34Nd0.02P1S4.4Cl1.6 -> 2.58 Li + 0.1075 Ni(PO3)2 + 0.08981 SO2 + 0.5825 SCl + 0.007282 Nd(PO3)3 + 0.4012 NiS2 + 0.06359 CoS2 + 0.06359 Mn(PO3)2
  V=4.00  nd_p_002 : -1.2493 eV/atom   0.6337 Li1Mn0.1Co0.1Ni0.8O2 + 0.3663 Li5.44Nd0.02P0.98S4.4Cl1.6 -> 2.626 Li + 0.1051 Ni(PO3)2 + 0.09524 SO2 + 0.5861 SCl + 0.007326 Nd(PO3)3 + 0.4018 NiS2 + 0.06337 CoS2 + 0.06337 Mn(PO3)2
  V=4.00  nd_p_020 : -1.3441 eV/atom   0.5909 Li1Mn0.1Co0.1Ni0.8O2 + 0.4091 Li5.8Nd0.2P0.8S4.4Cl1.6 -> 2.964 Li + 0.06364 SO2 + 0.006061 Nd2(SO4)3 + 0.6545 SCl + 0.0697 Nd(PO3)3 + 0.4727 NiS2 + 0.05909 CoS2 + 0.05909 Mn(PO3)2
  V=4.00  nd_p_002_asused: -1.2468 eV/atom   0.3683 Li5.44Nd0.02P0.98S4.37Cl1.6O0.03 + 0.6317 Li1Mn0.1Co0.1Ni0.8O2 -> 2.635 Li + 0.1063 Ni(PO3)2 + 0.09576 SO2 + 0.5893 SCl + 0.007366 Nd(PO3)3 + 0.3991 NiS2 + 0.06317 CoS2 + 0.06317 Mn(PO3)2
  V=4.00  ndo_li_002: -1.2314 eV/atom   0.3661 Li5.34Nd0.02P1S4.37Cl1.6O0.03 + 0.6339 Li1Mn0.1Co0.1Ni0.8O2 -> 2.589 Li + 0.1087 Ni(PO3)2 + 0.0903 SO2 + 0.5857 SCl + 0.007322 Nd(PO3)3 + 0.3985 NiS2 + 0.06339 CoS2 + 0.06339 Mn(PO3)2
  V=4.00  o_only_003: -1.2370 eV/atom   0.6366 Li1Mn0.1Co0.1Ni0.8O2 + 0.3634 Li5.4P1S4.37Cl1.6O0.03 -> 2.599 Li + 0.118 Ni(PO3)2 + 0.09691 SO2 + 0.5815 SCl + 0.3912 NiS2 + 0.06366 CoS2 + 0.06366 Mn(PO3)2
  V=4.00  lim_li_002: -1.2305 eV/atom   0.6386 Li1Mn0.1Co0.1Ni0.8O2 + 0.3614 Li5.34P1S4.4Cl1.6 -> 2.569 Li + 0.1169 Ni(PO3)2 + 0.09639 SO2 + 0.5783 SCl + 0.394 NiS2 + 0.06386 CoS2 + 0.06386 Mn(PO3)2
  V=4.00  lim_li_020: -1.1659 eV/atom   0.7589 Li1Mn0.1Co0.1Ni0.8O2 + 0.2411 Li4.8P1S4.4Cl1.6 -> 1.916 Li + 0.1205 Ni(PO3)2 + 0.2455 SO2 + 0.07589 MnSO4 + 0.2938 NiS2 + 0.07589 CoS2 + 0.1929 NiCl2
  V=4.00  lim_p_002: -1.2457 eV/atom   0.6364 Li1Mn0.1Co0.1Ni0.8O2 + 0.3636 Li5.44P0.98S4.4Cl1.6 -> 2.615 Li + 0.1145 Ni(PO3)2 + 0.1018 SO2 + 0.5818 SCl + 0.3945 NiS2 + 0.06364 CoS2 + 0.06364 Mn(PO3)2
  V=4.00  lim_p_002_asused: -1.2431 eV/atom   0.6344 Li1Mn0.1Co0.1Ni0.8O2 + 0.3656 Li5.44P0.98S4.37Cl1.6O0.03 -> 2.623 Li + 0.1157 Ni(PO3)2 + 0.1024 SO2 + 0.585 SCl + 0.3918 NiS2 + 0.06344 CoS2 + 0.06344 Mn(PO3)2
  V=4.30  comp1    : -1.5788 eV/atom   0.5789 Li1Mn0.1Co0.1Ni0.8O2 + 0.4211 Li6PS5Cl -> 3.105 Li + 0.04737 NiP4O11 + 0.05789 MnP4O11 + 0.4211 SCl + 0.4158 NiS2 + 0.05789 CoS2 + 0.7368 S
  V=4.30  modelc   : -1.4147 eV/atom   0.6199 Li1Mn0.1Co0.1Ni0.8O2 + 0.3801 Li5.4P1S4.4Cl1.6 -> 2.673 Li + 0.06199 MnP4O11 + 0.06608 Ni(PO3)2 + 0.6082 SCl + 0.4298 NiS2 + 0.06199 CoS2 + 0.0807 SO2
  V=4.30  lpsocl   : -1.3987 eV/atom   0.625 Li1Mn0.1Co0.1Ni0.8O2 + 0.375 Li5.4P1S4.2Cl1.6O0.2 -> 2.65 Li + 0.125 Ni(PO3)2 + 0.6 SCl + 0.375 NiS2 + 0.0625 CoS2 + 0.1 SO2 + 0.0625 Mn(PO3)2
  V=4.30  modelc_nd: -1.3180 eV/atom   0.2827 Li4.8Nd0.2P1S4.1Cl1.6O0.3 + 0.7173 Li1Mn0.1Co0.1Ni0.8O2 -> 2.074 Li + 0.3476 NiS2 + 0.005061 Nd2(SO4)3 + 0.04642 Nd(PO3)3 + 0.07173 CoS2 + 0.3052 SO2 + 0.2262 NiCl2 + 0.07173 Mn(PO3)2
  V=4.30  nd_only  : -1.3429 eV/atom   0.6104 Li1Mn0.1Co0.1Ni0.8O2 + 0.3896 Li4.8Nd0.2P1S4.4Cl1.6 -> 2.481 Li + 0.01688 Ni(PO3)2 + 0.6234 SCl + 0.4714 NiS2 + 0.07792 Nd(PO3)3 + 0.06104 CoS2 + 0.02597 SO2 + 0.06104 Mn(PO3)2
  V=4.30  o_only_03: -1.3905 eV/atom   0.6178 Li1Mn0.1Co0.1Ni0.8O2 + 0.3822 Li5.4P1S4.1Cl1.6O0.3 -> 2.682 Li + 0.1293 Ni(PO3)2 + 0.6115 SCl + 0.365 NiS2 + 0.06178 CoS2 + 0.1019 SO2 + 0.06178 Mn(PO3)2
  V=4.30  nd_li_002: -1.4078 eV/atom   0.6149 Li1Mn0.1Co0.1Ni0.8O2 + 0.3851 Li5.34Nd0.02P1S4.4Cl1.6 -> 2.671 Li + 0.06149 MnP4O11 + 0.0503 Ni(PO3)2 + 0.6161 SCl + 0.007701 NdP5O14 + 0.4416 NiS2 + 0.06149 CoS2 + 0.07192 SO2
  V=4.30  nd_p_002 : -1.4268 eV/atom   0.6126 Li1Mn0.1Co0.1Ni0.8O2 + 0.3874 Li5.44Nd0.02P0.98S4.4Cl1.6 -> 2.72 Li + 0.06126 MnP4O11 + 0.04791 Ni(PO3)2 + 0.6198 SCl + 0.007747 NdP5O14 + 0.4422 NiS2 + 0.06126 CoS2 + 0.07771 SO2
  V=4.30  nd_p_020 : -1.5412 eV/atom   0.5455 Li1Mn0.1Co0.1Ni0.8O2 + 0.4545 Li5.8Nd0.2P0.8S4.4Cl1.6 -> 3.182 Li + 0.7091 SCl + 0.4364 NiS2 + 0.08485 Nd(PO3)3 + 0.05455 CoS2 + 0.006061 NdCl3 + 0.05455 Mn(PO3)2 + 0.3091 S
  V=4.30  nd_p_002_asused: -1.4244 eV/atom   0.3895 Li5.44Nd0.02P0.98S4.37Cl1.6O0.03 + 0.6105 Li1Mn0.1Co0.1Ni0.8O2 -> 2.729 Li + 0.06105 MnP4O11 + 0.04925 Ni(PO3)2 + 0.6231 SCl + 0.007789 NdP5O14 + 0.4392 NiS2 + 0.06105 CoS2 + 0.07831 SO2
  V=4.30  ndo_li_002: -1.4053 eV/atom   0.3871 Li5.34Nd0.02P1S4.37Cl1.6O0.03 + 0.6129 Li1Mn0.1Co0.1Ni0.8O2 -> 2.68 Li + 0.06129 MnP4O11 + 0.05164 Ni(PO3)2 + 0.6194 SCl + 0.007743 NdP5O14 + 0.4387 NiS2 + 0.06129 CoS2 + 0.07248 SO2
  V=4.30  o_only_003: -1.4124 eV/atom   0.6179 Li1Mn0.1Co0.1Ni0.8O2 + 0.3821 Li5.4P1S4.37Cl1.6O0.03 -> 2.681 Li + 0.06179 MnP4O11 + 0.06749 Ni(PO3)2 + 0.6114 SCl + 0.4268 NiS2 + 0.06179 CoS2 + 0.08131 SO2
  V=4.30  lim_li_002: -1.4038 eV/atom   0.6199 Li1Mn0.1Co0.1Ni0.8O2 + 0.3801 Li5.34P1S4.4Cl1.6 -> 2.65 Li + 0.06199 MnP4O11 + 0.06608 Ni(PO3)2 + 0.6082 SCl + 0.4298 NiS2 + 0.06199 CoS2 + 0.0807 SO2
  V=4.30  lim_li_020: -1.3130 eV/atom   0.7391 Li1Mn0.1Co0.1Ni0.8O2 + 0.2609 Li4.8P1S4.4Cl1.6 -> 1.991 Li + 0.05652 Ni(PO3)2 + 0.3261 NiS2 + 0.07391 CoS2 + 0.3478 SO2 + 0.2087 NiCl2 + 0.07391 Mn(PO3)2
  V=4.30  lim_p_002: -1.4227 eV/atom   0.6176 Li1Mn0.1Co0.1Ni0.8O2 + 0.3824 Li5.44P0.98S4.4Cl1.6 -> 2.698 Li + 0.06176 MnP4O11 + 0.06382 Ni(PO3)2 + 0.6118 SCl + 0.4303 NiS2 + 0.06176 CoS2 + 0.08647 SO2
  V=4.30  lim_p_002_asused: -1.4204 eV/atom   0.6156 Li1Mn0.1Co0.1Ni0.8O2 + 0.3844 Li5.44P0.98S4.37Cl1.6O0.03 -> 2.707 Li + 0.06156 MnP4O11 + 0.06523 Ni(PO3)2 + 0.615 SCl + 0.4273 NiS2 + 0.06156 CoS2 + 0.08711 SO2
  V=4.50  comp1    : -1.7153 eV/atom   Li6PS5Cl -> 6 Li + SCl + 0.5 P2S7 + 0.5 S  ⛔끝점 (mixing_x=1.000000) — 계면량 아님(자체분해)
  V=4.50  modelc   : -1.5330 eV/atom   0.6091 Li1Mn0.1Co0.1Ni0.8O2 + 0.3909 Li5.4P1S4.4Cl1.6 -> 2.72 Li + 0.03681 NiP4O11 + 0.06091 MnP4O11 + 0.6254 SCl + 0.06091 CoS2 + 0.4505 NiS2 + 0.07166 SO2
  V=4.50  lpsocl   : -1.5180 eV/atom   0.6061 Li1Mn0.1Co0.1Ni0.8O2 + 0.3939 Li5.4P1S4.2Cl1.6O0.2 -> 2.733 Li + 0.06061 MnP4O11 + 0.6303 SCl + 0.06061 CoS2 + 0.4091 NiS2 + 0.08485 SO2 + 0.07576 Ni(PO3)2
  V=4.50  modelc_nd: -1.4241 eV/atom   0.4138 Li4.8Nd0.2P1S4.1Cl1.6O0.3 + 0.5862 Li1Mn0.1Co0.1Ni0.8O2 -> 2.572 Li + 0.6621 SCl + 0.05862 CoS2 + 0.4448 NiS2 + 0.02759 SO2 + 0.02414 Ni(PO3)2 + 0.08276 Nd(PO3)3 + 0.05862 Mn(PO3)2
  V=4.50  nd_only  : -1.4501 eV/atom   0.6043 Li1Mn0.1Co0.1Ni0.8O2 + 0.3957 Li4.8Nd0.2P1S4.4Cl1.6 -> 2.504 Li + 0.01871 NdP5O14 + 0.6331 SCl + 0.06043 CoS2 + 0.4835 NiS2 + 0.02014 SO2 + 0.06043 Nd(PO3)3 + 0.06043 Mn(PO3)2
  V=4.50  o_only_03: -1.5102 eV/atom   0.5988 Li1Mn0.1Co0.1Ni0.8O2 + 0.4012 Li5.4P1S4.1Cl1.6O0.3 -> 2.765 Li + 0.05988 MnP4O11 + 0.642 SCl + 0.05988 CoS2 + 0.3981 NiS2 + 0.08704 SO2 + 0.08086 Ni(PO3)2
  V=4.50  nd_li_002: -1.5252 eV/atom   0.6149 Li1Mn0.1Co0.1Ni0.8O2 + 0.3851 Li5.34Nd0.02P1S4.4Cl1.6 -> 2.671 Li + 0.06149 MnP4O11 + 0.007701 NdP5O14 + 0.6161 SCl + 0.06149 CoS2 + 0.4416 NiS2 + 0.07192 SO2 + 0.0503 Ni(PO3)2
  V=4.50  nd_p_002 : -1.5469 eV/atom   0.5745 Li1Mn0.1Co0.1Ni0.8O2 + 0.4255 Li5.44Nd0.02P0.98S4.4Cl1.6 -> 2.889 Li + 0.03617 NiP4O11 + 0.05745 MnP4O11 + 0.008511 NdP5O14 + 0.6809 SCl + 0.05745 CoS2 + 0.4234 NiS2 + 0.2298 S
  V=4.50  nd_p_020 : -1.6732 eV/atom   0.5455 Li1Mn0.1Co0.1Ni0.8O2 + 0.4545 Li5.8Nd0.2P0.8S4.4Cl1.6 -> 3.182 Li + 0.7091 SCl + 0.05455 CoS2 + 0.4364 NiS2 + 0.08485 Nd(PO3)3 + 0.006061 NdCl3 + 0.05455 Mn(PO3)2 + 0.3091 S
  V=4.50  nd_p_002_asused: -1.5446 eV/atom   0.4283 Li5.44Nd0.02P0.98S4.37Cl1.6O0.03 + 0.5717 Li1Mn0.1Co0.1Ni0.8O2 -> 2.901 Li + 0.03704 NiP4O11 + 0.05717 MnP4O11 + 0.008565 NdP5O14 + 0.6852 SCl + 0.05717 CoS2 + 0.4203 NiS2 + 0.2313 S
  V=4.50  ndo_li_002: -1.5230 eV/atom   0.3871 Li5.34Nd0.02P1S4.37Cl1.6O0.03 + 0.6129 Li1Mn0.1Co0.1Ni0.8O2 -> 2.68 Li + 0.06129 MnP4O11 + 0.007743 NdP5O14 + 0.6194 SCl + 0.06129 CoS2 + 0.4387 NiS2 + 0.07248 SO2 + 0.05164 Ni(PO3)2
  V=4.50  o_only_003: -1.5308 eV/atom   0.6179 Li1Mn0.1Co0.1Ni0.8O2 + 0.3821 Li5.4P1S4.37Cl1.6O0.03 -> 2.681 Li + 0.06179 MnP4O11 + 0.6114 SCl + 0.06179 CoS2 + 0.4268 NiS2 + 0.08131 SO2 + 0.06749 Ni(PO3)2
  V=4.50  lim_li_002: -1.5211 eV/atom   0.6199 Li1Mn0.1Co0.1Ni0.8O2 + 0.3801 Li5.34P1S4.4Cl1.6 -> 2.65 Li + 0.06199 MnP4O11 + 0.6082 SCl + 0.06199 CoS2 + 0.4298 NiS2 + 0.0807 SO2 + 0.06608 Ni(PO3)2
  V=4.50  lim_li_020: -1.4158 eV/atom   0.6386 Li1Mn0.1Co0.1Ni0.8O2 + 0.3614 Li4.8P1S4.4Cl1.6 -> 2.373 Li + 0.5783 SCl + 0.06386 CoS2 + 0.394 NiS2 + 0.09639 SO2 + 0.1169 Ni(PO3)2 + 0.06386 Mn(PO3)2
  V=4.50  lim_p_002: -1.5424 eV/atom   0.574 Li1Mn0.1Co0.1Ni0.8O2 + 0.426 Li5.44P0.98S4.4Cl1.6 -> 2.891 Li + 0.04696 NiP4O11 + 0.0574 MnP4O11 + 0.6816 SCl + 0.0574 CoS2 + 0.4122 NiS2 + 0.2535 S
  V=4.50  lim_p_002_asused: -1.5400 eV/atom   0.6049 Li1Mn0.1Co0.1Ni0.8O2 + 0.3951 Li5.44P0.98S4.37Cl1.6O0.03 -> 2.754 Li + 0.03632 NiP4O11 + 0.06049 MnP4O11 + 0.6322 SCl + 0.06049 CoS2 + 0.4476 NiS2 + 0.07837 SO2

══ 산물 인구조사 — 갭(§C) 대상 후보 36 종 ══
  Li2SO4           174 회   처음 나온 곳 LiCoO2@2.50V/comp1
  SCl              163 회   처음 나온 곳 LiCoO2@3.50V/comp1
  CoS2             154 회   처음 나온 곳 LiCoO2@2.50V/comp1
  LiCl             142 회   처음 나온 곳 LiCoO2@2.50V/comp1
  NiS2             125 회   처음 나온 곳 LiNiO2@3.50V/comp1
  Ni(PO3)2         106 회   처음 나온 곳 LiNiO2@3.50V/lim_li_002
  SO2               96 회   처음 나온 곳 LiCoO2@4.00V/lim_li_002
  Mn(PO3)2          76 회   처음 나온 곳 LiMnO2@3.50V/comp1
  MnS2              74 회   처음 나온 곳 LiMnO2@2.50V/comp1
  Ni3S4             66 회   처음 나온 곳 LiNiO2@2.50V/comp1
  Li3PO4            65 회   처음 나온 곳 LiCoO2@2.50V/comp1
  S                 64 회   처음 나온 곳 LiCoO2@4.00V/comp1
  NiCl2             58 회   처음 나온 곳 LiNiO2@3.50V/comp1
  NdPO4             56 회   처음 나온 곳 LiCoO2@2.50V/modelc_nd
  Li4P2O7           48 회   처음 나온 곳 LiCoO2@3.00V/comp1
  NdP5O14           38 회   처음 나온 곳 LiCoO2@4.00V/modelc_nd
  CoP4O11           37 회   처음 나온 곳 LiCoO2@4.00V/comp1
  Co(NiS2)2         34 회   처음 나온 곳 NMC811@2.50V/comp1
  Nd(PO3)3          25 회   처음 나온 곳 LiCoO2@4.00V/nd_p_020
  LiMnPO4           25 회   처음 나온 곳 NMC811@2.50V/lim_li_020
  NdCl3             23 회   처음 나온 곳 LiMnO2@3.50V/modelc_nd
  MnP4O11           22 회   처음 나온 곳 NMC811@4.00V/comp1
  LiNd(PO3)4        19 회   처음 나온 곳 LiCoO2@3.50V/modelc_nd
  Mn2P2O7           18 회   처음 나온 곳 LiMnO2@3.00V/lim_li_002
  LiPO3             16 회   처음 나온 곳 LiCoO2@3.50V/comp1
  P2S7              15 회   처음 나온 곳 LiMnO2@4.30V/lim_li_002
  MnCl2             13 회   처음 나온 곳 LiMnO2@3.50V/lim_li_020
  MnSO4             10 회   처음 나온 곳 LiMnO2@3.50V/lim_li_002
  Nd2(SO4)3          9 회   처음 나온 곳 LiNiO2@3.50V/modelc_nd
  NiP4O11            9 회   처음 나온 곳 LiNiO2@4.30V/comp1
  Li2Mn(SO4)2        8 회   처음 나온 곳 NMC811@3.50V/lim_li_002
  PCl5               6 회   처음 나온 곳 LiMnO2@4.30V/nd_p_002_asused
  NiSO4              4 회   처음 나온 곳 LiNiO2@3.50V/lim_li_020
  Li2MnP2O7          3 회   처음 나온 곳 LiMnO2@3.00V/nd_p_002
  LiNi(PO3)3         1 회   처음 나온 곳 LiNiO2@3.50V/comp1
  LiMn(PO3)3         1 회   처음 나온 곳 NMC811@3.50V/comp1
  (저장소 회계로 제외: {'Li': 367} — 상이 아니라 전기화학 장부다)
  ⛔ 끝점 퇴화로 제외: 17/384 칸 — 전해질 자체분해라 계면 산물이 아니다
  ⛔ 이 목록은 **최소 kink 산물**만이다. 다른 kink 의 상은 여기 없다 (카드 G2).
  ⚠ 기체·홑원소(S·SO₂·PCl₅)는 **안 걸렀다** — 갭 대상인지는 카드·사람이 정한다.

══ 재현 대조 vs db/properties/cei_interface_V_2026_09_19.json ══
  REPRODUCED · 겹친 칸 240 · 문턱 0.002 eV/atom
  최대 차 0.000000  (LiCoO2 2.50 V comp1: -0.66624 → -0.66624)
  이번에 새로 들어간 조성: lim_li_002, lim_li_020, lim_p_002, lim_p_002_asused, ndo_li_002, o_only_003

→ db/properties/cei_interface_V_x002_2026_09_28.json
