chemsys = ['Cl', 'Co', 'Li', 'Mn', 'Ni', 'O', 'P', 'S', 'Sc']
Retrieving ThermoDoc documents:   0%|          | 0/4990 [00:00<?, ?it/s]Retrieving ThermoDoc documents:  40%|████      | 2000/4990 [00:03<00:04, 648.66it/s]Retrieving ThermoDoc documents:  60%|██████    | 3000/4990 [00:06<00:05, 396.08it/s]Retrieving ThermoDoc documents:  80%|████████  | 4000/4990 [00:11<00:03, 314.02it/s]Retrieving ThermoDoc documents: 100%|██████████| 4990/4990 [00:14<00:00, 298.16it/s]Retrieving ThermoDoc documents: 100%|██████████| 4990/4990 [00:14<00:00, 334.55it/s]
[mp_api] 4990 entries in Cl-Co-Li-Mn-Ni-O-P-S-Sc
mu_Li(metal) = -1.9089 eV/atom

######## cathode LiCoO2 (LiCoO2) ########
  V=2.50  base     : -0.6238 eV/atom   0.6835 LiCoO2 + 0.3165 Li5.4P1S4.4Cl1.6 -> 0.8861 Li + 0.6835 CoS2 + 0.3165 Li3PO4 + 0.02532 Li2SO4 + 0.5063 LiCl
  V=2.50  Sc_x002  : -0.6219 eV/atom   0.3162 Li5.34Sc0.02P1S4.4Cl1.6 + 0.6838 LiCoO2 -> 0.871 Li + 0.003162 Sc2O3 + 0.6838 CoS2 + 0.3162 Li3PO4 + 0.0234 Li2SO4 + 0.5058 LiCl
  V=3.50  base     : -0.8859 eV/atom   0.6732 LiCoO2 + 0.3268 Li5.4P1S4.4Cl1.6 -> 1.405 Li + 0.6732 CoS2 + 0.0915 Li2SO4 + 0.3268 LiPO3 + 0.5229 LiCl
  V=3.50  Sc_x002  : -0.8831 eV/atom   0.3268 Li5.34Sc0.02P1S4.4Cl1.6 + 0.6732 LiCoO2 -> 1.405 Li + 0.006536 Sc(PO3)3 + 0.6732 CoS2 + 0.0915 Li2SO4 + 0.3072 LiPO3 + 0.5229 LiCl
  V=4.30  base     : -1.3459 eV/atom   0.5789 LiCoO2 + 0.4211 Li5.4P1S4.4Cl1.6 -> 2.853 Li + 0.6737 SCl + 0.1053 CoP4O11 + 0.4737 CoS2 + 0.2316 S
  V=4.30  Sc_x002  : -1.3387 eV/atom   0.4197 Li5.34Sc0.02P1S4.4Cl1.6 + 0.5803 LiCoO2 -> 2.822 Li + 0.008395 Sc(PO3)3 + 0.6716 SCl + 0.09864 CoP4O11 + 0.4816 CoS2 + 0.212 S
  V=4.50  base     : -1.4677 eV/atom   0.5789 LiCoO2 + 0.4211 Li5.4P1S4.4Cl1.6 -> 2.853 Li + 0.6737 SCl + 0.4737 CoS2 + 0.1053 CoP4O11 + 0.2316 S
  V=4.50  Sc_x002  : -1.4591 eV/atom   0.4197 Li5.34Sc0.02P1S4.4Cl1.6 + 0.5803 LiCoO2 -> 2.822 Li + 0.008395 Sc(PO3)3 + 0.6716 SCl + 0.4816 CoS2 + 0.09864 CoP4O11 + 0.212 S

######## cathode NMC811 (LiNi0.8Co0.1Mn0.1O2) ########
  V=2.50  base     : -0.7098 eV/atom   0.7397 Li1Mn0.1Co0.1Ni0.8O2 + 0.2603 Li5.4P1S4.4Cl1.6 -> 0.7288 Li + 0.07397 Co(NiS2)2 + 0.2603 Li3PO4 + 0.1479 Ni3S4 + 0.1096 Li2SO4 + 0.07397 MnS2 + 0.4164 LiCl
  V=2.50  Sc_x002  : -0.7082 eV/atom   0.74 Li1Mn0.1Co0.1Ni0.8O2 + 0.26 Li5.34Sc0.02P1S4.4Cl1.6 -> 0.7163 Li + 0.074 Co(NiS2)2 + 0.0026 Sc2O3 + 0.26 Li3PO4 + 0.148 Ni3S4 + 0.108 Li2SO4 + 0.074 MnS2 + 0.416 LiCl
  V=3.50  base     : -0.9853 eV/atom   0.7561 Li1Mn0.1Co0.1Ni0.8O2 + 0.2439 Li5.4P1S4.4Cl1.6 -> 1.683 Li + 0.04634 Ni(PO3)2 + 0.1951 NiCl2 + 0.07561 CoS2 + 0.3634 NiS2 + 0.1951 Li2SO4 + 0.07561 Mn(PO3)2
  V=3.50  Sc_x002  : -0.9826 eV/atom   0.7547 Li1Mn0.1Co0.1Ni0.8O2 + 0.2453 Li5.34Sc0.02P1S4.4Cl1.6 -> 1.678 Li + 0.03984 Ni(PO3)2 + 0.004907 Sc(PO3)3 + 0.1963 NiCl2 + 0.07547 CoS2 + 0.3676 NiS2 + 0.1933 Li2SO4 + 0.07547 Mn(PO3)2
  V=4.30  base     : -1.4147 eV/atom   0.6199 Li1Mn0.1Co0.1Ni0.8O2 + 0.3801 Li5.4P1S4.4Cl1.6 -> 2.673 Li + 0.06608 Ni(PO3)2 + 0.6082 SCl + 0.0807 SO2 + 0.06199 MnP4O11 + 0.4298 NiS2 + 0.06199 CoS2
  V=4.30  Sc_x002  : -1.4074 eV/atom   0.6172 Li1Mn0.1Co0.1Ni0.8O2 + 0.3828 Li5.34Sc0.02P1S4.4Cl1.6 -> 2.661 Li + 0.007656 Sc(PO3)3 + 0.05648 Ni(PO3)2 + 0.6125 SCl + 0.07385 SO2 + 0.06172 MnP4O11 + 0.4373 NiS2 + 0.06172 CoS2
  V=4.50  base     : -1.5330 eV/atom   0.6091 Li1Mn0.1Co0.1Ni0.8O2 + 0.3909 Li5.4P1S4.4Cl1.6 -> 2.72 Li + 0.6254 SCl + 0.07166 SO2 + 0.03681 NiP4O11 + 0.06091 CoS2 + 0.4505 NiS2 + 0.06091 MnP4O11
  V=4.50  Sc_x002  : -1.5247 eV/atom   0.6172 Li1Mn0.1Co0.1Ni0.8O2 + 0.3828 Li5.34Sc0.02P1S4.4Cl1.6 -> 2.661 Li + 0.007656 Sc(PO3)3 + 0.6125 SCl + 0.07385 SO2 + 0.06172 CoS2 + 0.05648 Ni(PO3)2 + 0.4373 NiS2 + 0.06172 MnP4O11

══ 산물 인구조사 — 갭(§C) 대상 후보 20 종 ══
  CoS2              14 회   처음 나온 곳 LiCoO2@2.50V/Sc_x002
  Li2SO4             8 회   처음 나온 곳 LiCoO2@2.50V/Sc_x002
  SCl                8 회   처음 나온 곳 LiCoO2@4.30V/Sc_x002
  LiCl               6 회   처음 나온 곳 LiCoO2@2.50V/Sc_x002
  Sc(PO3)3           6 회   처음 나온 곳 LiCoO2@3.50V/Sc_x002
  NiS2               6 회   처음 나온 곳 NMC811@3.50V/Sc_x002
  Ni(PO3)2           5 회   처음 나온 곳 NMC811@3.50V/Sc_x002
  Li3PO4             4 회   처음 나온 곳 LiCoO2@2.50V/Sc_x002
  CoP4O11            4 회   처음 나온 곳 LiCoO2@4.30V/Sc_x002
  S                  4 회   처음 나온 곳 LiCoO2@4.30V/Sc_x002
  SO2                4 회   처음 나온 곳 NMC811@4.30V/Sc_x002
  MnP4O11            4 회   처음 나온 곳 NMC811@4.30V/Sc_x002
  Sc2O3              2 회   처음 나온 곳 LiCoO2@2.50V/Sc_x002
  LiPO3              2 회   처음 나온 곳 LiCoO2@3.50V/Sc_x002
  Co(NiS2)2          2 회   처음 나온 곳 NMC811@2.50V/Sc_x002
  Ni3S4              2 회   처음 나온 곳 NMC811@2.50V/Sc_x002
  MnS2               2 회   처음 나온 곳 NMC811@2.50V/Sc_x002
  NiCl2              2 회   처음 나온 곳 NMC811@3.50V/Sc_x002
  Mn(PO3)2           2 회   처음 나온 곳 NMC811@3.50V/Sc_x002
  NiP4O11            1 회   처음 나온 곳 NMC811@4.50V/base
  (저장소 회계로 제외: {'Li': 16} — 상이 아니라 전기화학 장부다)
  ⛔ 이 목록은 **최소 kink 산물**만이다. 다른 kink 의 상은 여기 없다 (카드 G2).
  ⚠ 기체·홑원소(S·SO₂·PCl₅)는 **안 걸렀다** — 갭 대상인지는 카드·사람이 정한다.

══ 재현 대조 vs db/properties/dopant_iface_Sc_2026_09_16.json ══
  REPRODUCED · 겹친 칸 8 · 문턱 0.002 eV/atom
  최대 차 0.000000  (LiCoO2 2.50 V base: -0.62382 → -0.62382)
  이번에 새로 들어간 조성: Sc_x002
  ⚠ 옛 파일에만 있는 조성: Sc

→ db/properties/dopant_iface_Sc_x002_2026_09_28.json
