      Step     Time          Energy          fmax
FIRE:    0 02:53:45    -4413.710111        0.327022
FIRE:    1 02:53:46    -4413.748250        0.300735
FIRE:    2 02:53:46    -4413.779913        0.252165
FIRE:    3 02:53:47    -4413.827148        0.195956
FIRE:    4 02:53:48    -4413.873446        0.177903
FIRE:    5 02:53:49    -4413.912445        0.228241
FIRE:    6 02:53:50    -4413.971331        0.231229
FIRE:    7 02:53:50    -4414.025767        0.187160
FIRE:    8 02:53:51    -4414.097681        0.117047
FIRE:    9 02:53:52    -4414.169634        0.109351
FIRE:   10 02:53:53    -4414.260017        0.126463
FIRE:   11 02:53:53    -4414.358091        0.132359
FIRE:   12 02:53:54    -4414.476289        0.122272
FIRE:   13 02:53:55    -4414.599101        0.167565
FIRE:   14 02:53:56    -4414.700619        0.227782
FIRE:   15 02:53:57    -4414.753287        0.103479
FIRE:   16 02:53:57    -4414.733670        0.189635
FIRE:   17 02:53:58    -4414.748592        0.146482
FIRE:   18 02:53:59    -4414.766427        0.077053
FIRE:   19 02:54:00    -4414.774230        0.064024
FIRE:   20 02:54:00    -4414.774660        0.063985
FIRE:   21 02:54:01    -4414.775323        0.063905
FIRE:   22 02:54:02    -4414.776262        0.063787
FIRE:   23 02:54:03    -4414.777599        0.063625
FIRE:   24 02:54:04    -4414.779181        0.063428
FIRE:   25 02:54:04    -4414.780947        0.063193
FIRE:   26 02:54:05    -4414.782987        0.062915
FIRE:   27 02:54:06    -4414.785485        0.062567
FIRE:   28 02:54:07    -4414.788726        0.062136
FIRE:   29 02:54:08    -4414.792722        0.061600
FIRE:   30 02:54:08    -4414.797679        0.060939
FIRE:   31 02:54:09    -4414.803907        0.060136
FIRE:   32 02:54:10    -4414.811401        0.059171
FIRE:   33 02:54:11    -4414.820501        0.058032
FIRE:   34 02:54:11    -4414.831591        0.056688
FIRE:   35 02:54:12    -4414.845078        0.055121
FIRE:   36 02:54:13    -4414.861543        0.053329
FIRE:   37 02:54:14    -4414.881300        0.051300
FIRE:   38 02:54:15    -4414.905215        0.049052
FIRE:   39 02:54:15    -4414.934019        0.046601
FIRE:   40 02:54:16    -4414.968327        0.044771
FIRE:   41 02:54:17    -4415.009348        0.044724
FIRE:   42 02:54:18    -4415.057972        0.046006
FIRE:   43 02:54:19    -4415.115588        0.043795
FIRE:   44 02:54:19    -4415.183268        0.043718
FIRE:   45 02:54:20    -4415.262385        0.046608
FIRE:   46 02:54:21    -4415.353868        0.042761
FIRE:   47 02:54:22    -4415.453079        0.063080
FIRE:   48 02:54:22    -4415.529346        0.152774
FIRE:   49 02:54:23    -4415.564801        0.278844
FIRE:   50 02:54:24    -4415.641747        0.052303
FIRE:   51 02:54:25    -4415.643308        0.040430
FIRE:   52 02:54:26    -4415.645370        0.034875
FIRE:   53 02:54:26    -4415.647203        0.034883
FIRE:   54 02:54:27    -4415.649215        0.038685
FIRE:   55 02:54:28    -4415.652128        0.040467
FIRE:   56 02:54:29    -4415.656343        0.034892
FIRE:   57 02:54:30    -4415.660936        0.034883
FIRE:   58 02:54:30    -4415.666010        0.034856
FIRE:   59 02:54:31    -4415.672330        0.035256
FIRE:   60 02:54:32    -4415.680953        0.034721
FIRE:   61 02:54:33    -4415.691184        0.034590
FIRE:   62 02:54:33    -4415.703480        0.034392
FIRE:   63 02:54:34    -4415.719219        0.034114
FIRE:   64 02:54:35    -4415.737373        0.033733
FIRE:   65 02:54:36    -4415.760382        0.033252
FIRE:   66 02:54:37    -4415.787355        0.032647
FIRE:   67 02:54:37    -4415.819392        0.035102
FIRE:   68 02:54:38    -4415.857391        0.039367
FIRE:   69 02:54:39    -4415.900419        0.061992
FIRE:   70 02:54:40    -4415.942027        0.143737
FIRE:   71 02:54:40    -4415.934529        0.396318
FIRE:   72 02:54:41    -4416.009146        0.039743
FIRE:   73 02:54:42    -4416.009656        0.031740
FIRE:   74 02:54:43    -4416.010444        0.027425
FIRE:   75 02:54:44    -4416.011464        0.027420
FIRE:   76 02:54:44    -4416.012775        0.028311
FIRE:   77 02:54:45    -4416.014416        0.030995
FIRE:   78 02:54:46    -4416.016498        0.027382
FIRE:   79 02:54:47    -4416.018969        0.027358
FIRE:   80 02:54:48    -4416.021919        0.027327
FIRE:   81 02:54:48    -4416.025604        0.027282
FIRE:   82 02:54:49    -4416.030308        0.027221
FIRE:   83 02:54:50    -4416.036171        0.027141
FIRE:   84 02:54:51    -4416.043251        0.027030
FIRE:   85 02:54:51    -4416.052150        0.026873
FIRE:   86 02:54:52    -4416.062929        0.026670
FIRE:   87 02:54:53    -4416.076047        0.026416
FIRE:   88 02:54:54    -4416.091880        0.026088
FIRE:   89 02:54:55    -4416.110957        0.026331
FIRE:   90 02:54:55    -4416.133778        0.027766
FIRE:   91 02:54:56    -4416.160449        0.044531
FIRE:   92 02:54:57    -4416.189239        0.125187
FIRE:   93 02:54:58    -4416.202790        0.362649
FIRE:   94 02:54:59    -4416.227521        0.022869
FIRE:   95 02:54:59    -4416.210178        0.332591
FIRE:   96 02:55:00    -4416.219020        0.247980
FIRE:   97 02:55:01    -4416.228437        0.101905
FIRE:   98 02:55:02    -4416.230030        0.070511
FIRE:   99 02:55:02    -4416.230242        0.066349
FIRE:  100 02:55:03    -4416.230490        0.058228
FIRE:  101 02:55:04    -4416.230853        0.046921
FIRE:  102 02:55:05    -4416.231251        0.033635
FIRE:  103 02:55:06    -4416.231676        0.022747
FIRE:  104 02:55:06    -4416.232018        0.022743
FIRE:  105 02:55:07    -4416.232348        0.022736
FIRE:  106 02:55:08    -4416.232657        0.031868
FIRE:  107 02:55:09    -4416.233254        0.038581
FIRE:  108 02:55:10    -4416.234003        0.039632
FIRE:  109 02:55:10    -4416.234938        0.033603
FIRE:  110 02:55:11    -4416.236196        0.022625
FIRE:  111 02:55:12    -4416.237643        0.022580
FIRE:  112 02:55:13    -4416.239190        0.026517
FIRE:  113 02:55:13    -4416.241152        0.032229
FIRE:  114 02:55:14    -4416.243777        0.023986
FIRE:  115 02:55:15    -4416.246817        0.022316
FIRE:  116 02:55:16    -4416.250500        0.028478
FIRE:  117 02:55:17    -4416.255081        0.023662
FIRE:  118 02:55:17    -4416.260623        0.021916
FIRE:  119 02:55:18    -4416.267113        0.026741
FIRE:  120 02:55:19    -4416.275266        0.021498
FIRE:  121 02:55:20    -4416.284787        0.024601
FIRE:  122 02:55:21    -4416.296206        0.027111
FIRE:  123 02:55:21    -4416.309894        0.020481
FIRE:  124 02:55:22    -4416.326011        0.019997
