
     Program NEB v.7.4.1 starts on 13Aug2026 at 16:42: 3 

     This program is part of the open-source Quantum ESPRESSO suite
     for quantum simulation of materials; please cite
         "P. Giannozzi et al., J. Phys.:Condens. Matter 21 395502 (2009);
         "P. Giannozzi et al., J. Phys.:Condens. Matter 29 465901 (2017);
         "P. Giannozzi et al., J. Chem. Phys. 152 154105 (2020);
          URL http://www.quantum-espresso.org", 
     in publications or presentations arising from this work. More details at
     http://www.quantum-espresso.org/quote

     Parallel version (MPI & OpenMP), running on       1 processor cores
     Number of MPI processes:                 1
     Threads/MPI process:                     1

     MPI processes distributed on     1 nodes
     11097 MiB available memory on the printing compute node when the environment starts
 

     Parsing file: neb.in
     Reading input from pw_1.in
     file Nd.pbe-spdn-kjpaw_psl.1.0.0.UPF: wavefunction(s)  5D renormalized
     Reading input from pw_2.in
     file Nd.pbe-spdn-kjpaw_psl.1.0.0.UPF: wavefunction(s)  5D renormalized

     reading file 'li3nd.path'

 
     string_method                 =    neb
     restart_mode                  =    restart
     opt_scheme                    =    broyden
     num_of_images                 =    7
     nstep_path                    =    100
     CI_scheme                     =    auto
     first_last_opt                =    F
     use_freezing                  =    F
     ds                            =    1.0000 a.u.
     k_max                         =    0.3000 a.u.
     k_min                         =    0.2000 a.u.
     suggested k_max               =    0.6169 a.u.
     suggested k_min               =    0.4112 a.u.
     path_thr                      =    0.0500 eV / A

     ------------------------------ iteration  58 ------------------------------

     tcpu =      1.0    self-consistency for image   2
     Message from routine setup:
     using ibrav=0 with symmetry is DISCOURAGED, use correct ibrav instead
     tcpu =    164.9    self-consistency for image   3
     Message from routine setup:
     using ibrav=0 with symmetry is DISCOURAGED, use correct ibrav instead
     tcpu =    312.4    self-consistency for image   4
     Message from routine setup:
     using ibrav=0 with symmetry is DISCOURAGED, use correct ibrav instead
     tcpu =    470.4    self-consistency for image   5
     Message from routine setup:
     using ibrav=0 with symmetry is DISCOURAGED, use correct ibrav instead
     tcpu =    625.1    self-consistency for image   6
     Message from routine setup:
     using ibrav=0 with symmetry is DISCOURAGED, use correct ibrav instead

     activation energy (->) =   0.228981 eV
     activation energy (<-) =   0.228958 eV

     image        energy (eV)        error (eV/A)        frozen

         1     -58870.8555247            0.018504            T
         2     -58870.7152454            0.033254            F
         3     -58870.6265976            0.039027            F
         4     -58870.6436760            0.029479            F
         5     -58870.6265442            0.027103            F
         6     -58870.7151798            0.033270            F
         7     -58870.8555018            0.018448            T

     climbing image =  5

     path length          = 15.466 bohr
     inter-image distance =  2.578 bohr

     ---------------------------------------------------------------------------


     neb: convergence achieved in  58 iterations
 
     NEB          :  12m43.57s CPU  13m 2.10s WALL

 
   This run was terminated on:  16:55: 5  13Aug2026            

=------------------------------------------------------------------------------=
   JOB DONE.
=------------------------------------------------------------------------------=
Warning: ieee_invalid is signaling
Warning: ieee_divide_by_zero is signaling
Warning: ieee_underflow is signaling
Warning: ieee_inexact is signaling
FORTRAN STOP
