      Step     Time          Energy          fmax
FIRE:    0 02:29:08    -1293.815803        0.569345
FIRE:    1 02:29:08    -1293.870853        0.555026
FIRE:    2 02:29:08    -1293.967652        0.527634
FIRE:    3 02:29:09    -1294.086432        0.489162
FIRE:    4 02:29:09    -1294.210684        0.441825
FIRE:    5 02:29:09    -1294.332400        0.387523
FIRE:    6 02:29:09    -1294.449872        0.326759
FIRE:    7 02:29:10    -1294.561910        0.297290
FIRE:    8 02:29:10    -1294.675204        0.272591
FIRE:    9 02:29:10    -1294.779522        0.236955
FIRE:   10 02:29:11    -1294.865863        0.230654
FIRE:   11 02:29:11    -1294.931594        0.264802
FIRE:   12 02:29:11    -1294.973267        0.219194
FIRE:   13 02:29:12    -1294.997827        0.256307
FIRE:   14 02:29:12    -1295.006212        0.247789
FIRE:   15 02:29:12    -1295.021629        0.231326
FIRE:   16 02:29:13    -1295.041891        0.207876
FIRE:   17 02:29:13    -1295.064891        0.178897
FIRE:   18 02:29:13    -1295.089192        0.147800
FIRE:   19 02:29:14    -1295.113915        0.128522
FIRE:   20 02:29:14    -1295.138572        0.110912
FIRE:   21 02:29:14    -1295.165013        0.102391
FIRE:   22 02:29:15    -1295.192241        0.094445
FIRE:   23 02:29:15    -1295.219449        0.090191
FIRE:   24 02:29:15    -1295.247083        0.089566
FIRE:   25 02:29:16    -1295.276579        0.092713
FIRE:   26 02:29:16    -1295.308942        0.101098
FIRE:   27 02:29:16    -1295.347679        0.105271
FIRE:   28 02:29:17    -1295.398149        0.099270
FIRE:   29 02:29:17    -1295.459072        0.095600
FIRE:   30 02:29:17    -1295.527684        0.074217
FIRE:   31 02:29:18    -1295.590158        0.073291
FIRE:   32 02:29:18    -1295.645202        0.082349
FIRE:   33 02:29:18    -1295.697457        0.085824
FIRE:   34 02:29:19    -1295.750435        0.080724
FIRE:   35 02:29:19    -1295.803982        0.074979
FIRE:   36 02:29:19    -1295.856297        0.094553
FIRE:   37 02:29:20    -1295.905563        0.150811
FIRE:   38 02:29:20    -1295.951084        0.225582
FIRE:   39 02:29:20    -1295.995567        0.265456
FIRE:   40 02:29:21    -1296.039861        0.303709
FIRE:   41 02:29:21    -1296.083968        0.326181
FIRE:   42 02:29:21    -1296.124237        0.403935
FIRE:   43 02:29:22    -1295.939901        1.666561
FIRE:   44 02:29:22    -1296.125959        0.508986
FIRE:   45 02:29:22    -1296.137241        0.366429
FIRE:   46 02:29:23    -1296.148453        0.114603
FIRE:   47 02:29:23    -1296.148737        0.178162
FIRE:   48 02:29:23    -1296.149256        0.163910
FIRE:   49 02:29:24    -1296.150148        0.136618
FIRE:   50 02:29:24    -1296.151253        0.098640
FIRE:   51 02:29:24    -1296.152331        0.073197
FIRE:   52 02:29:25    -1296.153251        0.073312
FIRE:   53 02:29:25    -1296.153973        0.073446
FIRE:   54 02:29:25    -1296.154633        0.075093
FIRE:   55 02:29:25    -1296.155497        0.098840
FIRE:   56 02:29:26    -1296.156827        0.106458
FIRE:   57 02:29:26    -1296.158763        0.093780
FIRE:   58 02:29:26    -1296.161243        0.074388
FIRE:   59 02:29:27    -1296.164105        0.074681
FIRE:   60 02:29:27    -1296.167127        0.075060
FIRE:   61 02:29:27    -1296.170819        0.075567
FIRE:   62 02:29:28    -1296.175861        0.076202
FIRE:   63 02:29:28    -1296.181947        0.076999
FIRE:   64 02:29:28    -1296.188833        0.077947
FIRE:   65 02:29:29    -1296.197566        0.079009
FIRE:   66 02:29:29    -1296.208372        0.080215
FIRE:   67 02:29:29    -1296.221008        0.081676
FIRE:   68 02:29:30    -1296.237003        0.083356
FIRE:   69 02:29:30    -1296.255839        0.084983
FIRE:   70 02:29:30    -1296.279042        0.086058
FIRE:   71 02:29:31    -1296.307080        0.085914
FIRE:   72 02:29:31    -1296.340506        0.082144
FIRE:   73 02:29:31    -1296.378809        0.144156
FIRE:   74 02:29:32    -1296.413863        0.344172
FIRE:   75 02:29:32    -1296.431835        0.627720
FIRE:   76 02:29:32    -1296.464219        0.056738
FIRE:   77 02:29:33    -1296.464665        0.042353
FIRE:   78 02:29:33    -1296.465431        0.033143
FIRE:   79 02:29:33    -1296.466415        0.033042
FIRE:   80 02:29:34    -1296.467619        0.032789
FIRE:   81 02:29:34    -1296.469139        0.038418
FIRE:   82 02:29:34    -1296.471041        0.031693
FIRE:   83 02:29:35    -1296.473291        0.030900
FIRE:   84 02:29:35    -1296.475978        0.030797
FIRE:   85 02:29:35    -1296.479368        0.033366
FIRE:   86 02:29:36    -1296.483667        0.031554
FIRE:   87 02:29:36    -1296.488965        0.032043
FIRE:   88 02:29:36    -1296.495453        0.032575
FIRE:   89 02:29:37    -1296.503531        0.033143
FIRE:   90 02:29:37    -1296.513324        0.033778
FIRE:   91 02:29:37    -1296.525351        0.034532
FIRE:   92 02:29:38    -1296.539926        0.035449
FIRE:   93 02:29:38    -1296.557557        0.036567
FIRE:   94 02:29:38    -1296.578770        0.038070
FIRE:   95 02:29:39    -1296.604175        0.040238
FIRE:   96 02:29:39    -1296.634244        0.056479
FIRE:   97 02:29:39    -1296.666047        0.234815
FIRE:   98 02:29:40    -1296.670692        0.699548
FIRE:   99 02:29:40    -1296.704495        0.134826
FIRE:  100 02:29:40    -1296.705264        0.097349
FIRE:  101 02:29:41    -1296.706277        0.050497
FIRE:  102 02:29:41    -1296.707013        0.050550
FIRE:  103 02:29:41    -1296.707696        0.085007
FIRE:  104 02:29:42    -1296.708861        0.094412
FIRE:  105 02:29:42    -1296.710624        0.065269
FIRE:  106 02:29:42    -1296.712590        0.051172
FIRE:  107 02:29:43    -1296.714638        0.052023
FIRE:  108 02:29:43    -1296.717135        0.079489
FIRE:  109 02:29:43    -1296.720703        0.052143
FIRE:  110 02:29:44    -1296.724920        0.052535
FIRE:  111 02:29:44    -1296.729875        0.065805
FIRE:  112 02:29:44    -1296.736444        0.053539
FIRE:  113 02:29:45    -1296.744042        0.068493
FIRE:  114 02:29:45    -1296.753788        0.054578
FIRE:  115 02:29:45    -1296.765195        0.066335
FIRE:  116 02:29:46    -1296.779271        0.072492
FIRE:  117 02:29:46    -1296.796208        0.052635
FIRE:  118 02:29:46    -1296.816253        0.067662
FIRE:  119 02:29:47    -1296.838652        0.168283
FIRE:  120 02:29:47    -1296.851831        0.535446
FIRE:  121 02:29:47    -1296.867599        0.028747
FIRE:  122 02:29:48    -1296.867796        0.028732
FIRE:  123 02:29:48    -1296.868147        0.028705
FIRE:  124 02:29:48    -1296.868659        0.028674
FIRE:  125 02:29:49    -1296.869354        0.028649
FIRE:  126 02:29:49    -1296.870222        0.028631
FIRE:  127 02:29:49    -1296.871245        0.028632
FIRE:  128 02:29:50    -1296.872453        0.028650
FIRE:  129 02:29:50    -1296.873974        0.028687
FIRE:  130 02:29:50    -1296.875880        0.028734
FIRE:  131 02:29:51    -1296.878276        0.028771
FIRE:  132 02:29:51    -1296.881265        0.028759
FIRE:  133 02:29:51    -1296.884953        0.028641
FIRE:  134 02:29:52    -1296.889500        0.028338
FIRE:  135 02:29:52    -1296.895067        0.027747
FIRE:  136 02:29:52    -1296.901891        0.026745
FIRE:  137 02:29:53    -1296.910155        0.025199
FIRE:  138 02:29:53    -1296.920210        0.022985
FIRE:  139 02:29:53    -1296.932268        0.020040
FIRE:  140 02:29:54    -1296.946692        0.018604
