[2026-09-30 09:29:39] ════ run_sese_gpu · IN=/home/ubuntu/runs/wad_cc_graphite_2026_09_28/stage2_pkg/qe · RUN=/home/ubuntu/runs/wad_cc_graphite_2026_09_28/stage2 · JOBS=[CC_S33_AB_dft_bound CC_S33_AB_dft_far CC_S33_AB_far8 CC_S33_AB_Ed_m03 CC_S33_AB_Ed_p03 CC_S33_AB_Ed_p06 CC_S33_AB_G3_c2_bound CC_S33_AB_G3_c2_far_i CC_S33_AB_G3_c2_far_ii CC_S33_AB_G4_e70_bound CC_S33_AB_G4_k24_bound CC_S33_AB_G4_s05_bound CC_S33_AB_G4_e70_far CC_S33_AB_G4_k24_far CC_S33_AB_G4_s05_far CC_S33_SP_dft_bound CC_S33_SP_dft_far CC_S33_AA_dft_bound CC_S33_AA_dft_far CC_M41_AB_dft_bound CC_M41_AB_dft_far CC_M41_AB_far8 CC_M41_AB_Ed_m03 CC_M41_AB_Ed_p03 CC_M41_AB_Ed_p06 CC_M41_AB_G3_c2_bound CC_M41_AB_G3_c2_far_i CC_M41_AB_G3_c2_far_ii CC_M41_AB_G4_e70_bound CC_M41_AB_G4_k24_bound CC_M41_AB_G4_s05_bound CC_M41_AB_G4_e70_far CC_M41_AB_G4_k24_far CC_M41_AB_G4_s05_far CC_M41_SP_dft_bound CC_M41_SP_dft_far CC_M41_AA_dft_bound CC_M41_AA_dft_far CC_S44_AB_dft_bound CC_S44_AB_dft_far CC_M61_AB_dft_bound CC_M61_AB_dft_far CC_M41_AB_V2a_dft_bound CC_M41_AB_V2a_dft_far]
[2026-09-30 09:29:39] 공존 근거: V100 1저자 승인 2026-09-28 · MPM 옆 C|C ≤3 GB · START<24000 MiB · KILL>31000 MiB · 표본 2s · UMA 공존 허용=1 · 허용 PID=[제한 없음]
[2026-09-30 09:29:39] ⚠ 공존 근거가 결정 ID 가 아니다 ('V100 1저자 승인 2026-09-28 · MPM 옆 C|C ≤3 GB') — 원장으로 확인하지 못한다. 사람이 확인한 근거일 때만 쓴다
[2026-09-30 09:29:39] ⚠ UMA 공존을 켰는데 ONLY_PIDS 가 비었다 — 공존 조건을 PID 로 걸지 못한다 (새 GPU 잡이 떠도 시작한다)
[2026-09-30 09:30:07] 랭크 NP=1 · GPU 1 장 · pseudo=/home/ubuntu/wad4l/pseudo_kgy (PSEUDO_DIR 로 교체)
[2026-09-30 09:30:07] PP C.pbe-n-kjpaw_psl.1.0.0.UPF sha256 9900d1efd50b9848 · 기준과 같음 ✓
[2026-09-30 09:30:07] 디스크 871G 남음 (7% 사용)
[2026-09-30 09:30:07] GPU 사용 중: PID 1478416 · 12980 MiB · 
[2026-09-30 09:30:07] GPU 합계 사용량 지금 12984 MiB · 호스트 MemAvailable 115054 MiB (시작 문턱 16384 · 중단 4096)
[qe_gpu] MPI 를 바이너리에서 읽었다: /home/ubuntu/apps/nvhpc/Linux_x86_64/24.11/comm_libs/12.6/hpcx/hpcx-2.20/ompi/lib/libmpi.so.40
[qe_gpu]   prefix=/home/ubuntu/apps/nvhpc/Linux_x86_64/24.11/comm_libs/12.6/hpcx/hpcx-2.20/ompi · mpirun=/home/ubuntu/apps/nvhpc/Linux_x86_64/24.11/comm_libs/12.6/hpcx/hpcx-2.20/ompi/bin/mpirun
[2026-09-30 09:30:08] ▶ CC_S33_AB_dft_bound (scf) 시작 · GPU 합계 12984 MiB · 호스트 여유 115048 MiB
[2026-09-30 09:30:09]    래퍼(mpirun) PID 2857198 · pw.x PID 2857216
[2026-09-30 09:30:39]    ⚠ nvidia-smi 목록에 우리 pw.x(2857216) 가 안 보인다 — 컨테이너 PID 이름공간이 다르거나 프로세스 정보가 막혔다. 자기 VRAM 칸은 '—' 로 적는다 (0 이 아니다)
[2026-09-30 11:37:28] ■ CC_S33_AB_dft_bound rc=0 완료=1 벽시계 7640s · 피크 합계 17112 MiB · 자기 — MiB · 호스트 최저 108536 MiB · 중단=0
[2026-09-30 11:37:32] ▶ CC_S33_AB_dft_far (scf) 시작 · GPU 합계 12984 MiB · 호스트 여유 115080 MiB
[2026-09-30 11:37:33]    래퍼(mpirun) PID 2929264 · pw.x PID 2929282
[2026-09-30 11:38:03]    ⚠ nvidia-smi 목록에 우리 pw.x(2929282) 가 안 보인다 — 컨테이너 PID 이름공간이 다르거나 프로세스 정보가 막혔다. 자기 VRAM 칸은 '—' 로 적는다 (0 이 아니다)
[2026-09-30 13:32:43] ■ CC_S33_AB_dft_far rc=0 완료=1 벽시계 6911s · 피크 합계 14336 MiB · 자기 — MiB · 호스트 최저 114515 MiB · 중단=0
[2026-09-30 13:32:47] ▶ CC_S33_AB_far8 (scf) 시작 · GPU 합계 12984 MiB · 호스트 여유 115121 MiB
[2026-09-30 13:32:48]    래퍼(mpirun) PID 2994376 · pw.x PID 2994398
[2026-09-30 13:33:18]    ⚠ nvidia-smi 목록에 우리 pw.x(2994398) 가 안 보인다 — 컨테이너 PID 이름공간이 다르거나 프로세스 정보가 막혔다. 자기 VRAM 칸은 '—' 로 적는다 (0 이 아니다)
[2026-09-30 15:56:49] ■ CC_S33_AB_far8 rc=0 완료=1 벽시계 8642s · 피크 합계 15288 MiB · 자기 — MiB · 호스트 최저 108959 MiB · 중단=0
[2026-09-30 15:56:53] ▶ CC_S33_AB_Ed_m03 (scf) 시작 · GPU 합계 12984 MiB · 호스트 여유 115134 MiB
[2026-09-30 15:56:54]    래퍼(mpirun) PID 3075898 · pw.x PID 3075916
[2026-09-30 15:57:24]    ⚠ nvidia-smi 목록에 우리 pw.x(3075916) 가 안 보인다 — 컨테이너 PID 이름공간이 다르거나 프로세스 정보가 막혔다. 자기 VRAM 칸은 '—' 로 적는다 (0 이 아니다)
[2026-09-30 18:19:41] ■ CC_S33_AB_Ed_m03 rc=0 완료=1 벽시계 8567s · 피크 합계 14200 MiB · 자기 — MiB · 호스트 최저 108519 MiB · 중단=0
[2026-09-30 18:19:44] ▶ CC_S33_AB_Ed_p03 (scf) 시작 · GPU 합계 0 MiB · 호스트 여유 119343 MiB
[2026-09-30 18:19:45]    래퍼(mpirun) PID 3156545 · pw.x PID 3156567
[2026-09-30 18:20:16]    ⚠ nvidia-smi 목록에 우리 pw.x(3156567) 가 안 보인다 — 컨테이너 PID 이름공간이 다르거나 프로세스 정보가 막혔다. 자기 VRAM 칸은 '—' 로 적는다 (0 이 아니다)
[2026-09-30 18:29:15] ■ CC_S33_AB_Ed_p03 rc=0 완료=1 벽시계 570s · 피크 합계 1356 MiB · 자기 — MiB · 호스트 최저 118744 MiB · 중단=0
[2026-09-30 18:29:18] ▶ CC_S33_AB_Ed_p06 (scf) 시작 · GPU 합계 0 MiB · 호스트 여유 119346 MiB
[2026-09-30 18:29:19]    래퍼(mpirun) PID 3161994 · pw.x PID 3162016
[2026-09-30 18:29:50]    ⚠ nvidia-smi 목록에 우리 pw.x(3162016) 가 안 보인다 — 컨테이너 PID 이름공간이 다르거나 프로세스 정보가 막혔다. 자기 VRAM 칸은 '—' 로 적는다 (0 이 아니다)
[2026-09-30 18:36:24] ■ CC_S33_AB_Ed_p06 rc=0 완료=1 벽시계 425s · 피크 합계 1356 MiB · 자기 — MiB · 호스트 최저 118748 MiB · 중단=0
[2026-09-30 18:36:27] ▶ CC_S33_AB_G3_c2_bound (scf) 시작 · GPU 합계 0 MiB · 호스트 여유 119358 MiB
[2026-09-30 18:36:29]    래퍼(mpirun) PID 3166094 · pw.x PID 3166112
[2026-09-30 18:36:59]    ⚠ nvidia-smi 목록에 우리 pw.x(3166112) 가 안 보인다 — 컨테이너 PID 이름공간이 다르거나 프로세스 정보가 막혔다. 자기 VRAM 칸은 '—' 로 적는다 (0 이 아니다)
[2026-09-30 18:47:51] ■ CC_S33_AB_G3_c2_bound rc=0 완료=1 벽시계 684s · 피크 합계 1400 MiB · 자기 — MiB · 호스트 최저 118728 MiB · 중단=0
[2026-09-30 18:47:55] ▶ CC_S33_AB_G3_c2_far_i (scf) 시작 · GPU 합계 0 MiB · 호스트 여유 119344 MiB
[2026-09-30 18:47:56]    래퍼(mpirun) PID 3172567 · pw.x PID 3172585
[2026-09-30 18:48:27]    ⚠ nvidia-smi 목록에 우리 pw.x(3172585) 가 안 보인다 — 컨테이너 PID 이름공간이 다르거나 프로세스 정보가 막혔다. 자기 VRAM 칸은 '—' 로 적는다 (0 이 아니다)
[2026-09-30 18:52:39] ■ CC_S33_AB_G3_c2_far_i rc=0 완료=1 벽시계 283s · 피크 합계 1400 MiB · 자기 — MiB · 호스트 최저 118752 MiB · 중단=0
[2026-09-30 18:52:42] ▶ CC_S33_AB_G3_c2_far_ii (scf) 시작 · GPU 합계 0 MiB · 호스트 여유 119354 MiB
[2026-09-30 18:52:44]    래퍼(mpirun) PID 3175332 · pw.x PID 3175354
[2026-09-30 18:53:14]    ⚠ nvidia-smi 목록에 우리 pw.x(3175354) 가 안 보인다 — 컨테이너 PID 이름공간이 다르거나 프로세스 정보가 막혔다. 자기 VRAM 칸은 '—' 로 적는다 (0 이 아니다)
[2026-09-30 18:55:16] ■ CC_S33_AB_G3_c2_far_ii rc=0 완료=1 벽시계 154s · 피크 합계 1400 MiB · 자기 — MiB · 호스트 최저 118748 MiB · 중단=0
[2026-09-30 18:55:20] ▶ CC_S33_AB_G4_e70_bound (scf) 시작 · GPU 합계 0 MiB · 호스트 여유 119347 MiB
[2026-09-30 18:55:21]    래퍼(mpirun) PID 3176864 · pw.x PID 3176886
[2026-09-30 18:55:51]    ⚠ nvidia-smi 목록에 우리 pw.x(3176886) 가 안 보인다 — 컨테이너 PID 이름공간이 다르거나 프로세스 정보가 막혔다. 자기 VRAM 칸은 '—' 로 적는다 (0 이 아니다)
[2026-09-30 19:01:54] ■ CC_S33_AB_G4_e70_bound rc=0 완료=1 벽시계 393s · 피크 합계 1638 MiB · 자기 — MiB · 호스트 최저 118693 MiB · 중단=0
[2026-09-30 19:01:57] ▶ CC_S33_AB_G4_k24_bound (scf) 시작 · GPU 합계 0 MiB · 호스트 여유 119345 MiB
[2026-09-30 19:01:58]    래퍼(mpirun) PID 3180625 · pw.x PID 3180647
[2026-09-30 19:02:29]    ⚠ nvidia-smi 목록에 우리 pw.x(3180647) 가 안 보인다 — 컨테이너 PID 이름공간이 다르거나 프로세스 정보가 막혔다. 자기 VRAM 칸은 '—' 로 적는다 (0 이 아니다)
[2026-09-30 19:10:30] ■ CC_S33_AB_G4_k24_bound rc=0 완료=1 벽시계 513s · 피크 합계 1360 MiB · 자기 — MiB · 호스트 최저 118723 MiB · 중단=0
[2026-09-30 19:10:34] ▶ CC_S33_AB_G4_s05_bound (scf) 시작 · GPU 합계 0 MiB · 호스트 여유 119354 MiB
[2026-09-30 19:10:35]    래퍼(mpirun) PID 3185530 · pw.x PID 3185548
[2026-09-30 19:11:05]    ⚠ nvidia-smi 목록에 우리 pw.x(3185548) 가 안 보인다 — 컨테이너 PID 이름공간이 다르거나 프로세스 정보가 막혔다. 자기 VRAM 칸은 '—' 로 적는다 (0 이 아니다)
[2026-09-30 19:16:17] ■ CC_S33_AB_G4_s05_bound rc=0 완료=1 벽시계 343s · 피크 합계 1356 MiB · 자기 — MiB · 호스트 최저 118752 MiB · 중단=0
[2026-09-30 19:16:21] ▶ CC_S33_AB_G4_e70_far (scf) 시작 · GPU 합계 0 MiB · 호스트 여유 119359 MiB
[2026-09-30 19:16:22]    래퍼(mpirun) PID 3188851 · pw.x PID 3188869
[2026-09-30 19:16:53]    ⚠ nvidia-smi 목록에 우리 pw.x(3188869) 가 안 보인다 — 컨테이너 PID 이름공간이 다르거나 프로세스 정보가 막혔다. 자기 VRAM 칸은 '—' 로 적는다 (0 이 아니다)
[2026-09-30 19:19:58] ■ CC_S33_AB_G4_e70_far rc=0 완료=1 벽시계 217s · 피크 합계 1638 MiB · 자기 — MiB · 호스트 최저 118717 MiB · 중단=0
[2026-09-30 19:20:02] ▶ CC_S33_AB_G4_k24_far (scf) 시작 · GPU 합계 0 MiB · 호스트 여유 119362 MiB
[2026-09-30 19:20:03]    래퍼(mpirun) PID 3190962 · pw.x PID 3190980
[2026-09-30 19:20:33]    ⚠ nvidia-smi 목록에 우리 pw.x(3190980) 가 안 보인다 — 컨테이너 PID 이름공간이 다르거나 프로세스 정보가 막혔다. 자기 VRAM 칸은 '—' 로 적는다 (0 이 아니다)
[2026-09-30 19:24:28] ■ CC_S33_AB_G4_k24_far rc=0 완료=1 벽시계 266s · 피크 합계 1360 MiB · 자기 — MiB · 호스트 최저 118738 MiB · 중단=0
[2026-09-30 19:24:32] ▶ CC_S33_AB_G4_s05_far (scf) 시작 · GPU 합계 0 MiB · 호스트 여유 119333 MiB
[2026-09-30 19:24:33]    래퍼(mpirun) PID 3193560 · pw.x PID 3193578
[2026-09-30 19:25:03]    ⚠ nvidia-smi 목록에 우리 pw.x(3193578) 가 안 보인다 — 컨테이너 PID 이름공간이 다르거나 프로세스 정보가 막혔다. 자기 VRAM 칸은 '—' 로 적는다 (0 이 아니다)
[2026-09-30 19:26:42] ■ CC_S33_AB_G4_s05_far rc=0 완료=1 벽시계 130s · 피크 합계 1356 MiB · 자기 — MiB · 호스트 최저 118736 MiB · 중단=0
[2026-09-30 19:26:46] ▶ CC_S33_SP_dft_bound (scf) 시작 · GPU 합계 0 MiB · 호스트 여유 119342 MiB
[2026-09-30 19:26:47]    래퍼(mpirun) PID 3194883 · pw.x PID 3194901
[2026-09-30 19:27:17]    ⚠ nvidia-smi 목록에 우리 pw.x(3194901) 가 안 보인다 — 컨테이너 PID 이름공간이 다르거나 프로세스 정보가 막혔다. 자기 VRAM 칸은 '—' 로 적는다 (0 이 아니다)
[2026-09-30 19:30:55] ■ CC_S33_SP_dft_bound rc=0 완료=1 벽시계 249s · 피크 합계 1356 MiB · 자기 — MiB · 호스트 최저 118758 MiB · 중단=0
[2026-09-30 19:30:59] ▶ CC_S33_SP_dft_far (scf) 시작 · GPU 합계 0 MiB · 호스트 여유 119349 MiB
[2026-09-30 19:31:00]    래퍼(mpirun) PID 3197284 · pw.x PID 3197302
[2026-09-30 19:31:30]    ⚠ nvidia-smi 목록에 우리 pw.x(3197302) 가 안 보인다 — 컨테이너 PID 이름공간이 다르거나 프로세스 정보가 막혔다. 자기 VRAM 칸은 '—' 로 적는다 (0 이 아니다)
[2026-09-30 19:33:36] ■ CC_S33_SP_dft_far rc=0 완료=1 벽시계 156s · 피크 합계 1356 MiB · 자기 — MiB · 호스트 최저 118765 MiB · 중단=0
[2026-09-30 19:33:39] ▶ CC_S33_AA_dft_bound (scf) 시작 · GPU 합계 0 MiB · 호스트 여유 119351 MiB
[2026-09-30 19:33:40]    래퍼(mpirun) PID 3198831 · pw.x PID 3198849
[2026-09-30 19:34:11]    ⚠ nvidia-smi 목록에 우리 pw.x(3198849) 가 안 보인다 — 컨테이너 PID 이름공간이 다르거나 프로세스 정보가 막혔다. 자기 VRAM 칸은 '—' 로 적는다 (0 이 아니다)
[2026-09-30 19:41:39] ■ CC_S33_AA_dft_bound rc=0 완료=1 벽시계 479s · 피크 합계 1352 MiB · 자기 — MiB · 호스트 최저 118743 MiB · 중단=0
[2026-09-30 19:41:42] ▶ CC_S33_AA_dft_far (scf) 시작 · GPU 합계 0 MiB · 호스트 여유 119344 MiB
[2026-09-30 19:41:43]    래퍼(mpirun) PID 3203405 · pw.x PID 3203423
[2026-09-30 19:42:14]    ⚠ nvidia-smi 목록에 우리 pw.x(3203423) 가 안 보인다 — 컨테이너 PID 이름공간이 다르거나 프로세스 정보가 막혔다. 자기 VRAM 칸은 '—' 로 적는다 (0 이 아니다)
[2026-09-30 19:45:00] ■ CC_S33_AA_dft_far rc=0 완료=1 벽시계 197s · 피크 합계 1352 MiB · 자기 — MiB · 호스트 최저 118757 MiB · 중단=0
[2026-09-30 19:45:04] ▶ CC_M41_AB_dft_bound (scf) 시작 · GPU 합계 0 MiB · 호스트 여유 119341 MiB
[2026-09-30 19:45:05]    래퍼(mpirun) PID 3205347 · pw.x PID 3205369
[2026-09-30 19:45:35]    ⚠ nvidia-smi 목록에 우리 pw.x(3205369) 가 안 보인다 — 컨테이너 PID 이름공간이 다르거나 프로세스 정보가 막혔다. 자기 VRAM 칸은 '—' 로 적는다 (0 이 아니다)
[2026-09-30 19:51:04] ■ CC_M41_AB_dft_bound rc=0 완료=1 벽시계 360s · 피크 합계 1322 MiB · 자기 — MiB · 호스트 최저 118745 MiB · 중단=0
[2026-09-30 19:51:08] ▶ CC_M41_AB_dft_far (scf) 시작 · GPU 합계 0 MiB · 호스트 여유 119336 MiB
[2026-09-30 19:51:09]    래퍼(mpirun) PID 3208818 · pw.x PID 3208840
[2026-09-30 19:51:40]    ⚠ nvidia-smi 목록에 우리 pw.x(3208840) 가 안 보인다 — 컨테이너 PID 이름공간이 다르거나 프로세스 정보가 막혔다. 자기 VRAM 칸은 '—' 로 적는다 (0 이 아니다)
[2026-09-30 20:02:28] ■ CC_M41_AB_dft_far rc=0 완료=1 벽시계 680s · 피크 합계 1322 MiB · 자기 — MiB · 호스트 최저 118749 MiB · 중단=0
[2026-09-30 20:02:32] ▶ CC_M41_AB_far8 (scf) 시작 · GPU 합계 0 MiB · 호스트 여유 119373 MiB
[2026-09-30 20:02:33]    래퍼(mpirun) PID 3215286 · pw.x PID 3215308
[2026-09-30 20:03:03]    ⚠ nvidia-smi 목록에 우리 pw.x(3215308) 가 안 보인다 — 컨테이너 PID 이름공간이 다르거나 프로세스 정보가 막혔다. 자기 VRAM 칸은 '—' 로 적는다 (0 이 아니다)
[2026-09-30 20:06:41] ■ CC_M41_AB_far8 rc=0 완료=1 벽시계 248s · 피크 합계 1322 MiB · 자기 — MiB · 호스트 최저 118785 MiB · 중단=0
[2026-09-30 20:06:44] ▶ CC_M41_AB_Ed_m03 (scf) 시작 · GPU 합계 0 MiB · 호스트 여유 119366 MiB
[2026-09-30 20:06:45]    래퍼(mpirun) PID 3217697 · pw.x PID 3217715
[2026-09-30 20:07:16]    ⚠ nvidia-smi 목록에 우리 pw.x(3217715) 가 안 보인다 — 컨테이너 PID 이름공간이 다르거나 프로세스 정보가 막혔다. 자기 VRAM 칸은 '—' 로 적는다 (0 이 아니다)
[2026-09-30 20:10:12] ■ CC_M41_AB_Ed_m03 rc=0 완료=1 벽시계 208s · 피크 합계 1322 MiB · 자기 — MiB · 호스트 최저 118782 MiB · 중단=0
[2026-09-30 20:10:16] ▶ CC_M41_AB_Ed_p03 (scf) 시작 · GPU 합계 0 MiB · 호스트 여유 119380 MiB
[2026-09-30 20:10:17]    래퍼(mpirun) PID 3219738 · pw.x PID 3219756
[2026-09-30 20:10:48]    ⚠ nvidia-smi 목록에 우리 pw.x(3219756) 가 안 보인다 — 컨테이너 PID 이름공간이 다르거나 프로세스 정보가 막혔다. 자기 VRAM 칸은 '—' 로 적는다 (0 이 아니다)
[2026-09-30 20:14:31] ■ CC_M41_AB_Ed_p03 rc=0 완료=1 벽시계 255s · 피크 합계 1322 MiB · 자기 — MiB · 호스트 최저 118782 MiB · 중단=0
[2026-09-30 20:14:35] ▶ CC_M41_AB_Ed_p06 (scf) 시작 · GPU 합계 0 MiB · 호스트 여유 119375 MiB
[2026-09-30 20:14:37]    래퍼(mpirun) PID 3222227 · pw.x PID 3222245
[2026-09-30 20:15:07]    ⚠ nvidia-smi 목록에 우리 pw.x(3222245) 가 안 보인다 — 컨테이너 PID 이름공간이 다르거나 프로세스 정보가 막혔다. 자기 VRAM 칸은 '—' 로 적는다 (0 이 아니다)
[2026-09-30 20:19:36] ■ CC_M41_AB_Ed_p06 rc=0 완료=1 벽시계 301s · 피크 합계 1322 MiB · 자기 — MiB · 호스트 최저 118770 MiB · 중단=0
[2026-09-30 20:19:41] ▶ CC_M41_AB_G3_c2_bound (scf) 시작 · GPU 합계 0 MiB · 호스트 여유 119363 MiB
[2026-09-30 20:19:42]    래퍼(mpirun) PID 3225128 · pw.x PID 3225146
[2026-09-30 20:20:12]    ⚠ nvidia-smi 목록에 우리 pw.x(3225146) 가 안 보인다 — 컨테이너 PID 이름공간이 다르거나 프로세스 정보가 막혔다. 자기 VRAM 칸은 '—' 로 적는다 (0 이 아니다)
[2026-09-30 20:22:38] ■ CC_M41_AB_G3_c2_bound rc=0 완료=1 벽시계 177s · 피크 합계 1350 MiB · 자기 — MiB · 호스트 최저 118756 MiB · 중단=0
[2026-09-30 20:22:43] ▶ CC_M41_AB_G3_c2_far_i (scf) 시작 · GPU 합계 0 MiB · 호스트 여유 119366 MiB
[2026-09-30 20:22:44]    래퍼(mpirun) PID 3226876 · pw.x PID 3226898
[2026-09-30 20:23:14]    ⚠ nvidia-smi 목록에 우리 pw.x(3226898) 가 안 보인다 — 컨테이너 PID 이름공간이 다르거나 프로세스 정보가 막혔다. 자기 VRAM 칸은 '—' 로 적는다 (0 이 아니다)
[2026-09-30 20:33:51] ■ CC_M41_AB_G3_c2_far_i rc=0 완료=1 벽시계 667s · 피크 합계 1350 MiB · 자기 — MiB · 호스트 최저 118751 MiB · 중단=0
[2026-09-30 20:33:55] ▶ CC_M41_AB_G3_c2_far_ii (scf) 시작 · GPU 합계 0 MiB · 호스트 여유 119370 MiB
[2026-09-30 20:33:56]    래퍼(mpirun) PID 3233209 · pw.x PID 3233231
[2026-09-30 20:34:26]    ⚠ nvidia-smi 목록에 우리 pw.x(3233231) 가 안 보인다 — 컨테이너 PID 이름공간이 다르거나 프로세스 정보가 막혔다. 자기 VRAM 칸은 '—' 로 적는다 (0 이 아니다)
[2026-09-30 20:38:10] ■ CC_M41_AB_G3_c2_far_ii rc=0 완료=1 벽시계 255s · 피크 합계 1350 MiB · 자기 — MiB · 호스트 최저 118770 MiB · 중단=0
[2026-09-30 20:38:14] ▶ CC_M41_AB_G4_e70_bound (scf) 시작 · GPU 합계 0 MiB · 호스트 여유 119357 MiB
[2026-09-30 20:38:15]    래퍼(mpirun) PID 3235718 · pw.x PID 3235736
[2026-09-30 20:38:45]    ⚠ nvidia-smi 목록에 우리 pw.x(3235736) 가 안 보인다 — 컨테이너 PID 이름공간이 다르거나 프로세스 정보가 막혔다. 자기 VRAM 칸은 '—' 로 적는다 (0 이 아니다)
[2026-09-30 20:41:29] ■ CC_M41_AB_G4_e70_bound rc=0 완료=1 벽시계 194s · 피크 합계 1548 MiB · 자기 — MiB · 호스트 최저 118744 MiB · 중단=0
[2026-09-30 20:41:33] ▶ CC_M41_AB_G4_k24_bound (scf) 시작 · GPU 합계 0 MiB · 호스트 여유 119373 MiB
[2026-09-30 20:41:34]    래퍼(mpirun) PID 3237602 · pw.x PID 3237620
[2026-09-30 20:42:04]    ⚠ nvidia-smi 목록에 우리 pw.x(3237620) 가 안 보인다 — 컨테이너 PID 이름공간이 다르거나 프로세스 정보가 막혔다. 자기 VRAM 칸은 '—' 로 적는다 (0 이 아니다)
[2026-09-30 20:46:07] ■ CC_M41_AB_G4_k24_bound rc=0 완료=1 벽시계 274s · 피크 합계 1324 MiB · 자기 — MiB · 호스트 최저 118765 MiB · 중단=0
[2026-09-30 20:46:11] ▶ CC_M41_AB_G4_s05_bound (scf) 시작 · GPU 합계 0 MiB · 호스트 여유 119368 MiB
[2026-09-30 20:46:12]    래퍼(mpirun) PID 3240266 · pw.x PID 3240284
[2026-09-30 20:46:42]    ⚠ nvidia-smi 목록에 우리 pw.x(3240284) 가 안 보인다 — 컨테이너 PID 이름공간이 다르거나 프로세스 정보가 막혔다. 자기 VRAM 칸은 '—' 로 적는다 (0 이 아니다)
[2026-09-30 20:53:26] ■ CC_M41_AB_G4_s05_bound rc=0 완료=1 벽시계 434s · 피크 합계 1322 MiB · 자기 — MiB · 호스트 최저 118755 MiB · 중단=0
[2026-09-30 20:53:29] ▶ CC_M41_AB_G4_e70_far (scf) 시작 · GPU 합계 0 MiB · 호스트 여유 119354 MiB
[2026-09-30 20:53:31]    래퍼(mpirun) PID 3244438 · pw.x PID 3244460
[2026-09-30 20:54:01]    ⚠ nvidia-smi 목록에 우리 pw.x(3244460) 가 안 보인다 — 컨테이너 PID 이름공간이 다르거나 프로세스 정보가 막혔다. 자기 VRAM 칸은 '—' 로 적는다 (0 이 아니다)
[2026-09-30 21:00:16] ■ CC_M41_AB_G4_e70_far rc=0 완료=1 벽시계 407s · 피크 합계 1548 MiB · 자기 — MiB · 호스트 최저 118730 MiB · 중단=0
[2026-09-30 21:00:23] ▶ CC_M41_AB_G4_k24_far (scf) 시작 · GPU 합계 0 MiB · 호스트 여유 119363 MiB
[2026-09-30 21:00:24]    래퍼(mpirun) PID 3248358 · pw.x PID 3248376
[2026-09-30 21:00:54]    ⚠ nvidia-smi 목록에 우리 pw.x(3248376) 가 안 보인다 — 컨테이너 PID 이름공간이 다르거나 프로세스 정보가 막혔다. 자기 VRAM 칸은 '—' 로 적는다 (0 이 아니다)
[2026-09-30 21:04:31] ■ CC_M41_AB_G4_k24_far rc=0 완료=1 벽시계 248s · 피크 합계 1324 MiB · 자기 — MiB · 호스트 최저 118774 MiB · 중단=0
[2026-09-30 21:04:37] ▶ CC_M41_AB_G4_s05_far (scf) 시작 · GPU 합계 0 MiB · 호스트 여유 119367 MiB
[2026-09-30 21:04:38]    래퍼(mpirun) PID 3250759 · pw.x PID 3250781
[2026-09-30 21:05:08]    ⚠ nvidia-smi 목록에 우리 pw.x(3250781) 가 안 보인다 — 컨테이너 PID 이름공간이 다르거나 프로세스 정보가 막혔다. 자기 VRAM 칸은 '—' 로 적는다 (0 이 아니다)
[2026-09-30 21:07:48] ■ CC_M41_AB_G4_s05_far rc=0 완료=1 벽시계 190s · 피크 합계 1322 MiB · 자기 — MiB · 호스트 최저 118770 MiB · 중단=0
[2026-09-30 21:07:51] ▶ CC_M41_SP_dft_bound (scf) 시작 · GPU 합계 0 MiB · 호스트 여유 119368 MiB
[2026-09-30 21:07:53]    래퍼(mpirun) PID 3252613 · pw.x PID 3252631
[2026-09-30 21:08:23]    ⚠ nvidia-smi 목록에 우리 pw.x(3252631) 가 안 보인다 — 컨테이너 PID 이름공간이 다르거나 프로세스 정보가 막혔다. 자기 VRAM 칸은 '—' 로 적는다 (0 이 아니다)
[2026-09-30 21:11:56] ■ CC_M41_SP_dft_bound rc=0 완료=1 벽시계 245s · 피크 합계 1322 MiB · 자기 — MiB · 호스트 최저 118770 MiB · 중단=0
[2026-09-30 21:12:00] ▶ CC_M41_SP_dft_far (scf) 시작 · GPU 합계 0 MiB · 호스트 여유 119356 MiB
[2026-09-30 21:12:01]    래퍼(mpirun) PID 3255015 · pw.x PID 3255037
[2026-09-30 21:12:31]    ⚠ nvidia-smi 목록에 우리 pw.x(3255037) 가 안 보인다 — 컨테이너 PID 이름공간이 다르거나 프로세스 정보가 막혔다. 자기 VRAM 칸은 '—' 로 적는다 (0 이 아니다)
[2026-09-30 21:16:30] ■ CC_M41_SP_dft_far rc=0 완료=1 벽시계 270s · 피크 합계 1322 MiB · 자기 — MiB · 호스트 최저 118779 MiB · 중단=0
[2026-09-30 21:16:34] ▶ CC_M41_AA_dft_bound (scf) 시작 · GPU 합계 0 MiB · 호스트 여유 119354 MiB
[2026-09-30 21:16:35]    래퍼(mpirun) PID 3257641 · pw.x PID 3257663
[2026-09-30 21:17:05]    ⚠ nvidia-smi 목록에 우리 pw.x(3257663) 가 안 보인다 — 컨테이너 PID 이름공간이 다르거나 프로세스 정보가 막혔다. 자기 VRAM 칸은 '—' 로 적는다 (0 이 아니다)
[2026-09-30 21:19:21] ■ CC_M41_AA_dft_bound rc=0 완료=1 벽시계 167s · 피크 합계 1322 MiB · 자기 — MiB · 호스트 최저 118775 MiB · 중단=0
[2026-09-30 21:19:26] ▶ CC_M41_AA_dft_far (scf) 시작 · GPU 합계 0 MiB · 호스트 여유 119356 MiB
[2026-09-30 21:19:27]    래퍼(mpirun) PID 3259277 · pw.x PID 3259295
[2026-09-30 21:19:57]    ⚠ nvidia-smi 목록에 우리 pw.x(3259295) 가 안 보인다 — 컨테이너 PID 이름공간이 다르거나 프로세스 정보가 막혔다. 자기 VRAM 칸은 '—' 로 적는다 (0 이 아니다)
[2026-09-30 21:23:03] ■ CC_M41_AA_dft_far rc=0 완료=1 벽시계 217s · 피크 합계 1322 MiB · 자기 — MiB · 호스트 최저 118765 MiB · 중단=0
[2026-09-30 21:23:10] ▶ CC_S44_AB_dft_bound (scf) 시작 · GPU 합계 0 MiB · 호스트 여유 119370 MiB
[2026-09-30 21:23:11]    래퍼(mpirun) PID 3261407 · pw.x PID 3261425
[2026-09-30 21:23:41]    ⚠ nvidia-smi 목록에 우리 pw.x(3261425) 가 안 보인다 — 컨테이너 PID 이름공간이 다르거나 프로세스 정보가 막혔다. 자기 VRAM 칸은 '—' 로 적는다 (0 이 아니다)
[2026-09-30 21:31:24] ■ CC_S44_AB_dft_bound rc=0 완료=1 벽시계 494s · 피크 합계 1534 MiB · 자기 — MiB · 호스트 최저 118725 MiB · 중단=0
[2026-09-30 21:31:28] ▶ CC_S44_AB_dft_far (scf) 시작 · GPU 합계 0 MiB · 호스트 여유 119359 MiB
[2026-09-30 21:31:29]    래퍼(mpirun) PID 3266108 · pw.x PID 3266130
[2026-09-30 21:32:00]    ⚠ nvidia-smi 목록에 우리 pw.x(3266130) 가 안 보인다 — 컨테이너 PID 이름공간이 다르거나 프로세스 정보가 막혔다. 자기 VRAM 칸은 '—' 로 적는다 (0 이 아니다)
[2026-09-30 21:36:14] ■ CC_S44_AB_dft_far rc=0 완료=1 벽시계 285s · 피크 합계 1534 MiB · 자기 — MiB · 호스트 최저 118744 MiB · 중단=0
[2026-09-30 21:36:18] ▶ CC_M61_AB_dft_bound (scf) 시작 · GPU 합계 0 MiB · 호스트 여유 119367 MiB
[2026-09-30 21:36:19]    래퍼(mpirun) PID 3268896 · pw.x PID 3268914
[2026-09-30 21:36:50]    ⚠ nvidia-smi 목록에 우리 pw.x(3268914) 가 안 보인다 — 컨테이너 PID 이름공간이 다르거나 프로세스 정보가 막혔다. 자기 VRAM 칸은 '—' 로 적는다 (0 이 아니다)
[2026-09-30 21:41:52] ■ CC_M61_AB_dft_bound rc=0 완료=1 벽시계 334s · 피크 합계 1464 MiB · 자기 — MiB · 호스트 최저 118733 MiB · 중단=0
[2026-09-30 21:41:56] ▶ CC_M61_AB_dft_far (scf) 시작 · GPU 합계 0 MiB · 호스트 여유 119360 MiB
[2026-09-30 21:41:57]    래퍼(mpirun) PID 3272111 · pw.x PID 3272129
[2026-09-30 21:42:28]    ⚠ nvidia-smi 목록에 우리 pw.x(3272129) 가 안 보인다 — 컨테이너 PID 이름공간이 다르거나 프로세스 정보가 막혔다. 자기 VRAM 칸은 '—' 로 적는다 (0 이 아니다)
[2026-09-30 21:51:35] ■ CC_M61_AB_dft_far rc=0 완료=1 벽시계 578s · 피크 합계 1464 MiB · 자기 — MiB · 호스트 최저 118726 MiB · 중단=0
[2026-09-30 21:51:38] ▶ CC_M41_AB_V2a_dft_bound (scf) 시작 · GPU 합계 0 MiB · 호스트 여유 119366 MiB
[2026-09-30 21:51:39]    래퍼(mpirun) PID 3277594 · pw.x PID 3277612
[2026-09-30 21:52:10]    ⚠ nvidia-smi 목록에 우리 pw.x(3277612) 가 안 보인다 — 컨테이너 PID 이름공간이 다르거나 프로세스 정보가 막혔다. 자기 VRAM 칸은 '—' 로 적는다 (0 이 아니다)
[2026-09-30 21:56:32] ■ CC_M41_AB_V2a_dft_bound rc=0 완료=1 벽시계 294s · 피크 합계 1330 MiB · 자기 — MiB · 호스트 최저 118768 MiB · 중단=0
[2026-09-30 21:56:36] ▶ CC_M41_AB_V2a_dft_far (scf) 시작 · GPU 합계 0 MiB · 호스트 여유 119347 MiB
[2026-09-30 21:56:37]    래퍼(mpirun) PID 3280444 · pw.x PID 3280462
[2026-09-30 21:57:08]    ⚠ nvidia-smi 목록에 우리 pw.x(3280462) 가 안 보인다 — 컨테이너 PID 이름공간이 다르거나 프로세스 정보가 막혔다. 자기 VRAM 칸은 '—' 로 적는다 (0 이 아니다)
[2026-09-30 22:01:18] ■ CC_M41_AB_V2a_dft_far rc=0 완료=1 벽시계 281s · 피크 합계 1330 MiB · 자기 — MiB · 호스트 최저 118782 MiB · 중단=0
[2026-09-30 22:01:18] ✅ 전부 완료 — 집계: python3 tools/wad/se_sym_slab.py --collect /home/ubuntu/runs/wad_cc_graphite_2026_09_28/stage2 --qe_in /home/ubuntu/runs/wad_cc_graphite_2026_09_28/stage2_pkg/qe
