[2026-09-26 18:50:45] ════ run_sese_gpu · IN=/home/ubuntu/wad4l/db/inputs/wad_aprime_s3v2_2026_09_26/qe · RUN=/home/ubuntu/runs/wad_aprime_s4_v2_s3v2_2026_09_26 · JOBS=[V2_top_fcc_relax V2_top_hcp_relax V2_bridge_relax V2_hollow_fcc_relax]
[2026-09-26 18:50:45] 공존 근거: D-2026-09-23-gabia-gpu-exception-sese · START<2048 MiB · KILL>31000 MiB · 표본 2s · UMA 공존 허용=0 · 허용 PID=[제한 없음]
[2026-09-26 18:51:01] 랭크 NP=1 · GPU 1 장 · pseudo=/home/ubuntu/wad4l/pseudo_kgy (PSEUDO_DIR 로 교체)
[2026-09-26 18:51:01] PP Ag_ONCV_PBE-1.0.oncvpsp.upf sha256 0494aa5927b754b4 · 기준과 같음 ✓
[2026-09-26 18:51:02] PP C.pbe-n-kjpaw_psl.1.0.0.UPF sha256 9900d1efd50b9848 · 기준과 같음 ✓
[2026-09-26 18:51:03] PP H.pbe-rrkjus_psl.1.0.0.UPF sha256 27f8a7e87851d59a · 기준과 같음 ✓
[2026-09-26 18:51:04] PP P.pbe-n-rrkjus_psl.1.0.0.UPF sha256 2d112dfec2e2d9b7 · 기준과 같음 ✓
[2026-09-26 18:51:04] PP cl_pbe_v1.4.uspp.F.UPF sha256 5b1ebdea1e5ba743 · 기준과 같음 ✓
[2026-09-26 18:51:05] PP li_pbe_v1.4.uspp.F.UPF sha256 02cc4b3810e28a43 · 기준과 같음 ✓
[2026-09-26 18:51:06] PP s_pbe_v1.4.uspp.F.UPF sha256 84ad731864187f41 · 기준과 같음 ✓
[2026-09-26 18:51:06] 디스크 872G 남음 (7% 사용)
[2026-09-26 18:51:06] GPU 합계 사용량 지금 0 MiB · 호스트 MemAvailable 119405 MiB (시작 문턱 16384 · 중단 4096)
⛔ qe_gpu_setup: 실행 가능한 pw.x 가 아니다: /data/apps/qe-7.4.1-gpu/bin/pw.x
⛔ QE-GPU 런타임을 링크에서 유도하지 못했다 — 시작하지 않는다.
   확인:  ldd '/data/apps/qe-7.4.1-gpu/bin/pw.x' | grep -E 'libmpi|libnvomp|libgomp'
   런타임을 안 맞추면 MPI_Init 또는 libgomp 에서 죽는다 (2026-09-08 실측 3회).
[2026-09-26 18:51:18] ════ run_sese_gpu · IN=/home/ubuntu/wad4l/db/inputs/wad_aprime_s3v2_2026_09_26/qe · RUN=/home/ubuntu/runs/wad_aprime_s4_v2_s3v2_2026_09_26 · JOBS=[V2_top_fcc_relax V2_top_hcp_relax V2_bridge_relax V2_hollow_fcc_relax]
[2026-09-26 18:51:18] 공존 근거: D-2026-09-23-gabia-gpu-exception-sese · START<2048 MiB · KILL>31000 MiB · 표본 2s · UMA 공존 허용=0 · 허용 PID=[제한 없음]
[2026-09-26 18:51:20] 랭크 NP=1 · GPU 1 장 · pseudo=/home/ubuntu/wad4l/pseudo_kgy (PSEUDO_DIR 로 교체)
[2026-09-26 18:51:20] PP Ag_ONCV_PBE-1.0.oncvpsp.upf sha256 0494aa5927b754b4 · 기준과 같음 ✓
[2026-09-26 18:51:21] PP C.pbe-n-kjpaw_psl.1.0.0.UPF sha256 9900d1efd50b9848 · 기준과 같음 ✓
[2026-09-26 18:51:21] PP H.pbe-rrkjus_psl.1.0.0.UPF sha256 27f8a7e87851d59a · 기준과 같음 ✓
[2026-09-26 18:51:21] PP P.pbe-n-rrkjus_psl.1.0.0.UPF sha256 2d112dfec2e2d9b7 · 기준과 같음 ✓
[2026-09-26 18:51:22] PP cl_pbe_v1.4.uspp.F.UPF sha256 5b1ebdea1e5ba743 · 기준과 같음 ✓
[2026-09-26 18:51:22] PP li_pbe_v1.4.uspp.F.UPF sha256 02cc4b3810e28a43 · 기준과 같음 ✓
[2026-09-26 18:51:22] PP s_pbe_v1.4.uspp.F.UPF sha256 84ad731864187f41 · 기준과 같음 ✓
[2026-09-26 18:51:22] 디스크 872G 남음 (7% 사용)
[2026-09-26 18:51:23] GPU 합계 사용량 지금 0 MiB · 호스트 MemAvailable 119402 MiB (시작 문턱 16384 · 중단 4096)
[2026-09-26 18:51:23] DRY_RUN — 점검만 하고 끝낸다
[2026-09-26 18:51:23] ════ run_sese_gpu · IN=/home/ubuntu/wad4l/db/inputs/wad_aprime_s3v2_2026_09_26/qe · RUN=/home/ubuntu/runs/wad_aprime_s4_v2_s3v2_2026_09_26 · JOBS=[V2_top_fcc_relax V2_top_hcp_relax V2_bridge_relax V2_hollow_fcc_relax]
[2026-09-26 18:51:23] 공존 근거: D-2026-09-23-gabia-gpu-exception-sese · START<2048 MiB · KILL>31000 MiB · 표본 2s · UMA 공존 허용=0 · 허용 PID=[제한 없음]
[2026-09-26 18:51:24] 랭크 NP=1 · GPU 1 장 · pseudo=/home/ubuntu/wad4l/pseudo_kgy (PSEUDO_DIR 로 교체)
[2026-09-26 18:51:25] PP Ag_ONCV_PBE-1.0.oncvpsp.upf sha256 0494aa5927b754b4 · 기준과 같음 ✓
[2026-09-26 18:51:25] PP C.pbe-n-kjpaw_psl.1.0.0.UPF sha256 9900d1efd50b9848 · 기준과 같음 ✓
[2026-09-26 18:51:25] PP H.pbe-rrkjus_psl.1.0.0.UPF sha256 27f8a7e87851d59a · 기준과 같음 ✓
[2026-09-26 18:51:26] PP P.pbe-n-rrkjus_psl.1.0.0.UPF sha256 2d112dfec2e2d9b7 · 기준과 같음 ✓
[2026-09-26 18:51:26] PP cl_pbe_v1.4.uspp.F.UPF sha256 5b1ebdea1e5ba743 · 기준과 같음 ✓
[2026-09-26 18:51:26] PP li_pbe_v1.4.uspp.F.UPF sha256 02cc4b3810e28a43 · 기준과 같음 ✓
[2026-09-26 18:51:27] PP s_pbe_v1.4.uspp.F.UPF sha256 84ad731864187f41 · 기준과 같음 ✓
[2026-09-26 18:51:27] 디스크 872G 남음 (7% 사용)
[2026-09-26 18:51:27] GPU 합계 사용량 지금 0 MiB · 호스트 MemAvailable 119399 MiB (시작 문턱 16384 · 중단 4096)
⛔ qe_gpu_setup: 실행 가능한 pw.x 가 아니다: /data/apps/qe-7.4.1-gpu/bin/pw.x
⛔ QE-GPU 런타임을 링크에서 유도하지 못했다 — 시작하지 않는다.
   확인:  ldd '/data/apps/qe-7.4.1-gpu/bin/pw.x' | grep -E 'libmpi|libnvomp|libgomp'
   런타임을 안 맞추면 MPI_Init 또는 libgomp 에서 죽는다 (2026-09-08 실측 3회).
[2026-09-26 18:58:40] ════ run_sese_gpu · IN=/home/ubuntu/wad4l/db/inputs/wad_aprime_s3v2_2026_09_26/qe · RUN=/home/ubuntu/runs/wad_aprime_s4_v2_s3v2_2026_09_26 · JOBS=[V2_top_fcc_relax V2_top_hcp_relax V2_bridge_relax V2_hollow_fcc_relax]
[2026-09-26 18:58:40] 공존 근거: D-2026-09-23-gabia-gpu-exception-sese · START<2048 MiB · KILL>31000 MiB · 표본 2s · UMA 공존 허용=0 · 허용 PID=[제한 없음]
[2026-09-26 18:58:45] 랭크 NP=1 · GPU 1 장 · pseudo=/home/ubuntu/wad4l/pseudo_kgy (PSEUDO_DIR 로 교체)
[2026-09-26 18:58:46] PP Ag_ONCV_PBE-1.0.oncvpsp.upf sha256 0494aa5927b754b4 · 기준과 같음 ✓
[2026-09-26 18:58:46] PP C.pbe-n-kjpaw_psl.1.0.0.UPF sha256 9900d1efd50b9848 · 기준과 같음 ✓
[2026-09-26 18:58:46] PP H.pbe-rrkjus_psl.1.0.0.UPF sha256 27f8a7e87851d59a · 기준과 같음 ✓
[2026-09-26 18:58:47] PP P.pbe-n-rrkjus_psl.1.0.0.UPF sha256 2d112dfec2e2d9b7 · 기준과 같음 ✓
[2026-09-26 18:58:47] PP cl_pbe_v1.4.uspp.F.UPF sha256 5b1ebdea1e5ba743 · 기준과 같음 ✓
[2026-09-26 18:58:47] PP li_pbe_v1.4.uspp.F.UPF sha256 02cc4b3810e28a43 · 기준과 같음 ✓
[2026-09-26 18:58:48] PP s_pbe_v1.4.uspp.F.UPF sha256 84ad731864187f41 · 기준과 같음 ✓
[2026-09-26 18:58:48] 디스크 872G 남음 (7% 사용)
[2026-09-26 18:58:48] GPU 합계 사용량 지금 0 MiB · 호스트 MemAvailable 119399 MiB (시작 문턱 16384 · 중단 4096)
[qe_gpu] MPI 를 바이너리에서 읽었다: /home/ubuntu/apps/nvhpc/Linux_x86_64/24.11/comm_libs/12.6/hpcx/hpcx-2.20/ompi/lib/libmpi.so.40
[qe_gpu]   prefix=/home/ubuntu/apps/nvhpc/Linux_x86_64/24.11/comm_libs/12.6/hpcx/hpcx-2.20/ompi · mpirun=/home/ubuntu/apps/nvhpc/Linux_x86_64/24.11/comm_libs/12.6/hpcx/hpcx-2.20/ompi/bin/mpirun
[2026-09-26 18:58:49] ▶ V2_top_fcc_relax (relax) 시작 · GPU 합계 0 MiB · 호스트 여유 119390 MiB
[2026-09-26 18:58:50]    래퍼(mpirun) PID 1566514 · pw.x PID 1566532
[2026-09-26 18:59:20]    ⚠ nvidia-smi 목록에 우리 pw.x(1566532) 가 안 보인다 — 컨테이너 PID 이름공간이 다르거나 프로세스 정보가 막혔다. 자기 VRAM 칸은 '—' 로 적는다 (0 이 아니다)
[2026-09-26 19:03:18] ■ V2_top_fcc_relax rc=0 완료=1 벽시계 268s · 피크 합계 2752 MiB · 자기 — MiB · 호스트 최저 118499 MiB · 중단=0
[2026-09-26 19:03:22] ▶ V2_top_hcp_relax (relax) 시작 · GPU 합계 0 MiB · 호스트 여유 119418 MiB
[2026-09-26 19:03:23]    래퍼(mpirun) PID 1568725 · pw.x PID 1568747
[2026-09-26 19:03:53]    ⚠ nvidia-smi 목록에 우리 pw.x(1568747) 가 안 보인다 — 컨테이너 PID 이름공간이 다르거나 프로세스 정보가 막혔다. 자기 VRAM 칸은 '—' 로 적는다 (0 이 아니다)
[2026-09-26 19:08:29] ■ V2_top_hcp_relax rc=0 완료=1 벽시계 307s · 피크 합계 2752 MiB · 자기 — MiB · 호스트 최저 118514 MiB · 중단=0
[2026-09-26 19:08:33] ▶ V2_bridge_relax (relax) 시작 · GPU 합계 0 MiB · 호스트 여유 119400 MiB
[2026-09-26 19:08:34]    래퍼(mpirun) PID 1571330 · pw.x PID 1571348
[2026-09-26 19:09:05]    ⚠ nvidia-smi 목록에 우리 pw.x(1571348) 가 안 보인다 — 컨테이너 PID 이름공간이 다르거나 프로세스 정보가 막혔다. 자기 VRAM 칸은 '—' 로 적는다 (0 이 아니다)
[2026-09-26 19:12:25] ■ V2_bridge_relax rc=0 완료=1 벽시계 232s · 피크 합계 2750 MiB · 자기 — MiB · 호스트 최저 118483 MiB · 중단=0
[2026-09-26 19:12:29] ▶ V2_hollow_fcc_relax (relax) 시작 · GPU 합계 0 MiB · 호스트 여유 119420 MiB
[2026-09-26 19:12:30]    래퍼(mpirun) PID 1573327 · pw.x PID 1573349
[2026-09-26 19:13:01]    ⚠ nvidia-smi 목록에 우리 pw.x(1573349) 가 안 보인다 — 컨테이너 PID 이름공간이 다르거나 프로세스 정보가 막혔다. 자기 VRAM 칸은 '—' 로 적는다 (0 이 아니다)
[2026-09-26 19:16:28] ■ V2_hollow_fcc_relax rc=0 완료=1 벽시계 238s · 피크 합계 2750 MiB · 자기 — MiB · 호스트 최저 118510 MiB · 중단=0
[2026-09-26 19:16:28] ✅ 전부 완료 — 집계: python3 tools/wad/se_sym_slab.py --collect /home/ubuntu/runs/wad_aprime_s4_v2_s3v2_2026_09_26 --qe_in /home/ubuntu/wad4l/db/inputs/wad_aprime_s3v2_2026_09_26/qe
