Collecting numpy==2.4.6
  Using cached numpy-2.4.6-cp311-cp311-manylinux_2_27_x86_64.manylinux_2_28_x86_64.whl.metadata (6.6 kB)
Collecting scipy==1.17.1
  Using cached scipy-1.17.1-cp311-cp311-manylinux_2_27_x86_64.manylinux_2_28_x86_64.whl.metadata (62 kB)
Collecting pandas==3.0.5
  Using cached pandas-3.0.5-cp311-cp311-manylinux_2_24_x86_64.manylinux_2_28_x86_64.whl.metadata (79 kB)
Collecting openpyxl==3.1.5
  Using cached openpyxl-3.1.5-py2.py3-none-any.whl.metadata (2.5 kB)
Collecting matplotlib==3.11.2
  Using cached matplotlib-3.11.2-cp311-cp311-manylinux2014_x86_64.manylinux_2_17_x86_64.whl.metadata (80 kB)
Collecting seaborn==0.13.2
  Downloading seaborn-0.13.2-py3-none-any.whl.metadata (5.4 kB)
Collecting pymoo==0.6.2
  Downloading pymoo-0.6.2-cp311-cp311-manylinux_2_24_x86_64.manylinux_2_28_x86_64.whl.metadata (6.1 kB)
Collecting python-dateutil>=2.8.2 (from pandas==3.0.5)
  Using cached python_dateutil-2.9.0.post0-py2.py3-none-any.whl.metadata (8.4 kB)
Collecting et-xmlfile (from openpyxl==3.1.5)
  Using cached et_xmlfile-2.0.0-py3-none-any.whl.metadata (2.7 kB)
Collecting contourpy>=1.0.1 (from matplotlib==3.11.2)
  Using cached contourpy-1.3.3-cp311-cp311-manylinux_2_27_x86_64.manylinux_2_28_x86_64.whl.metadata (5.5 kB)
Collecting cycler>=0.10 (from matplotlib==3.11.2)
  Using cached cycler-0.12.1-py3-none-any.whl.metadata (3.8 kB)
Collecting fonttools>=4.28.2 (from matplotlib==3.11.2)
  Using cached fonttools-4.66.1-cp311-cp311-manylinux2014_x86_64.manylinux_2_17_x86_64.whl.metadata (130 kB)
Collecting kiwisolver>=1.3.1 (from matplotlib==3.11.2)
  Using cached kiwisolver-1.5.1-cp311-cp311-manylinux2014_x86_64.manylinux_2_17_x86_64.whl.metadata (5.2 kB)
Collecting packaging>=20.0 (from matplotlib==3.11.2)
  Using cached packaging-26.3-py3-none-any.whl.metadata (3.5 kB)
Collecting pillow>=9 (from matplotlib==3.11.2)
  Using cached pillow-12.3.0-cp311-cp311-manylinux_2_27_x86_64.manylinux_2_28_x86_64.whl.metadata (9.1 kB)
Collecting pyparsing>=3 (from matplotlib==3.11.2)
  Using cached pyparsing-3.3.3-py3-none-any.whl.metadata (5.9 kB)
Collecting moocore>=0.1.7 (from pymoo==0.6.2)
  Downloading moocore-0.3.2-cp310-abi3-manylinux2014_x86_64.manylinux_2_17_x86_64.manylinux_2_28_x86_64.whl.metadata (6.5 kB)
Collecting autograd>=1.4 (from pymoo==0.6.2)
  Downloading autograd-1.9.1-py3-none-any.whl.metadata (6.1 kB)
Collecting cma>=3.4.0 (from pymoo==0.6.2)
  Downloading cma-4.5.0-py3-none-any.whl.metadata (9.2 kB)
Collecting alive_progress (from pymoo==0.6.2)
  Downloading alive_progress-3.3.0-py3-none-any.whl.metadata (72 kB)
     ━━━━━━━━━━━━━━━━━━━━━━━━━━━━━━━━━━━━━━━━ 72.7/72.7 kB 8.3 MB/s eta 0:00:00
Collecting Deprecated (from pymoo==0.6.2)
  Downloading deprecated-1.3.1-py2.py3-none-any.whl.metadata (5.9 kB)
Collecting cffi>=1.17.1 (from moocore>=0.1.7->pymoo==0.6.2)
  Using cached cffi-2.1.1-cp311-cp311-manylinux2014_x86_64.manylinux_2_17_x86_64.whl.metadata (2.5 kB)
Collecting platformdirs (from moocore>=0.1.7->pymoo==0.6.2)
  Downloading platformdirs-4.12.3-py3-none-any.whl.metadata (5.5 kB)
Collecting six>=1.5 (from python-dateutil>=2.8.2->pandas==3.0.5)
  Using cached six-1.17.0-py2.py3-none-any.whl.metadata (1.7 kB)
Collecting about-time==4.2.1 (from alive_progress->pymoo==0.6.2)
  Downloading about_time-4.2.1-py3-none-any.whl.metadata (13 kB)
Collecting graphemeu==0.7.2 (from alive_progress->pymoo==0.6.2)
  Downloading graphemeu-0.7.2-py3-none-any.whl.metadata (7.8 kB)
Collecting wrapt<3,>=1.10 (from Deprecated->pymoo==0.6.2)
  Downloading wrapt-2.5.0-cp311-cp311-manylinux1_x86_64.manylinux_2_28_x86_64.manylinux_2_5_x86_64.whl.metadata (7.6 kB)
Collecting pycparser (from cffi>=1.17.1->moocore>=0.1.7->pymoo==0.6.2)
  Using cached pycparser-3.0-py3-none-any.whl.metadata (8.2 kB)
Using cached numpy-2.4.6-cp311-cp311-manylinux_2_27_x86_64.manylinux_2_28_x86_64.whl (16.9 MB)
Using cached scipy-1.17.1-cp311-cp311-manylinux_2_27_x86_64.manylinux_2_28_x86_64.whl (35.3 MB)
Using cached pandas-3.0.5-cp311-cp311-manylinux_2_24_x86_64.manylinux_2_28_x86_64.whl (11.3 MB)
Using cached openpyxl-3.1.5-py2.py3-none-any.whl (250 kB)
Using cached matplotlib-3.11.2-cp311-cp311-manylinux2014_x86_64.manylinux_2_17_x86_64.whl (9.9 MB)
Downloading seaborn-0.13.2-py3-none-any.whl (294 kB)
   ━━━━━━━━━━━━━━━━━━━━━━━━━━━━━━━━━━━━━━━━ 294.9/294.9 kB 11.0 MB/s eta 0:00:00
Downloading pymoo-0.6.2-cp311-cp311-manylinux_2_24_x86_64.manylinux_2_28_x86_64.whl (5.2 MB)
   ━━━━━━━━━━━━━━━━━━━━━━━━━━━━━━━━━━━━━━━━ 5.2/5.2 MB 15.5 MB/s eta 0:00:00
Downloading autograd-1.9.1-py3-none-any.whl (54 kB)
   ━━━━━━━━━━━━━━━━━━━━━━━━━━━━━━━━━━━━━━━━ 54.4/54.4 kB 8.0 MB/s eta 0:00:00
Downloading cma-4.5.0-py3-none-any.whl (347 kB)
   ━━━━━━━━━━━━━━━━━━━━━━━━━━━━━━━━━━━━━━━━ 347.2/347.2 kB 31.2 MB/s eta 0:00:00
Using cached contourpy-1.3.3-cp311-cp311-manylinux_2_27_x86_64.manylinux_2_28_x86_64.whl (355 kB)
Using cached cycler-0.12.1-py3-none-any.whl (8.3 kB)
Using cached fonttools-4.66.1-cp311-cp311-manylinux2014_x86_64.manylinux_2_17_x86_64.whl (5.4 MB)
Using cached kiwisolver-1.5.1-cp311-cp311-manylinux2014_x86_64.manylinux_2_17_x86_64.whl (1.4 MB)
Downloading moocore-0.3.2-cp310-abi3-manylinux2014_x86_64.manylinux_2_17_x86_64.manylinux_2_28_x86_64.whl (879 kB)
   ━━━━━━━━━━━━━━━━━━━━━━━━━━━━━━━━━━━━━━━━ 879.5/879.5 kB 25.3 MB/s eta 0:00:00
Using cached packaging-26.3-py3-none-any.whl (129 kB)
Using cached pillow-12.3.0-cp311-cp311-manylinux_2_27_x86_64.manylinux_2_28_x86_64.whl (6.9 MB)
Using cached pyparsing-3.3.3-py3-none-any.whl (126 kB)
Using cached python_dateutil-2.9.0.post0-py2.py3-none-any.whl (229 kB)
Downloading alive_progress-3.3.0-py3-none-any.whl (78 kB)
   ━━━━━━━━━━━━━━━━━━━━━━━━━━━━━━━━━━━━━━━━ 78.4/78.4 kB 11.2 MB/s eta 0:00:00
Downloading about_time-4.2.1-py3-none-any.whl (13 kB)
Downloading graphemeu-0.7.2-py3-none-any.whl (22 kB)
Downloading deprecated-1.3.1-py2.py3-none-any.whl (11 kB)
Using cached et_xmlfile-2.0.0-py3-none-any.whl (18 kB)
Using cached cffi-2.1.1-cp311-cp311-manylinux2014_x86_64.manylinux_2_17_x86_64.whl (217 kB)
Using cached six-1.17.0-py2.py3-none-any.whl (11 kB)
Downloading wrapt-2.5.0-cp311-cp311-manylinux1_x86_64.manylinux_2_28_x86_64.manylinux_2_5_x86_64.whl (239 kB)
   ━━━━━━━━━━━━━━━━━━━━━━━━━━━━━━━━━━━━━━━━ 239.8/239.8 kB 18.7 MB/s eta 0:00:00
Downloading platformdirs-4.12.3-py3-none-any.whl (32 kB)
Using cached pycparser-3.0-py3-none-any.whl (48 kB)
Installing collected packages: wrapt, six, pyparsing, pycparser, platformdirs, pillow, packaging, numpy, kiwisolver, graphemeu, fonttools, et-xmlfile, cycler, about-time, scipy, python-dateutil, openpyxl, Deprecated, contourpy, cma, cffi, autograd, alive_progress, pandas, moocore, matplotlib, seaborn, pymoo
Successfully installed Deprecated-1.3.1 about-time-4.2.1 alive_progress-3.3.0 autograd-1.9.1 cffi-2.1.1 cma-4.5.0 contourpy-1.3.3 cycler-0.12.1 et-xmlfile-2.0.0 fonttools-4.66.1 graphemeu-0.7.2 kiwisolver-1.5.1 matplotlib-3.11.2 moocore-0.3.2 numpy-2.4.6 openpyxl-3.1.5 packaging-26.3 pandas-3.0.5 pillow-12.3.0 platformdirs-4.12.3 pycparser-3.0 pymoo-0.6.2 pyparsing-3.3.3 python-dateutil-2.9.0.post0 scipy-1.17.1 seaborn-0.13.2 six-1.17.0 wrapt-2.5.0
