[Taichi] version 1.7.4, llvm 15.0.4, commit b4b956fd, linux, python 3.10.12
  [mpm] --gpu-mem 28.0 > usable VRAM (total 32GB, free 30GB) → capping to 27.2GB
[Taichi] Starting on arch=cuda
  scaffold: 1656 fixed AM + 158761 real SE spheres → 11,775,812 SE cells (REAL positions, no targeting) (94,206,496 pts)
  seed density: AM 54.9% / SE 28.4% / void 16.7%  (SE/solid 34.1%)  ρ_bulk≈3.20 g/cm³  bed 111.4µm
  ⚠ [platen] --platen-mach 0.03 → step 0.004912 box/frame. WALL0→WALL_MIN 전 구간 하강에 최대 426 프레임이 필요한데 --frames 는 400 입니다.
            (--platen-mach 는 --compact-to 0.25·vmax · servo 0.12·vmax · 제하 0.05·vmax 의 단위도 함께 줄입니다.)
  [platen] v=0.1535 box/t.u.  V/c_P=0.030  V/c_S=0.21  step=0.00491 box/frame  (--platen-mach)   ⚠ 준정적 한계(V/c_P≤0.01) 초과 — --allow-fast-platen 로 승인됨 (결과에 기록)
3D MPM  grid=288×288×626  pts=94206496  arch=cuda  scaffold (1656 fixed AM + SE se_dump REAL positions)  E_SE=1.53 σy=0.3 ν_SE=0.49 K_SE=25.50GPa  target=0.3 GPa  readout=wallP  xy=periodic
  frame   0 [descend]  wallP= 0.0000 GPa (wallP=0.0000 σzz_vol=0.0000 AMr=+0.0000 f_AM_mpm=0.000 | SEfl=0.0000 fAMcut=nan top%=nan)  porosity= 18.69%  wall_z=2.145  thickness=114.15µm
  frame  20 [descend]  wallP= 1.9912 GPa (wallP=1.9912 σzz_vol=0.0621 AMr=+1.9839 f_AM_mpm=0.499 | SEfl=0.0000 fAMcut=1.000 top%=100)  porosity= 14.69%  wall_z=2.047  thickness=108.81µm
  frame  40 [descend]  wallP= 1.5038 GPa (wallP=1.5038 σzz_vol=0.0905 AMr=+1.5019 f_AM_mpm=0.500 | SEfl=0.0000 fAMcut=1.000 top%=99)  porosity= 12.00%  wall_z=1.989  thickness=105.47µm
  frame  60 [descend]  wallP= 1.6730 GPa (wallP=1.6730 σzz_vol=0.1010 AMr=+1.6701 f_AM_mpm=0.500 | SEfl=0.0000 fAMcut=1.000 top%=99)  porosity= 10.87%  wall_z=1.965  thickness=104.13µm
  frame  80 [descend]  wallP= 1.9142 GPa (wallP=1.9142 σzz_vol=0.1173 AMr=+1.9110 f_AM_mpm=0.500 | SEfl=0.0001 fAMcut=1.000 top%=99)  porosity=  9.71%  wall_z=1.940  thickness=102.80µm
  frame 100 [descend]  wallP= 2.3879 GPa (wallP=2.3879 σzz_vol=0.1349 AMr=+2.3804 f_AM_mpm=0.499 | SEfl=0.0001 fAMcut=1.000 top%=99)  porosity=  8.52%  wall_z=1.916  thickness=101.46µm
  frame 120 [servo]  wallP= 0.9272 GPa (wallP=0.9272 σzz_vol=0.1321 AMr=+0.9236 f_AM_mpm=0.499 | SEfl=0.0001 fAMcut=1.000 top%=99 PINNED)  porosity=  7.61%  wall_z=1.899  thickness=100.46µm
  frame 140 [servo]  wallP= 0.9122 GPa (wallP=0.9122 σzz_vol=0.1311 AMr=+0.9076 f_AM_mpm=0.499 | SEfl=0.0001 fAMcut=1.000 top%=99 PINNED)  porosity=  7.61%  wall_z=1.899  thickness=100.46µm
  ✓ held at target, relaxed (LIGGGHTS protocol)
FINAL  wallP=0.9098 GPa  porosity(settled)=7.61%  porosity@target=7.61%  thickness=100.46µm   [MPM, scaffold, scaffold 1656AM se_dump(real), n_grid=288, pts=94206496, E_SE=1.53 ν_SE=0.49 K_SE=25.5GPa, readout=wallP, xy=periodic]
  coverage AM_P by SE =  37.1%   (1,070,108/2,883,235 surface voxels)
  coverage AM_S by SE =  38.0%   (1,064,344/2,799,751 surface voxels)
  saved metrics → xfer_eq288r45_kit_ps_7_3_r45_g288_e763.json  (68 fields)
