[Taichi] version 1.7.4, llvm 15.0.4, commit b4b956fd, linux, python 3.10.12
  [mpm] --gpu-mem 28.0 > usable VRAM (total 32GB, free 30GB) → capping to 27.2GB
[Taichi] Starting on arch=cuda
  scaffold: 1656 fixed AM + 158761 real SE spheres → 11,775,812 SE cells (REAL positions, no targeting) (94,206,496 pts)
  seed density: AM 54.9% / SE 28.4% / void 16.7%  (SE/solid 34.1%)  ρ_bulk≈3.20 g/cm³  bed 111.4µm
  ⚠ [platen] --platen-mach 0.03 → step 0.004912 box/frame. WALL0→WALL_MIN 전 구간 하강에 최대 426 프레임이 필요한데 --frames 는 400 입니다.
            (--platen-mach 는 --compact-to 0.25·vmax · servo 0.12·vmax · 제하 0.05·vmax 의 단위도 함께 줄입니다.)
  [platen] v=0.1535 box/t.u.  V/c_P=0.030  V/c_S=0.21  step=0.00491 box/frame  (--platen-mach)   ⚠ 준정적 한계(V/c_P≤0.01) 초과 — --allow-fast-platen 로 승인됨 (결과에 기록)
3D MPM  grid=288×288×626  pts=94206496  arch=cuda  scaffold (1656 fixed AM + SE se_dump REAL positions)  E_SE=1.53 σy=0.3 ν_SE=0.49 K_SE=25.50GPa  target=0.3 GPa  readout=wallP  xy=periodic
  frame   0 [descend]  wallP= 0.0000 GPa (wallP=0.0000 σzz_vol=0.0000 AMr=+0.0000 f_AM_mpm=0.000 | SEfl=0.0000 fAMcut=nan top%=nan)  porosity= 18.69%  wall_z=2.145  thickness=114.15µm
  frame  20 [descend]  wallP= 0.0472 GPa (wallP=0.0472 σzz_vol=0.0023 AMr=+0.0295 f_AM_mpm=0.385 | SEfl=0.0000 fAMcut=1.000 top%=100)  porosity= 16.39%  wall_z=2.091  thickness=111.01µm
  frame  40 [descend]  wallP= 0.6216 GPa (wallP=0.6216 σzz_vol=0.0404 AMr=+0.6215 f_AM_mpm=0.500 | SEfl=0.0000 fAMcut=1.000 top%=100)  porosity= 15.37%  wall_z=2.067  thickness=109.67µm
  frame  60 [descend]  wallP= 0.9166 GPa (wallP=0.9166 σzz_vol=0.0641 AMr=+0.9165 f_AM_mpm=0.500 | SEfl=0.0000 fAMcut=1.000 top%=99)  porosity= 14.33%  wall_z=2.042  thickness=108.34µm
  frame  80 [descend]  wallP= 1.1337 GPa (wallP=1.1337 σzz_vol=0.0786 AMr=+1.1347 f_AM_mpm=0.500 | SEfl=0.0001 fAMcut=1.000 top%=99)  porosity= 13.26%  wall_z=2.018  thickness=107.00µm
  frame 100 [descend]  wallP= 1.3755 GPa (wallP=1.3755 σzz_vol=0.0886 AMr=+1.3753 f_AM_mpm=0.500 | SEfl=0.0001 fAMcut=1.000 top%=99)  porosity= 12.16%  wall_z=1.993  thickness=105.67µm
  frame 120 [servo]  wallP= 0.6139 GPa (wallP=0.6139 σzz_vol=0.0809 AMr=+0.6121 f_AM_mpm=0.499 | SEfl=0.0001 fAMcut=1.000 top%=99 PINNED)  porosity= 12.00%  wall_z=1.991  thickness=105.47µm
  frame 140 [servo]  wallP= 0.6132 GPa (wallP=0.6132 σzz_vol=0.0808 AMr=+0.6115 f_AM_mpm=0.499 | SEfl=0.0001 fAMcut=1.000 top%=99 PINNED)  porosity= 12.00%  wall_z=1.991  thickness=105.47µm
  ✓ held at target, relaxed (LIGGGHTS protocol)
FINAL  wallP=0.6133 GPa  porosity(settled)=12.00%  porosity@target=12.00%  thickness=105.47µm   [MPM, scaffold, scaffold 1656AM se_dump(real), n_grid=288, pts=94206496, E_SE=1.53 ν_SE=0.49 K_SE=25.5GPa, readout=wallP, xy=periodic]
  coverage AM_P by SE =  39.1%   (1,127,584/2,883,235 surface voxels)
  coverage AM_S by SE =  39.0%   (1,091,681/2,799,751 surface voxels)
  saved metrics → xfer_eq288r45_kit_ps_7_3_r45_g288_e1204.json  (68 fields)
