[Taichi] version 1.7.4, llvm 15.0.4, commit b4b956fd, linux, python 3.10.12
  [mpm] --gpu-mem 28.0 > usable VRAM (total 32GB, free 32GB) → capping to 27.2GB
[Taichi] Starting on arch=cuda
  scaffold: 4588 fixed AM + 158760 real SE spheres → 11,770,136 SE cells (REAL positions, no targeting) (94,161,088 pts)
  seed density: AM 52.3% / SE 26.9% / void 20.7%  (SE/solid 34.0%)  ρ_bulk≈3.05 g/cm³  bed 117.4µm
  ⚠ [platen] --platen-mach 0.03 → step 0.004912 box/frame. WALL0→WALL_MIN 전 구간 하강에 최대 449 프레임이 필요한데 --frames 는 400 입니다.
            (--platen-mach 는 --compact-to 0.25·vmax · servo 0.12·vmax · 제하 0.05·vmax 의 단위도 함께 줄입니다.)
  [platen] v=0.1535 box/t.u.  V/c_P=0.030  V/c_S=0.21  step=0.00491 box/frame  (--platen-mach)   ⚠ 준정적 한계(V/c_P≤0.01) 초과 — --allow-fast-platen 로 승인됨 (결과에 기록)
3D MPM  grid=288×288×657  pts=94161088  arch=cuda  scaffold (4588 fixed AM + SE se_dump REAL positions)  E_SE=1.53 σy=0.3 ν_SE=0.49 K_SE=25.50GPa  target=0.3 GPa  readout=wallP  xy=periodic
  frame   0 [descend]  wallP= 0.0000 GPa (wallP=0.0000 σzz_vol=0.0000 AMr=+0.0000 f_AM_mpm=0.000 | SEfl=0.0000 fAMcut=nan top%=nan)  porosity= 22.51%  wall_z=2.256  thickness=120.15µm
  frame  20 [descend]  wallP= 2.0843 GPa (wallP=2.0843 σzz_vol=0.0477 AMr=+2.0682 f_AM_mpm=0.498 | SEfl=0.0000 fAMcut=1.000 top%=100)  porosity= 18.91%  wall_z=2.158  thickness=114.81µm
  frame  40 [descend]  wallP= 1.6525 GPa (wallP=1.6525 σzz_vol=0.0851 AMr=+1.6523 f_AM_mpm=0.500 | SEfl=0.0000 fAMcut=1.000 top%=100)  porosity= 16.48%  wall_z=2.100  thickness=111.47µm
  frame  60 [descend]  wallP= 1.9296 GPa (wallP=1.9296 σzz_vol=0.0950 AMr=+1.9256 f_AM_mpm=0.499 | SEfl=0.0000 fAMcut=1.000 top%=100)  porosity= 15.47%  wall_z=2.075  thickness=110.14µm
  frame  80 [descend]  wallP= 2.7155 GPa (wallP=2.7155 σzz_vol=0.1082 AMr=+2.7090 f_AM_mpm=0.499 | SEfl=0.0000 fAMcut=1.000 top%=100)  porosity= 14.43%  wall_z=2.051  thickness=108.80µm
  frame 100 [descend]  wallP= 3.1372 GPa (wallP=3.1372 σzz_vol=0.1235 AMr=+3.1323 f_AM_mpm=0.500 | SEfl=0.0000 fAMcut=1.000 top%=100)  porosity= 13.37%  wall_z=2.026  thickness=107.47µm
  frame 120 [descend]  wallP= 3.6100 GPa (wallP=3.6100 σzz_vol=0.1370 AMr=+3.6090 f_AM_mpm=0.500 | SEfl=0.0000 fAMcut=1.000 top%=100)  porosity= 12.28%  wall_z=2.002  thickness=106.14µm
  frame 140 [servo]  wallP= 0.9194 GPa (wallP=0.9194 σzz_vol=0.1253 AMr=+0.9152 f_AM_mpm=0.499 | SEfl=0.0001 fAMcut=1.000 top%=100 PINNED)  porosity= 12.00%  wall_z=1.997  thickness=105.80µm
  frame 160 [servo]  wallP= 0.9172 GPa (wallP=0.9172 σzz_vol=0.1252 AMr=+0.9131 f_AM_mpm=0.499 | SEfl=0.0001 fAMcut=1.000 top%=100 PINNED)  porosity= 12.00%  wall_z=1.997  thickness=105.80µm
  ✓ held at target, relaxed (LIGGGHTS protocol)
FINAL  wallP=0.9171 GPa  porosity(settled)=12.00%  porosity@target=12.00%  thickness=105.80µm   [MPM, scaffold, scaffold 4588AM se_dump(real), n_grid=288, pts=94161088, E_SE=1.53 ν_SE=0.49 K_SE=25.5GPa, readout=wallP, xy=periodic]
  coverage AM_S by SE =  29.7%   (2,710,631/9,125,846 surface voxels)
  saved metrics → xfer_eq288r45_kit_ps_0_10_r45_g288_e1201.json  (68 fields)
