[Taichi] version 1.7.4, llvm 15.0.4, commit b4b956fd, linux, python 3.10.12
  [mpm] --gpu-mem 28.0 > usable VRAM (total 32GB, free 30GB) → capping to 27.2GB
[Taichi] Starting on arch=cuda
  scaffold: 1656 fixed AM + 158761 real SE spheres → 11,775,812 SE cells (REAL positions, no targeting) (94,206,496 pts)
  seed density: AM 54.9% / SE 28.4% / void 16.7%  (SE/solid 34.1%)  ρ_bulk≈3.20 g/cm³  bed 111.4µm
  ⚠ [platen] --platen-mach 0.03 → step 0.004912 box/frame. WALL0→WALL_MIN 전 구간 하강에 최대 426 프레임이 필요한데 --frames 는 400 입니다.
            (--platen-mach 는 --compact-to 0.25·vmax · servo 0.12·vmax · 제하 0.05·vmax 의 단위도 함께 줄입니다.)
  [platen] v=0.1535 box/t.u.  V/c_P=0.030  V/c_S=0.21  step=0.00491 box/frame  (--platen-mach)   ⚠ 준정적 한계(V/c_P≤0.01) 초과 — --allow-fast-platen 로 승인됨 (결과에 기록)
3D MPM  grid=288×288×626  pts=94206496  arch=cuda  scaffold (1656 fixed AM + SE se_dump REAL positions)  E_SE=1.53 σy=0.3 ν_SE=0.49 K_SE=25.50GPa  target=0.3 GPa  readout=wallP  xy=periodic
  frame   0 [descend]  wallP= 0.0000 GPa (wallP=0.0000 σzz_vol=0.0000 AMr=+0.0000 f_AM_mpm=0.000 | SEfl=0.0000 fAMcut=nan top%=nan)  porosity= 18.69%  wall_z=2.149  thickness=114.15µm
  frame  20 [descend]  wallP= 0.0000 GPa (wallP=0.0000 σzz_vol=0.0000 AMr=+0.0000 f_AM_mpm=0.000 | SEfl=0.0000 fAMcut=nan top%=nan)  porosity= 17.72%  wall_z=2.124  thickness=112.81µm
  frame  40 [descend]  wallP= 0.0008 GPa (wallP=0.0008 σzz_vol=0.0000 AMr=+0.0008 f_AM_mpm=0.494 | SEfl=0.0000 fAMcut=0.985 top%=101 PINNED)  porosity= 16.74%  wall_z=2.100  thickness=111.48µm
  frame  60 [descend]  wallP= 0.3732 GPa (wallP=0.3732 σzz_vol=0.0262 AMr=+0.3814 f_AM_mpm=0.505 | SEfl=0.0000 fAMcut=1.000 top%=100)  porosity= 15.73%  wall_z=2.075  thickness=110.14µm
  frame  80 [servo]  wallP= 0.4335 GPa (wallP=0.4335 σzz_vol=0.0357 AMr=+0.4331 f_AM_mpm=0.500 | SEfl=0.0000 fAMcut=1.000 top%=100 PINNED)  porosity= 15.32%  wall_z=2.067  thickness=109.61µm
  frame 100 [servo]  wallP= 0.4320 GPa (wallP=0.4320 σzz_vol=0.0356 AMr=+0.4314 f_AM_mpm=0.500 | SEfl=0.0001 fAMcut=1.000 top%=100 PINNED)  porosity= 15.32%  wall_z=2.067  thickness=109.61µm
  ✓ held at target, relaxed (LIGGGHTS protocol)
FINAL  wallP=0.4317 GPa  porosity(settled)=15.32%  porosity@target=15.32%  thickness=109.61µm   [MPM, scaffold, scaffold 1656AM se_dump(real), n_grid=288, pts=94206496, E_SE=1.53 ν_SE=0.49 K_SE=25.5GPa, readout=wallP, xy=periodic]
  coverage AM_P by SE =  38.9%   (1,122,547/2,883,235 surface voxels)
  coverage AM_S by SE =  39.3%   (1,100,220/2,799,751 surface voxels)
  saved metrics → xfer_eq288r45_kit_ps_7_3_r45_g288_e1535.json  (68 fields)
