[Taichi] version 1.7.4, llvm 15.0.4, commit b4b956fd, linux, python 3.10.12
  [mpm] --gpu-mem 28.0 > usable VRAM (total 32GB, free 32GB) → capping to 27.2GB
[Taichi] Starting on arch=cuda
  scaffold: 4588 fixed AM + 158760 real SE spheres → 11,770,136 SE cells (REAL positions, no targeting) (94,161,088 pts)
  seed density: AM 52.3% / SE 26.9% / void 20.7%  (SE/solid 34.0%)  ρ_bulk≈3.05 g/cm³  bed 117.4µm
  ⚠ [platen] --platen-mach 0.03 → step 0.004912 box/frame. WALL0→WALL_MIN 전 구간 하강에 최대 449 프레임이 필요한데 --frames 는 400 입니다.
            (--platen-mach 는 --compact-to 0.25·vmax · servo 0.12·vmax · 제하 0.05·vmax 의 단위도 함께 줄입니다.)
  [platen] v=0.1535 box/t.u.  V/c_P=0.030  V/c_S=0.21  step=0.00491 box/frame  (--platen-mach)   ⚠ 준정적 한계(V/c_P≤0.01) 초과 — --allow-fast-platen 로 승인됨 (결과에 기록)
3D MPM  grid=288×288×657  pts=94161088  arch=cuda  scaffold (4588 fixed AM + SE se_dump REAL positions)  E_SE=1.53 σy=0.3 ν_SE=0.49 K_SE=25.50GPa  target=0.3 GPa  readout=wallP  xy=periodic
  frame   0 [descend]  wallP= 0.0000 GPa (wallP=0.0000 σzz_vol=0.0000 AMr=+0.0000 f_AM_mpm=0.000 | SEfl=0.0000 fAMcut=nan top%=nan)  porosity= 22.51%  wall_z=2.256  thickness=120.15µm
  frame  20 [descend]  wallP= 0.4514 GPa (wallP=0.4514 σzz_vol=0.0241 AMr=+0.4542 f_AM_mpm=0.502 | SEfl=0.0000 fAMcut=1.000 top%=100)  porosity= 19.88%  wall_z=2.187  thickness=116.21µm
  frame  40 [descend]  wallP= 0.7153 GPa (wallP=0.7153 σzz_vol=0.0420 AMr=+0.7172 f_AM_mpm=0.501 | SEfl=0.0000 fAMcut=1.000 top%=100)  porosity= 18.95%  wall_z=2.163  thickness=114.88µm
  frame  60 [descend]  wallP= 0.9719 GPa (wallP=0.9719 σzz_vol=0.0564 AMr=+0.9729 f_AM_mpm=0.500 | SEfl=0.0000 fAMcut=1.000 top%=100)  porosity= 18.00%  wall_z=2.138  thickness=113.54µm
  frame  80 [descend]  wallP= 1.3897 GPa (wallP=1.3897 σzz_vol=0.0751 AMr=+1.3882 f_AM_mpm=0.500 | SEfl=0.0000 fAMcut=1.000 top%=100)  porosity= 17.03%  wall_z=2.113  thickness=112.21µm
  frame 100 [descend]  wallP= 1.9422 GPa (wallP=1.9422 σzz_vol=0.0883 AMr=+1.9354 f_AM_mpm=0.499 | SEfl=0.0000 fAMcut=1.000 top%=100)  porosity= 16.03%  wall_z=2.089  thickness=110.87µm
  frame 120 [servo]  wallP= 0.7382 GPa (wallP=0.7382 σzz_vol=0.0871 AMr=+0.7356 f_AM_mpm=0.499 | SEfl=0.0000 fAMcut=1.000 top%=100)  porosity= 15.26%  wall_z=2.072  thickness=109.87µm
  frame 140 [servo]  wallP= 0.7309 GPa (wallP=0.7309 σzz_vol=0.0864 AMr=+0.7282 f_AM_mpm=0.499 | SEfl=0.0001 fAMcut=1.000 top%=100)  porosity= 15.26%  wall_z=2.072  thickness=109.87µm
  ✓ held at target, relaxed (LIGGGHTS protocol)
FINAL  wallP=0.7293 GPa  porosity(settled)=15.26%  porosity@target=15.26%  thickness=109.87µm   [MPM, scaffold, scaffold 4588AM se_dump(real), n_grid=288, pts=94161088, E_SE=1.53 ν_SE=0.49 K_SE=25.5GPa, readout=wallP, xy=periodic]
  coverage AM_S by SE =  30.7%   (2,803,208/9,125,846 surface voxels)
  saved metrics → xfer_eq288r45_kit_ps_0_10_r45_g288_e1531.json  (68 fields)
