[Taichi] version 1.7.4, llvm 15.0.4, commit b4b956fd, linux, python 3.10.12
  [mpm] --gpu-mem 28.0 > usable VRAM (total 32GB, free 31GB) → capping to 27.2GB
[Taichi] Starting on arch=cuda
  scaffold: 403 fixed AM + 158749 real SE spheres → 11,942,750 SE cells (REAL positions, no targeting) (95,542,000 pts)
  seed density: AM 54.3% / SE 28.4% / void 17.3%  (SE/solid 34.3%)  ρ_bulk≈3.17 g/cm³  bed 113.2µm
  ⚠ [platen] --platen-mach 0.03 → step 0.004912 box/frame. WALL0→WALL_MIN 전 구간 하강에 최대 433 프레임이 필요한데 --frames 는 400 입니다.
            (--platen-mach 는 --compact-to 0.25·vmax · servo 0.12·vmax · 제하 0.05·vmax 의 단위도 함께 줄입니다.)
  [platen] v=0.1535 box/t.u.  V/c_P=0.030  V/c_S=0.21  step=0.00491 box/frame  (--platen-mach)   ⚠ 준정적 한계(V/c_P≤0.01) 초과 — --allow-fast-platen 로 승인됨 (결과에 기록)
3D MPM  grid=288×288×635  pts=95542000  arch=cuda  scaffold (403 fixed AM + SE se_dump REAL positions)  E_SE=1.53 σy=0.3 ν_SE=0.49 K_SE=25.50GPa  target=0.3 GPa  readout=wallP  xy=periodic
  frame   0 [descend]  wallP= 0.0000 GPa (wallP=0.0000 σzz_vol=0.0000 AMr=+0.0000 f_AM_mpm=0.000 | SEfl=0.0000 fAMcut=nan top%=nan)  porosity= 19.26%  wall_z=2.178  thickness=115.93µm
  frame  20 [descend]  wallP= 0.9608 GPa (wallP=0.9608 σzz_vol=0.0544 AMr=+0.9661 f_AM_mpm=0.501 | SEfl=0.0000 fAMcut=1.000 top%=98)  porosity= 15.36%  wall_z=2.080  thickness=110.59µm
  frame  40 [descend]  wallP= 1.1591 GPa (wallP=1.1591 σzz_vol=0.0935 AMr=+1.1581 f_AM_mpm=0.500 | SEfl=0.0000 fAMcut=1.000 top%=96)  porosity= 12.07%  wall_z=2.007  thickness=106.45µm
  frame  60 [descend]  wallP= 1.3869 GPa (wallP=1.3869 σzz_vol=0.1056 AMr=+1.3866 f_AM_mpm=0.500 | SEfl=0.0000 fAMcut=1.000 top%=97)  porosity= 10.95%  wall_z=1.983  thickness=105.11µm
  frame  80 [descend]  wallP= 1.8029 GPa (wallP=1.8029 σzz_vol=0.1276 AMr=+1.8018 f_AM_mpm=0.500 | SEfl=0.0001 fAMcut=1.000 top%=96)  porosity=  9.81%  wall_z=1.958  thickness=103.78µm
  frame 100 [descend]  wallP= 2.1263 GPa (wallP=2.1263 σzz_vol=0.1467 AMr=+2.1258 f_AM_mpm=0.500 | SEfl=0.0001 fAMcut=1.000 top%=95)  porosity=  8.63%  wall_z=1.934  thickness=102.45µm
  frame 120 [servo]  wallP= 0.7619 GPa (wallP=0.7619 σzz_vol=0.1445 AMr=+0.7645 f_AM_mpm=0.501 | SEfl=0.0001 fAMcut=1.000 top%=94 PINNED)  porosity=  7.55%  wall_z=1.913  thickness=101.24µm
  frame 140 [servo]  wallP= 0.7446 GPa (wallP=0.7446 σzz_vol=0.1439 AMr=+0.7413 f_AM_mpm=0.499 | SEfl=0.0001 fAMcut=1.000 top%=94 PINNED)  porosity=  7.55%  wall_z=1.913  thickness=101.24µm
  ✓ held at target, relaxed (LIGGGHTS protocol)
FINAL  wallP=0.7433 GPa  porosity(settled)=7.55%  porosity@target=7.55%  thickness=101.24µm   [MPM, scaffold, scaffold 403AM se_dump(real), n_grid=288, pts=95542000, E_SE=1.53 ν_SE=0.49 K_SE=25.5GPa, readout=wallP, xy=periodic]
  coverage AM_P by SE =  37.8%   (1,571,364/4,154,100 surface voxels)
  saved metrics → xfer_eq288r45_kit_ps_10_0_r45_g288_e760.json  (68 fields)
