[Taichi] version 1.7.4, llvm 15.0.4, commit b4b956fd, linux, python 3.10.12
  [mpm] --gpu-mem 28.0 > usable VRAM (total 32GB, free 31GB) → capping to 27.2GB
[Taichi] Starting on arch=cuda
  scaffold: 2491 fixed AM + 158766 real SE spheres → 11,786,061 SE cells (REAL positions, no targeting) (94,288,488 pts)
  seed density: AM 54.0% / SE 28.1% / void 17.9%  (SE/solid 34.2%)  ρ_bulk≈3.15 g/cm³  bed 112.8µm
  ⚠ [platen] --platen-mach 0.03 → step 0.004912 box/frame. WALL0→WALL_MIN 전 구간 하강에 최대 431 프레임이 필요한데 --frames 는 400 입니다.
            (--platen-mach 는 --compact-to 0.25·vmax · servo 0.12·vmax · 제하 0.05·vmax 의 단위도 함께 줄입니다.)
  [platen] v=0.1535 box/t.u.  V/c_P=0.030  V/c_S=0.21  step=0.00491 box/frame  (--platen-mach)   ⚠ 준정적 한계(V/c_P≤0.01) 초과 — --allow-fast-platen 로 승인됨 (결과에 기록)
3D MPM  grid=288×288×633  pts=94288488  arch=cuda  scaffold (2491 fixed AM + SE se_dump REAL positions)  E_SE=1.53 σy=0.3 ν_SE=0.49 K_SE=25.50GPa  target=0.3 GPa  readout=wallP  xy=periodic
  frame   0 [descend]  wallP= 0.0000 GPa (wallP=0.0000 σzz_vol=0.0000 AMr=+0.0000 f_AM_mpm=0.000 | SEfl=0.0000 fAMcut=nan top%=nan)  porosity= 19.86%  wall_z=2.171  thickness=115.56µm
  frame  20 [descend]  wallP= 1.4838 GPa (wallP=1.4838 σzz_vol=0.0516 AMr=+1.4916 f_AM_mpm=0.501 | SEfl=0.0000 fAMcut=1.000 top%=100)  porosity= 15.97%  wall_z=2.073  thickness=110.22µm
  frame  40 [descend]  wallP= 1.8157 GPa (wallP=1.8157 σzz_vol=0.0959 AMr=+1.8125 f_AM_mpm=0.500 | SEfl=0.0000 fAMcut=1.000 top%=100)  porosity= 12.36%  wall_z=1.993  thickness=105.68µm
  frame  60 [descend]  wallP= 2.1888 GPa (wallP=2.1888 σzz_vol=0.1092 AMr=+2.1857 f_AM_mpm=0.500 | SEfl=0.0000 fAMcut=1.000 top%=100)  porosity= 11.24%  wall_z=1.969  thickness=104.35µm
  frame  80 [descend]  wallP= 2.5392 GPa (wallP=2.5392 σzz_vol=0.1239 AMr=+2.5328 f_AM_mpm=0.499 | SEfl=0.0000 fAMcut=1.000 top%=100)  porosity= 10.09%  wall_z=1.944  thickness=103.01µm
  frame 100 [descend]  wallP= 2.8318 GPa (wallP=2.8318 σzz_vol=0.1385 AMr=+2.8231 f_AM_mpm=0.499 | SEfl=0.0001 fAMcut=1.000 top%=100)  porosity=  8.91%  wall_z=1.920  thickness=101.68µm
  frame 120 [descend]  wallP= 3.1655 GPa (wallP=3.1655 σzz_vol=0.1525 AMr=+3.1540 f_AM_mpm=0.499 | SEfl=0.0001 fAMcut=1.000 top%=100)  porosity=  7.70%  wall_z=1.895  thickness=100.34µm
  frame 140 [servo]  wallP= 0.8626 GPa (wallP=0.8626 σzz_vol=0.1389 AMr=+0.8580 f_AM_mpm=0.499 | SEfl=0.0001 fAMcut=1.000 top%=100 PINNED)  porosity=  7.64%  wall_z=1.895  thickness=100.28µm
  frame 160 [servo]  wallP= 0.8577 GPa (wallP=0.8577 σzz_vol=0.1385 AMr=+0.8532 f_AM_mpm=0.499 | SEfl=0.0001 fAMcut=1.000 top%=100 PINNED)  porosity=  7.64%  wall_z=1.895  thickness=100.28µm
  ✓ held at target, relaxed (LIGGGHTS protocol)
FINAL  wallP=0.8577 GPa  porosity(settled)=7.64%  porosity@target=7.64%  thickness=100.28µm   [MPM, scaffold, scaffold 2491AM se_dump(real), n_grid=288, pts=94288488, E_SE=1.53 ν_SE=0.49 K_SE=25.5GPa, readout=wallP, xy=periodic]
  coverage AM_P by SE =  35.4%   (719,245/2,029,023 surface voxels)
  coverage AM_S by SE =  34.7%   (1,605,397/4,629,313 surface voxels)
  saved metrics → xfer_eq288r45_kit_ps_5_5_r45_g288_e765.json  (68 fields)
