[Taichi] version 1.7.4, llvm 15.0.4, commit b4b956fd, linux, python 3.10.12
  [mpm] --gpu-mem 28.0 > usable VRAM (total 32GB, free 31GB) → capping to 27.2GB
[Taichi] Starting on arch=cuda
  scaffold: 403 fixed AM + 158749 real SE spheres → 11,942,750 SE cells (REAL positions, no targeting) (95,542,000 pts)
  seed density: AM 54.3% / SE 28.4% / void 17.3%  (SE/solid 34.3%)  ρ_bulk≈3.17 g/cm³  bed 113.2µm
  ⚠ [platen] --platen-mach 0.03 → step 0.004912 box/frame. WALL0→WALL_MIN 전 구간 하강에 최대 433 프레임이 필요한데 --frames 는 400 입니다.
            (--platen-mach 는 --compact-to 0.25·vmax · servo 0.12·vmax · 제하 0.05·vmax 의 단위도 함께 줄입니다.)
  [platen] v=0.1535 box/t.u.  V/c_P=0.030  V/c_S=0.21  step=0.00491 box/frame  (--platen-mach)   ⚠ 준정적 한계(V/c_P≤0.01) 초과 — --allow-fast-platen 로 승인됨 (결과에 기록)
3D MPM  grid=288×288×635  pts=95542000  arch=cuda  scaffold (403 fixed AM + SE se_dump REAL positions)  E_SE=1.53 σy=0.3 ν_SE=0.49 K_SE=25.50GPa  target=0.3 GPa  readout=wallP  xy=periodic
  frame   0 [descend]  wallP= 0.0000 GPa (wallP=0.0000 σzz_vol=0.0000 AMr=+0.0000 f_AM_mpm=0.000 | SEfl=0.0000 fAMcut=nan top%=nan)  porosity= 19.26%  wall_z=2.182  thickness=115.93µm
  frame  20 [descend]  wallP= 0.0000 GPa (wallP=0.0000 σzz_vol=0.0000 AMr=+0.0000 f_AM_mpm=0.000 | SEfl=0.0000 fAMcut=nan top%=nan)  porosity= 18.32%  wall_z=2.157  thickness=114.59µm
  frame  40 [descend]  wallP= 0.0002 GPa (wallP=0.0002 σzz_vol=0.0000 AMr=+0.0002 f_AM_mpm=0.492 | SEfl=0.0000 fAMcut=0.957 top%=102 PINNED)  porosity= 17.36%  wall_z=2.133  thickness=113.26µm
  frame  60 [descend]  wallP= 0.1479 GPa (wallP=0.1479 σzz_vol=0.0144 AMr=+0.1448 f_AM_mpm=0.495 | SEfl=0.0000 fAMcut=1.000 top%=98)  porosity= 16.37%  wall_z=2.108  thickness=111.92µm
  frame  80 [descend]  wallP= 0.5326 GPa (wallP=0.5326 σzz_vol=0.0485 AMr=+0.5324 f_AM_mpm=0.500 | SEfl=0.0000 fAMcut=1.000 top%=98)  porosity= 15.36%  wall_z=2.084  thickness=110.59µm
  frame 100 [servo]  wallP= 0.3592 GPa (wallP=0.3592 σzz_vol=0.0417 AMr=+0.3589 f_AM_mpm=0.500 | SEfl=0.0001 fAMcut=1.000 top%=97 PINNED)  porosity= 15.31%  wall_z=2.084  thickness=110.52µm
  frame 120 [servo]  wallP= 0.3577 GPa (wallP=0.3577 σzz_vol=0.0415 AMr=+0.3572 f_AM_mpm=0.500 | SEfl=0.0001 fAMcut=1.000 top%=97 PINNED)  porosity= 15.31%  wall_z=2.084  thickness=110.52µm
  ✓ held at target, relaxed (LIGGGHTS protocol)
FINAL  wallP=0.3577 GPa  porosity(settled)=15.31%  porosity@target=15.31%  thickness=110.52µm   [MPM, scaffold, scaffold 403AM se_dump(real), n_grid=288, pts=95542000, E_SE=1.53 ν_SE=0.49 K_SE=25.5GPa, readout=wallP, xy=periodic]
  coverage AM_P by SE =  37.7%   (1,565,710/4,154,100 surface voxels)
  saved metrics → xfer_eq288r45_kit_ps_10_0_r45_g288_e1531.json  (68 fields)
