==========================================================================
 22p 동작점에서 두 전극을 가를 수 있는가  (objective=pocv_dvdq_dqdv)
==========================================================================

※ 모집단을 results/_smoke/p2/fit_L0_grid 의 복원가능군에 맞췄다 (유지 232행 · 제외 88행).
   기준 곡선끼리 비교하려면 이렇게 맞춘 뒤에만 나란히 놓을 수 있다.

전체 232행 중 복원가능군 232행 (100%)

① 22p 동작점만 — LLI 0.17 · 평균 LAM 0.13 · noise 0
   (평균을 고정했으므로 '격차 때문인지 총 열화량 때문인지' 가 안 섞인다)

참 격차  n   붕괴(복원<2%p) 복원 격차 중앙값 복원/참 중앙값
 0%p  1   0/1 (0.0%)    16.1%p        —
 2%p  2   0/2 (0.0%)    15.4%p     7.69
 4%p  2   0/2 (0.0%)    16.9%p     4.23
 8%p  1 1/1 (100.0%)     1.2%p     0.15
12%p  1   0/1 (0.0%)     4.7%p     0.39

   ⚠ n=7 로 작다. 아래 넓힌 표본과 **함께** 볼 것.

①' 동작점 근방 — |LLI−17%| ≤ 2%p · |평균 LAM−13%| ≤ 2%p · noise 0
   (① 과 ② 사이 — 동작점을 크게 벗어나지 않으면서 n 을 키운다)

참 격차  n   붕괴(복원<2%p) 복원 격차 중앙값 복원/참 중앙값
 0%p 15  0/15 (0.0%)    15.4%p        —
 1%p 23  0/23 (0.0%)    15.8%p    15.78
 2%p 17  0/17 (0.0%)    17.9%p     8.95
 3%p 11  0/11 (0.0%)    15.6%p     5.20
 4%p 14  0/14 (0.0%)    12.5%p     3.13
 5%p  9   0/9 (0.0%)    17.2%p     3.45
 6%p  9   0/9 (0.0%)     7.7%p     1.28
 8%p 11 4/11 (36.4%)     5.3%p     0.66
10%p  6  2/6 (33.3%)     8.9%p     0.89
12%p  2   0/2 (0.0%)     3.5%p     0.29

② 넓힌 표본 — noise 0 · 복원가능군 (평균 LAM·LLI 전부)
   (n 은 크지만 22p 동작점이 아닌 조건이 섞인다)

참 격차  n   붕괴(복원<2%p) 복원 격차 중앙값 복원/참 중앙값
 0%p 28  1/28 (3.6%)    14.2%p        —
 1%p 23  0/23 (0.0%)    15.8%p    15.78
 2%p 33  0/33 (0.0%)    18.2%p     9.09
 3%p 20  0/20 (0.0%)    16.3%p     5.42
 4%p 21  0/21 (0.0%)    13.2%p     3.31
 5%p 16  0/16 (0.0%)    17.3%p     3.45
 6%p 17  0/17 (0.0%)     8.3%p     1.39
 7%p 14  1/14 (7.1%)    13.3%p     1.90
 8%p 11 4/11 (36.4%)     5.3%p     0.66
 9%p  6   0/6 (0.0%)    17.6%p     1.96
10%p  6  2/6 (33.3%)     8.9%p     0.89
11%p  6  1/6 (16.7%)    20.0%p     1.81
12%p  8  2/8 (25.0%)     5.3%p     0.45
13%p  6  2/6 (33.3%)    16.0%p     1.23
14%p  5  1/5 (20.0%)     4.1%p     0.29
15%p  5  1/5 (20.0%)     4.5%p     0.30
17%p  4   0/4 (0.0%)     6.4%p     0.37
19%p  3   0/3 (0.0%)     4.4%p     0.23

③ 22p 조건 그 자체 (0.13, 0.13, 0.17) — n=1 (전 noise 층)
   noise=0      복원 LAM_PE=0.1845 LAM_NE=0.0233 LLI=0.2038 | 복원 격차 16.1%p | recoverable=True

④ 누적 — '참 격차가 이만큼 이상인데 같다고 답한' 비율  (판정선 2%p)
   동작점 근방(①')       ≥4%p: 6/51 (11.8%)  ·  ≥6%p: 6/28 (21.4%)  ·  ≥8%p: 6/19 (31.6%)
   넓힌 표본(②)         ≥4%p: 14/128 (10.9%)  ·  ≥6%p: 14/91 (15.4%)  ·  ≥8%p: 13/60 (21.7%)
   ⚠ 동일가중 합성격자의 **조건부 사건률**이다 — 실제 셀 posterior 가 아니다.

