==========================================================================
 22p 동작점에서 두 전극을 가를 수 있는가  (objective=pocv_dvdq)
==========================================================================

※ 모집단을 results/_smoke/p2/fit_L0_grid 의 복원가능군에 맞췄다 (유지 232행 · 제외 88행).
   기준 곡선끼리 비교하려면 이렇게 맞춘 뒤에만 나란히 놓을 수 있다.

전체 232행 중 복원가능군 232행 (100%)

① 22p 동작점만 — LLI 0.17 · 평균 LAM 0.13 · noise 0
   (평균을 고정했으므로 '격차 때문인지 총 열화량 때문인지' 가 안 섞인다)

참 격차  n  붕괴(복원<2%p) 복원 격차 중앙값 복원/참 중앙값
 0%p  1  0/1 (0.0%)     3.9%p        —
 2%p  2 1/2 (50.0%)     3.6%p     1.82
 4%p  2 1/2 (50.0%)     4.0%p     0.99
 8%p  1  0/1 (0.0%)     4.8%p     0.60
12%p  1  0/1 (0.0%)     8.4%p     0.70

   ⚠ n=7 로 작다. 아래 넓힌 표본과 **함께** 볼 것.

①' 동작점 근방 — |LLI−17%| ≤ 2%p · |평균 LAM−13%| ≤ 2%p · noise 0
   (① 과 ② 사이 — 동작점을 크게 벗어나지 않으면서 n 을 키운다)

참 격차  n   붕괴(복원<2%p) 복원 격차 중앙값 복원/참 중앙값
 0%p 15  0/15 (0.0%)     3.7%p        —
 1%p 23  0/23 (0.0%)     3.0%p     3.03
 2%p 17 9/17 (52.9%)     1.9%p     0.94
 3%p 11 6/11 (54.5%)     1.0%p     0.33
 4%p 14 8/14 (57.1%)     0.6%p     0.14
 5%p  9  4/9 (44.4%)     2.5%p     0.49
 6%p  9  1/9 (11.1%)     2.7%p     0.46
 8%p 11  0/11 (0.0%)     5.6%p     0.70
10%p  6   0/6 (0.0%)     6.3%p     0.63
12%p  2   0/2 (0.0%)     8.3%p     0.69

② 넓힌 표본 — noise 0 · 복원가능군 (평균 LAM·LLI 전부)
   (n 은 크지만 22p 동작점이 아닌 조건이 섞인다)

참 격차  n    붕괴(복원<2%p) 복원 격차 중앙값 복원/참 중앙값
 0%p 28   1/28 (3.6%)     3.6%p        —
 1%p 23   0/23 (0.0%)     3.0%p     3.03
 2%p 33 17/33 (51.5%)     2.0%p     0.98
 3%p 20 11/20 (55.0%)     1.0%p     0.34
 4%p 21 12/21 (57.1%)     0.7%p     0.17
 5%p 16  7/16 (43.8%)     2.4%p     0.48
 6%p 17  3/17 (17.6%)     2.7%p     0.46
 7%p 14   1/14 (7.1%)     3.6%p     0.52
 8%p 11   0/11 (0.0%)     5.6%p     0.70
 9%p  6    0/6 (0.0%)     8.5%p     0.94
10%p  6    0/6 (0.0%)     6.3%p     0.63
11%p  6    0/6 (0.0%)    10.5%p     0.95
12%p  8    0/8 (0.0%)     8.3%p     0.69
13%p  6    0/6 (0.0%)    12.7%p     0.97
14%p  5    0/5 (0.0%)     9.9%p     0.71
15%p  5    0/5 (0.0%)    10.7%p     0.71
17%p  4    0/4 (0.0%)    12.7%p     0.75
19%p  3    0/3 (0.0%)    14.4%p     0.76

③ 22p 조건 그 자체 (0.13, 0.13, 0.17) — n=1 (전 noise 층)
   noise=0      복원 LAM_PE=0.1283 LAM_NE=0.0891 LLI=0.1704 | 복원 격차 3.9%p | recoverable=True

④ 누적 — '참 격차가 이만큼 이상인데 같다고 답한' 비율  (판정선 2%p)
   동작점 근방(①')       ≥4%p: 13/51 (25.5%)  ·  ≥6%p: 1/28 (3.6%)  ·  ≥8%p: 0/19 (0.0%)
   넓힌 표본(②)         ≥4%p: 23/128 (18.0%)  ·  ≥6%p: 4/91 (4.4%)  ·  ≥8%p: 0/60 (0.0%)
   ⚠ 동일가중 합성격자의 **조건부 사건률**이다 — 실제 셀 posterior 가 아니다.

