==========================================================================
 22p 동작점에서 두 전극을 가를 수 있는가  (objective=pocv_dvdq)
==========================================================================

※ 모집단을 results/_smoke/p2/fit_L0_grid 의 복원가능군에 맞췄다 (유지 232행 · 제외 88행).
   기준 곡선끼리 비교하려면 이렇게 맞춘 뒤에만 나란히 놓을 수 있다.

전체 232행 중 복원가능군 232행 (100%)

① 22p 동작점만 — LLI 0.17 · 평균 LAM 0.13 · noise 0
   (평균을 고정했으므로 '격차 때문인지 총 열화량 때문인지' 가 안 섞인다)

참 격차  n   붕괴(복원<2%p) 복원 격차 중앙값 복원/참 중앙값
 0%p  1 1/1 (100.0%)     0.1%p        —
 2%p  2  1/2 (50.0%)     2.1%p     1.03
 4%p  2   0/2 (0.0%)     3.9%p     0.98
 8%p  1   0/1 (0.0%)     9.1%p     1.14
12%p  1   0/1 (0.0%)    11.9%p     0.99

   ⚠ n=7 로 작다. 아래 넓힌 표본과 **함께** 볼 것.

①' 동작점 근방 — |LLI−17%| ≤ 2%p · |평균 LAM−13%| ≤ 2%p · noise 0
   (① 과 ② 사이 — 동작점을 크게 벗어나지 않으면서 n 을 키운다)

참 격차  n     붕괴(복원<2%p) 복원 격차 중앙값 복원/참 중앙값
 0%p 15 15/15 (100.0%)     0.1%p        —
 1%p 23  22/23 (95.7%)     0.9%p     0.94
 2%p 17   5/17 (29.4%)     2.2%p     1.09
 3%p 11    0/11 (0.0%)     3.0%p     0.99
 4%p 14    0/14 (0.0%)     3.9%p     0.98
 5%p  9     0/9 (0.0%)     5.0%p     0.99
 6%p  9     0/9 (0.0%)     5.9%p     0.99
 8%p 11    0/11 (0.0%)     7.8%p     0.97
10%p  6    1/6 (16.7%)     9.8%p     0.98
12%p  2     0/2 (0.0%)    11.7%p     0.98

② 넓힌 표본 — noise 0 · 복원가능군 (평균 LAM·LLI 전부)
   (n 은 크지만 22p 동작점이 아닌 조건이 섞인다)

참 격차  n    붕괴(복원<2%p) 복원 격차 중앙값 복원/참 중앙값
 0%p 28 27/28 (96.4%)     0.2%p        —
 1%p 23 22/23 (95.7%)     0.9%p     0.94
 2%p 33 15/33 (45.5%)     2.1%p     1.04
 3%p 20   0/20 (0.0%)     3.0%p     0.99
 4%p 21   0/21 (0.0%)     3.9%p     0.97
 5%p 16   0/16 (0.0%)     4.9%p     0.99
 6%p 17   0/17 (0.0%)     5.8%p     0.97
 7%p 14   0/14 (0.0%)     6.7%p     0.95
 8%p 11   0/11 (0.0%)     7.8%p     0.97
 9%p  6    0/6 (0.0%)     8.0%p     0.89
10%p  6   1/6 (16.7%)     9.8%p     0.98
11%p  6    0/6 (0.0%)    10.2%p     0.93
12%p  8    0/8 (0.0%)    11.5%p     0.96
13%p  6   1/6 (16.7%)    12.3%p     0.95
14%p  5    0/5 (0.0%)    13.5%p     0.96
15%p  5    0/5 (0.0%)    14.3%p     0.95
17%p  4    0/4 (0.0%)    16.3%p     0.96
19%p  3    0/3 (0.0%)    18.0%p     0.95

③ 22p 조건 그 자체 (0.13, 0.13, 0.17) — n=1 (전 noise 층)
   noise=0      복원 LAM_PE=0.1296 LAM_NE=0.1282 LLI=0.1670 | 복원 격차 0.1%p | recoverable=True

④ 누적 — '참 격차가 이만큼 이상인데 같다고 답한' 비율  (판정선 2%p)
   동작점 근방(①')       ≥4%p: 1/51 (2.0%)  ·  ≥6%p: 1/28 (3.6%)  ·  ≥8%p: 1/19 (5.3%)
   넓힌 표본(②)         ≥4%p: 2/128 (1.6%)  ·  ≥6%p: 2/91 (2.2%)  ·  ≥8%p: 2/60 (3.3%)
   ⚠ 동일가중 합성격자의 **조건부 사건률**이다 — 실제 셀 posterior 가 아니다.

