==========================================================================
 22p 동작점에서 두 전극을 가를 수 있는가  (objective=pocv_dvdq_dqdv)
==========================================================================

※ 모집단을 results/_smoke/p2/fit_L0_grid 의 복원가능군에 맞췄다 (유지 232행 · 제외 88행).
   기준 곡선끼리 비교하려면 이렇게 맞춘 뒤에만 나란히 놓을 수 있다.

전체 232행 중 복원가능군 232행 (100%)

① 22p 동작점만 — LLI 0.17 · 평균 LAM 0.13 · noise 0
   (평균을 고정했으므로 '격차 때문인지 총 열화량 때문인지' 가 안 섞인다)

참 격차  n  붕괴(복원<2%p) 복원 격차 중앙값 복원/참 중앙값
 0%p  1  0/1 (0.0%)     3.5%p        —
 2%p  2 1/2 (50.0%)     3.5%p     1.77
 4%p  2  0/2 (0.0%)     5.2%p     1.29
 8%p  1  0/1 (0.0%)     7.7%p     0.96
12%p  1  0/1 (0.0%)     8.6%p     0.71

   ⚠ n=7 로 작다. 아래 넓힌 표본과 **함께** 볼 것.

①' 동작점 근방 — |LLI−17%| ≤ 2%p · |평균 LAM−13%| ≤ 2%p · noise 0
   (① 과 ② 사이 — 동작점을 크게 벗어나지 않으면서 n 을 키운다)

참 격차  n    붕괴(복원<2%p) 복원 격차 중앙값 복원/참 중앙값
 0%p 15  6/15 (40.0%)     2.7%p        —
 1%p 23 10/23 (43.5%)     2.1%p     2.14
 2%p 17  9/17 (52.9%)     2.0%p     0.99
 3%p 11  5/11 (45.5%)     2.4%p     0.81
 4%p 14  4/14 (28.6%)     5.5%p     1.38
 5%p  9    0/9 (0.0%)     6.0%p     1.20
 6%p  9    0/9 (0.0%)     6.8%p     1.13
 8%p 11   0/11 (0.0%)     8.2%p     1.03
10%p  6    0/6 (0.0%)    10.0%p     1.00
12%p  2    0/2 (0.0%)     9.1%p     0.76

② 넓힌 표본 — noise 0 · 복원가능군 (평균 LAM·LLI 전부)
   (n 은 크지만 22p 동작점이 아닌 조건이 섞인다)

참 격차  n    붕괴(복원<2%p) 복원 격차 중앙값 복원/참 중앙값
 0%p 28 14/28 (50.0%)     2.2%p        —
 1%p 23 10/23 (43.5%)     2.1%p     2.14
 2%p 33 14/33 (42.4%)     2.9%p     1.43
 3%p 20  7/20 (35.0%)     5.2%p     1.75
 4%p 21  5/21 (23.8%)     5.4%p     1.35
 5%p 16   0/16 (0.0%)     5.8%p     1.16
 6%p 17   0/17 (0.0%)     7.0%p     1.16
 7%p 14   0/14 (0.0%)     7.0%p     1.00
 8%p 11   0/11 (0.0%)     8.2%p     1.03
 9%p  6    0/6 (0.0%)     9.1%p     1.01
10%p  6    0/6 (0.0%)    10.0%p     1.00
11%p  6    0/6 (0.0%)    12.6%p     1.14
12%p  8    0/8 (0.0%)    10.8%p     0.90
13%p  6    0/6 (0.0%)    13.4%p     1.03
14%p  5    0/5 (0.0%)    11.6%p     0.83
15%p  5    0/5 (0.0%)    13.8%p     0.92
17%p  4    0/4 (0.0%)    17.8%p     1.05
19%p  3    0/3 (0.0%)    20.1%p     1.06

③ 22p 조건 그 자체 (0.13, 0.13, 0.17) — n=1 (전 noise 층)
   noise=0      복원 LAM_PE=0.1349 LAM_NE=0.0996 LLI=0.1724 | 복원 격차 3.5%p | recoverable=True

④ 누적 — '참 격차가 이만큼 이상인데 같다고 답한' 비율  (판정선 2%p)
   동작점 근방(①')       ≥4%p: 4/51 (7.8%)  ·  ≥6%p: 0/28 (0.0%)  ·  ≥8%p: 0/19 (0.0%)
   넓힌 표본(②)         ≥4%p: 5/128 (3.9%)  ·  ≥6%p: 0/91 (0.0%)  ·  ≥8%p: 0/60 (0.0%)
   ⚠ 동일가중 합성격자의 **조건부 사건률**이다 — 실제 셀 posterior 가 아니다.

