==========================================================================
 22p 동작점에서 두 전극을 가를 수 있는가  (objective=pocv_dvdq_dqdv)
==========================================================================

※ 모집단을 results/_smoke/p2/fit_L0_grid 의 복원가능군에 맞췄다 (유지 232행 · 제외 88행).
   기준 곡선끼리 비교하려면 이렇게 맞춘 뒤에만 나란히 놓을 수 있다.

전체 232행 중 복원가능군 232행 (100%)

① 22p 동작점만 — LLI 0.17 · 평균 LAM 0.13 · noise 0
   (평균을 고정했으므로 '격차 때문인지 총 열화량 때문인지' 가 안 섞인다)

참 격차  n   붕괴(복원<2%p) 복원 격차 중앙값 복원/참 중앙값
 0%p  1 1/1 (100.0%)     0.8%p        —
 2%p  2   0/2 (0.0%)     2.9%p     1.47
 4%p  2   0/2 (0.0%)     4.4%p     1.09
 8%p  1   0/1 (0.0%)     9.4%p     1.18
12%p  1   0/1 (0.0%)    13.8%p     1.15

   ⚠ n=7 로 작다. 아래 넓힌 표본과 **함께** 볼 것.

①' 동작점 근방 — |LLI−17%| ≤ 2%p · |평균 LAM−13%| ≤ 2%p · noise 0
   (① 과 ② 사이 — 동작점을 크게 벗어나지 않으면서 n 을 키운다)

참 격차  n    붕괴(복원<2%p) 복원 격차 중앙값 복원/참 중앙값
 0%p 15 14/15 (93.3%)     0.8%p        —
 1%p 23 18/23 (78.3%)     1.4%p     1.39
 2%p 17  5/17 (29.4%)     2.7%p     1.35
 3%p 11  4/11 (36.4%)     2.5%p     0.83
 4%p 14   0/14 (0.0%)     4.9%p     1.21
 5%p  9    0/9 (0.0%)     6.1%p     1.22
 6%p  9    0/9 (0.0%)     7.2%p     1.21
 8%p 11   1/11 (9.1%)     8.7%p     1.08
10%p  6    0/6 (0.0%)    11.8%p     1.18
12%p  2    0/2 (0.0%)    13.5%p     1.13

② 넓힌 표본 — noise 0 · 복원가능군 (평균 LAM·LLI 전부)
   (n 은 크지만 22p 동작점이 아닌 조건이 섞인다)

참 격차  n    붕괴(복원<2%p) 복원 격차 중앙값 복원/참 중앙값
 0%p 28 24/28 (85.7%)     1.0%p        —
 1%p 23 18/23 (78.3%)     1.4%p     1.39
 2%p 33 13/33 (39.4%)     2.7%p     1.35
 3%p 20  6/20 (30.0%)     3.2%p     1.05
 4%p 21   2/21 (9.5%)     4.8%p     1.21
 5%p 16   0/16 (0.0%)     6.1%p     1.21
 6%p 17   0/17 (0.0%)     7.2%p     1.20
 7%p 14   0/14 (0.0%)     7.8%p     1.11
 8%p 11   1/11 (9.1%)     8.7%p     1.08
 9%p  6    0/6 (0.0%)    10.4%p     1.15
10%p  6    0/6 (0.0%)    11.8%p     1.18
11%p  6    0/6 (0.0%)    11.4%p     1.04
12%p  8    0/8 (0.0%)    13.0%p     1.09
13%p  6    0/6 (0.0%)    14.4%p     1.11
14%p  5    0/5 (0.0%)    13.6%p     0.97
15%p  5    0/5 (0.0%)    15.6%p     1.04
17%p  4    0/4 (0.0%)    19.3%p     1.14
19%p  3    0/3 (0.0%)    21.3%p     1.12

③ 22p 조건 그 자체 (0.13, 0.13, 0.17) — n=1 (전 noise 층)
   noise=0      복원 LAM_PE=0.1268 LAM_NE=0.1183 LLI=0.1669 | 복원 격차 0.8%p | recoverable=True

④ 누적 — '참 격차가 이만큼 이상인데 같다고 답한' 비율  (판정선 2%p)
   동작점 근방(①')       ≥4%p: 1/51 (2.0%)  ·  ≥6%p: 1/28 (3.6%)  ·  ≥8%p: 1/19 (5.3%)
   넓힌 표본(②)         ≥4%p: 3/128 (2.3%)  ·  ≥6%p: 1/91 (1.1%)  ·  ≥8%p: 1/60 (1.7%)
   ⚠ 동일가중 합성격자의 **조건부 사건률**이다 — 실제 셀 posterior 가 아니다.

