==========================================================================
 22p 동작점에서 두 전극을 가를 수 있는가  (objective=pocv_dvdq_dqdv)
==========================================================================

※ 모집단을 results/_smoke/p2/fit_L0_grid 의 복원가능군에 맞췄다 (유지 232행 · 제외 88행).
   기준 곡선끼리 비교하려면 이렇게 맞춘 뒤에만 나란히 놓을 수 있다.

전체 232행 중 복원가능군 232행 (100%)

① 22p 동작점만 — LLI 0.17 · 평균 LAM 0.13 · noise 0
   (평균을 고정했으므로 '격차 때문인지 총 열화량 때문인지' 가 안 섞인다)

참 격차  n   붕괴(복원<2%p) 복원 격차 중앙값 복원/참 중앙값
 0%p  1 1/1 (100.0%)     1.9%p        —
 2%p  2  1/2 (50.0%)     2.9%p     1.46
 4%p  2   0/2 (0.0%)     3.9%p     0.98
 8%p  1   0/1 (0.0%)     8.1%p     1.01
12%p  1   0/1 (0.0%)    12.2%p     1.02

   ⚠ n=7 로 작다. 아래 넓힌 표본과 **함께** 볼 것.

①' 동작점 근방 — |LLI−17%| ≤ 2%p · |평균 LAM−13%| ≤ 2%p · noise 0
   (① 과 ② 사이 — 동작점을 크게 벗어나지 않으면서 n 을 키운다)

참 격차  n    붕괴(복원<2%p) 복원 격차 중앙값 복원/참 중앙값
 0%p 15 12/15 (80.0%)     1.6%p        —
 1%p 23 13/23 (56.5%)     1.6%p     1.61
 2%p 17  6/17 (35.3%)     2.6%p     1.30
 3%p 11  3/11 (27.3%)     2.4%p     0.81
 4%p 14  2/14 (14.3%)     3.8%p     0.95
 5%p  9    0/9 (0.0%)     5.1%p     1.02
 6%p  9   1/9 (11.1%)     6.1%p     1.02
 8%p 11   0/11 (0.0%)     8.1%p     1.02
10%p  6    0/6 (0.0%)     9.9%p     0.99
12%p  2    0/2 (0.0%)    12.2%p     1.01

② 넓힌 표본 — noise 0 · 복원가능군 (평균 LAM·LLI 전부)
   (n 은 크지만 22p 동작점이 아닌 조건이 섞인다)

참 격차  n    붕괴(복원<2%p) 복원 격차 중앙값 복원/참 중앙값
 0%p 28 22/28 (78.6%)     1.2%p        —
 1%p 23 13/23 (56.5%)     1.6%p     1.61
 2%p 33 14/33 (42.4%)     2.4%p     1.18
 3%p 20  5/20 (25.0%)     2.9%p     0.98
 4%p 21  3/21 (14.3%)     3.7%p     0.93
 5%p 16   0/16 (0.0%)     5.3%p     1.05
 6%p 17   1/17 (5.9%)     6.2%p     1.03
 7%p 14   0/14 (0.0%)     7.0%p     1.00
 8%p 11   0/11 (0.0%)     8.1%p     1.02
 9%p  6    0/6 (0.0%)     9.2%p     1.02
10%p  6    0/6 (0.0%)     9.9%p     0.99
11%p  6    0/6 (0.0%)    12.0%p     1.09
12%p  8    0/8 (0.0%)    12.5%p     1.04
13%p  6    0/6 (0.0%)    13.6%p     1.05
14%p  5    0/5 (0.0%)    14.6%p     1.05
15%p  5    0/5 (0.0%)    15.4%p     1.03
17%p  4    0/4 (0.0%)    17.2%p     1.01
19%p  3    0/3 (0.0%)    19.5%p     1.02

③ 22p 조건 그 자체 (0.13, 0.13, 0.17) — n=1 (전 noise 층)
   noise=0      복원 LAM_PE=0.1413 LAM_NE=0.1221 LLI=0.1767 | 복원 격차 1.9%p | recoverable=True

④ 누적 — '참 격차가 이만큼 이상인데 같다고 답한' 비율  (판정선 2%p)
   동작점 근방(①')       ≥4%p: 3/51 (5.9%)  ·  ≥6%p: 1/28 (3.6%)  ·  ≥8%p: 0/19 (0.0%)
   넓힌 표본(②)         ≥4%p: 4/128 (3.1%)  ·  ≥6%p: 1/91 (1.1%)  ·  ≥8%p: 0/60 (0.0%)
   ⚠ 동일가중 합성격자의 **조건부 사건률**이다 — 실제 셀 posterior 가 아니다.

