      Step     Time          Energy          fmax
FIRE:    0 02:28:09    -1293.816212        0.582604
FIRE:    1 02:28:09    -1293.871268        0.567627
FIRE:    2 02:28:09    -1293.968017        0.538888
FIRE:    3 02:28:10    -1294.086730        0.498287
FIRE:    4 02:28:10    -1294.210815        0.447899
FIRE:    5 02:28:10    -1294.332366        0.389607
FIRE:    6 02:28:11    -1294.449616        0.323956
FIRE:    7 02:28:11    -1294.561462        0.301876
FIRE:    8 02:28:11    -1294.674465        0.275074
FIRE:    9 02:28:12    -1294.778557        0.236433
FIRE:   10 02:28:12    -1294.864628        0.258427
FIRE:   11 02:28:12    -1294.929754        0.277032
FIRE:   12 02:28:13    -1294.971489        0.232407
FIRE:   13 02:28:13    -1294.999321        0.282554
FIRE:   14 02:28:13    -1295.007921        0.271553
FIRE:   15 02:28:14    -1295.023716        0.250557
FIRE:   16 02:28:14    -1295.044410        0.221327
FIRE:   17 02:28:14    -1295.067800        0.186322
FIRE:   18 02:28:15    -1295.092344        0.148025
FIRE:   19 02:28:15    -1295.117192        0.128030
FIRE:   20 02:28:15    -1295.141866        0.112258
FIRE:   21 02:28:16    -1295.168355        0.099389
FIRE:   22 02:28:16    -1295.195720        0.094047
FIRE:   23 02:28:16    -1295.223295        0.092522
FIRE:   24 02:28:17    -1295.251564        0.092915
FIRE:   25 02:28:17    -1295.281798        0.092884
FIRE:   26 02:28:17    -1295.314922        0.100061
FIRE:   27 02:28:18    -1295.354183        0.106532
FIRE:   28 02:28:18    -1295.404946        0.108820
FIRE:   29 02:28:18    -1295.466147        0.092816
FIRE:   30 02:28:19    -1295.534666        0.069574
FIRE:   31 02:28:19    -1295.596805        0.069509
FIRE:   32 02:28:19    -1295.651383        0.080588
FIRE:   33 02:28:20    -1295.703193        0.084367
FIRE:   34 02:28:20    -1295.755535        0.081981
FIRE:   35 02:28:20    -1295.808395        0.066200
FIRE:   36 02:28:21    -1295.860160        0.097351
FIRE:   37 02:28:21    -1295.908871        0.156062
FIRE:   38 02:28:21    -1295.953573        0.232174
FIRE:   39 02:28:22    -1295.997360        0.275069
FIRE:   40 02:28:22    -1296.041000        0.317240
FIRE:   41 02:28:22    -1296.084533        0.343810
FIRE:   42 02:28:23    -1296.123714        0.429929
FIRE:   43 02:28:23    -1295.920398        1.787964
FIRE:   44 02:28:23    -1296.123605        0.553576
FIRE:   45 02:28:23    -1296.136254        0.399512
FIRE:   46 02:28:24    -1296.148806        0.126024
FIRE:   47 02:28:24    -1296.148963        0.193582
FIRE:   48 02:28:24    -1296.149518        0.178061
FIRE:   49 02:28:25    -1296.150491        0.148357
FIRE:   50 02:28:25    -1296.151677        0.107066
FIRE:   51 02:28:25    -1296.152822        0.064036
FIRE:   52 02:28:26    -1296.153744        0.064058
FIRE:   53 02:28:26    -1296.154434        0.064078
FIRE:   54 02:28:26    -1296.155071        0.080488
FIRE:   55 02:28:27    -1296.155863        0.106214
FIRE:   56 02:28:27    -1296.157164        0.114496
FIRE:   57 02:28:27    -1296.159099        0.100900
FIRE:   58 02:28:28    -1296.161587        0.063980
FIRE:   59 02:28:28    -1296.164404        0.063914
FIRE:   60 02:28:28    -1296.167340        0.063856
FIRE:   61 02:28:29    -1296.170934        0.078248
FIRE:   62 02:28:29    -1296.175810        0.063815
FIRE:   63 02:28:29    -1296.181794        0.063831
FIRE:   64 02:28:30    -1296.188460        0.069506
FIRE:   65 02:28:30    -1296.196910        0.068645
FIRE:   66 02:28:30    -1296.207407        0.063535
FIRE:   67 02:28:31    -1296.219544        0.065257
FIRE:   68 02:28:31    -1296.234960        0.062960
FIRE:   69 02:28:31    -1296.252959        0.074037
FIRE:   70 02:28:32    -1296.275182        0.060716
FIRE:   71 02:28:32    -1296.301818        0.059654
FIRE:   72 02:28:32    -1296.333439        0.074589
FIRE:   73 02:28:33    -1296.369318        0.169320
FIRE:   74 02:28:33    -1296.402432        0.384950
FIRE:   75 02:28:33    -1296.416369        0.705446
FIRE:   76 02:28:34    -1296.454980        0.074976
FIRE:   77 02:28:34    -1296.455451        0.075015
FIRE:   78 02:28:34    -1296.456273        0.075093
FIRE:   79 02:28:35    -1296.457307        0.075214
FIRE:   80 02:28:35    -1296.458535        0.075389
FIRE:   81 02:28:35    -1296.460102        0.075607
FIRE:   82 02:28:36    -1296.462114        0.075875
FIRE:   83 02:28:36    -1296.464425        0.076182
FIRE:   84 02:28:36    -1296.467283        0.076558
FIRE:   85 02:28:37    -1296.470816        0.076998
FIRE:   86 02:28:37    -1296.475351        0.077476
FIRE:   87 02:28:37    -1296.480993        0.077964
FIRE:   88 02:28:38    -1296.487856        0.078409
FIRE:   89 02:28:38    -1296.496485        0.078702
FIRE:   90 02:28:38    -1296.506985        0.078631
FIRE:   91 02:28:39    -1296.519932        0.077852
FIRE:   92 02:28:39    -1296.535638        0.075873
FIRE:   93 02:28:39    -1296.554673        0.071715
FIRE:   94 02:28:40    -1296.577462        0.063653
FIRE:   95 02:28:40    -1296.604390        0.050194
FIRE:   96 02:28:40    -1296.635624        0.035822
FIRE:   97 02:28:41    -1296.669541        0.160555
FIRE:   98 02:28:41    -1296.685887        0.523607
FIRE:   99 02:28:41    -1296.705241        0.092635
FIRE:  100 02:28:42    -1296.705703        0.066943
FIRE:  101 02:28:42    -1296.706425        0.036363
FIRE:  102 02:28:43    -1296.707198        0.034055
FIRE:  103 02:28:43    -1296.708101        0.056591
FIRE:  104 02:28:43    -1296.709341        0.062423
FIRE:  105 02:28:43    -1296.710951        0.041099
FIRE:  106 02:28:44    -1296.712747        0.027797
FIRE:  107 02:28:44    -1296.714819        0.039216
FIRE:  108 02:28:44    -1296.717427        0.054088
FIRE:  109 02:28:45    -1296.720780        0.027619
FIRE:  110 02:28:45    -1296.724809        0.026276
FIRE:  111 02:28:45    -1296.729693        0.042218
FIRE:  112 02:28:46    -1296.735814        0.020345
FIRE:  113 02:28:46    -1296.743077        0.046869
FIRE:  114 02:28:46    -1296.752073        0.024267
FIRE:  115 02:28:47    -1296.762906        0.028449
FIRE:  116 02:28:47    -1296.775936        0.061425
FIRE:  117 02:28:47    -1296.791496        0.080367
FIRE:  118 02:28:48    -1296.809345        0.146672
FIRE:  119 02:28:48    -1296.826772        0.326990
FIRE:  120 02:28:48    -1296.824338        0.817906
FIRE:  121 02:28:49    -1296.856093        0.028892
FIRE:  122 02:28:49    -1296.856279        0.023870
FIRE:  123 02:28:49    -1296.856610        0.014941
