      Step     Time          Energy          fmax
FIRE:    0 02:32:17    -1195.742979        0.640848
FIRE:    1 02:32:17    -1195.780203        0.439181
FIRE:    2 02:32:17    -1195.825791        0.188542
FIRE:    3 02:32:18    -1195.855003        0.234596
FIRE:    4 02:32:18    -1195.874620        0.430448
FIRE:    5 02:32:18    -1195.903125        0.429500
FIRE:    6 02:32:18    -1195.939200        0.250439
FIRE:    7 02:32:19    -1195.966472        0.128062
FIRE:    8 02:32:19    -1195.983172        0.282059
FIRE:    9 02:32:19    -1196.008119        0.327638
FIRE:   10 02:32:20    -1196.047215        0.123998
FIRE:   11 02:32:20    -1196.073381        0.227171
FIRE:   12 02:32:20    -1196.097420        0.294159
FIRE:   13 02:32:21    -1196.135436        0.085857
FIRE:   14 02:32:21    -1196.164219        0.317811
FIRE:   15 02:32:21    -1196.215745        0.088752
FIRE:   16 02:32:21    -1196.255781        0.320568
FIRE:   17 02:32:22    -1196.326192        0.170196
FIRE:   18 02:32:22    -1196.394629        0.149661
FIRE:   19 02:32:22    -1196.457403        0.225668
FIRE:   20 02:32:23    -1196.525511        0.170814
FIRE:   21 02:32:23    -1196.589102        0.140197
FIRE:   22 02:32:23    -1196.649771        0.161344
FIRE:   23 02:32:23    -1196.714451        0.114332
FIRE:   24 02:32:24    -1196.774718        0.166709
FIRE:   25 02:32:24    -1196.831760        0.236251
FIRE:   26 02:32:24    -1196.889984        0.262004
FIRE:   27 02:32:25    -1196.943882        0.310789
FIRE:   28 02:32:25    -1196.995443        0.372167
FIRE:   29 02:32:25    -1197.048983        0.384105
FIRE:   30 02:32:26    -1197.101724        0.398944
FIRE:   31 02:32:26    -1196.622451        2.513683
FIRE:   32 02:32:26    -1197.099254        0.586128
FIRE:   33 02:32:26    -1197.121479        0.347639
FIRE:   34 02:32:27    -1197.135468        0.078824
FIRE:   35 02:32:27    -1197.135851        0.071982
FIRE:   36 02:32:27    -1197.136599        0.058955
FIRE:   37 02:32:28    -1197.137582        0.041183
FIRE:   38 02:32:28    -1197.138759        0.039325
FIRE:   39 02:32:28    -1197.140077        0.039153
FIRE:   40 02:32:29    -1197.141552        0.039027
FIRE:   41 02:32:29    -1197.143243        0.040103
FIRE:   42 02:32:29    -1197.145409        0.039018
FIRE:   43 02:32:29    -1197.148152        0.039152
FIRE:   44 02:32:30    -1197.151599        0.039358
FIRE:   45 02:32:30    -1197.155850        0.039558
FIRE:   46 02:32:30    -1197.161130        0.039630
FIRE:   47 02:32:31    -1197.167683        0.039476
FIRE:   48 02:32:31    -1197.175655        0.039100
FIRE:   49 02:32:31    -1197.185320        0.038698
FIRE:   50 02:32:31    -1197.197254        0.038517
FIRE:   51 02:32:32    -1197.211805        0.038508
FIRE:   52 02:32:32    -1197.229294        0.038143
FIRE:   53 02:32:32    -1197.250528        0.037094
FIRE:   54 02:32:33    -1197.276144        0.036003
FIRE:   55 02:32:33    -1197.306676        0.035455
FIRE:   56 02:32:33    -1197.343130        0.040791
FIRE:   57 02:32:34    -1197.385797        0.073932
FIRE:   58 02:32:34    -1197.431942        0.163384
FIRE:   59 02:32:34    -1197.471004        0.347716
FIRE:   60 02:32:34    -1197.503191        0.525646
FIRE:   61 02:32:35    -1197.524490        0.071298
FIRE:   62 02:32:35    -1197.525020        0.052336
FIRE:   63 02:32:35    -1197.525957        0.027188
FIRE:   64 02:32:36    -1197.527091        0.027512
FIRE:   65 02:32:36    -1197.528537        0.040947
FIRE:   66 02:32:36    -1197.530390        0.047024
FIRE:   67 02:32:36    -1197.532716        0.032857
FIRE:   68 02:32:37    -1197.535412        0.027171
FIRE:   69 02:32:37    -1197.538683        0.028568
FIRE:   70 02:32:37    -1197.542784        0.042457
FIRE:   71 02:32:38    -1197.548052        0.026808
FIRE:   72 02:32:38    -1197.554541        0.027138
FIRE:   73 02:32:38    -1197.562491        0.032632
FIRE:   74 02:32:39    -1197.572409        0.026604
FIRE:   75 02:32:39    -1197.584445        0.037334
FIRE:   76 02:32:39    -1197.599292        0.026705
FIRE:   77 02:32:39    -1197.617250        0.027002
FIRE:   78 02:32:40    -1197.638980        0.048039
FIRE:   79 02:32:40    -1197.665042        0.053872
FIRE:   80 02:32:40    -1197.695621        0.109741
FIRE:   81 02:32:41    -1197.727759        0.266073
FIRE:   82 02:32:41    -1197.742231        0.661260
FIRE:   83 02:32:41    -1197.772189        0.026988
FIRE:   84 02:32:41    -1197.751228        0.600673
FIRE:   85 02:32:42    -1197.762071        0.444414
FIRE:   86 02:32:42    -1197.773588        0.176060
FIRE:   87 02:32:42    -1197.775543        0.133254
FIRE:   88 02:32:43    -1197.775739        0.125121
FIRE:   89 02:32:43    -1197.776105        0.109357
FIRE:   90 02:32:43    -1197.776566        0.087003
FIRE:   91 02:32:44    -1197.777081        0.059718
FIRE:   92 02:32:44    -1197.777595        0.029693
FIRE:   93 02:32:44    -1197.778050        0.026834
FIRE:   94 02:32:44    -1197.778490        0.027448
FIRE:   95 02:32:45    -1197.779007        0.049658
FIRE:   96 02:32:45    -1197.779664        0.063563
FIRE:   97 02:32:45    -1197.780616        0.065401
FIRE:   98 02:32:46    -1197.781896        0.052435
FIRE:   99 02:32:46    -1197.783467        0.027035
FIRE:  100 02:32:46    -1197.785309        0.026593
FIRE:  101 02:32:47    -1197.787389        0.045936
FIRE:  102 02:32:47    -1197.789999        0.057784
FIRE:  103 02:32:47    -1197.793390        0.038244
FIRE:  104 02:32:47    -1197.797461        0.026784
FIRE:  105 02:32:48    -1197.802254        0.042747
FIRE:  106 02:32:48    -1197.808265        0.030272
FIRE:  107 02:32:48    -1197.815537        0.026518
FIRE:  108 02:32:49    -1197.824255        0.045734
FIRE:  109 02:32:49    -1197.834940        0.026869
FIRE:  110 02:32:49    -1197.847758        0.033317
FIRE:  111 02:32:49    -1197.863170        0.049271
FIRE:  112 02:32:50    -1197.881784        0.027217
FIRE:  113 02:32:50    -1197.904022        0.027204
FIRE:  114 02:32:50    -1197.930603        0.029642
FIRE:  115 02:32:51    -1197.961620        0.107261
FIRE:  116 02:32:51    -1197.988179        0.402833
FIRE:  117 02:32:51    -1197.971229        1.029067
FIRE:  118 02:32:52    -1198.024751        0.291137
FIRE:  119 02:32:52    -1198.027702        0.203477
FIRE:  120 02:32:52    -1198.030562        0.052742
FIRE:  121 02:32:52    -1198.030786        0.111793
FIRE:  122 02:32:53    -1198.030968        0.102938
FIRE:  123 02:32:53    -1198.031277        0.085945
FIRE:  124 02:32:53    -1198.031678        0.062349
FIRE:  125 02:32:54    -1198.032103        0.034383
FIRE:  126 02:32:54    -1198.032473        0.028803
FIRE:  127 02:32:54    -1198.032853        0.028399
FIRE:  128 02:32:55    -1198.033219        0.043894
FIRE:  129 02:32:55    -1198.033691        0.058264
FIRE:  130 02:32:55    -1198.034367        0.062161
FIRE:  131 02:32:55    -1198.035312        0.052796
FIRE:  132 02:32:56    -1198.036484        0.029642
FIRE:  133 02:32:56    -1198.037868        0.028745
FIRE:  134 02:32:56    -1198.039414        0.034456
FIRE:  135 02:32:57    -1198.041388        0.047607
FIRE:  136 02:32:57    -1198.043909        0.032100
FIRE:  137 02:32:57    -1198.046994        0.028276
FIRE:  138 02:32:57    -1198.050594        0.041126
FIRE:  139 02:32:58    -1198.055160        0.030902
FIRE:  140 02:32:58    -1198.060664        0.028772
FIRE:  141 02:32:58    -1198.067289        0.037338
FIRE:  142 02:32:59    -1198.075435        0.028040
FIRE:  143 02:32:59    -1198.085213        0.031855
FIRE:  144 02:32:59    -1198.096978        0.042830
FIRE:  145 02:33:00    -1198.111205        0.033892
FIRE:  146 02:33:00    -1198.128208        0.029340
FIRE:  147 02:33:00    -1198.148389        0.061423
FIRE:  148 02:33:00    -1198.170526        0.196322
FIRE:  149 02:33:01    -1198.178274        0.659291
FIRE:  150 02:33:01    -1198.200202        0.049395
FIRE:  151 02:33:01    -1198.200429        0.035654
FIRE:  152 02:33:02    -1198.200824        0.029065
FIRE:  153 02:33:02    -1198.201330        0.028951
FIRE:  154 02:33:02    -1198.201955        0.034255
FIRE:  155 02:33:03    -1198.202745        0.040081
FIRE:  156 02:33:03    -1198.203763        0.030941
FIRE:  157 02:33:03    -1198.204926        0.028895
FIRE:  158 02:33:03    -1198.206355        0.028955
FIRE:  159 02:33:04    -1198.208162        0.028962
FIRE:  160 02:33:04    -1198.210467        0.028875
FIRE:  161 02:33:04    -1198.213316        0.028710
FIRE:  162 02:33:05    -1198.216811        0.028830
FIRE:  163 02:33:05    -1198.221207        0.028548
FIRE:  164 02:33:05    -1198.226556        0.028490
FIRE:  165 02:33:06    -1198.233159        0.028183
FIRE:  166 02:33:06    -1198.241219        0.027848
FIRE:  167 02:33:06    -1198.251022        0.027653
FIRE:  168 02:33:06    -1198.262901        0.037842
FIRE:  169 02:33:07    -1198.277155        0.055559
FIRE:  170 02:33:07    -1198.293427        0.164754
FIRE:  171 02:33:07    -1198.305787        0.496901
FIRE:  172 02:33:08    -1198.314542        0.023594
FIRE:  173 02:33:08    -1198.309308        0.432782
FIRE:  174 02:33:08    -1198.312164        0.331322
FIRE:  175 02:33:09    -1198.315425        0.150416
FIRE:  176 02:33:09    -1198.316396        0.069743
FIRE:  177 02:33:09    -1198.316464        0.065244
FIRE:  178 02:33:09    -1198.316554        0.056507
FIRE:  179 02:33:10    -1198.316712        0.044199
FIRE:  180 02:33:10    -1198.316870        0.029240
FIRE:  181 02:33:10    -1198.317046        0.023559
FIRE:  182 02:33:11    -1198.317261        0.023732
FIRE:  183 02:33:11    -1198.317490        0.023892
FIRE:  184 02:33:11    -1198.317746        0.031008
FIRE:  185 02:33:11    -1198.318103        0.039300
FIRE:  186 02:33:12    -1198.318532        0.041090
FIRE:  187 02:33:12    -1198.319124        0.034593
FIRE:  188 02:33:12    -1198.319843        0.023956
FIRE:  189 02:33:13    -1198.320715        0.023753
FIRE:  190 02:33:13    -1198.321762        0.023585
FIRE:  191 02:33:13    -1198.323069        0.026623
FIRE:  192 02:33:14    -1198.324691        0.023646
FIRE:  193 02:33:14    -1198.326682        0.023875
FIRE:  194 02:33:14    -1198.329091        0.028624
FIRE:  195 02:33:14    -1198.332059        0.024026
FIRE:  196 02:33:15    -1198.335687        0.024381
FIRE:  197 02:33:15    -1198.340089        0.025017
FIRE:  198 02:33:15    -1198.345480        0.026151
FIRE:  199 02:33:16    -1198.352009        0.027455
FIRE:  200 02:33:16    -1198.359971        0.028795
FIRE:  201 02:33:16    -1198.369693        0.031179
FIRE:  202 02:33:17    -1198.381500        0.034055
FIRE:  203 02:33:17    -1198.395930        0.037966
FIRE:  204 02:33:17    -1198.413478        0.054760
FIRE:  205 02:33:17    -1198.432530        0.230764
FIRE:  206 02:33:18    -1198.423643        0.814917
FIRE:  207 02:33:18    -1198.460502        0.158460
FIRE:  208 02:33:18    -1198.461460        0.111633
FIRE:  209 02:33:19    -1198.462551        0.062125
FIRE:  210 02:33:19    -1198.463067        0.063413
FIRE:  211 02:33:19    -1198.463417        0.107401
FIRE:  212 02:33:20    -1198.464401        0.113065
FIRE:  213 02:33:20    -1198.466047        0.074644
FIRE:  214 02:33:20    -1198.467764        0.065652
FIRE:  215 02:33:20    -1198.469321        0.065964
FIRE:  216 02:33:21    -1198.471363        0.093147
FIRE:  217 02:33:21    -1198.474554        0.069028
FIRE:  218 02:33:21    -1198.478172        0.072026
FIRE:  219 02:33:22    -1198.482474        0.078692
FIRE:  220 02:33:22    -1198.488592        0.077586
FIRE:  221 02:33:22    -1198.495702        0.081263
FIRE:  222 02:33:23    -1198.505514        0.086204
FIRE:  223 02:33:23    -1198.517697        0.092702
FIRE:  224 02:33:23    -1198.533952        0.097917
FIRE:  225 02:33:23    -1198.555812        0.105565
FIRE:  226 02:33:24    -1198.585189        0.123368
FIRE:  227 02:33:24    -1198.624097        0.260777
FIRE:  228 02:33:24    -1198.660338        0.865988
FIRE:  229 02:33:25    -1198.629447        1.848061
FIRE:  230 02:33:25    -1198.723503        0.508355
FIRE:  231 02:33:25    -1198.728422        0.348345
FIRE:  232 02:33:26    -1198.733456        0.158843
FIRE:  233 02:33:26    -1198.735033        0.214859
FIRE:  234 02:33:26    -1198.735438        0.196820
FIRE:  235 02:33:27    -1198.736163        0.162323
FIRE:  236 02:33:27    -1198.737133        0.157264
FIRE:  237 02:33:27    -1198.738197        0.157468
FIRE:  238 02:33:27    -1198.739306        0.157647
FIRE:  239 02:33:28    -1198.740463        0.157755
FIRE:  240 02:33:28    -1198.741750        0.157746
FIRE:  241 02:33:28    -1198.743407        0.157565
FIRE:  242 02:33:29    -1198.745643        0.157136
FIRE:  243 02:33:29    -1198.748574        0.156389
FIRE:  244 02:33:29    -1198.752210        0.155265
FIRE:  245 02:33:30    -1198.756530        0.153734
FIRE:  246 02:33:30    -1198.761698        0.151790
FIRE:  247 02:33:30    -1198.768231        0.149380
FIRE:  248 02:33:30    -1198.776392        0.146251
FIRE:  249 02:33:31    -1198.786154        0.146189
FIRE:  250 02:33:31    -1198.797874        0.147163
FIRE:  251 02:33:31    -1198.812235        0.147540
FIRE:  252 02:33:32    -1198.828938        0.145374
FIRE:  253 02:33:32    -1198.848425        0.136572
FIRE:  254 02:33:32    -1198.870030        0.116539
FIRE:  255 02:33:33    -1198.893225        0.082212
FIRE:  256 02:33:33    -1198.916484        0.088807
FIRE:  257 02:33:33    -1198.939242        0.120283
FIRE:  258 02:33:33    -1198.962876        0.212223
FIRE:  259 02:33:34    -1198.988249        0.409017
FIRE:  260 02:33:34    -1199.004188        0.860914
FIRE:  261 02:33:34    -1199.026065        0.100746
FIRE:  262 02:33:35    -1199.015561        0.788305
FIRE:  263 02:33:35    -1199.022590        0.588481
FIRE:  264 02:33:35    -1199.030485        0.249604
FIRE:  265 02:33:36    -1199.033090        0.134069
FIRE:  266 02:33:36    -1199.033225        0.126247
FIRE:  267 02:33:36    -1199.033533        0.111069
FIRE:  268 02:33:37    -1199.033945        0.101983
FIRE:  269 02:33:37    -1199.034471        0.102033
FIRE:  270 02:33:37    -1199.035079        0.102091
FIRE:  271 02:33:38    -1199.035726        0.102173
FIRE:  272 02:33:38    -1199.036447        0.102268
FIRE:  273 02:33:38    -1199.037340        0.102401
FIRE:  274 02:33:38    -1199.038446        0.102577
FIRE:  275 02:33:39    -1199.039846        0.102804
FIRE:  276 02:33:39    -1199.041593        0.103092
FIRE:  277 02:33:39    -1199.043744        0.103444
FIRE:  278 02:33:40    -1199.046291        0.103866
FIRE:  279 02:33:40    -1199.049296        0.104354
FIRE:  280 02:33:40    -1199.052887        0.104867
FIRE:  281 02:33:41    -1199.057190        0.105365
FIRE:  282 02:33:41    -1199.062307        0.105768
FIRE:  283 02:33:41    -1199.068194        0.105925
FIRE:  284 02:33:41    -1199.075224        0.105533
FIRE:  285 02:33:42    -1199.083432        0.103975
FIRE:  286 02:33:42    -1199.093015        0.100112
FIRE:  287 02:33:42    -1199.104236        0.092255
FIRE:  288 02:33:43    -1199.117101        0.078247
FIRE:  289 02:33:43    -1199.131681        0.078828
FIRE:  290 02:33:43    -1199.147889        0.078966
FIRE:  291 02:33:44    -1199.166006        0.089206
FIRE:  292 02:33:44    -1199.187452        0.092540
FIRE:  293 02:33:44    -1199.213866        0.139744
FIRE:  294 02:33:44    -1199.241818        0.451528
FIRE:  295 02:33:45    -1199.237547        1.341768
FIRE:  296 02:33:45    -1199.280860        0.322724
FIRE:  297 02:33:45    -1199.282701        0.231178
FIRE:  298 02:33:46    -1199.284990        0.138632
FIRE:  299 02:33:46    -1199.286466        0.138677
FIRE:  300 02:33:46    -1199.287592        0.225815
FIRE:  301 02:33:47    -1199.289797        0.246341
FIRE:  302 02:33:47    -1199.293289        0.167638
FIRE:  303 02:33:47    -1199.297015        0.141636
FIRE:  304 02:33:47    -1199.300547        0.142857
FIRE:  305 02:33:48    -1199.304839        0.187965
FIRE:  306 02:33:48    -1199.311174        0.144102
FIRE:  307 02:33:48    -1199.318312        0.143646
FIRE:  308 02:33:49    -1199.326443        0.171947
FIRE:  309 02:33:49    -1199.337516        0.139891
FIRE:  310 02:33:49    -1199.349720        0.159492
FIRE:  311 02:33:50    -1199.365544        0.122618
FIRE:  312 02:33:50    -1199.383214        0.171104
FIRE:  313 02:33:50    -1199.403908        0.164527
FIRE:  314 02:33:50    -1199.426620        0.138981
FIRE:  315 02:33:51    -1199.449201        0.158221
FIRE:  316 02:33:51    -1199.466230        0.332679
FIRE:  317 02:33:51    -1199.453346        0.937737
FIRE:  318 02:33:52    -1199.479971        0.134968
FIRE:  319 02:33:52    -1199.480510        0.131051
FIRE:  320 02:33:52    -1199.481457        0.123472
FIRE:  321 02:33:53    -1199.482736        0.112705
FIRE:  322 02:33:53    -1199.484244        0.099503
FIRE:  323 02:33:53    -1199.485951        0.085416
FIRE:  324 02:33:54    -1199.487832        0.076496
FIRE:  325 02:33:54    -1199.489747        0.066800
FIRE:  326 02:33:54    -1199.491794        0.055515
FIRE:  327 02:33:54    -1199.493963        0.045821
FIRE:  328 02:33:55    -1199.496277        0.036306
FIRE:  329 02:33:55    -1199.498575        0.036148
FIRE:  330 02:33:55    -1199.500913        0.041197
FIRE:  331 02:33:56    -1199.503440        0.049633
FIRE:  332 02:33:56    -1199.506176        0.055343
FIRE:  333 02:33:56    -1199.509407        0.057854
FIRE:  334 02:33:57    -1199.513255        0.056260
FIRE:  335 02:33:57    -1199.517849        0.049443
FIRE:  336 02:33:57    -1199.523306        0.044832
FIRE:  337 02:33:57    -1199.529490        0.064292
FIRE:  338 02:33:58    -1199.535935        0.137665
FIRE:  339 02:33:58    -1199.539874        0.389498
FIRE:  340 02:33:58    -1199.543959        0.030416
FIRE:  341 02:33:59    -1199.541672        0.331415
FIRE:  342 02:33:59    -1199.542941        0.253715
FIRE:  343 02:33:59    -1199.544433        0.115449
FIRE:  344 02:34:00    -1199.544907        0.051375
FIRE:  345 02:34:00    -1199.544927        0.048410
FIRE:  346 02:34:00    -1199.544978        0.042670
FIRE:  347 02:34:00    -1199.545038        0.034543
FIRE:  348 02:34:01    -1199.545117        0.030580
FIRE:  349 02:34:01    -1199.545182        0.030367
FIRE:  350 02:34:01    -1199.545282        0.030152
FIRE:  351 02:34:02    -1199.545391        0.029957
FIRE:  352 02:34:02    -1199.545522        0.029785
FIRE:  353 02:34:02    -1199.545657        0.029660
FIRE:  354 02:34:03    -1199.545863        0.029616
FIRE:  355 02:34:03    -1199.546123        0.029681
FIRE:  356 02:34:03    -1199.546427        0.029852
FIRE:  357 02:34:03    -1199.546792        0.030101
FIRE:  358 02:34:04    -1199.547227        0.030339
FIRE:  359 02:34:04    -1199.547778        0.030449
FIRE:  360 02:34:04    -1199.548409        0.030331
FIRE:  361 02:34:05    -1199.549198        0.030012
FIRE:  362 02:34:05    -1199.550128        0.029719
FIRE:  363 02:34:05    -1199.551242        0.029756
FIRE:  364 02:34:06    -1199.552615        0.030146
FIRE:  365 02:34:06    -1199.554251        0.030386
FIRE:  366 02:34:06    -1199.556232        0.030083
FIRE:  367 02:34:06    -1199.558671        0.029984
FIRE:  368 02:34:07    -1199.561618        0.030811
FIRE:  369 02:34:07    -1199.565182        0.030959
FIRE:  370 02:34:07    -1199.569537        0.031448
FIRE:  371 02:34:08    -1199.574790        0.033225
FIRE:  372 02:34:08    -1199.581055        0.091228
FIRE:  373 02:34:08    -1199.586594        0.303946
FIRE:  374 02:34:09    -1199.574961        0.919491
FIRE:  375 02:34:09    -1199.597350        0.144553
FIRE:  376 02:34:09    -1199.597696        0.103185
FIRE:  377 02:34:09    -1199.598102        0.038214
FIRE:  378 02:34:10    -1199.598285        0.044155
FIRE:  379 02:34:10    -1199.598300        0.040787
FIRE:  380 02:34:10    -1199.598344        0.036380
FIRE:  381 02:34:11    -1199.598404        0.036601
FIRE:  382 02:34:11    -1199.598480        0.036868
FIRE:  383 02:34:11    -1199.598561        0.037155
FIRE:  384 02:34:12    -1199.598664        0.037425
FIRE:  385 02:34:12    -1199.598780        0.037654
FIRE:  386 02:34:12    -1199.598898        0.037825
FIRE:  387 02:34:13    -1199.599068        0.037905
FIRE:  388 02:34:13    -1199.599302        0.037852
FIRE:  389 02:34:13    -1199.599577        0.037657
FIRE:  390 02:34:13    -1199.599936        0.037350
FIRE:  391 02:34:14    -1199.600354        0.037028
FIRE:  392 02:34:14    -1199.600850        0.036850
FIRE:  393 02:34:14    -1199.601489        0.036957
FIRE:  394 02:34:15    -1199.602294        0.037349
FIRE:  395 02:34:15    -1199.603243        0.037790
FIRE:  396 02:34:15    -1199.604433        0.037894
FIRE:  397 02:34:16    -1199.605894        0.037559
FIRE:  398 02:34:16    -1199.607668        0.037352
FIRE:  399 02:34:16    -1199.609851        0.037871
FIRE:  400 02:34:16    -1199.612494        0.038371
FIRE:  401 02:34:17    -1199.615737        0.037818
FIRE:  402 02:34:17    -1199.619696        0.037918
FIRE:  403 02:34:17    -1199.624510        0.037829
FIRE:  404 02:34:18    -1199.630327        0.035879
FIRE:  405 02:34:18    -1199.637125        0.081017
FIRE:  406 02:34:18    -1199.643054        0.288997
FIRE:  407 02:34:19    -1199.628699        0.968361
FIRE:  408 02:34:19    -1199.653005        0.243298
FIRE:  409 02:34:19    -1199.653856        0.172200
FIRE:  410 02:34:19    -1199.654683        0.049498
FIRE:  411 02:34:20    -1199.654736        0.086042
FIRE:  412 02:34:20    -1199.654800        0.079286
FIRE:  413 02:34:20    -1199.654869        0.066290
FIRE:  414 02:34:21    -1199.654965        0.048204
FIRE:  415 02:34:21    -1199.655062        0.026688
FIRE:  416 02:34:21    -1199.655165        0.025239
FIRE:  417 02:34:22    -1199.655246        0.024971
FIRE:  418 02:34:22    -1199.655335        0.034260
FIRE:  419 02:34:22    -1199.655450        0.046053
FIRE:  420 02:34:23    -1199.655598        0.049931
FIRE:  421 02:34:23    -1199.655839        0.043707
FIRE:  422 02:34:23    -1199.656117        0.026678
FIRE:  423 02:34:23    -1199.656448        0.025398
FIRE:  424 02:34:24    -1199.656805        0.025769
FIRE:  425 02:34:24    -1199.657266        0.036330
FIRE:  426 02:34:24    -1199.657864        0.027121
FIRE:  427 02:34:25    -1199.658582        0.025347
FIRE:  428 02:34:25    -1199.659428        0.029901
FIRE:  429 02:34:25    -1199.660470        0.026687
FIRE:  430 02:34:26    -1199.661772        0.025362
FIRE:  431 02:34:26    -1199.663316        0.031780
FIRE:  432 02:34:26    -1199.665229        0.024292
FIRE:  433 02:34:26    -1199.667495        0.028036
FIRE:  434 02:34:27    -1199.670272        0.027825
FIRE:  435 02:34:27    -1199.673614        0.021031
FIRE:  436 02:34:27    -1199.677628        0.021235
FIRE:  437 02:34:28    -1199.682416        0.048280
FIRE:  438 02:34:28    -1199.687607        0.151041
FIRE:  439 02:34:28    -1199.689690        0.440251
FIRE:  440 02:34:29    -1199.695019        0.031103
FIRE:  441 02:34:29    -1199.695083        0.031142
FIRE:  442 02:34:29    -1199.695167        0.031219
FIRE:  443 02:34:29    -1199.695316        0.031340
FIRE:  444 02:34:30    -1199.695494        0.031496
FIRE:  445 02:34:30    -1199.695702        0.031692
FIRE:  446 02:34:30    -1199.695984        0.031921
FIRE:  447 02:34:31    -1199.696312        0.032188
FIRE:  448 02:34:31    -1199.696705        0.032531
FIRE:  449 02:34:31    -1199.697212        0.032976
FIRE:  450 02:34:32    -1199.697850        0.033562
FIRE:  451 02:34:32    -1199.698659        0.034346
FIRE:  452 02:34:32    -1199.699668        0.035397
FIRE:  453 02:34:32    -1199.700936        0.036779
FIRE:  454 02:34:33    -1199.702501        0.038565
FIRE:  455 02:34:33    -1199.704513        0.040932
FIRE:  456 02:34:33    -1199.707030        0.044191
FIRE:  457 02:34:34    -1199.710224        0.048597
FIRE:  458 02:34:34    -1199.714346        0.054561
FIRE:  459 02:34:34    -1199.719778        0.063141
FIRE:  460 02:34:35    -1199.727033        0.074573
FIRE:  461 02:34:35    -1199.736872        0.109201
FIRE:  462 02:34:35    -1199.747417        0.394610
FIRE:  463 02:34:36    -1199.712900        1.672324
FIRE:  464 02:34:36    -1199.759009        0.727228
FIRE:  465 02:34:36    -1199.766504        0.505779
FIRE:  466 02:34:36    -1199.773271        0.135990
FIRE:  467 02:34:37    -1199.772133        0.339241
FIRE:  468 02:34:37    -1199.772632        0.309374
FIRE:  469 02:34:37    -1199.773475        0.252707
FIRE:  470 02:34:38    -1199.774448        0.175011
FIRE:  471 02:34:38    -1199.775286        0.139048
FIRE:  472 02:34:38    -1199.775849        0.139003
FIRE:  473 02:34:38    -1199.776170        0.139091
FIRE:  474 02:34:39    -1199.776431        0.147072
FIRE:  475 02:34:39    -1199.776905        0.180439
FIRE:  476 02:34:39    -1199.777807        0.181222
FIRE:  477 02:34:40    -1199.779183        0.143505
FIRE:  478 02:34:40    -1199.780909        0.142731
FIRE:  479 02:34:40    -1199.782683        0.144387
FIRE:  480 02:34:41    -1199.784504        0.146247
FIRE:  481 02:34:41    -1199.786987        0.148399
FIRE:  482 02:34:41    -1199.790551        0.149451
FIRE:  483 02:34:42    -1199.794708        0.150451
FIRE:  484 02:34:42    -1199.799445        0.151190
FIRE:  485 02:34:42    -1199.805938        0.151743
FIRE:  486 02:34:42    -1199.813695        0.151471
FIRE:  487 02:34:43    -1199.823059        0.147718
FIRE:  488 02:34:43    -1199.834498        0.136888
FIRE:  489 02:34:43    -1199.847488        0.116965
FIRE:  490 02:34:44    -1199.860999        0.135980
FIRE:  491 02:34:44    -1199.873782        0.142000
FIRE:  492 02:34:44    -1199.883107        0.121736
FIRE:  493 02:34:45    -1199.887432        0.280990
FIRE:  494 02:34:45    -1199.889926        0.112819
FIRE:  495 02:34:45    -1199.890748        0.163705
FIRE:  496 02:34:45    -1199.891238        0.127752
FIRE:  497 02:34:46    -1199.891961        0.094399
FIRE:  498 02:34:46    -1199.892610        0.089679
FIRE:  499 02:34:46    -1199.893079        0.097664
FIRE:  500 02:34:47    -1199.893584        0.138386
FIRE:  501 02:34:47    -1199.894324        0.142295
FIRE:  502 02:34:47    -1199.895316        0.110358
FIRE:  503 02:34:48    -1199.896437        0.052569
FIRE:  504 02:34:48    -1199.897400        0.055987
FIRE:  505 02:34:48    -1199.898359        0.084813
FIRE:  506 02:34:48    -1199.899621        0.064445
FIRE:  507 02:34:49    -1199.900945        0.025701
FIRE:  508 02:34:49    -1199.902003        0.088706
FIRE:  509 02:34:49    -1199.903384        0.055542
FIRE:  510 02:34:50    -1199.904724        0.060217
FIRE:  511 02:34:50    -1199.906240        0.063074
FIRE:  512 02:34:50    -1199.907997        0.066784
FIRE:  513 02:34:51    -1199.910142        0.045772
FIRE:  514 02:34:51    -1199.912359        0.104242
FIRE:  515 02:34:51    -1199.915149        0.101024
FIRE:  516 02:34:51    -1199.918220        0.086293
FIRE:  517 02:34:52    -1199.921001        0.156065
FIRE:  518 02:34:52    -1199.920713        0.403759
FIRE:  519 02:34:52    -1199.924886        0.044541
FIRE:  520 02:34:53    -1199.924926        0.033619
FIRE:  521 02:34:53    -1199.925017        0.014925
