{
 "bed": "real14",
 "r_se": 0.5,
 "s_meanA_all": 0.31530428480826883,
 "p_c": 0.786100654709097,
 "psi_powerweighted": 0.6876514698175046,
 "kb_powerweighted": 1.4298200164522983,
 "H1_over_H0_thomson": 1.3254467204746552,
 "H1_over_H0_exact": 1.338705382558985,
 "H12_over_H0_exact": 1.1864951583431316,
 "H12_over_H1_thomson": 0.8851563079153497,
 "H12_over_H1_exact": 0.8863004315969075,
 "H1_over_H0_proxy_k0.7": 1.325058022905309,
 "H1_over_H0_proxy_k0.8": 1.3846628205771394,
 "H1_over_H0_proxy_k0.9": 1.4484589137634531,
 "H1_over_H0_proxy_k1.0": 1.5168222009988785,
 "kb_proxy_sA": 1.4289682789074452
}
{
 "bed": "case15",
 "r_se": 0.5,
 "s_meanA_all": 0.20095295080964556,
 "p_c": 0.9151646162136644,
 "psi_powerweighted": 0.8925769870937301,
 "kb_powerweighted": 1.4945305579895498,
 "H1_over_H0_thomson": 1.109028282528183,
 "H1_over_H0_exact": 1.1092875543651612,
 "H12_over_H0_exact": 1.059802931175099,
 "H12_over_H1_thomson": 0.9553476196319576,
 "H12_over_H1_exact": 0.9553906261768329,
 "H1_over_H0_proxy_k0.7": 1.2287145510227258,
 "H1_over_H0_proxy_k0.8": 1.26833261945852,
 "H1_over_H0_proxy_k0.9": 1.3100711624590606,
 "H1_over_H0_proxy_k1.0": 1.3540884916578735,
 "kb_proxy_sA": 1.470312848264124
}
