
[conftest] 시험 authority: /tmp/dd-test-authority-v6comdzv/docs/22p_gap/LEG_PRESERVATION.yaml (운영 원장의 바이트 복사본 — 70차 E6)

[conftest] 이 checkout 을 처음 보았다 — 얼린 cohort 17개의 좌표를 시험 authority 에 봉인했다: ['g10_2026_09_01', 'g11_2026_09_02', 'g12_2026_09_03', 'g13_2026_09_07', 'g14_2026_09_08', 'g15_2026_09_08', 'g16_2026_09_09', 'g17_2026_09_14', 'g1_2026_08_20', 'g2_2026_08_25', 'g3_2026_08_28', 'g4_2026_08_28', 'g5_2026_08_29', 'g6_2026_09_01', 'g7_2026_09_01', 'g8_2026_09_01', 'g9_2026_09_01']
............F.....F........................FFF..F..............          [100%]
=================================== FAILURES ===================================
___ test_s02_01_a_v3_plan_without_a_stage3_context_is_refused_before_fit_one ___

tmp_path = PosixPath('/home/user/Yonghoon-DEM-DFT/degradation-degeneracy/results/_smoke/_unit/test_s02_01_a_v3_plan_without_a_stage3_c_5ddfd2b9')
monkeypatch = <_pytest.monkeypatch.MonkeyPatch object at 0x7f432a1a2510>

    def test_s02_01_a_v3_plan_without_a_stage3_context_is_refused_before_fit_one(tmp_path, monkeypatch):
        out = Path(tempfile.mkdtemp(prefix="dd87-s02a-"))
        led = _isolated_authority(monkeypatch, out)
        in_dir, ctx, live, ind = _live_pair(tmp_path, out)
        p = ctx["planned"]
        spec = PV.leg_run_spec_v3(LEG, _grid_for(live), dict(live, in_digest=ind), _axis(p.envelope()))
        _write(led, _doc(_entry(spec, src=SRC, envelope=p.envelope(),
                                context={"design": DESIGN_REL, "provider_runs": {}})))
        calls = G84._sentinel(monkeypatch)
        with pytest.raises(PV.PreserveError) as ei:
            _run_nonsmoke(in_dir, out, None)                       # legacy 호출 — stage3 없음
>       assert "leg_spec_version" in str(ei.value) or "stage3" in str(ei.value), str(ei.value)
E       AssertionError: [plan] 계획 항목 'g87_v6_leg' 의 planned_envelope.leg_id 가 다르다: 'g22p_v6_armGA_b3'
E       assert ('leg_spec_version' in "[plan] 계획 항목 'g87_v6_leg' 의 planned_envelope.leg_id 가 다르다: 'g22p_v6_armGA_b3'" or 'stage3' in "[plan] 계획 항목 'g87_v6_leg' 의 planned_envelope.leg_id 가 다르다: 'g22p_v6_armGA_b3'")
E        +  where "[plan] 계획 항목 'g87_v6_leg' 의 planned_envelope.leg_id 가 다르다: 'g22p_v6_armGA_b3'" = str(PreserveError("[plan] 계획 항목 'g87_v6_leg' 의 planned_envelope.leg_id 가 다르다: 'g22p_v6_armGA_b3'"))
E        +    where PreserveError("[plan] 계획 항목 'g87_v6_leg' 의 planned_envelope.leg_id 가 다르다: 'g22p_v6_armGA_b3'") = <ExceptionInfo PreserveError("[plan] 계획 항목 'g87_v6_leg' 의 planned_envelope.leg_id 가 다르다: 'g22p_v6_armGA_b3'") tblen=7>.value
E        +  and   "[plan] 계획 항목 'g87_v6_leg' 의 planned_envelope.leg_id 가 다르다: 'g22p_v6_armGA_b3'" = str(PreserveError("[plan] 계획 항목 'g87_v6_leg' 의 planned_envelope.leg_id 가 다르다: 'g22p_v6_armGA_b3'"))
E        +    where PreserveError("[plan] 계획 항목 'g87_v6_leg' 의 planned_envelope.leg_id 가 다르다: 'g22p_v6_armGA_b3'") = <ExceptionInfo PreserveError("[plan] 계획 항목 'g87_v6_leg' 의 planned_envelope.leg_id 가 다르다: 'g22p_v6_armGA_b3'") tblen=7>.value

tests/test_gate87_round2b.py:278: AssertionError
_______ test_s02_04_a_matching_v3_plan_and_context_reach_claim_issuance ________

tmp_path = PosixPath('/home/user/Yonghoon-DEM-DFT/degradation-degeneracy/results/_smoke/_unit/test_s02_04_a_matching_v3_plan_and_conte_eac05692')
monkeypatch = <_pytest.monkeypatch.MonkeyPatch object at 0x7f4321a55390>

    def test_s02_04_a_matching_v3_plan_and_context_reach_claim_issuance(tmp_path, monkeypatch):
        out = Path(tempfile.mkdtemp(prefix="dd87-s02d-"))
        led = _isolated_authority(monkeypatch, out)
        in_dir, ctx, live, ind = _live_pair(tmp_path, out)
        p = ctx["planned"]
        spec = PV.leg_run_spec_v3(LEG, _grid_for(live), dict(live, in_digest=ind), _axis(p.envelope()))
        _write(led, _doc(_entry(spec, src=SRC, envelope=p.envelope(),
                                context={"design": DESIGN_REL, "provider_runs": {}})))
>       claim, fit_axis, cap = F._assert_fit_authorized(live, out, leg=LEG, may_open=True, stage3=ctx)
                               ^^^^^^^^^^^^^^^^^^^^^^^^^^^^^^^^^^^^^^^^^^^^^^^^^^^^^^^^^^^^^^^^^^^^^^^

tests/test_gate87_round2b.py:323: 
_ _ _ _ _ _ _ _ _ _ _ _ _ _ _ _ _ _ _ _ _ _ _ _ _ _ _ _ _ _ _ _ _ _ _ _ _ _ _ _ 
src/fitting.py:1265: in _assert_fit_authorized
    declared = declared_leg_run_spec(leg)
               ^^^^^^^^^^^^^^^^^^^^^^^^^^
tools/preserve.py:6704: in declared_leg_run_spec
    idx = planned_index(ledger)
          ^^^^^^^^^^^^^^^^^^^^^
tools/preserve.py:6292: in planned_index
    _check_v6_plan_slots(e)                      # ★ 87차 §13-3 b
    ^^^^^^^^^^^^^^^^^^^^^^^
_ _ _ _ _ _ _ _ _ _ _ _ _ _ _ _ _ _ _ _ _ _ _ _ _ _ _ _ _ _ _ _ _ _ _ _ _ _ _ _ 

e = {'leg_id': 'g87_v6_leg', 'cohort_id': 'g87', 'status': 'planned', 'authorization_kind': 'prospective', ...}

    def _check_v6_plan_slots(e: dict) -> None:
        """★ 87차 §13-3 b — v6 계획의 두 자리 (`planned_envelope` · `stage3_context`) 와 spec 버전의 결속.
    
        `run_spec.leg_spec_version == 3` ⇔ 두 자리 모두 존재. v2 (v5) 계획에 자리가 있어도 거부 (v5 계획으로 v6 실행을
        승인하지 않는다) · 자리가 있는데 버전이 3 이 아니어도 거부. envelope 는 유효한 `planned-leg/v4` 이고 항목 · 코드
        identity · 세대 (`v6`) 와 같아야 하며, `run_spec.stage3` 는 envelope 에서 **유도한 값**과 같아야 한다 (손으로 적은
        축이 계획과 어긋나면 거부). `stage3_context` 는 설계 · provider 경로의 **모양**만 본다 — 존재 · 바이트는 진입점
        (`src.fitting.stage3_context_from_plan`) 과 `_prepare_stage3` 의 몫이다 (§13-3 c · 세 자리에 같은 검사 금지).
        """
        lid = e.get("leg_id")
        spec = e["run_spec"]
        ver = spec.get("leg_spec_version")
        has = [k for k in _V6_PLAN_SLOTS if k in e]
        if ver != 3:
            if has:
                raise PreserveError(
                    "plan", f"계획 항목 {lid!r} 의 run_spec.leg_spec_version 은 {ver!r} 인데 v6 자리 {has} 를 싣고 있다 "
                            "— v6 자리는 leg_spec_version 3 계획만 갖는다 (v5 계획으로 v6 실행을 승인하지 않는다 · "
                            "87차 §13-3 b)")
            return
        missing = [k for k in _V6_PLAN_SLOTS if k not in e]
        if missing:
            raise PreserveError(
                "plan", f"계획 항목 {lid!r} 은 leg_spec_version 3 (v6) 인데 {missing} 가 없다 — v6 계획은 "
                        "`planned_envelope` 와 `stage3_context` 를 둘 다 적어야 한다 (87차 §13-3 b)")
        env = e["planned_envelope"]
        bad = check_planned_envelope(env)
        if bad or env.get("schema") != "planned-leg/v4":
            raise PreserveError(
                "plan", f"계획 항목 {lid!r} 의 planned_envelope 가 유효한 planned-leg/v4 가 아니다: "
                        + "; ".join(bad[:3] or [repr(env.get("schema") if isinstance(env, dict) else env)]))
        if env["leg_id"] != lid:
>           raise PreserveError(
                "plan", f"계획 항목 {lid!r} 의 planned_envelope.leg_id 가 다르다: {env['leg_id']!r}")
E           tools.preserve.PreserveError: [plan] 계획 항목 'g87_v6_leg' 의 planned_envelope.leg_id 가 다르다: 'g22p_v6_armGA_b3'

tools/preserve.py:6108: PreserveError
_ test_s04_01_the_entrypoint_builds_the_context_from_the_ledger_and_run_fit_completes _

tmp_path = PosixPath('/home/user/Yonghoon-DEM-DFT/degradation-degeneracy/results/_smoke/_unit/test_s04_01_the_entrypoint_builds_the_co_4a7981be')

    def test_s04_01_the_entrypoint_builds_the_context_from_the_ledger_and_run_fit_completes(tmp_path):
        from tests.test_fitting import _tiny_curves
        in_dir = _tiny_curves(tmp_path / "in")
        ctx0 = G81._v6_context(in_dir)
        root, led, e = _entry_with_design(tmp_path, ctx0)
>       ctx = F.stage3_context_from_plan(LEG, ledger=led, repo_root=root)
              ^^^^^^^^^^^^^^^^^^^^^^^^^^^^^^^^^^^^^^^^^^^^^^^^^^^^^^^^^^^

tests/test_gate87_round2b.py:458: 
_ _ _ _ _ _ _ _ _ _ _ _ _ _ _ _ _ _ _ _ _ _ _ _ _ _ _ _ _ _ _ _ _ _ _ _ _ _ _ _ 

leg_id = 'g87_v6_leg'
ledger = PosixPath('/home/user/Yonghoon-DEM-DFT/degradation-degeneracy/results/_smoke/_unit/test_s04_01_the_entrypoint_builds_the_co_4a7981be/repo/docs/22p_gap/LEG_PRESERVATION.yaml')
repo_root = PosixPath('/home/user/Yonghoon-DEM-DFT/degradation-degeneracy/results/_smoke/_unit/test_s04_01_the_entrypoint_builds_the_co_4a7981be/repo')

    def stage3_context_from_plan(leg_id: str, *, ledger=None, repo_root=None) -> dict:
        """★ 87차 §13-4 a (R2-a (3)) — 원장의 v6 계획 → `run_fit(stage3=…)` 문맥 `{planned, design, provider_runs}` 를
        만드는 **production 진입점 한 곳**. CLI `--stage3-plan` 과 `run.sh --stage3-plan` 이 여기로 온다.
    
        순서: 계획 index 항목 (없으면 거부 · §13-3 b 결속은 index 가 이미 했다) → `PlannedLegV4` 재구성 (생성자가
        envelope 를 재검) → `planned_id() == run_spec.stage3.planned_id` (index 를 믿지 않는다) → 설계 파일을 **JSON** 으로
        읽어 `pairing_design_sha256` · `parameter_order_sha256` 을 계획과 대조 → provider run 디렉터리마다 존재 ·
        `manifest.yaml` 존재 (내용 대조 — map 재생성 · sha — 는 `_prepare_stage3` 의 몫) → 반환. 모든 거부는 `run_fit`
        호출 **전**이다. 여기서 만든 문맥도 `_stage3_preflight` · `_prepare_stage3` 를 그대로 지난다 (우회 없음).
        """
        import json as _json
        from pathlib import Path as _P
        from tools import design_wire as DW
        from tools.preserve import PlannedLegV4, PreserveError, planned_index, REPO_ROOT
        root = _P(repo_root) if repo_root is not None else REPO_ROOT
        e = planned_index(ledger).get(leg_id)
        if e is None:
>           raise PreserveError("plan", f"계획 index 에 없는 다리다: {leg_id!r} — v6 문맥을 만들 계획이 없다")
E           tools.preserve.PreserveError: [plan] 계획 index 에 없는 다리다: 'g87_v6_leg' — v6 문맥을 만들 계획이 없다

src/fitting.py:1330: PreserveError
_ test_s04_02_a_design_file_whose_bytes_differ_from_the_plan_is_refused_before_run_fit _

tmp_path = PosixPath('/home/user/Yonghoon-DEM-DFT/degradation-degeneracy/results/_smoke/_unit/test_s04_02_a_design_file_whose_bytes_di_7f427781')
monkeypatch = <_pytest.monkeypatch.MonkeyPatch object at 0x7f43200dc1d0>

    def test_s04_02_a_design_file_whose_bytes_differ_from_the_plan_is_refused_before_run_fit(tmp_path, monkeypatch):
        from tests.test_fitting import _tiny_curves
        ctx0 = G81._v6_context(_tiny_curves(tmp_path / "in"))
        root, led, _ = _entry_with_design(tmp_path, ctx0, mutate_design=_add_arm)
        called = []
        monkeypatch.setattr(F, "run_fit", lambda *a, **k: called.append(1))
        with pytest.raises((PV.PreserveError, ValueError)) as ei:
            F.stage3_context_from_plan(LEG, ledger=led, repo_root=root)
        _not_new_helper_missing(ei.value)
>       assert "pairing_design_sha256" in str(ei.value) or "설계" in str(ei.value), str(ei.value)
E       AssertionError: [plan] 계획 index 에 없는 다리다: 'g87_v6_leg' — v6 문맥을 만들 계획이 없다
E       assert ('pairing_design_sha256' in "[plan] 계획 index 에 없는 다리다: 'g87_v6_leg' — v6 문맥을 만들 계획이 없다" or '설계' in "[plan] 계획 index 에 없는 다리다: 'g87_v6_leg' — v6 문맥을 만들 계획이 없다")
E        +  where "[plan] 계획 index 에 없는 다리다: 'g87_v6_leg' — v6 문맥을 만들 계획이 없다" = str(PreserveError("[plan] 계획 index 에 없는 다리다: 'g87_v6_leg' — v6 문맥을 만들 계획이 없다"))
E        +    where PreserveError("[plan] 계획 index 에 없는 다리다: 'g87_v6_leg' — v6 문맥을 만들 계획이 없다") = <ExceptionInfo PreserveError("[plan] 계획 index 에 없는 다리다: 'g87_v6_leg' — v6 문맥을 만들 계획이 없다") tblen=2>.value
E        +  and   "[plan] 계획 index 에 없는 다리다: 'g87_v6_leg' — v6 문맥을 만들 계획이 없다" = str(PreserveError("[plan] 계획 index 에 없는 다리다: 'g87_v6_leg' — v6 문맥을 만들 계획이 없다"))
E        +    where PreserveError("[plan] 계획 index 에 없는 다리다: 'g87_v6_leg' — v6 문맥을 만들 계획이 없다") = <ExceptionInfo PreserveError("[plan] 계획 index 에 없는 다리다: 'g87_v6_leg' — v6 문맥을 만들 계획이 없다") tblen=2>.value

tests/test_gate87_round2b.py:481: AssertionError
_________ test_s04_03_a_missing_design_file_or_provider_dir_is_refused _________

tmp_path = PosixPath('/home/user/Yonghoon-DEM-DFT/degradation-degeneracy/results/_smoke/_unit/test_s04_03_a_missing_design_file_or_pro_f9a69676')

    def test_s04_03_a_missing_design_file_or_provider_dir_is_refused(tmp_path):
        from tests.test_fitting import _tiny_curves
        in_dir = _tiny_curves(tmp_path / "in")
        # 설계 파일 없음
        ctx0 = G81._v6_context(in_dir)
        root, led, _ = _entry_with_design(tmp_path, ctx0)
        (root / DESIGN_REL).unlink()
        with pytest.raises((PV.PreserveError, ValueError, FileNotFoundError)) as ei:
            F.stage3_context_from_plan(LEG, ledger=led, repo_root=root)
        _not_new_helper_missing(ei.value)
        # provider 디렉터리 없음 (warm 계획)
        edge = {"stage": "condition", "arm": "G_C", "consumer_objective": OBJS[1], "provider_objective": OBJS[0],
                "provider_artifact_sha256": HEX64, "solution_map_sha256": HEX64, "provider_protocol_sha256": HEX64}
        ctxw = G81._v6_context(in_dir, arm="G_C", warm_map={OBJS[0]: None, OBJS[1]: OBJS[0]}, edges=[edge])
        root2 = tmp_path / "repo2"
        _design_file(root2, ctxw["design"])
        led2 = _write(root2 / "docs/22p_gap/LEG_PRESERVATION.yaml",
                      _doc(_v3_entry(ctxw["planned"], provider_runs={OBJS[1]: "results/_smoke/g87_no_such_run"})))
        with pytest.raises((PV.PreserveError, ValueError, FileNotFoundError)) as ei:
            F.stage3_context_from_plan(LEG, ledger=led2, repo_root=root2)
        _not_new_helper_missing(ei.value)
>       assert "provider" in str(ei.value), str(ei.value)
E       AssertionError: [plan] 계획 index 에 없는 다리다: 'g87_v6_leg' — v6 문맥을 만들 계획이 없다
E       assert 'provider' in "[plan] 계획 index 에 없는 다리다: 'g87_v6_leg' — v6 문맥을 만들 계획이 없다"
E        +  where "[plan] 계획 index 에 없는 다리다: 'g87_v6_leg' — v6 문맥을 만들 계획이 없다" = str(PreserveError("[plan] 계획 index 에 없는 다리다: 'g87_v6_leg' — v6 문맥을 만들 계획이 없다"))
E        +    where PreserveError("[plan] 계획 index 에 없는 다리다: 'g87_v6_leg' — v6 문맥을 만들 계획이 없다") = <ExceptionInfo PreserveError("[plan] 계획 index 에 없는 다리다: 'g87_v6_leg' — v6 문맥을 만들 계획이 없다") tblen=2>.value

tests/test_gate87_round2b.py:506: AssertionError
_ test_s04_06_a_context_that_disagrees_with_the_plan_is_still_refused_by_prepare_stage3 _

tmp_path = PosixPath('/home/user/Yonghoon-DEM-DFT/degradation-degeneracy/results/_smoke/_unit/test_s04_06_a_context_that_disagrees_wit_bf1527c6')
monkeypatch = <_pytest.monkeypatch.MonkeyPatch object at 0x7f4321480510>

    def test_s04_06_a_context_that_disagrees_with_the_plan_is_still_refused_by_prepare_stage3(tmp_path, monkeypatch):
        """진입점을 건너 손으로 어긋난 문맥을 만들어도 `run_fit` 안의 대조가 거부한다 (83차 N2 — 우회 없음)."""
        from tests.test_fitting import _tiny_curves
        in_dir = _tiny_curves(tmp_path / "in")
        ctx = G81._v6_context(in_dir)
        other = copy.deepcopy(ctx["design"]); _add_arm(other)
        calls = G84._sentinel(monkeypatch)
        with pytest.raises(ValueError) as ei:
            G84._run(tmp_path, "o", {**ctx, "design": other}, in_dir)
>       assert "pairing_design_sha256" in str(ei.value) and calls == []
E       assert ('pairing_design_sha256' in "design spec nested schema 위반: 등록되지 않은 arm: 'G_Z'")
E        +  where "design spec nested schema 위반: 등록되지 않은 arm: 'G_Z'" = str(WireError("design spec nested schema 위반: 등록되지 않은 arm: 'G_Z'"))
E        +    where WireError("design spec nested schema 위반: 등록되지 않은 arm: 'G_Z'") = <ExceptionInfo WireError("design spec nested schema 위반: 등록되지 않은 arm: 'G_Z'") tblen=7>.value

tests/test_gate87_round2b.py:539: AssertionError
=========================== short test summary info ============================
FAILED tests/test_gate87_round2b.py::test_s02_01_a_v3_plan_without_a_stage3_context_is_refused_before_fit_one
FAILED tests/test_gate87_round2b.py::test_s02_04_a_matching_v3_plan_and_context_reach_claim_issuance
FAILED tests/test_gate87_round2b.py::test_s04_01_the_entrypoint_builds_the_context_from_the_ledger_and_run_fit_completes
FAILED tests/test_gate87_round2b.py::test_s04_02_a_design_file_whose_bytes_differ_from_the_plan_is_refused_before_run_fit
FAILED tests/test_gate87_round2b.py::test_s04_03_a_missing_design_file_or_provider_dir_is_refused
FAILED tests/test_gate87_round2b.py::test_s04_06_a_context_that_disagrees_with_the_plan_is_still_refused_by_prepare_stage3
6 failed, 57 passed in 9.95s
