WARNING:root:If 'dataset_list' is provided in the config, the code assumes that each dataset maps to itself. Please use 'dataset_mapping' as 'dataset_list' is deprecated and will be removed in the future.
{
 "model_dir": "/data/work/runs/wad_se_pairs_uma_2026_10_01/models/P2_li_outer/B",
 "model": "P2",
 "registry": "B",
 "term": "li_outer",
 "init_sha256": "8e7fdda456084e60b4b474255c06fa177fa8d9edcc8512cab84087d927819b01",
 "n_atoms": 630,
 "fixed_n": 147,
 "lateral_n": 0,
 "preflight": {
  "flags": [],
  "mask_matches_policy": true
 },
 "ase": "3.28.0",
 "fmax_target_eV_A": 0.02,
 "max_steps": 3000,
 "optimizer": "fire",
 "cell_fixed": true,
 "gpu_guard": {
  "vram_cap_MiB": 16000.0,
  "gpu_kill_total_MiB": 45500,
  "gpu_start_max_MiB": 12000,
  "start_gate": {
   "ok": true,
   "last_MiB": 2052,
   "waited_s": 0.0,
   "reason": "합계 2052 ≤ 12000"
  },
  "watchdog": "on (합계 > 45500 MiB 면 이 프로세스만 종료 3)"
 },
 "peak_mem": {
  "max_reserved_MiB": 5106,
  "max_allocated_MiB": 3305
 },
 "calculator_pbc": [
  true,
  true,
  true
 ],
 "calculator_pbc_why": "UMA 는 균일 pbc 만 받는다 · z 영상 간격 ≥ 8 Å > UMA 컷오프 6 Å · QE 와 같은 3축 관례",
 "steps_taken": 124,
 "converged_fmax": true,
 "fmax_free_final_eV_A": 0.02,
 "wall_s": 98.9,
 "relaxed_sha256": "02e8f067da68f8122a4d6b92551a2c656fd3fdfc22db16d512088096434801b6",
 "disp_max_A": 0.353,
 "disp_rms_A": 0.188,
 "interface_check_flags": [],
 "energies_raw_log_only": {
  "E_init_eV": -4413.710110768374,
  "E_final_eV": -4416.326011343625,
  "⛔": "원출력 기록용 — 결과표·W·후보 선택·게이트 조정에 쓰지 않는다 (카드 v5 S3 전 예외 규칙)"
 }
}
계산기: {"calc": "uma", "device": "cuda", "vram_cap": {"cap_MiB": 16000.0, "device_total_MiB": 48539, "fraction": 0.3296, "⚠": "CUDA 컨텍스트(수백 MiB)는 이 상한 밖이다"}, "fairchem.core": "2.19.0", "torch": "2.8.0+cu128", "cuda": "12.8", "model": "uma-s-1p1", "task": "omat", "inference_settings": "default", "checkpoint": [{"path": "/root/.cache/fairchem/models--facebook--UMA/snapshots/be2896459a03fcde05e20d2fcefd11f450601fce/checkpoints/uma-s-1p1.pt", "sha256": "07068e9c76702ca173d13155095f2117c1b327ec228557e64cd2709c777b824a", "MB": 1119}], "d3": {"impl": "simple-dftd3 (python)", "version": "1.6.0", "method": "P
