  대기 — GPU 합계 43437 > 12000 MiB
  대기 — GPU 합계 43437 > 12000 MiB
WARNING:root:If 'dataset_list' is provided in the config, the code assumes that each dataset maps to itself. Please use 'dataset_mapping' as 'dataset_list' is deprecated and will be removed in the future.
{
 "model_dir": "/data/work/runs/wad_se_pairs_uma_2026_10_01/models/P2_s_outer/A",
 "model": "P2",
 "registry": "A",
 "term": "s_outer",
 "init_sha256": "0e02e89e440bd87b858241f2b5085241ec561cd8c39f30979de3229a998eb938",
 "n_atoms": 666,
 "fixed_n": 162,
 "lateral_n": 0,
 "preflight": {
  "flags": [],
  "mask_matches_policy": true
 },
 "ase": "3.28.0",
 "fmax_target_eV_A": 0.02,
 "max_steps": 3000,
 "optimizer": "fire",
 "cell_fixed": true,
 "gpu_guard": {
  "vram_cap_MiB": 16000.0,
  "gpu_kill_total_MiB": 45500,
  "gpu_start_max_MiB": 12000,
  "start_gate": {
   "ok": true,
   "last_MiB": 2052,
   "waited_s": 60.1,
   "reason": "합계 2052 ≤ 12000"
  },
  "watchdog": "on (합계 > 45500 MiB 면 이 프로세스만 종료 3)"
 },
 "mem_probe": {
  "peak": {
   "max_reserved_MiB": 4300,
   "max_allocated_MiB": 3380
  },
  "gpu_total_after_MiB": 6719,
  "n_atoms": 666,
  "wall_s": 1.7,
  "⛔": "힘 한 번 — 이완·에너지 기록 없음 (메모리만 잰다)"
 }
}
계산기: {"calc": "uma", "device": "cuda", "vram_cap": {"cap_MiB": 16000.0, "device_total_MiB": 48539, "fraction": 0.3296, "⚠": "CUDA 컨텍스트(수백 MiB)는 이 상한 밖이다"}, "fairchem.core": "2.19.0", "torch": "2.8.0+cu128", "cuda": "12.8", "model": "uma-s-1p1", "task": "omat", "inference_settings": "default", "checkpoint": [{"path": "/root/.cache/fairchem/models--facebook--UMA/snapshots/be2896459a03fcde05e20d2fcefd11f450601fce/checkpoints/uma-s-1p1.pt", "sha256": "07068e9c76702ca173d13155095f2117c1b327ec228557e64cd2709c777b824a", "MB": 1119}], "d3": {"impl": "simple-dftd3 (python)", "version": "1.6.0", "method": "P
