      Step     Time          Energy          fmax
FIRE:    0 22:30:46     -504.244246        0.665113
FIRE:    1 22:30:46     -504.256240        0.565286
FIRE:    2 22:30:47     -504.272823        0.407511
FIRE:    3 22:30:47     -504.287538        0.315944
FIRE:    4 22:30:47     -504.298118        0.324800
FIRE:    5 22:30:47     -504.306339        0.220204
FIRE:    6 22:30:48     -504.315252        0.231523
FIRE:    7 22:30:48     -504.326014        0.223965
FIRE:    8 22:30:48     -504.339794        0.203745
FIRE:    9 22:30:48     -504.352889        0.137437
FIRE:   10 22:30:49     -504.361549        0.176199
FIRE:   11 22:30:49     -504.372532        0.170765
FIRE:   12 22:30:49     -504.388648        0.126665
FIRE:   13 22:30:49     -504.402718        0.235736
FIRE:   14 22:30:49     -504.410198        0.579485
FIRE:   15 22:30:50     -504.417602        0.148310
FIRE:   16 22:30:50     -504.417295        0.517745
FIRE:   17 22:30:50     -504.419239        0.392202
FIRE:   18 22:30:50     -504.421528        0.176762
FIRE:   19 22:30:51     -504.422527        0.122807
FIRE:   20 22:30:51     -504.422440        0.273550
FIRE:   21 22:30:51     -504.422637        0.255912
FIRE:   22 22:30:51     -504.422990        0.221763
FIRE:   23 22:30:52     -504.423439        0.173533
FIRE:   24 22:30:52     -504.423892        0.114875
FIRE:   25 22:30:52     -504.424308        0.090691
FIRE:   26 22:30:52     -504.424634        0.087926
FIRE:   27 22:30:52     -504.424900        0.090725
FIRE:   28 22:30:53     -504.425186        0.122578
FIRE:   29 22:30:53     -504.425572        0.149936
FIRE:   30 22:30:53     -504.426147        0.151875
FIRE:   31 22:30:53     -504.426937        0.123358
FIRE:   32 22:30:54     -504.427881        0.071276
FIRE:   33 22:30:54     -504.428848        0.069750
FIRE:   34 22:30:54     -504.429838        0.085109
FIRE:   35 22:30:54     -504.431064        0.102143
FIRE:   36 22:30:55     -504.432655        0.076200
FIRE:   37 22:30:55     -504.434445        0.066218
FIRE:   38 22:30:55     -504.436415        0.093856
FIRE:   39 22:30:55     -504.438873        0.063784
FIRE:   40 22:30:55     -504.441658        0.072463
FIRE:   41 22:30:56     -504.444859        0.064319
FIRE:   42 22:30:56     -504.448557        0.074160
FIRE:   43 22:30:56     -504.452844        0.056092
FIRE:   44 22:30:56     -504.457740        0.095483
FIRE:   45 22:30:57     -504.463462        0.103378
FIRE:   46 22:30:57     -504.470036        0.084652
FIRE:   47 22:30:57     -504.477482        0.130010
FIRE:   48 22:30:57     -504.484998        0.305898
FIRE:   49 22:30:58     -504.484124        0.877862
FIRE:   50 22:30:58     -504.496086        0.093940
FIRE:   51 22:30:58     -504.496220        0.069683
FIRE:   52 22:30:58     -504.496416        0.036415
FIRE:   53 22:30:59     -504.496605        0.036407
FIRE:   54 22:30:59     -504.496792        0.064690
FIRE:   55 22:30:59     -504.497073        0.072202
FIRE:   56 22:30:59     -504.497459        0.053325
FIRE:   57 22:30:59     -504.497900        0.036357
FIRE:   58 22:31:00     -504.498387        0.036321
FIRE:   59 22:31:00     -504.498985        0.054553
FIRE:   60 22:31:00     -504.499780        0.038628
FIRE:   61 22:31:00     -504.500751        0.036064
FIRE:   62 22:31:01     -504.501879        0.053421
FIRE:   63 22:31:01     -504.503325        0.035637
FIRE:   64 22:31:01     -504.505000        0.047723
FIRE:   65 22:31:01     -504.507095        0.034816
FIRE:   66 22:31:02     -504.509540        0.055072
FIRE:   67 22:31:02     -504.512474        0.054039
FIRE:   68 22:31:02     -504.515963        0.040336
FIRE:   69 22:31:02     -504.520031        0.060561
FIRE:   70 22:31:02     -504.524536        0.136816
FIRE:   71 22:31:03     -504.527294        0.412428
FIRE:   72 22:31:03     -504.530358        0.028525
FIRE:   73 22:31:03     -504.528309        0.365710
FIRE:   74 22:31:03     -504.529406        0.273099
FIRE:   75 22:31:04     -504.530574        0.112291
FIRE:   76 22:31:04     -504.530799        0.078961
FIRE:   77 22:31:04     -504.530827        0.074421
FIRE:   78 22:31:04     -504.530872        0.065798
FIRE:   79 22:31:05     -504.530917        0.053722
FIRE:   80 22:31:05     -504.530973        0.039439
FIRE:   81 22:31:05     -504.531027        0.028420
FIRE:   82 22:31:05     -504.531093        0.028414
FIRE:   83 22:31:05     -504.531143        0.028401
FIRE:   84 22:31:06     -504.531210        0.034868
FIRE:   85 22:31:06     -504.531296        0.040762
FIRE:   86 22:31:06     -504.531415        0.041731
FIRE:   87 22:31:06     -504.531572        0.036096
FIRE:   88 22:31:07     -504.531766        0.028299
FIRE:   89 22:31:07     -504.531997        0.028262
FIRE:   90 22:31:07     -504.532260        0.031585
FIRE:   91 22:31:07     -504.532591        0.037409
FIRE:   92 22:31:08     -504.533010        0.028705
FIRE:   93 22:31:08     -504.533520        0.027987
FIRE:   94 22:31:08     -504.534119        0.031079
FIRE:   95 22:31:08     -504.534870        0.028055
FIRE:   96 22:31:09     -504.535762        0.029271
FIRE:   97 22:31:09     -504.536839        0.030318
FIRE:   98 22:31:09     -504.538155        0.028934
FIRE:   99 22:31:09     -504.539708        0.028763
FIRE:  100 22:31:09     -504.541573        0.033230
FIRE:  101 22:31:10     -504.543792        0.028614
FIRE:  102 22:31:10     -504.546421        0.028827
FIRE:  103 22:31:10     -504.549516        0.027964
FIRE:  104 22:31:10     -504.553099        0.052356
FIRE:  105 22:31:11     -504.556363        0.233572
FIRE:  106 22:31:11     -504.549285        0.832287
FIRE:  107 22:31:11     -504.560956        0.221639
FIRE:  108 22:31:11     -504.561460        0.153513
FIRE:  109 22:31:12     -504.561913        0.039116
FIRE:  110 22:31:12     -504.561874        0.091337
FIRE:  111 22:31:12     -504.561902        0.084597
FIRE:  112 22:31:12     -504.561950        0.071808
FIRE:  113 22:31:12     -504.562017        0.054199
FIRE:  114 22:31:13     -504.562071        0.033808
FIRE:  115 22:31:13     -504.562112        0.026857
FIRE:  116 22:31:13     -504.562148        0.026285
FIRE:  117 22:31:13     -504.562175        0.040509
FIRE:  118 22:31:14     -504.562222        0.051515
FIRE:  119 22:31:14     -504.562291        0.054358
FIRE:  120 22:31:14     -504.562391        0.047024
FIRE:  121 22:31:14     -504.562520        0.029106
FIRE:  122 22:31:15     -504.562659        0.027034
FIRE:  123 22:31:15     -504.562807        0.034757
FIRE:  124 22:31:15     -504.562998        0.044667
FIRE:  125 22:31:15     -504.563252        0.034682
FIRE:  126 22:31:15     -504.563562        0.026816
FIRE:  127 22:31:16     -504.563907        0.036193
FIRE:  128 22:31:16     -504.564359        0.031750
FIRE:  129 22:31:16     -504.564895        0.027688
FIRE:  130 22:31:16     -504.565527        0.037480
FIRE:  131 22:31:17     -504.566320        0.026560
FIRE:  132 22:31:17     -504.567249        0.033334
FIRE:  133 22:31:17     -504.568371        0.035353
FIRE:  134 22:31:17     -504.569730        0.026532
FIRE:  135 22:31:18     -504.571333        0.026792
FIRE:  136 22:31:18     -504.573225        0.041294
FIRE:  137 22:31:18     -504.575200        0.128212
FIRE:  138 22:31:18     -504.575291        0.372525
FIRE:  139 22:31:19     -504.578019        0.036433
FIRE:  140 22:31:19     -504.578044        0.028261
FIRE:  141 22:31:19     -504.578087        0.026746
FIRE:  142 22:31:19     -504.578126        0.027335
FIRE:  143 22:31:19     -504.578180        0.027922
FIRE:  144 22:31:20     -504.578258        0.030631
FIRE:  145 22:31:20     -504.578345        0.027786
FIRE:  146 22:31:20     -504.578450        0.027199
FIRE:  147 22:31:20     -504.578580        0.026703
FIRE:  148 22:31:21     -504.578739        0.026538
FIRE:  149 22:31:21     -504.578944        0.026700
FIRE:  150 22:31:21     -504.579207        0.027349
FIRE:  151 22:31:21     -504.579515        0.027859
FIRE:  152 22:31:22     -504.579904        0.027165
FIRE:  153 22:31:22     -504.580379        0.026501
FIRE:  154 22:31:22     -504.580974        0.026906
FIRE:  155 22:31:22     -504.581678        0.027710
FIRE:  156 22:31:22     -504.582545        0.026342
FIRE:  157 22:31:23     -504.583590        0.027412
FIRE:  158 22:31:23     -504.584834        0.026268
FIRE:  159 22:31:23     -504.586291        0.051354
FIRE:  160 22:31:23     -504.587580        0.162945
FIRE:  161 22:31:24     -504.585003        0.501523
FIRE:  162 22:31:24     -504.589878        0.099921
FIRE:  163 22:31:24     -504.589978        0.072305
FIRE:  164 22:31:24     -504.590088        0.026224
FIRE:  165 22:31:25     -504.590113        0.039115
FIRE:  166 22:31:25     -504.590129        0.037007
FIRE:  167 22:31:25     -504.590132        0.033036
FIRE:  168 22:31:25     -504.590147        0.027732
FIRE:  169 22:31:26     -504.590163        0.027103
FIRE:  170 22:31:26     -504.590182        0.026703
FIRE:  171 22:31:26     -504.590198        0.026405
FIRE:  172 22:31:26     -504.590228        0.026212
FIRE:  173 22:31:26     -504.590247        0.026105
FIRE:  174 22:31:27     -504.590281        0.026076
FIRE:  175 22:31:27     -504.590324        0.026118
FIRE:  176 22:31:27     -504.590390        0.026285
FIRE:  177 22:31:27     -504.590453        0.026627
FIRE:  178 22:31:28     -504.590540        0.027086
FIRE:  179 22:31:28     -504.590641        0.027386
FIRE:  180 22:31:28     -504.590769        0.027231
FIRE:  181 22:31:28     -504.590931        0.026729
FIRE:  182 22:31:29     -504.591126        0.026334
FIRE:  183 22:31:29     -504.591350        0.026347
FIRE:  184 22:31:29     -504.591644        0.026877
FIRE:  185 22:31:29     -504.591988        0.027315
FIRE:  186 22:31:29     -504.592414        0.026651
FIRE:  187 22:31:30     -504.592923        0.026288
FIRE:  188 22:31:30     -504.593550        0.027143
FIRE:  189 22:31:30     -504.594298        0.026660
FIRE:  190 22:31:30     -504.595209        0.026429
FIRE:  191 22:31:31     -504.596283        0.031320
FIRE:  192 22:31:31     -504.597478        0.076221
FIRE:  193 22:31:31     -504.598176        0.210845
FIRE:  194 22:31:31     -504.599089        0.026638
FIRE:  195 22:31:32     -504.598467        0.192566
FIRE:  196 22:31:32     -504.598790        0.145682
FIRE:  197 22:31:32     -504.599135        0.063636
FIRE:  198 22:31:32     -504.599206        0.045497
FIRE:  199 22:31:33     -504.599221        0.043283
FIRE:  200 22:31:33     -504.599226        0.039008
FIRE:  201 22:31:33     -504.599234        0.033113
FIRE:  202 22:31:33     -504.599259        0.027665
FIRE:  203 22:31:33     -504.599269        0.027141
FIRE:  204 22:31:34     -504.599284        0.026721
FIRE:  205 22:31:34     -504.599292        0.026436
FIRE:  206 22:31:34     -504.599314        0.026256
FIRE:  207 22:31:34     -504.599339        0.027131
FIRE:  208 22:31:35     -504.599373        0.027370
FIRE:  209 22:31:35     -504.599415        0.026242
FIRE:  210 22:31:35     -504.599471        0.026473
FIRE:  211 22:31:35     -504.599534        0.026919
FIRE:  212 22:31:36     -504.599609        0.027447
FIRE:  213 22:31:36     -504.599697        0.027678
FIRE:  214 22:31:36     -504.599810        0.027335
FIRE:  215 22:31:36     -504.599951        0.026692
FIRE:  216 22:31:37     -504.600118        0.026341
FIRE:  217 22:31:37     -504.600324        0.026455
FIRE:  218 22:31:37     -504.600575        0.027160
FIRE:  219 22:31:37     -504.600880        0.027469
FIRE:  220 22:31:38     -504.601252        0.026580
FIRE:  221 22:31:38     -504.601695        0.026411
FIRE:  222 22:31:38     -504.602243        0.027514
FIRE:  223 22:31:38     -504.602908        0.026501
FIRE:  224 22:31:39     -504.603707        0.026887
FIRE:  225 22:31:39     -504.604662        0.026889
FIRE:  226 22:31:39     -504.605825        0.026513
FIRE:  227 22:31:39     -504.607137        0.067191
FIRE:  228 22:31:39     -504.607306        0.285355
FIRE:  229 22:31:40     -504.608743        0.078376
FIRE:  230 22:31:40     -504.608810        0.056071
FIRE:  231 22:31:40     -504.608878        0.027245
FIRE:  232 22:31:40     -504.608895        0.034167
FIRE:  233 22:31:41     -504.608902        0.031908
FIRE:  234 22:31:41     -504.608914        0.028961
FIRE:  235 22:31:41     -504.608921        0.026481
FIRE:  236 22:31:41     -504.608931        0.026626
FIRE:  237 22:31:42     -504.608949        0.026828
FIRE:  238 22:31:42     -504.608964        0.027053
FIRE:  239 22:31:42     -504.608982        0.027267
FIRE:  240 22:31:42     -504.609007        0.027420
FIRE:  241 22:31:43     -504.609024        0.027473
FIRE:  242 22:31:43     -504.609068        0.027366
FIRE:  243 22:31:43     -504.609113        0.027138
FIRE:  244 22:31:43     -504.609174        0.026868
FIRE:  245 22:31:43     -504.609228        0.026669
FIRE:  246 22:31:44     -504.609312        0.026613
FIRE:  247 22:31:44     -504.609416        0.026738
FIRE:  248 22:31:44     -504.609535        0.027069
FIRE:  249 22:31:44     -504.609687        0.027373
FIRE:  250 22:31:45     -504.609871        0.027227
FIRE:  251 22:31:45     -504.610098        0.026811
FIRE:  252 22:31:45     -504.610377        0.026743
FIRE:  253 22:31:45     -504.610717        0.027207
FIRE:  254 22:31:46     -504.611130        0.027218
FIRE:  255 22:31:46     -504.611628        0.026698
FIRE:  256 22:31:46     -504.612240        0.027418
FIRE:  257 22:31:46     -504.612971        0.026765
FIRE:  258 22:31:46     -504.613853        0.033198
FIRE:  259 22:31:47     -504.614806        0.082990
FIRE:  260 22:31:47     -504.615036        0.240080
FIRE:  261 22:31:47     -504.616175        0.027008
FIRE:  262 22:31:47     -504.616191        0.026863
FIRE:  263 22:31:48     -504.616208        0.027074
FIRE:  264 22:31:48     -504.616232        0.027381
FIRE:  265 22:31:48     -504.616262        0.027651
FIRE:  266 22:31:48     -504.616301        0.027752
FIRE:  267 22:31:49     -504.616354        0.027615
FIRE:  268 22:31:49     -504.616403        0.027350
FIRE:  269 22:31:49     -504.616469        0.027097
FIRE:  270 22:31:49     -504.616562        0.026998
FIRE:  271 22:31:50     -504.616675        0.027121
FIRE:  272 22:31:50     -504.616812        0.027477
FIRE:  273 22:31:50     -504.616983        0.027729
FIRE:  274 22:31:50     -504.617201        0.027414
FIRE:  275 22:31:50     -504.617462        0.027087
FIRE:  276 22:31:51     -504.617789        0.027363
FIRE:  277 22:31:51     -504.618191        0.027754
FIRE:  278 22:31:51     -504.618681        0.027082
FIRE:  279 22:31:51     -504.619283        0.027775
FIRE:  280 22:31:52     -504.620026        0.027130
FIRE:  281 22:31:52     -504.620905        0.040581
FIRE:  282 22:31:52     -504.621752        0.118570
FIRE:  283 22:31:52     -504.620606        0.369568
FIRE:  284 22:31:53     -504.623185        0.070744
FIRE:  285 22:31:53     -504.623235        0.051676
FIRE:  286 22:31:53     -504.623293        0.027327
FIRE:  287 22:31:53     -504.623315        0.031207
FIRE:  288 22:31:53     -504.623317        0.029869
FIRE:  289 22:31:54     -504.623319        0.028446
FIRE:  290 22:31:54     -504.623329        0.028249
FIRE:  291 22:31:54     -504.623340        0.028013
FIRE:  292 22:31:54     -504.623351        0.027792
FIRE:  293 22:31:55     -504.623370        0.027621
FIRE:  294 22:31:55     -504.623383        0.027490
FIRE:  295 22:31:55     -504.623400        0.027414
FIRE:  296 22:31:55     -504.623426        0.027387
FIRE:  297 22:31:56     -504.623452        0.027428
FIRE:  298 22:31:56     -504.623494        0.027555
FIRE:  299 22:31:56     -504.623542        0.027766
FIRE:  300 22:31:56     -504.623601        0.028023
FIRE:  301 22:31:56     -504.623674        0.028198
FIRE:  302 22:31:57     -504.623763        0.028114
FIRE:  303 22:31:57     -504.623872        0.027844
FIRE:  304 22:31:57     -504.624004        0.027614
FIRE:  305 22:31:57     -504.624177        0.027633
FIRE:  306 22:31:58     -504.624383        0.027969
FIRE:  307 22:31:58     -504.624625        0.028216
FIRE:  308 22:31:58     -504.624936        0.027845
FIRE:  309 22:31:58     -504.625301        0.027664
FIRE:  310 22:31:59     -504.625761        0.028188
FIRE:  311 22:31:59     -504.626313        0.027937
FIRE:  312 22:31:59     -504.626991        0.027856
FIRE:  313 22:31:59     -504.627810        0.028766
FIRE:  314 22:32:00     -504.628765        0.054220
FIRE:  315 22:32:00     -504.629513        0.160147
FIRE:  316 22:32:00     -504.630009        0.028178
FIRE:  317 22:32:00     -504.629699        0.146749
FIRE:  318 22:32:00     -504.629877        0.111120
FIRE:  319 22:32:01     -504.630072        0.049179
FIRE:  320 22:32:01     -504.630120        0.037625
FIRE:  321 22:32:01     -504.630119        0.036083
FIRE:  322 22:32:01     -504.630127        0.033074
FIRE:  323 22:32:02     -504.630136        0.029108
FIRE:  324 22:32:02     -504.630151        0.028797
FIRE:  325 22:32:02     -504.630159        0.028493
FIRE:  326 22:32:02     -504.630169        0.028228
FIRE:  327 22:32:03     -504.630186        0.028043
FIRE:  328 22:32:03     -504.630198        0.027903
FIRE:  329 22:32:03     -504.630224        0.027827
FIRE:  330 22:32:03     -504.630251        0.027819
FIRE:  331 22:32:04     -504.630283        0.027901
FIRE:  332 22:32:04     -504.630329        0.028080
FIRE:  333 22:32:04     -504.630372        0.028390
FIRE:  334 22:32:04     -504.630443        0.028708
FIRE:  335 22:32:04     -504.630516        0.028834
FIRE:  336 22:32:05     -504.630618        0.028632
FIRE:  337 22:32:05     -504.630735        0.028242
FIRE:  338 22:32:05     -504.630877        0.028015
FIRE:  339 22:32:05     -504.631052        0.028132
FIRE:  340 22:32:06     -504.631271        0.028593
FIRE:  341 22:32:06     -504.631533        0.028764
FIRE:  342 22:32:06     -504.631854        0.028224
FIRE:  343 22:32:06     -504.632255        0.028165
FIRE:  344 22:32:07     -504.632727        0.028881
FIRE:  345 22:32:07     -504.633312        0.028197
FIRE:  346 22:32:07     -504.634021        0.028652
FIRE:  347 22:32:07     -504.634889        0.028345
FIRE:  348 22:32:07     -504.635951        0.029229
FIRE:  349 22:32:08     -504.637167        0.061990
FIRE:  350 22:32:08     -504.637467        0.259277
FIRE:  351 22:32:08     -504.638678        0.073563
FIRE:  352 22:32:08     -504.638735        0.052589
FIRE:  353 22:32:09     -504.638797        0.028238
FIRE:  354 22:32:09     -504.638820        0.036507
FIRE:  355 22:32:09     -504.638819        0.034718
FIRE:  356 22:32:09     -504.638828        0.031355
FIRE:  357 22:32:10     -504.638841        0.029417
FIRE:  358 22:32:10     -504.638852        0.029050
FIRE:  359 22:32:10     -504.638864        0.028705
FIRE:  360 22:32:10     -504.638886        0.028444
FIRE:  361 22:32:10     -504.638897        0.028274
FIRE:  362 22:32:11     -504.638919        0.028182
FIRE:  363 22:32:11     -504.638938        0.028161
FIRE:  364 22:32:11     -504.638976        0.028236
FIRE:  365 22:32:11     -504.639021        0.028452
FIRE:  366 22:32:12     -504.639077        0.028798
FIRE:  367 22:32:12     -504.639141        0.029181
FIRE:  368 22:32:12     -504.639220        0.029344
FIRE:  369 22:32:12     -504.639321        0.029101
FIRE:  370 22:32:13     -504.639445        0.028648
FIRE:  371 22:32:13     -504.639591        0.028383
FIRE:  372 22:32:13     -504.639776        0.028544
FIRE:  373 22:32:13     -504.640001        0.029109
FIRE:  374 22:32:14     -504.640280        0.029209
FIRE:  375 22:32:14     -504.640614        0.028539
FIRE:  376 22:32:14     -504.641027        0.028553
FIRE:  377 22:32:14     -504.641528        0.029386
FIRE:  378 22:32:14     -504.642139        0.028418
FIRE:  379 22:32:15     -504.642880        0.029447
FIRE:  380 22:32:15     -504.643777        0.031915
FIRE:  381 22:32:15     -504.644750        0.083537
FIRE:  382 22:32:15     -504.645010        0.240606
FIRE:  383 22:32:16     -504.646154        0.029987
FIRE:  384 22:32:16     -504.646168        0.029653
FIRE:  385 22:32:16     -504.646181        0.029163
FIRE:  386 22:32:16     -504.646218        0.028732
FIRE:  387 22:32:17     -504.646236        0.028485
FIRE:  388 22:32:17     -504.646280        0.028426
FIRE:  389 22:32:17     -504.646332        0.028533
FIRE:  390 22:32:17     -504.646389        0.028825
FIRE:  391 22:32:17     -504.646467        0.029249
FIRE:  392 22:32:18     -504.646561        0.029551
FIRE:  393 22:32:18     -504.646670        0.029379
FIRE:  394 22:32:18     -504.646816        0.028879
FIRE:  395 22:32:18     -504.646995        0.028640
FIRE:  396 22:32:19     -504.647219        0.028923
FIRE:  397 22:32:19     -504.647496        0.029485
FIRE:  398 22:32:19     -504.647838        0.029056
FIRE:  399 22:32:19     -504.648260        0.028618
FIRE:  400 22:32:20     -504.648778        0.029453
FIRE:  401 22:32:20     -504.649411        0.028664
FIRE:  402 22:32:20     -504.650187        0.029590
FIRE:  403 22:32:20     -504.651117        0.040320
FIRE:  404 22:32:20     -504.651994        0.121490
FIRE:  405 22:32:21     -504.650752        0.375381
FIRE:  406 22:32:21     -504.653511        0.071238
FIRE:  407 22:32:21     -504.653563        0.053440
FIRE:  408 22:32:21     -504.653626        0.029679
FIRE:  409 22:32:22     -504.653647        0.030120
FIRE:  410 22:32:22     -504.653654        0.049795
FIRE:  411 22:32:22     -504.653695        0.053318
FIRE:  412 22:32:22     -504.653772        0.039382
FIRE:  413 22:32:23     -504.653851        0.028668
FIRE:  414 22:32:23     -504.653924        0.034130
FIRE:  415 22:32:23     -504.654000        0.046285
FIRE:  416 22:32:23     -504.654134        0.034438
FIRE:  417 22:32:24     -504.654291        0.028602
FIRE:  418 22:32:24     -504.654457        0.039665
FIRE:  419 22:32:24     -504.654703        0.028616
FIRE:  420 22:32:24     -504.654964        0.041008
FIRE:  421 22:32:24     -504.655323        0.029605
FIRE:  422 22:32:25     -504.655719        0.044950
FIRE:  423 22:32:25     -504.656251        0.031980
FIRE:  424 22:32:25     -504.656884        0.029110
FIRE:  425 22:32:25     -504.657632        0.034951
FIRE:  426 22:32:26     -504.658437        0.095063
FIRE:  427 22:32:26     -504.658445        0.254527
FIRE:  428 22:32:26     -504.659707        0.029668
FIRE:  429 22:32:26     -504.659715        0.029426
FIRE:  430 22:32:27     -504.659739        0.029064
FIRE:  431 22:32:27     -504.659760        0.028733
FIRE:  432 22:32:27     -504.659789        0.028525
FIRE:  433 22:32:27     -504.659830        0.028473
FIRE:  434 22:32:27     -504.659877        0.028555
FIRE:  435 22:32:28     -504.659937        0.028776
FIRE:  436 22:32:28     -504.660012        0.029094
FIRE:  437 22:32:28     -504.660097        0.029311
FIRE:  438 22:32:28     -504.660210        0.029199
FIRE:  439 22:32:29     -504.660357        0.028830
FIRE:  440 22:32:29     -504.660535        0.028614
FIRE:  441 22:32:29     -504.660756        0.028829
FIRE:  442 22:32:29     -504.661028        0.029265
FIRE:  443 22:32:30     -504.661357        0.028965
FIRE:  444 22:32:30     -504.661772        0.028589
FIRE:  445 22:32:30     -504.662281        0.029204
FIRE:  446 22:32:30     -504.662907        0.028629
FIRE:  447 22:32:30     -504.663666        0.029126
FIRE:  448 22:32:31     -504.664599        0.028381
FIRE:  449 22:32:31     -504.665630        0.078418
FIRE:  450 22:32:31     -504.665691        0.268712
FIRE:  451 22:32:31     -504.667050        0.049085
FIRE:  452 22:32:32     -504.667078        0.038511
FIRE:  453 22:32:32     -504.667104        0.029284
FIRE:  454 22:32:32     -504.667129        0.028387
FIRE:  455 22:32:32     -504.667156        0.033681
FIRE:  456 22:32:33     -504.667201        0.036148
FIRE:  457 22:32:33     -504.667258        0.029798
FIRE:  458 22:32:33     -504.667329        0.028717
FIRE:  459 22:32:33     -504.667398        0.029717
FIRE:  460 22:32:33     -504.667492        0.033883
FIRE:  461 22:32:34     -504.667615        0.029678
FIRE:  462 22:32:34     -504.667772        0.028562
FIRE:  463 22:32:34     -504.667955        0.030040
FIRE:  464 22:32:34     -504.668191        0.028855
FIRE:  465 22:32:35     -504.668470        0.031556
FIRE:  466 22:32:35     -504.668825        0.028968
FIRE:  467 22:32:35     -504.669257        0.029640
FIRE:  468 22:32:35     -504.669777        0.033414
FIRE:  469 22:32:36     -504.670428        0.028614
FIRE:  470 22:32:36     -504.671205        0.035348
FIRE:  471 22:32:36     -504.672088        0.070828
FIRE:  472 22:32:36     -504.672576        0.195418
FIRE:  473 22:32:37     -504.673321        0.028665
FIRE:  474 22:32:37     -504.673332        0.028749
FIRE:  475 22:32:37     -504.673346        0.028902
FIRE:  476 22:32:37     -504.673370        0.029099
FIRE:  477 22:32:37     -504.673401        0.029271
FIRE:  478 22:32:38     -504.673440        0.029344
FIRE:  479 22:32:38     -504.673491        0.029277
FIRE:  480 22:32:38     -504.673547        0.029115
FIRE:  481 22:32:38     -504.673615        0.028947
FIRE:  482 22:32:39     -504.673709        0.028868
FIRE:  483 22:32:39     -504.673820        0.028958
FIRE:  484 22:32:39     -504.673965        0.029177
FIRE:  485 22:32:39     -504.674141        0.029353
FIRE:  486 22:32:40     -504.674362        0.029194
FIRE:  487 22:32:40     -504.674636        0.028975
FIRE:  488 22:32:40     -504.674975        0.029104
FIRE:  489 22:32:40     -504.675389        0.029388
FIRE:  490 22:32:41     -504.675902        0.028980
FIRE:  491 22:32:41     -504.676530        0.029298
FIRE:  492 22:32:41     -504.677302        0.029078
FIRE:  493 22:32:41     -504.678261        0.029498
FIRE:  494 22:32:42     -504.679405        0.030382
FIRE:  495 22:32:42     -504.680623        0.105028
FIRE:  496 22:32:42     -504.678522        0.436733
FIRE:  497 22:32:42     -504.681960        0.166316
FIRE:  498 22:32:43     -504.682273        0.111610
FIRE:  499 22:32:43     -504.682520        0.030165
FIRE:  500 22:32:43     -504.682444        0.083779
FIRE:  501 22:32:43     -504.682458        0.077249
FIRE:  502 22:32:43     -504.682496        0.064699
FIRE:  503 22:32:44     -504.682544        0.047381
FIRE:  504 22:32:44     -504.682582        0.030035
FIRE:  505 22:32:44     -504.682606        0.029460
FIRE:  506 22:32:44     -504.682610        0.032817
FIRE:  507 22:32:45     -504.682620        0.044905
FIRE:  508 22:32:45     -504.682637        0.052238
FIRE:  509 22:32:45     -504.682667        0.052302
FIRE:  510 22:32:45     -504.682722        0.043894
FIRE:  511 22:32:46     -504.682795        0.030405
FIRE:  512 22:32:46     -504.682851        0.029138
FIRE:  513 22:32:46     -504.682911        0.035852
FIRE:  514 22:32:46     -504.682995        0.041401
FIRE:  515 22:32:46     -504.683117        0.030834
FIRE:  516 22:32:47     -504.683254        0.030017
FIRE:  517 22:32:47     -504.683403        0.039638
FIRE:  518 22:32:47     -504.683616        0.030781
FIRE:  519 22:32:47     -504.683851        0.029003
FIRE:  520 22:32:48     -504.684144        0.032905
FIRE:  521 22:32:48     -504.684507        0.030393
FIRE:  522 22:32:48     -504.684944        0.030716
FIRE:  523 22:32:48     -504.685464        0.038974
FIRE:  524 22:32:49     -504.686112        0.031817
FIRE:  525 22:32:49     -504.686900        0.029340
FIRE:  526 22:32:49     -504.687859        0.030686
FIRE:  527 22:32:49     -504.688945        0.072395
FIRE:  528 22:32:49     -504.689202        0.240710
FIRE:  529 22:32:50     -504.690411        0.050748
FIRE:  530 22:32:50     -504.690438        0.038272
FIRE:  531 22:32:50     -504.690476        0.029574
FIRE:  532 22:32:50     -504.690509        0.030701
FIRE:  533 22:32:51     -504.690533        0.039487
FIRE:  534 22:32:51     -504.690583        0.041535
FIRE:  535 22:32:51     -504.690647        0.032811
FIRE:  536 22:32:51     -504.690725        0.030102
FIRE:  537 22:32:52     -504.690802        0.029564
FIRE:  538 22:32:52     -504.690898        0.033233
FIRE:  539 22:32:52     -504.691048        0.029561
FIRE:  540 22:32:52     -504.691207        0.030776
FIRE:  541 22:32:53     -504.691410        0.033662
FIRE:  542 22:32:53     -504.691671        0.030133
FIRE:  543 22:32:53     -504.691967        0.031842
FIRE:  544 22:32:53     -504.692365        0.030255
FIRE:  545 22:32:53     -504.692829        0.032214
FIRE:  546 22:32:54     -504.693400        0.033515
FIRE:  547 22:32:54     -504.694111        0.033395
FIRE:  548 22:32:54     -504.694956        0.037645
FIRE:  549 22:32:54     -504.695891        0.082397
FIRE:  550 22:32:55     -504.696213        0.218967
FIRE:  551 22:32:55     -504.697262        0.031038
FIRE:  552 22:32:55     -504.697276        0.030839
FIRE:  553 22:32:55     -504.697297        0.030534
FIRE:  554 22:32:56     -504.697326        0.030258
FIRE:  555 22:32:56     -504.697357        0.030084
FIRE:  556 22:32:56     -504.697400        0.030038
FIRE:  557 22:32:56     -504.697454        0.030117
FIRE:  558 22:32:56     -504.697518        0.030316
FIRE:  559 22:32:57     -504.697594        0.030601
FIRE:  560 22:32:57     -504.697694        0.030804
FIRE:  561 22:32:57     -504.697828        0.030700
FIRE:  562 22:32:57     -504.697981        0.030397
FIRE:  563 22:32:58     -504.698180        0.030232
FIRE:  564 22:32:58     -504.698428        0.030432
FIRE:  565 22:32:58     -504.698729        0.030810
FIRE:  566 22:32:58     -504.699108        0.030572
FIRE:  567 22:32:59     -504.699566        0.030272
FIRE:  568 22:32:59     -504.700145        0.030837
FIRE:  569 22:32:59     -504.700838        0.030369
FIRE:  570 22:32:59     -504.701705        0.030869
FIRE:  571 22:32:59     -504.702745        0.030090
FIRE:  572 22:33:00     -504.703919        0.077618
FIRE:  573 22:33:00     -504.704071        0.260196
FIRE:  574 22:33:00     -504.705527        0.048162
FIRE:  575 22:33:00     -504.705549        0.038283
FIRE:  576 22:33:01     -504.705585        0.031050
FIRE:  577 22:33:01     -504.705610        0.030180
FIRE:  578 22:33:01     -504.705639        0.034041
FIRE:  579 22:33:01     -504.705695        0.035425
FIRE:  580 22:33:02     -504.705762        0.031116
FIRE:  581 22:33:02     -504.705836        0.030497
FIRE:  582 22:33:02     -504.705923        0.031471
FIRE:  583 22:33:02     -504.706021        0.033893
FIRE:  584 22:33:03     -504.706164        0.031406
FIRE:  585 22:33:03     -504.706338        0.030335
FIRE:  586 22:33:03     -504.706543        0.031449
FIRE:  587 22:33:03     -504.706814        0.030655
FIRE:  588 22:33:03     -504.707133        0.031899
FIRE:  589 22:33:04     -504.707540        0.030702
FIRE:  590 22:33:04     -504.708027        0.030746
FIRE:  591 22:33:04     -504.708631        0.034270
FIRE:  592 22:33:04     -504.709363        0.031251
FIRE:  593 22:33:05     -504.710256        0.039805
FIRE:  594 22:33:05     -504.711241        0.078507
FIRE:  595 22:33:05     -504.711705        0.211802
FIRE:  596 22:33:05     -504.712655        0.030555
FIRE:  597 22:33:06     -504.712664        0.030638
FIRE:  598 22:33:06     -504.712684        0.030784
FIRE:  599 22:33:06     -504.712711        0.030991
FIRE:  600 22:33:06     -504.712749        0.031172
FIRE:  601 22:33:06     -504.712796        0.031247
FIRE:  602 22:33:07     -504.712855        0.031176
FIRE:  603 22:33:07     -504.712917        0.031016
FIRE:  604 22:33:07     -504.712999        0.030853
FIRE:  605 22:33:07     -504.713102        0.030787
FIRE:  606 22:33:08     -504.713230        0.030867
FIRE:  607 22:33:08     -504.713399        0.031102
FIRE:  608 22:33:08     -504.713596        0.031307
FIRE:  609 22:33:08     -504.713847        0.031148
FIRE:  610 22:33:09     -504.714161        0.030913
FIRE:  611 22:33:09     -504.714546        0.031081
FIRE:  612 22:33:09     -504.715020        0.031382
FIRE:  613 22:33:09     -504.715611        0.030972
FIRE:  614 22:33:10     -504.716332        0.031337
FIRE:  615 22:33:10     -504.717225        0.031143
FIRE:  616 22:33:10     -504.718318        0.031572
FIRE:  617 22:33:10     -504.719641        0.032561
FIRE:  618 22:33:10     -504.721049        0.113970
FIRE:  619 22:33:11     -504.718606        0.457545
FIRE:  620 22:33:11     -504.722615        0.175960
FIRE:  621 22:33:11     -504.722965        0.118383
FIRE:  622 22:33:11     -504.723248        0.032359
FIRE:  623 22:33:12     -504.723162        0.087194
FIRE:  624 22:33:12     -504.723183        0.080284
FIRE:  625 22:33:12     -504.723227        0.067095
FIRE:  626 22:33:12     -504.723281        0.048960
FIRE:  627 22:33:13     -504.723320        0.032333
FIRE:  628 22:33:13     -504.723350        0.031676
FIRE:  629 22:33:13     -504.723356        0.034686
FIRE:  630 22:33:13     -504.723373        0.047609
FIRE:  631 22:33:13     -504.723389        0.055386
FIRE:  632 22:33:14     -504.723423        0.055518
FIRE:  633 22:33:14     -504.723486        0.046640
FIRE:  634 22:33:14     -504.723562        0.032586
FIRE:  635 22:33:14     -504.723635        0.031383
FIRE:  636 22:33:15     -504.723705        0.037173
FIRE:  637 22:33:15     -504.723802        0.042645
FIRE:  638 22:33:15     -504.723947        0.033026
FIRE:  639 22:33:15     -504.724107        0.032226
FIRE:  640 22:33:16     -504.724289        0.042066
FIRE:  641 22:33:16     -504.724527        0.032956
FIRE:  642 22:33:16     -504.724812        0.031417
FIRE:  643 22:33:16     -504.725155        0.035205
FIRE:  644 22:33:16     -504.725578        0.032632
FIRE:  645 22:33:17     -504.726089        0.032916
FIRE:  646 22:33:17     -504.726701        0.040451
FIRE:  647 22:33:17     -504.727476        0.034037
FIRE:  648 22:33:17     -504.728400        0.031660
FIRE:  649 22:33:18     -504.729520        0.033563
FIRE:  650 22:33:18     -504.730789        0.084898
FIRE:  651 22:33:18     -504.731005        0.278482
FIRE:  652 22:33:18     -504.732522        0.056444
FIRE:  653 22:33:19     -504.732559        0.042070
FIRE:  654 22:33:19     -504.732606        0.031993
FIRE:  655 22:33:19     -504.732644        0.032992
FIRE:  656 22:33:19     -504.732674        0.043611
FIRE:  657 22:33:20     -504.732723        0.045970
FIRE:  658 22:33:20     -504.732813        0.035807
FIRE:  659 22:33:20     -504.732900        0.032455
FIRE:  660 22:33:20     -504.732995        0.032223
FIRE:  661 22:33:20     -504.733105        0.036470
FIRE:  662 22:33:21     -504.733272        0.032005
FIRE:  663 22:33:21     -504.733465        0.033072
FIRE:  664 22:33:21     -504.733701        0.036841
FIRE:  665 22:33:21     -504.734008        0.032520
FIRE:  666 22:33:22     -504.734365        0.034888
FIRE:  667 22:33:22     -504.734827        0.032595
FIRE:  668 22:33:22     -504.735378        0.035612
FIRE:  669 22:33:22     -504.736068        0.036560
FIRE:  670 22:33:23     -504.736900        0.035363
FIRE:  671 22:33:23     -504.737903        0.038891
FIRE:  672 22:33:23     -504.739031        0.087931
FIRE:  673 22:33:23     -504.739502        0.242519
FIRE:  674 22:33:23     -504.740649        0.033396
FIRE:  675 22:33:24     -504.740660        0.033238
FIRE:  676 22:33:24     -504.740690        0.032988
FIRE:  677 22:33:24     -504.740719        0.032762
FIRE:  678 22:33:24     -504.740763        0.032634
FIRE:  679 22:33:25     -504.740809        0.032590
FIRE:  680 22:33:25     -504.740875        0.032668
FIRE:  681 22:33:25     -504.740950        0.032822
FIRE:  682 22:33:25     -504.741047        0.033054
FIRE:  683 22:33:26     -504.741165        0.033239
FIRE:  684 22:33:26     -504.741321        0.033168
FIRE:  685 22:33:26     -504.741509        0.032922
FIRE:  686 22:33:26     -504.741745        0.032805
FIRE:  687 22:33:27     -504.742036        0.032971
FIRE:  688 22:33:27     -504.742398        0.033291
FIRE:  689 22:33:27     -504.742844        0.033117
FIRE:  690 22:33:27     -504.743402        0.032893
FIRE:  691 22:33:27     -504.744077        0.033355
FIRE:  692 22:33:28     -504.744914        0.033001
FIRE:  693 22:33:28     -504.745947        0.033406
FIRE:  694 22:33:28     -504.747202        0.032860
FIRE:  695 22:33:28     -504.748635        0.081265
FIRE:  696 22:33:29     -504.748994        0.286933
FIRE:  697 22:33:29     -504.750550        0.052541
FIRE:  698 22:33:29     -504.750579        0.041360
FIRE:  699 22:33:29     -504.750620        0.033686
FIRE:  700 22:33:30     -504.750657        0.033079
FIRE:  701 22:33:30     -504.750695        0.038098
FIRE:  702 22:33:30     -504.750759        0.039821
FIRE:  703 22:33:30     -504.750835        0.034535
FIRE:  704 22:33:30     -504.750930        0.033315
FIRE:  705 22:33:31     -504.751031        0.034039
FIRE:  706 22:33:31     -504.751156        0.036301
FIRE:  707 22:33:31     -504.751333        0.034031
FIRE:  708 22:33:31     -504.751543        0.033258
FIRE:  709 22:33:32     -504.751787        0.034911
FIRE:  710 22:33:32     -504.752124        0.033527
FIRE:  711 22:33:32     -504.752501        0.034435
FIRE:  712 22:33:32     -504.753006        0.033596
FIRE:  713 22:33:33     -504.753598        0.034062
FIRE:  714 22:33:33     -504.754330        0.036672
FIRE:  715 22:33:33     -504.755228        0.035048
FIRE:  716 22:33:33     -504.756311        0.042934
FIRE:  717 22:33:34     -504.757519        0.087995
FIRE:  718 22:33:34     -504.758103        0.238438
FIRE:  719 22:33:34     -504.759254        0.033589
FIRE:  720 22:33:34     -504.759272        0.033639
FIRE:  721 22:33:34     -504.759290        0.033721
FIRE:  722 22:33:35     -504.759326        0.033841
FIRE:  723 22:33:35     -504.759368        0.033952
FIRE:  724 22:33:35     -504.759424        0.033995
FIRE:  725 22:33:35     -504.759494        0.033958
FIRE:  726 22:33:36     -504.759574        0.033877
FIRE:  727 22:33:36     -504.759671        0.033780
FIRE:  728 22:33:36     -504.759801        0.033744
FIRE:  729 22:33:36     -504.759954        0.033796
FIRE:  730 22:33:37     -504.760155        0.033945
FIRE:  731 22:33:37     -504.760403        0.034061
FIRE:  732 22:33:37     -504.760717        0.033973
FIRE:  733 22:33:37     -504.761097        0.033842
FIRE:  734 22:33:37     -504.761573        0.033946
FIRE:  735 22:33:38     -504.762149        0.034114
FIRE:  736 22:33:38     -504.762871        0.033891
FIRE:  737 22:33:38     -504.763752        0.034093
FIRE:  738 22:33:38     -504.764842        0.033995
FIRE:  739 22:33:39     -504.766171        0.034218
FIRE:  740 22:33:39     -504.767794        0.033841
FIRE:  741 22:33:39     -504.769584        0.107733
FIRE:  742 22:33:39     -504.767821        0.467539
FIRE:  743 22:33:40     -504.771555        0.177102
FIRE:  744 22:33:40     -504.771912        0.119267
FIRE:  745 22:33:40     -504.772192        0.034795
FIRE:  746 22:33:40     -504.772120        0.087769
FIRE:  747 22:33:40     -504.772140        0.080713
FIRE:  748 22:33:41     -504.772188        0.067271
FIRE:  749 22:33:41     -504.772236        0.048839
FIRE:  750 22:33:41     -504.772286        0.034070
FIRE:  751 22:33:41     -504.772308        0.034334
FIRE:  752 22:33:42     -504.772329        0.035034
FIRE:  753 22:33:42     -504.772341        0.046828
FIRE:  754 22:33:42     -504.772365        0.054529
FIRE:  755 22:33:42     -504.772410        0.054603
FIRE:  756 22:33:43     -504.772485        0.045713
FIRE:  757 22:33:43     -504.772567        0.034865
FIRE:  758 22:33:43     -504.772665        0.034135
FIRE:  759 22:33:43     -504.772745        0.039274
FIRE:  760 22:33:44     -504.772865        0.042524
FIRE:  761 22:33:44     -504.773035        0.034194
FIRE:  762 22:33:44     -504.773230        0.034716
FIRE:  763 22:33:44     -504.773445        0.041962
FIRE:  764 22:33:44     -504.773742        0.035047
FIRE:  765 22:33:45     -504.774083        0.034142
FIRE:  766 22:33:45     -504.774498        0.036355
FIRE:  767 22:33:45     -504.775008        0.035008
FIRE:  768 22:33:45     -504.775636        0.034958
FIRE:  769 22:33:46     -504.776372        0.042202
FIRE:  770 22:33:46     -504.777290        0.039093
FIRE:  771 22:33:46     -504.778402        0.034752
FIRE:  772 22:33:46     -504.779716        0.050173
FIRE:  773 22:33:47     -504.781035        0.132894
FIRE:  774 22:33:47     -504.780024        0.402728
FIRE:  775 22:33:47     -504.783175        0.073711
FIRE:  776 22:33:47     -504.783241        0.053841
FIRE:  777 22:33:47     -504.783304        0.034178
FIRE:  778 22:33:48     -504.783340        0.035029
FIRE:  779 22:33:48     -504.783363        0.053800
FIRE:  780 22:33:48     -504.783425        0.057491
FIRE:  781 22:33:48     -504.783526        0.043966
FIRE:  782 22:33:49     -504.783639        0.034485
FIRE:  783 22:33:49     -504.783742        0.035747
FIRE:  784 22:33:49     -504.783871        0.045460
FIRE:  785 22:33:49     -504.784064        0.035083
FIRE:  786 22:33:50     -504.784285        0.034795
FIRE:  787 22:33:50     -504.784539        0.044377
FIRE:  788 22:33:50     -504.784892        0.034427
FIRE:  789 22:33:50     -504.785284        0.040223
FIRE:  790 22:33:50     -504.785809        0.034055
FIRE:  791 22:33:51     -504.786403        0.047908
FIRE:  792 22:33:51     -504.787168        0.036935
FIRE:  793 22:33:51     -504.788094        0.034209
FIRE:  794 22:33:51     -504.789217        0.033959
FIRE:  795 22:33:52     -504.790582        0.035630
FIRE:  796 22:33:52     -504.791936        0.135526
FIRE:  797 22:33:52     -504.789473        0.486265
FIRE:  798 22:33:52     -504.793871        0.136716
FIRE:  799 22:33:53     -504.794072        0.095587
FIRE:  800 22:33:53     -504.794251        0.033676
FIRE:  801 22:33:53     -504.794244        0.060087
FIRE:  802 22:33:53     -504.794261        0.055807
FIRE:  803 22:33:54     -504.794285        0.047587
FIRE:  804 22:33:54     -504.794311        0.036445
FIRE:  805 22:33:54     -504.794336        0.032809
FIRE:  806 22:33:54     -504.794357        0.032963
FIRE:  807 22:33:54     -504.794376        0.033308
FIRE:  808 22:33:55     -504.794392        0.033706
FIRE:  809 22:33:55     -504.794424        0.038524
FIRE:  810 22:33:55     -504.794461        0.039743
FIRE:  811 22:33:55     -504.794510        0.035513
FIRE:  812 22:33:56     -504.794579        0.033335
FIRE:  813 22:33:56     -504.794653        0.032859
FIRE:  814 22:33:56     -504.794743        0.032654
FIRE:  815 22:33:56     -504.794846        0.033577
FIRE:  816 22:33:57     -504.794994        0.032588
FIRE:  817 22:33:57     -504.795158        0.032898
FIRE:  818 22:33:57     -504.795364        0.033427
FIRE:  819 22:33:57     -504.795613        0.033146
FIRE:  820 22:33:57     -504.795915        0.032407
FIRE:  821 22:33:58     -504.796281        0.032242
FIRE:  822 22:33:58     -504.796736        0.032603
FIRE:  823 22:33:58     -504.797275        0.032674
FIRE:  824 22:33:58     -504.797931        0.031836
FIRE:  825 22:33:59     -504.798733        0.032224
FIRE:  826 22:33:59     -504.799688        0.031454
FIRE:  827 22:33:59     -504.800834        0.031576
FIRE:  828 22:33:59     -504.802193        0.046516
FIRE:  829 22:34:00     -504.803266        0.168991
FIRE:  830 22:34:00     -504.797783        0.641672
FIRE:  831 22:34:00     -504.804818        0.205416
FIRE:  832 22:34:00     -504.805301        0.138732
FIRE:  833 22:34:01     -504.805695        0.032909
FIRE:  834 22:34:01     -504.805570        0.097918
FIRE:  835 22:34:01     -504.805599        0.090151
FIRE:  836 22:34:01     -504.805653        0.075326
FIRE:  837 22:34:01     -504.805716        0.054840
FIRE:  838 22:34:02     -504.805760        0.031976
FIRE:  839 22:34:02     -504.805788        0.029294
FIRE:  840 22:34:02     -504.805796        0.032239
FIRE:  841 22:34:02     -504.805797        0.031813
FIRE:  842 22:34:03     -504.805803        0.031047
FIRE:  843 22:34:03     -504.805802        0.029918
FIRE:  844 22:34:03     -504.805807        0.029811
FIRE:  845 22:34:03     -504.805813        0.029737
FIRE:  846 22:34:04     -504.805819        0.029646
FIRE:  847 22:34:04     -504.805828        0.029561
FIRE:  848 22:34:04     -504.805835        0.029469
FIRE:  849 22:34:04     -504.805842        0.029366
FIRE:  850 22:34:04     -504.805849        0.029279
FIRE:  851 22:34:05     -504.805866        0.029189
FIRE:  852 22:34:05     -504.805879        0.029127
FIRE:  853 22:34:05     -504.805902        0.029079
FIRE:  854 22:34:05     -504.805918        0.029048
FIRE:  855 22:34:06     -504.805948        0.029042
FIRE:  856 22:34:06     -504.805988        0.029046
FIRE:  857 22:34:06     -504.806034        0.029099
FIRE:  858 22:34:06     -504.806091        0.029200
FIRE:  859 22:34:07     -504.806154        0.029306
FIRE:  860 22:34:07     -504.806234        0.029330
FIRE:  861 22:34:07     -504.806336        0.029194
FIRE:  862 22:34:07     -504.806457        0.028974
FIRE:  863 22:34:08     -504.806598        0.028768
FIRE:  864 22:34:08     -504.806783        0.028677
FIRE:  865 22:34:08     -504.806998        0.028734
FIRE:  866 22:34:08     -504.807258        0.028777
FIRE:  867 22:34:08     -504.807573        0.028478
FIRE:  868 22:34:09     -504.807960        0.028094
FIRE:  869 22:34:09     -504.808425        0.028029
FIRE:  870 22:34:09     -504.808970        0.027905
FIRE:  871 22:34:09     -504.809630        0.027263
FIRE:  872 22:34:10     -504.810416        0.027587
FIRE:  873 22:34:10     -504.811329        0.042287
FIRE:  874 22:34:10     -504.812222        0.102528
FIRE:  875 22:34:10     -504.812126        0.280373
FIRE:  876 22:34:11     -504.813650        0.028469
FIRE:  877 22:34:11     -504.813656        0.025785
FIRE:  878 22:34:11     -504.813680        0.025460
FIRE:  879 22:34:11     -504.813700        0.025198
FIRE:  880 22:34:11     -504.813728        0.025063
FIRE:  881 22:34:12     -504.813761        0.025002
FIRE:  882 22:34:12     -504.813805        0.025015
FIRE:  883 22:34:12     -504.813852        0.025105
FIRE:  884 22:34:12     -504.813916        0.025327
FIRE:  885 22:34:13     -504.813986        0.025474
FIRE:  886 22:34:13     -504.814096        0.025293
FIRE:  887 22:34:13     -504.814209        0.024909
FIRE:  888 22:34:13     -504.814359        0.024659
FIRE:  889 22:34:14     -504.814544        0.024673
FIRE:  890 22:34:14     -504.814771        0.024894
FIRE:  891 22:34:14     -504.815046        0.024488
FIRE:  892 22:34:14     -504.815381        0.024000
FIRE:  893 22:34:15     -504.815796        0.024216
FIRE:  894 22:34:15     -504.816292        0.023522
FIRE:  895 22:34:15     -504.816896        0.023495
FIRE:  896 22:34:15     -504.817606        0.026724
FIRE:  897 22:34:15     -504.818315        0.085035
FIRE:  898 22:34:16     -504.817762        0.286312
FIRE:  899 22:34:16     -504.819368        0.052814
FIRE:  900 22:34:16     -504.819396        0.039537
FIRE:  901 22:34:16     -504.819425        0.021990
FIRE:  902 22:34:17     -504.819450        0.022686
FIRE:  903 22:34:17     -504.819462        0.036738
FIRE:  904 22:34:17     -504.819483        0.039739
FIRE:  905 22:34:17     -504.819528        0.029210
FIRE:  906 22:34:18     -504.819586        0.021429
FIRE:  907 22:34:18     -504.819625        0.024525
FIRE:  908 22:34:18     -504.819675        0.033848
FIRE:  909 22:34:18     -504.819764        0.025285
FIRE:  910 22:34:18     -504.819867        0.021190
FIRE:  911 22:34:19     -504.819970        0.029011
FIRE:  912 22:34:19     -504.820133        0.020993
FIRE:  913 22:34:19     -504.820302        0.029639
FIRE:  914 22:34:19     -504.820519        0.021181
FIRE:  915 22:34:20     -504.820763        0.033019
FIRE:  916 22:34:20     -504.821091        0.022722
FIRE:  917 22:34:20     -504.821480        0.020334
FIRE:  918 22:34:20     -504.821930        0.025475
FIRE:  919 22:34:21     -504.822396        0.069987
FIRE:  920 22:34:21     -504.822375        0.194667
FIRE:  921 22:34:21     -504.823132        0.019468
