[2026-10-05 15:16:24] ════ run_sese_gpu · IN=/home/kgy/wt_agck12_1005/db/inputs/wad_agc_graphite_2026_10_02/kprobe12/qe · RUN=/home/kgy/work/runs/wad_agc_graphite_2026_10_02/kprobe12 · JOBS=[AGC_N3_top_fcc_K12_bound AGC_N3_top_fcc_K12_far]
[2026-10-05 15:16:24] 공존 근거: D-2026-10-05-wad-agc-kprobe12 · START<12000 MiB · KILL>23000 MiB · 표본 2s · UMA 공존 허용=1 · 허용 PID=[제한 없음]
[2026-10-05 15:16:24] 공존 근거 D-2026-10-05-wad-agc-kprobe12 — 원장에서 active
[2026-10-05 15:16:24] ⚠ UMA 공존을 켰는데 ONLY_PIDS 가 비었다 — 공존 조건을 PID 로 걸지 못한다 (새 GPU 잡이 떠도 시작한다)
[2026-10-05 15:16:24] ⛔ AGC_N3_top_fcc_K12_bound/pw.in 해시가 jobs.json 과 다르다 (입력이 고쳐졌다) — 660cc4fb130bd9183534bee128f4f4e0f95ef9858c1b308a2eb54a99a8c0e8d9
[2026-10-05 15:16:24] ⛔ AGC_N3_top_fcc_K12_far/pw.in 해시가 jobs.json 과 다르다 (입력이 고쳐졌다) — b841a62aa2611552c60f556b1f898b1c758b39bdd72751a87cbfc8549ca2b174
[2026-10-05 15:16:24] ⛔ 입력 점검 실패 — 시작하지 않는다
[2026-10-05 15:36:02] ════ run_sese_gpu · IN=/home/kgy/wt_agck12_1005/db/inputs/wad_agc_graphite_2026_10_02/kprobe12/qe · RUN=/home/kgy/work/runs/wad_agc_graphite_2026_10_02/kprobe12 · JOBS=[AGC_N3_top_fcc_K12_bound AGC_N3_top_fcc_K12_far]
[2026-10-05 15:36:02] 공존 근거: D-2026-10-05-wad-agc-kprobe12 · START<12000 MiB · KILL>23000 MiB · 표본 2s · UMA 공존 허용=1 · 허용 PID=[제한 없음]
[2026-10-05 15:36:02] 공존 근거 D-2026-10-05-wad-agc-kprobe12 — 원장에서 active
[2026-10-05 15:36:02] ⚠ UMA 공존을 켰는데 ONLY_PIDS 가 비었다 — 공존 조건을 PID 로 걸지 못한다 (새 GPU 잡이 떠도 시작한다)
[2026-10-05 15:36:03] 랭크 NP=1 · GPU 1 장 · pseudo=/home/kgy/work/pseudo (PSEUDO_DIR 로 교체)
[2026-10-05 15:36:03] PP Ag_ONCV_PBE-1.0.oncvpsp.upf sha256 0494aa5927b754b4 · 기준과 같음 ✓
[2026-10-05 15:36:03] PP C.pbe-n-kjpaw_psl.1.0.0.UPF sha256 9900d1efd50b9848 · 기준과 같음 ✓
[2026-10-05 15:36:03] 디스크 292G 남음 (67% 사용)
[2026-10-05 15:36:03] ⚠ GPU 사용량 3117 MiB 인데 프로세스 목록이 비었다 — 프로세스별 정보가 막힌 기계다.
[2026-10-05 15:36:03]    nvidia-smi 원문: Process-level GPU information is restricted.
[2026-10-05 15:36:03]    UMA 판정·ONLY_PIDS 가 여기서는 **작동하지 않는다**. 남는 가드는 합계 VRAM·호스트 RAM 뿐이다.
[2026-10-05 15:36:03] GPU 합계 사용량 지금 3117 MiB · 호스트 MemAvailable 58511 MiB (시작 문턱 8192 · 중단 2048)
[2026-10-05 15:36:03] DRY_RUN — 점검만 하고 끝낸다
[2026-10-05 15:36:07] ════ run_sese_gpu · IN=/home/kgy/wt_agck12_1005/db/inputs/wad_agc_graphite_2026_10_02/kprobe12/qe · RUN=/home/kgy/work/runs/wad_agc_graphite_2026_10_02/kprobe12 · JOBS=[AGC_N3_top_fcc_K12_bound AGC_N3_top_fcc_K12_far]
[2026-10-05 15:36:07] 공존 근거: D-2026-10-05-wad-agc-kprobe12 · START<12000 MiB · KILL>23000 MiB · 표본 2s · UMA 공존 허용=1 · 허용 PID=[제한 없음]
[2026-10-05 15:36:07] 공존 근거 D-2026-10-05-wad-agc-kprobe12 — 원장에서 active
[2026-10-05 15:36:07] ⚠ UMA 공존을 켰는데 ONLY_PIDS 가 비었다 — 공존 조건을 PID 로 걸지 못한다 (새 GPU 잡이 떠도 시작한다)
[2026-10-05 15:36:07] 랭크 NP=1 · GPU 1 장 · pseudo=/home/kgy/work/pseudo (PSEUDO_DIR 로 교체)
[2026-10-05 15:36:07] PP Ag_ONCV_PBE-1.0.oncvpsp.upf sha256 0494aa5927b754b4 · 기준과 같음 ✓
[2026-10-05 15:36:07] PP C.pbe-n-kjpaw_psl.1.0.0.UPF sha256 9900d1efd50b9848 · 기준과 같음 ✓
[2026-10-05 15:36:07] 디스크 292G 남음 (67% 사용)
[2026-10-05 15:36:07] ⚠ GPU 사용량 3422 MiB 인데 프로세스 목록이 비었다 — 프로세스별 정보가 막힌 기계다.
[2026-10-05 15:36:07]    nvidia-smi 원문: Process-level GPU information is restricted.
[2026-10-05 15:36:07]    UMA 판정·ONLY_PIDS 가 여기서는 **작동하지 않는다**. 남는 가드는 합계 VRAM·호스트 RAM 뿐이다.
[2026-10-05 15:36:07] GPU 합계 사용량 지금 3422 MiB · 호스트 MemAvailable 57551 MiB (시작 문턱 8192 · 중단 2048)
[qe_gpu] MPI 를 바이너리에서 읽었다: /home/kgy/apps/nvhpc/Linux_x86_64/24.11/comm_libs/12.6/hpcx/hpcx-2.20/ompi/lib/libmpi.so.40
[qe_gpu]   prefix=/home/kgy/apps/nvhpc/Linux_x86_64/24.11/comm_libs/12.6/hpcx/hpcx-2.20/ompi · mpirun=/home/kgy/apps/nvhpc/Linux_x86_64/24.11/comm_libs/12.6/hpcx/hpcx-2.20/ompi/bin/mpirun
[qe_gpu]   ⚠ libnvomp + libgomp 동시 링크 — OMP_NUM_THREADS=1 (libgomp: TODO 회피)
[2026-10-05 15:36:08] ▶ AGC_N3_top_fcc_K12_bound (scf) 시작 · GPU 합계 3422 MiB · 호스트 여유 57523 MiB
[2026-10-05 15:36:09]    래퍼(mpirun) PID 3926594 · pw.x PID 3926612
[2026-10-05 15:36:37]    ⚠ nvidia-smi 목록에 우리 pw.x(3926612) 가 안 보인다 — 컨테이너 PID 이름공간이 다르거나 프로세스 정보가 막혔다. 자기 VRAM 칸은 '—' 로 적는다 (0 이 아니다)
[2026-10-05 18:56:52] ■ AGC_N3_top_fcc_K12_bound rc=0 완료=1 벽시계 12042s · 피크 합계 9771 MiB · 자기 — MiB · 호스트 최저 55755 MiB · 중단=0
[2026-10-05 18:56:52] ▶ AGC_N3_top_fcc_K12_far (scf) 시작 · GPU 합계 5282 MiB · 호스트 여유 56966 MiB
[2026-10-05 18:56:53]    래퍼(mpirun) PID 4093930 · pw.x PID 4093956
[2026-10-05 18:57:21]    ⚠ nvidia-smi 목록에 우리 pw.x(4093956) 가 안 보인다 — 컨테이너 PID 이름공간이 다르거나 프로세스 정보가 막혔다. 자기 VRAM 칸은 '—' 로 적는다 (0 이 아니다)
[2026-10-05 21:30:16] ■ AGC_N3_top_fcc_K12_far rc=0 완료=1 벽시계 9203s · 피크 합계 9771 MiB · 자기 — MiB · 호스트 최저 55800 MiB · 중단=0
[2026-10-05 21:30:16] ✅ 전부 완료 — 집계: python3 tools/wad/se_sym_slab.py --collect /home/kgy/work/runs/wad_agc_graphite_2026_10_02/kprobe12 --qe_in /home/kgy/wt_agck12_1005/db/inputs/wad_agc_graphite_2026_10_02/kprobe12/qe
