      Step     Time          Energy          fmax
FIRE:    0 11:48:58     -428.788577        2.488854
FIRE:    1 11:49:25     -428.929450        2.039920
FIRE:    2 11:49:53     -429.115307        1.392466
FIRE:    3 11:50:21     -429.232942        0.920368
FIRE:    4 11:50:49     -429.301778        0.589251
FIRE:    5 11:51:17     -429.344244        0.655595
FIRE:    6 11:51:42     -429.374602        0.778799
FIRE:    7 11:52:05     -429.398954        0.756004
FIRE:    8 11:52:31     -429.420397        0.631593
FIRE:    9 11:52:58     -429.441415        0.464863
FIRE:   10 11:53:24     -429.462215        0.425099
FIRE:   11 11:53:49     -429.476532        0.387410
FIRE:   12 11:54:15     -429.488126        0.411512
FIRE:   13 11:54:37     -429.502210        0.394213
FIRE:   14 11:55:03     -429.518209        0.346588
FIRE:   15 11:55:31     -429.531333        0.276198
FIRE:   16 11:55:59     -429.544528        0.271183
FIRE:   17 11:56:27     -429.556335        0.217563
FIRE:   18 11:56:49     -429.565225        0.139867
FIRE:   19 11:57:16     -429.572100        0.183621
FIRE:   20 11:57:44     -429.579624        0.250724
FIRE:   21 11:58:12     -429.590376        0.253033
FIRE:   22 11:58:38     -429.601763        0.191973
FIRE:   23 11:59:03     -429.613961        0.126446
FIRE:   24 11:59:31     -429.625173        0.126531
FIRE:   25 11:59:59     -429.631126        0.131301
FIRE:   26 12:00:25     -429.636794        0.130266
FIRE:   27 12:00:46     -429.639330        0.136684
FIRE:   28 12:01:09     -429.642186        0.133979
FIRE:   29 12:01:37     -429.645192        0.120374
FIRE:   30 12:02:04     -429.648447        0.107610
FIRE:   31 12:02:29     -429.651901        0.100530
FIRE:   32 12:02:48     -429.652911        0.105010
FIRE:   33 12:03:10     -429.653658        0.101948
FIRE:   34 12:03:37     -429.654405        0.090621
FIRE:   35 12:04:05     -429.655153        0.083363
FIRE:   36 12:04:32     -429.655820        0.080875
FIRE:   37 12:04:59     -429.656443        0.092341
FIRE:   38 12:05:25     -429.657073        0.099344
FIRE:   39 12:05:52     -429.657679        0.086678
FIRE:   40 12:06:20     -429.658265        0.080564
FIRE:   41 12:06:47     -429.658855        0.077430
FIRE:   42 12:07:13     -429.659462        0.072477
FIRE:   43 12:07:37     -429.660073        0.081144
FIRE:   44 12:08:05     -429.660689        0.102593
FIRE:   45 12:08:32     -429.661363        0.113203
FIRE:   46 12:09:01     -429.662100        0.112612
FIRE:   47 12:09:28     -429.662912        0.102934
FIRE:   48 12:09:51     -429.663788        0.087140
FIRE:   49 12:10:17     -429.664776        0.067479
FIRE:   50 12:10:43     -429.665908        0.053536
FIRE:   51 12:11:12     -429.667187        0.049066
      Step     Time          Energy          fmax
FIRE:    0 12:11:50     -429.667188        0.049066
FIRE:    1 12:12:17     -429.667195        0.048649
FIRE:    2 12:12:44     -429.667232        0.048648
FIRE:    3 12:13:07     -429.667263        0.048661
FIRE:    4 12:13:36     -429.667324        0.048697
FIRE:    5 12:14:04     -429.667385        0.048768
FIRE:    6 12:14:31     -429.667441        0.048872
FIRE:    7 12:14:58     -429.667511        0.048994
FIRE:    8 12:15:22     -429.667587        0.049121
FIRE:    9 12:15:51     -429.667690        0.049211
FIRE:   10 12:16:18     -429.667783        0.049210
FIRE:   11 12:16:45     -429.667896        0.049017
FIRE:   12 12:17:12     -429.668006        0.048504
FIRE:   13 12:17:37     -429.668079        0.047424
FIRE:   14 12:18:04     -429.668115        0.045360
FIRE:   15 12:18:33     -429.668044        0.048081
FIRE:   16 12:19:02     -429.667793        0.052562
FIRE:   17 12:19:29     -429.667269        0.058821
FIRE:   18 12:19:51     -429.666319        0.063742
FIRE:   19 12:20:20     -429.664931        0.072517
FIRE:   20 12:20:49     -429.663181        0.148832
FIRE:   21 12:21:17     -429.661114        0.253327
FIRE:   22 12:21:41     -429.661324        0.075130
FIRE:   23 12:22:08     -429.661325        0.070145
FIRE:   24 12:22:35     -429.661290        0.071190
FIRE:   25 12:23:04     -429.661193        0.072211
FIRE:   26 12:23:30     -429.661072        0.072694
FIRE:   27 12:23:53     -429.660932        0.072401
FIRE:   28 12:24:21     -429.660793        0.071364
FIRE:   29 12:24:49     -429.660618        0.069854
FIRE:   30 12:25:16     -429.660381        0.068219
FIRE:   31 12:25:44     -429.660112        0.067056
FIRE:   32 12:26:08     -429.659796        0.066564
FIRE:   33 12:26:34     -429.659389        0.068350
FIRE:   34 12:27:01     -429.658933        0.069443
FIRE:   35 12:27:28     -429.658409        0.069038
FIRE:   36 12:27:54     -429.657797        0.068817
FIRE:   37 12:28:18     -429.657133        0.069858
FIRE:   38 12:28:44     -429.656431        0.068075
FIRE:   39 12:29:11     -429.655701        0.062117
FIRE:   40 12:29:37     -429.654979        0.066548
FIRE:   41 12:30:04     -429.654256        0.114162
FIRE:   42 12:30:27     -429.653028        0.234771
FIRE:   43 12:30:54     -429.653847        0.065347
FIRE:   44 12:31:21     -429.653167        0.202222
FIRE:   45 12:31:48     -429.653459        0.153994
FIRE:   46 12:32:14     -429.653768        0.069928
FIRE:   47 12:32:38     -429.653794        0.065374
FIRE:   48 12:33:05     -429.653794        0.065372
FIRE:   49 12:33:32     -429.653797        0.065366
FIRE:   50 12:33:58     -429.653806        0.065358
FIRE:   51 12:34:22     -429.653808        0.065348
FIRE:   52 12:34:49     -429.653804        0.065334
FIRE:   53 12:35:14     -429.653795        0.065321
FIRE:   54 12:35:42     -429.653802        0.065306
FIRE:   55 12:36:09     -429.653779        0.065288
FIRE:   56 12:36:32     -429.653771        0.065266
FIRE:   57 12:36:58     -429.653753        0.065238
FIRE:   58 12:37:24     -429.653740        0.065211
FIRE:   59 12:37:52     -429.653727        0.065168
FIRE:   60 12:38:18     -429.653699        0.065100
FIRE:   61 12:38:40     -429.653660        0.064985
FIRE:   62 12:39:07     -429.653623        0.064810
FIRE:   63 12:39:33     -429.653568        0.064531
FIRE:   64 12:40:00     -429.653505        0.064106
FIRE:   65 12:40:27     -429.653423        0.063469
FIRE:   66 12:40:51     -429.653313        0.062524
FIRE:   67 12:41:17     -429.653181        0.061112
FIRE:   68 12:41:43     -429.653020        0.059001
FIRE:   69 12:42:09     -429.652794        0.055930
FIRE:   70 12:42:36     -429.652486        0.051558
FIRE:   71 12:43:01     -429.652055        0.048180
FIRE:   72 12:43:27     -429.651434        0.051118
FIRE:   73 12:43:53     -429.650519        0.053924
FIRE:   74 12:44:21     -429.649071        0.074131
FIRE:   75 12:44:47     -429.645502        0.216446
FIRE:   76 12:45:12     -429.636013        0.457078
FIRE:   77 12:45:35     -429.647896        0.058926
FIRE:   78 12:46:01     -429.638544        0.474806
FIRE:   79 12:46:28     -429.643080        0.344797
FIRE:   80 12:46:55     -429.647664        0.139570
FIRE:   81 12:47:21     -429.648034        0.111169
FIRE:   82 12:47:45     -429.648113        0.103916
FIRE:   83 12:48:09     -429.648251        0.089840
FIRE:   84 12:48:34     -429.648388        0.069608
FIRE:   85 12:49:00     -429.648535        0.059701
FIRE:   86 12:49:26     -429.648640        0.059794
FIRE:   87 12:49:52     -429.648684        0.059900
FIRE:   88 12:50:13     -429.648676        0.060012
FIRE:   89 12:50:39     -429.648660        0.060139
FIRE:   90 12:51:04     -429.648678        0.062566
FIRE:   91 12:51:28     -429.648744        0.060554
FIRE:   92 12:51:54     -429.648895        0.060574
FIRE:   93 12:52:15     -429.649049        0.060735
FIRE:   94 12:52:39     -429.649152        0.060918
FIRE:   95 12:53:04     -429.649218        0.061139
FIRE:   96 12:53:29     -429.649362        0.061418
FIRE:   97 12:53:55     -429.649593        0.061758
FIRE:   98 12:54:18     -429.649786        0.062142
FIRE:   99 12:54:44     -429.649945        0.062489
FIRE:  100 12:55:11     -429.650225        0.062674
FIRE:  101 12:55:38     -429.650391        0.062571
FIRE:  102 12:56:04     -429.650597        0.062117
FIRE:  103 12:56:29     -429.650639        0.061138
FIRE:  104 12:56:52     -429.650661        0.059127
FIRE:  105 12:57:18     -429.650343        0.055369
FIRE:  106 12:57:44     -429.649801        0.062175
FIRE:  107 12:58:10     -429.649020        0.094385
FIRE:  108 12:58:34     -429.647395        0.187758
FIRE:  109 12:58:54     -429.641865        0.362005
FIRE:  110 12:59:22     -429.649018        0.064738
FIRE:  111 12:59:47     -429.644532        0.333512
FIRE:  112 13:00:13     -429.646564        0.259649
FIRE:  113 13:00:38     -429.648909        0.126837
FIRE:  114 13:00:59     -429.649589        0.041795
FIRE:  115 13:01:27     -429.649602        0.039321
FIRE:  116 13:01:54     -429.649615        0.034580
FIRE:  117 13:02:18     -429.649642        0.034531
FIRE:  118 13:02:39     -429.649659        0.035261
FIRE:  119 13:03:03     -429.649675        0.035862
FIRE:  120 13:03:28     -429.649682        0.036262
FIRE:  121 13:03:53     -429.649691        0.036472
FIRE:  122 13:04:18     -429.649700        0.036583
FIRE:  123 13:04:42     -429.649703        0.036734
FIRE:  124 13:05:04     -429.649702        0.037103
FIRE:  125 13:05:33     -429.649727        0.037783
FIRE:  126 13:06:01     -429.649736        0.038632
FIRE:  127 13:06:27     -429.649750        0.039264
FIRE:  128 13:06:50     -429.649744        0.039419
FIRE:  129 13:07:15     -429.649736        0.039296
FIRE:  130 13:07:39     -429.649723        0.039053
FIRE:  131 13:08:03     -429.649686        0.037835
FIRE:  132 13:08:28     -429.649601        0.034509
FIRE:  133 13:08:52     -429.649467        0.033512
FIRE:  134 13:09:13     -429.649252        0.033542
FIRE:  135 13:09:36     -429.648902        0.033512
FIRE:  136 13:10:02     -429.648400        0.033370
FIRE:  137 13:10:30     -429.647739        0.051689
FIRE:  138 13:10:56     -429.647085        0.033528
FIRE:  139 13:11:19     -429.646767        0.031678
FIRE:  140 13:11:39     -429.646866        0.030582
FIRE:  141 13:12:04     -429.647336        0.029350
