      Step     Time          Energy          fmax
FIRE:    0 21:21:48     -414.596054       25.550912
FIRE:    1 21:21:54     -418.547023       12.847763
FIRE:    2 21:22:00     -420.409454        6.499715
FIRE:    3 21:22:06     -421.344873        3.696716
FIRE:    4 21:22:11     -421.896841        2.445795
FIRE:    5 21:22:16     -422.291732        2.012675
FIRE:    6 21:22:20     -422.625581        2.499381
FIRE:    7 21:22:26     -422.940223        2.663816
FIRE:    8 21:22:32     -423.252458        2.582885
FIRE:    9 21:22:38     -423.560033        2.340975
FIRE:   10 21:22:44     -423.851325        2.024182
FIRE:   11 21:22:50     -424.115520        1.701036
FIRE:   12 21:22:56     -424.349958        1.412039
FIRE:   13 21:23:02     -424.561219        1.173525
FIRE:   14 21:23:08     -424.759982        1.006534
FIRE:   15 21:23:13     -424.954160        0.895784
FIRE:   16 21:23:17     -425.145063        0.807093
FIRE:   17 21:23:23     -425.328390        0.737009
FIRE:   18 21:23:28     -425.498911        0.714500
FIRE:   19 21:23:34     -425.655146        0.717765
FIRE:   20 21:23:41     -425.800051        0.711349
FIRE:   21 21:23:46     -425.936723        0.680960
FIRE:   22 21:23:52     -426.064680        0.625118
FIRE:   23 21:23:58     -426.181401        0.553835
FIRE:   24 21:24:04     -426.286195        0.481527
FIRE:   25 21:24:09     -426.381325        0.416096
FIRE:   26 21:24:14     -426.469562        0.413906
FIRE:   27 21:24:18     -426.551378        0.400700
FIRE:   28 21:24:22     -426.624465        0.406502
FIRE:   29 21:24:27     -426.686021        0.379603
FIRE:   30 21:24:30     -426.735818        0.314566
FIRE:   31 21:24:32     -426.777506        0.288964
FIRE:   32 21:24:35     -426.815263        0.294705
FIRE:   33 21:24:41     -426.850802        0.256412
FIRE:   34 21:24:47     -426.883884        0.263284
FIRE:   35 21:24:53     -426.913517        0.272616
FIRE:   36 21:24:59     -426.938094        0.293829
FIRE:   37 21:25:04     -426.957254        0.307059
FIRE:   38 21:25:08     -426.973330        0.296625
FIRE:   39 21:25:14     -426.988688        0.260753
FIRE:   40 21:25:20     -427.004166        0.201437
FIRE:   41 21:25:26     -427.020903        0.173904
FIRE:   42 21:25:32     -427.039457        0.191480
FIRE:   43 21:25:37     -427.057847        0.204811
FIRE:   44 21:25:41     -427.074145        0.195205
FIRE:   45 21:25:47     -427.088140        0.191345
FIRE:   46 21:25:53     -427.099993        0.157294
FIRE:   47 21:25:59     -427.110673        0.131701
FIRE:   48 21:26:05     -427.121365        0.150904
FIRE:   49 21:26:10     -427.131399        0.123815
FIRE:   50 21:26:14     -427.139863        0.160229
FIRE:   51 21:26:20     -427.147482        0.182619
FIRE:   52 21:26:27     -427.156243        0.187362
FIRE:   53 21:26:32     -427.168533        0.163579
FIRE:   54 21:26:38     -427.185148        0.147311
FIRE:   55 21:26:43     -427.203830        0.133750
FIRE:   56 21:26:49     -427.221177        0.105797
FIRE:   57 21:26:55     -427.235872        0.139707
FIRE:   58 21:27:01     -427.248466        0.163360
FIRE:   59 21:27:07     -427.259908        0.165104
FIRE:   60 21:27:12     -427.271105        0.153267
FIRE:   61 21:27:16     -427.282113        0.141996
FIRE:   62 21:27:21     -427.293783        0.151519
FIRE:   63 21:27:25     -427.307925        0.166070
FIRE:   64 21:27:28     -427.325081        0.187126
FIRE:   65 21:27:30     -427.344811        0.209441
FIRE:   66 21:27:33     -427.366184        0.226137
FIRE:   67 21:27:39     -427.388987        0.234301
FIRE:   68 21:27:45     -427.414797        0.236279
FIRE:   69 21:27:51     -427.445389        0.236442
FIRE:   70 21:27:55     -427.481123        0.235066
FIRE:   71 21:28:01     -427.520702        0.226063
FIRE:   72 21:28:07     -427.561541        0.202268
FIRE:   73 21:28:13     -427.600778        0.161115
FIRE:   74 21:28:18     -427.635705        0.128607
FIRE:   75 21:28:22     -427.663680        0.138649
FIRE:   76 21:28:28     -427.683322        0.205820
FIRE:   77 21:28:34     -427.696013        0.293021
FIRE:   78 21:28:40     -427.706428        0.385970
FIRE:   79 21:28:45     -427.719676        0.420263
FIRE:   80 21:28:49     -427.736479        0.386198
FIRE:   81 21:28:55     -427.754313        0.306231
FIRE:   82 21:29:02     -427.771966        0.234898
FIRE:   83 21:29:07     -427.790425        0.266405
FIRE:   84 21:29:11     -427.810296        0.227203
FIRE:   85 21:29:17     -427.830773        0.198859
FIRE:   86 21:29:23     -427.851489        0.178195
FIRE:   87 21:29:29     -427.872971        0.181893
FIRE:   88 21:29:33     -427.895965        0.196376
FIRE:   89 21:29:38     -427.920661        0.184396
FIRE:   90 21:29:42     -427.946159        0.175271
FIRE:   91 21:29:46     -427.971111        0.167986
FIRE:   92 21:29:49     -427.994535        0.148780
FIRE:   93 21:29:51     -428.016420        0.150218
FIRE:   94 21:29:56     -428.037651        0.152511
FIRE:   95 21:30:02     -428.059325        0.159490
FIRE:   96 21:30:08     -428.081958        0.163405
FIRE:   97 21:30:13     -428.105144        0.162726
FIRE:   98 21:30:18     -428.127960        0.156111
FIRE:   99 21:30:25     -428.149560        0.142392
FIRE:  100 21:30:29     -428.169571        0.142080
FIRE:  101 21:30:35     -428.188141        0.130656
FIRE:  102 21:30:41     -428.205609        0.136017
FIRE:  103 21:30:46     -428.222554        0.148574
FIRE:  104 21:30:52     -428.239752        0.150937
FIRE:  105 21:30:58     -428.257951        0.157016
FIRE:  106 21:31:04     -428.277794        0.178316
FIRE:  107 21:31:09     -428.299481        0.187194
FIRE:  108 21:31:14     -428.322786        0.173630
FIRE:  109 21:31:21     -428.347244        0.148907
FIRE:  110 21:31:25     -428.372326        0.151297
FIRE:  111 21:31:29     -428.397703        0.161095
FIRE:  112 21:31:34     -428.423387        0.171646
FIRE:  113 21:31:37     -428.449251        0.189718
FIRE:  114 21:31:40     -428.440270        0.184679
FIRE:  115 21:31:42     -428.430905        0.170986
FIRE:  116 21:31:47     -428.421815        0.197615
FIRE:  117 21:31:53     -428.413373        0.206618
FIRE:  118 21:31:59     -428.405581        0.244002
FIRE:  119 21:32:04     -428.398205        0.273947
FIRE:  120 21:32:10     -428.391115        0.312830
FIRE:  121 21:32:16     -428.384225        0.312056
FIRE:  122 21:32:21     -428.377394        0.272648
FIRE:  123 21:32:27     -428.370414        0.208503
FIRE:  124 21:32:33     -428.362996        0.196754
FIRE:  125 21:32:37     -428.354993        0.184395
FIRE:  126 21:32:43     -428.346527        0.187286
FIRE:  127 21:32:49     -428.337887        0.151760
FIRE:  128 21:32:54     -428.329343        0.166526
FIRE:  129 21:33:00     -428.321023        0.181661
FIRE:  130 21:33:06     -428.312947        0.213398
FIRE:  131 21:33:11     -428.305201        0.224619
FIRE:  132 21:33:15     -428.297949        0.263725
FIRE:  133 21:33:20     -428.291617        0.302923
FIRE:  134 21:33:24     -428.286684        0.308813
FIRE:  135 21:33:26     -428.283472        0.281194
FIRE:  136 21:33:28     -428.282078        0.230507
FIRE:  137 21:33:33     -428.282244        0.172483
FIRE:  138 21:33:40     -428.283506        0.154504
FIRE:  139 21:33:45     -428.285405        0.186805
FIRE:  140 21:33:50     -428.287582        0.188744
FIRE:  141 21:33:56     -428.289847        0.166544
FIRE:  142 21:34:01     -428.292140        0.142713
FIRE:  143 21:34:07     -428.294440        0.139774
FIRE:  144 21:34:13     -428.296645        0.145129
FIRE:  145 21:34:18     -428.298540        0.173699
FIRE:  146 21:34:24     -428.299877        0.232842
FIRE:  147 21:34:30     -428.300535        0.284076
FIRE:  148 21:34:35     -428.300606        0.313836
FIRE:  149 21:34:41     -428.300518        0.315089
FIRE:  150 21:34:47     -428.300845        0.289702
FIRE:  151 21:34:52     -428.302121        0.246494
FIRE:  152 21:34:56     -428.304651        0.196394
FIRE:  153 21:35:00     -428.308428        0.148277
FIRE:  154 21:35:05     -428.313239        0.133468
FIRE:  155 21:35:07     -428.318863        0.134518
FIRE:  156 21:35:09     -428.325228        0.149817
FIRE:  157 21:35:13     -428.332461        0.224136
FIRE:  158 21:35:19     -428.340924        0.296305
FIRE:  159 21:35:26     -428.351062        0.346447
FIRE:  160 21:35:30     -428.363374        0.361676
FIRE:  161 21:35:35     -428.378277        0.340621
FIRE:  162 21:35:40     -428.396024        0.293546
FIRE:  163 21:35:47     -428.416638        0.236755
FIRE:  164 21:35:51     -428.439817        0.204305
FIRE:  165 21:35:57     -428.464827        0.200417
FIRE:  166 21:36:04     -428.490522        0.191114
FIRE:  167 21:36:08     -428.515393        0.183851
FIRE:  168 21:36:14     -428.537931        0.169205
FIRE:  169 21:36:20     -428.557018        0.215368
FIRE:  170 21:36:25     -428.572493        0.258870
FIRE:  171 21:36:30     -428.585348        0.281423
FIRE:  172 21:36:36     -428.597432        0.301511
FIRE:  173 21:36:43     -428.610490        0.318179
FIRE:  174 21:36:47     -428.625450        0.301670
FIRE:  175 21:36:51     -428.642118        0.306481
FIRE:  176 21:36:56     -428.659668        0.304139
FIRE:  177 21:36:59     -428.677042        0.316103
FIRE:  178 21:37:02     -428.693366        0.308561
FIRE:  179 21:37:04     -428.707929        0.276204
FIRE:  180 21:37:09     -428.720174        0.226667
FIRE:  181 21:37:15     -428.729830        0.187226
FIRE:  182 21:37:21     -428.736918        0.171363
FIRE:  183 21:37:25     -428.741945        0.235630
FIRE:  184 21:37:31     -428.745754        0.292861
FIRE:  185 21:37:37     -428.749204        0.331817
FIRE:  186 21:37:42     -428.752565        0.344257
FIRE:  187 21:37:46     -428.755312        0.328531
FIRE:  188 21:37:52     -428.756656        0.336609
FIRE:  189 21:37:58     -428.756837        0.412386
FIRE:  190 21:38:04     -428.757810        0.460180
FIRE:  191 21:38:08     -428.762674        0.519789
FIRE:  192 21:38:13     -428.773734        0.534806
FIRE:  193 21:38:19     -428.790751        0.504282
FIRE:  194 21:38:25     -428.811151        0.438661
FIRE:  195 21:38:30     -428.831642        0.353286
FIRE:  196 21:38:34     -428.849638        0.261719
FIRE:  197 21:38:40     -428.863708        0.260037
FIRE:  198 21:38:46     -428.873184        0.283465
FIRE:  199 21:38:51     -428.877676        0.278914
FIRE:  200 21:38:56     -428.877068        0.252243
FIRE:  201 21:39:00     -428.871912        0.214865
FIRE:  202 21:39:05     -428.863743        0.276575
FIRE:  203 21:39:08     -428.855157        0.320147
FIRE:  204 21:39:10     -428.848786        0.336467
FIRE:  205 21:39:13     -428.846244        0.322726
FIRE:  206 21:39:18     -428.847525        0.282717
FIRE:  207 21:39:24     -428.851338        0.251602
FIRE:  208 21:39:30     -428.855967        0.221516
FIRE:  209 21:39:36     -428.859980        0.246363
FIRE:  210 21:39:41     -428.862437        0.277023
FIRE:  211 21:39:45     -428.862943        0.284571
FIRE:  212 21:39:51     -428.861558        0.267319
FIRE:  213 21:39:57     -428.858694        0.226235
FIRE:  214 21:40:03     -428.854869        0.225991
FIRE:  215 21:40:08     -428.850535        0.234683
FIRE:  216 21:40:12     -428.846012        0.246697
FIRE:  217 21:40:18     -428.841753        0.274178
FIRE:  218 21:40:24     -428.838473        0.285353
FIRE:  219 21:40:30     -428.836927        0.279398
FIRE:  220 21:40:35     -428.837276        0.257737
FIRE:  221 21:40:39     -428.838594        0.251920
FIRE:  222 21:40:45     -428.838994        0.221066
FIRE:  223 21:40:51     -428.836403        0.240224
FIRE:  224 21:40:57     -428.829340        0.271217
FIRE:  225 21:41:03     -428.817426        0.286899
FIRE:  226 21:41:08     -428.801336        0.287174
FIRE:  227 21:41:12     -428.782270        0.274504
FIRE:  228 21:41:18     -428.875499        0.184640
FIRE:  229 21:41:24     -428.928154        0.131808
FIRE:  230 21:41:30     -428.965353        0.164773
FIRE:  231 21:41:34     -428.993519        0.138967
FIRE:  232 21:41:38     -429.015523        0.116742
FIRE:  233 21:41:43     -429.033679        0.103348
FIRE:  234 21:41:47     -429.046037        0.137932
FIRE:  235 21:41:50     -429.054215        0.205246
FIRE:  236 21:41:52     -429.061234        0.360111
FIRE:  237 21:41:55     -429.065018        0.921301
FIRE:  238 21:42:01     -429.070916        0.142803
FIRE:  239 21:42:07     -429.070561        0.876780
FIRE:  240 21:42:12     -429.072056        0.648039
FIRE:  241 21:42:18     -429.073984        0.269246
FIRE:  242 21:42:23     -429.075188        0.142504
FIRE:  243 21:42:29     -429.075244        0.134419
FIRE:  244 21:42:33     -429.075361        0.118701
FIRE:  245 21:42:39     -429.075527        0.096609
FIRE:  246 21:42:45     -429.075747        0.096817
FIRE:  247 21:42:50     -429.076016        0.097069
FIRE:  248 21:42:56     -429.076329        0.097354
FIRE:  249 21:43:02     -429.076691        0.097671
FIRE:  250 21:43:07     -429.077142        0.098049
FIRE:  251 21:43:13     -429.077699        0.098490
FIRE:  252 21:43:19     -429.078359        0.099003
FIRE:  253 21:43:23     -429.079166        0.099599
FIRE:  254 21:43:28     -429.080106        0.100293
FIRE:  255 21:43:32     -429.081202        0.101119
FIRE:  256 21:43:37     -429.082462        0.102132
FIRE:  257 21:43:39     -429.083886        0.103409
FIRE:  258 21:43:41     -429.085469        0.105029
FIRE:  259 21:43:45     -429.087179        0.107027
FIRE:  260 21:43:51     -429.089012        0.109338
FIRE:  261 21:43:57     -429.090930        0.111809
FIRE:  262 21:44:02     -429.092925        0.114300
FIRE:  263 21:44:07     -429.094953        0.116776
FIRE:  264 21:44:13     -429.097029        0.119084
FIRE:  265 21:44:19     -429.099163        0.120343
FIRE:  266 21:44:24     -429.101447        0.118837
FIRE:  267 21:44:30     -429.104063        0.112465
FIRE:  268 21:44:36     -429.107228        0.097052
FIRE:  269 21:44:41     -429.111166        0.107362
FIRE:  270 21:44:47     -429.115782        0.290566
FIRE:  271 21:44:53     -429.120043        0.672821
FIRE:  272 21:44:58     -429.121025        0.107159
FIRE:  273 21:45:04     -429.121140        0.635060
FIRE:  274 21:45:10     -429.121430        0.468324
FIRE:  275 21:45:15     -429.121817        0.189062
FIRE:  276 21:45:20     -429.122080        0.117155
FIRE:  277 21:45:24     -429.122095        0.110249
FIRE:  278 21:45:29     -429.122128        0.106893
FIRE:  279 21:45:31     -429.122183        0.106890
FIRE:  280 21:45:33     -429.122252        0.106887
FIRE:  281 21:45:37     -429.122345        0.106879
FIRE:  282 21:45:43     -429.122440        0.106871
FIRE:  283 21:45:49     -429.122556        0.106861
FIRE:  284 21:45:53     -429.122710        0.106848
FIRE:  285 21:45:59     -429.122893        0.106835
FIRE:  286 21:46:06     -429.123121        0.106825
FIRE:  287 21:46:10     -429.123411        0.106818
FIRE:  288 21:46:16     -429.123771        0.106810
FIRE:  289 21:46:22     -429.124207        0.106806
FIRE:  290 21:46:27     -429.124741        0.106801
FIRE:  291 21:46:33     -429.125399        0.106787
FIRE:  292 21:46:39     -429.126201        0.106755
FIRE:  293 21:46:44     -429.127165        0.106661
FIRE:  294 21:46:50     -429.128332        0.106430
FIRE:  295 21:46:56     -429.129744        0.105928
FIRE:  296 21:47:01     -429.131453        0.104904
FIRE:  297 21:47:06     -429.133500        0.102914
FIRE:  298 21:47:09     -429.135974        0.099230
FIRE:  299 21:47:14     -429.138953        0.092841
FIRE:  300 21:47:16     -429.142574        0.100137
FIRE:  301 21:47:18     -429.146967        0.107415
FIRE:  302 21:47:22     -429.152344        0.114324
FIRE:  303 21:47:28     -429.158949        0.119558
FIRE:  304 21:47:34     -429.167018        0.243654
FIRE:  305 21:47:38     -429.175281        0.632447
FIRE:  306 21:47:44     -429.175987        0.101018
FIRE:  307 21:47:50     -429.176410        0.611049
FIRE:  308 21:47:55     -429.176622        0.445597
FIRE:  309 21:48:01     -429.176931        0.169741
FIRE:  310 21:48:06     -429.177206        0.129655
FIRE:  311 21:48:11     -429.177232        0.121697
FIRE:  312 21:48:17     -429.177271        0.106284
FIRE:  313 21:48:22     -429.177338        0.098629
FIRE:  314 21:48:28     -429.177411        0.098430
FIRE:  315 21:48:34     -429.177514        0.098188
FIRE:  316 21:48:39     -429.177636        0.097902
FIRE:  317 21:48:43     -429.177781        0.097580
FIRE:  318 21:48:47     -429.177958        0.097186
FIRE:  319 21:48:51     -429.178181        0.096709
FIRE:  320 21:48:53     -429.178469        0.096142
FIRE:  321 21:48:56     -429.178813        0.095457
FIRE:  322 21:49:01     -429.179252        0.094618
FIRE:  323 21:49:07     -429.179786        0.093569
FIRE:  324 21:49:13     -429.180463        0.092231
FIRE:  325 21:49:17     -429.181286        0.090508
FIRE:  326 21:49:23     -429.182303        0.088303
FIRE:  327 21:49:29     -429.183547        0.085526
FIRE:  328 21:49:34     -429.185081        0.082142
FIRE:  329 21:49:38     -429.186950        0.080764
FIRE:  330 21:49:44     -429.189255        0.082693
FIRE:  331 21:49:50     -429.192064        0.084879
FIRE:  332 21:49:55     -429.195474        0.087221
FIRE:  333 21:50:01     -429.199635        0.089168
FIRE:  334 21:50:07     -429.204674        0.089931
FIRE:  335 21:50:12     -429.210768        0.088468
FIRE:  336 21:50:16     -429.218102        0.081837
FIRE:  337 21:50:22     -429.226884        0.101119
FIRE:  338 21:50:28     -429.237128        0.301402
FIRE:  339 21:50:33     -429.248334        0.918218
FIRE:  340 21:50:38     -429.249066        0.093874
FIRE:  341 21:50:42     -429.249148        0.072746
FIRE:  342 21:50:46     -429.249291        0.072793
FIRE:  343 21:50:50     -429.249502        0.072889
FIRE:  344 21:50:52     -429.249805        0.073049
FIRE:  345 21:50:55     -429.250168        0.073280
FIRE:  346 21:51:01     -429.250600        0.073572
FIRE:  347 21:51:06     -429.251105        0.073948
FIRE:  348 21:51:12     -429.251751        0.074459
FIRE:  349 21:51:16     -429.252563        0.075138
FIRE:  350 21:51:21     -429.253575        0.076000
FIRE:  351 21:51:27     -429.254828        0.077109
FIRE:  352 21:51:33     -429.256397        0.078572
FIRE:  353 21:51:37     -429.258314        0.080482
FIRE:  354 21:51:43     -429.260674        0.082950
FIRE:  355 21:51:49     -429.263554        0.085938
FIRE:  356 21:51:55     -429.267050        0.089403
FIRE:  357 21:51:59     -429.271237        0.093143
FIRE:  358 21:52:05     -429.276287        0.096293
FIRE:  359 21:52:12     -429.282325        0.096499
FIRE:  360 21:52:16     -429.289505        0.132482
FIRE:  361 21:52:20     -429.297850        0.421913
FIRE:  362 21:52:26     -429.307201        1.172715
FIRE:  363 21:52:32     -429.307557        0.049140
      Step     Time          Energy          fmax
FIRE:    0 21:52:39     -429.307553        0.253957
FIRE:    1 21:52:43     -429.306243        0.256897
FIRE:    2 21:52:48     -429.303552        0.262834
FIRE:    3 21:52:52     -429.299322        0.271869
FIRE:    4 21:52:56     -429.293353        0.284058
FIRE:    5 21:53:00     -429.285405        0.299378
FIRE:    6 21:53:02     -429.275200        0.317663
FIRE:    7 21:53:05     -429.262455        0.338572
FIRE:    8 21:53:10     -429.245051        0.364113
FIRE:    9 21:53:16     -429.221392        0.394207
FIRE:   10 21:53:22     -429.189340        0.427991
FIRE:   11 21:53:26     -429.146093        0.463430
FIRE:   12 21:53:32     -429.088200        0.497324
FIRE:   13 21:53:38     -429.011432        0.526402
FIRE:   14 21:53:44     -428.911524        0.551226
FIRE:   15 21:53:49     -428.810990        0.574028
FIRE:   16 21:53:55     -428.720220        0.595036
FIRE:   17 21:53:59     -428.645401        0.605659
FIRE:   18 21:54:05     -428.590328        0.599011
FIRE:   19 21:54:11     -428.555697        0.573096
FIRE:   20 21:54:17     -428.539214        0.525973
FIRE:   21 21:54:22     -428.535082        0.458441
FIRE:   22 21:54:26     -428.534753        0.389839
FIRE:   23 21:54:32     -428.530248        0.385205
FIRE:   24 21:54:38     -428.521827        0.486808
FIRE:   25 21:54:43     -428.522358        0.595386
FIRE:   26 21:54:48     -428.545265        0.606295
FIRE:   27 21:54:54     -428.590792        0.520575
FIRE:   28 21:55:00     -428.652979        0.401795
FIRE:   29 21:55:05     -428.726658        0.290981
FIRE:   30 21:55:10     -428.803174        0.187522
FIRE:   31 21:55:15     -428.871344        0.166109
FIRE:   32 21:55:19     -428.923881        0.187956
FIRE:   33 21:55:23     -428.959143        0.225901
FIRE:   34 21:55:27     -428.981855        0.335074
FIRE:   35 21:55:29     -429.003186        0.397492
FIRE:   36 21:55:31     -429.031143        0.384797
FIRE:   37 21:55:37     -429.065305        0.326671
FIRE:   38 21:55:43     -429.103306        0.265308
FIRE:   39 21:55:49     -429.141378        0.234679
FIRE:   40 21:55:53     -429.172396        0.212547
FIRE:   41 21:55:59     -429.190126        0.215697
FIRE:   42 21:56:05     -429.193357        0.227551
FIRE:   43 21:56:11     -429.185939        0.244708
FIRE:   44 21:56:16     -429.173937        0.264672
FIRE:   45 21:56:20     -429.161536        0.284125
FIRE:   46 21:56:26     -429.149272        0.299702
FIRE:   47 21:56:33     -429.135845        0.309119
FIRE:   48 21:56:38     -429.120324        0.311627
FIRE:   49 21:56:42     -429.101981        0.307216
FIRE:   50 21:56:48     -429.079939        0.295628
FIRE:   51 21:56:54     -429.052748        0.278441
FIRE:   52 21:57:00     -429.017974        0.304336
FIRE:   53 21:57:04     -428.973162        0.338174
FIRE:   54 21:57:09     -428.917980        0.371169
FIRE:   55 21:57:14     -428.855271        0.404315
FIRE:   56 21:57:20     -428.789402        0.458523
FIRE:   57 21:57:26     -428.723335        0.481991
FIRE:   58 21:57:30     -428.657943        0.486335
FIRE:   59 21:57:34     -428.593971        0.493143
FIRE:   60 21:57:39     -428.533684        0.510421
FIRE:   61 21:57:41     -428.480180        0.528252
FIRE:   62 21:57:43     -428.435506        0.535503
FIRE:   63 21:57:48     -428.399478        0.532200
FIRE:   64 21:57:54     -428.370018        0.527214
FIRE:   65 21:58:00     -428.343963        0.530424
FIRE:   66 21:58:05     -428.317550        0.547476
FIRE:   67 21:58:11     -428.286410        0.582189
FIRE:   68 21:58:17     -428.245809        0.641561
FIRE:   69 21:58:22     -428.192205        0.735798
FIRE:   70 21:58:27     -428.126019        0.870666
FIRE:   71 21:58:33     -428.053731        1.039125
FIRE:   72 21:58:39     -427.987332        1.216620
FIRE:   73 21:58:44     -427.940113        1.364655
FIRE:   74 21:58:50     -427.920868        1.446550
FIRE:   75 21:58:56     -427.930386        1.444747
FIRE:   76 21:59:01     -427.962497        1.365923
FIRE:   77 21:59:07     -428.007480        1.231606
FIRE:   78 21:59:13     -428.055093        1.066667
FIRE:   79 21:59:17     -428.094913        0.892476
FIRE:   80 21:59:21     -428.113951        0.742382
FIRE:   81 21:59:26     -428.094934        0.726594
FIRE:   82 21:59:28     -428.021472        0.994907
FIRE:   83 21:59:30     -427.893764        1.671108
FIRE:   84 21:59:35     -427.745331        2.303547
FIRE:   85 21:59:40     -427.634420        2.628442
FIRE:   86 21:59:47     -427.598989        2.530383
FIRE:   87 21:59:52     -427.621958        2.273763
FIRE:   88 21:59:57     -427.651057        1.848227
FIRE:   89 22:00:03     -427.641073        1.458829
FIRE:   90 22:00:09     -427.575819        1.280092
FIRE:   91 22:00:15     -427.464762        1.341640
FIRE:   92 22:00:19     -427.326366        1.527499
FIRE:   93 22:00:25     -427.173720        1.736594
FIRE:   94 22:00:31     -427.009088        1.930807
FIRE:   95 22:00:37     -426.826593        2.106099
FIRE:   96 22:00:41     -426.618628        2.423682
FIRE:   97 22:00:47     -427.116372        1.697903
FIRE:   98 22:00:53     -427.208387        1.864263
FIRE:   99 22:00:59     -427.177157        1.934981
FIRE:  100 22:01:04     -427.141174        2.148194
FIRE:  101 22:01:10     -427.161498        1.995642
FIRE:  102 22:01:15     -427.233900        1.513704
FIRE:  103 22:01:22     -427.215018        1.591766
FIRE:  104 22:01:27     -427.124707        2.094316
FIRE:  105 22:01:31     -427.122774        1.795089
FIRE:  106 22:01:35     -427.028220        1.901931
FIRE:  107 22:01:40     -426.871806        2.385934
FIRE:  108 22:01:42     -426.809244        2.012749
FIRE:  109 22:01:45     -426.665541        2.413718
FIRE:  110 22:01:48     -426.623982        2.039995
FIRE:  111 22:01:54     -426.488865        2.097044
FIRE:  112 22:02:00     -426.292324        2.215153
FIRE:  113 22:02:05     -426.058056        2.579513
FIRE:  114 22:02:11     -426.389630        2.164712
FIRE:  115 22:02:17     -426.201674        2.286991
FIRE:  116 22:02:22     -425.947375        2.587647
FIRE:  117 22:02:28     -426.047144        2.506384
FIRE:  118 22:02:34     -426.218152        2.235248
FIRE:  119 22:02:39     -426.206819        2.244033
FIRE:  120 22:02:45     -426.183884        2.388984
FIRE:  121 22:02:50     -426.188371        2.385872
FIRE:  122 22:02:57     -426.197289        2.252187
FIRE:  123 22:03:01     -426.196575        2.252718
FIRE:  124 22:03:07     -426.195137        2.253779
FIRE:  125 22:03:14     -426.192979        2.382153
FIRE:  126 22:03:18     -426.193262        2.381959
FIRE:  127 22:03:22     -426.193818        2.381575
FIRE:  128 22:03:26     -426.194648        2.381000
FIRE:  129 22:03:30     -426.195745        2.253418
FIRE:  130 22:03:32     -426.195704        2.253448
FIRE:  131 22:03:35     -426.195612        2.253512
FIRE:  132 22:03:41     -426.195475        2.253611
FIRE:  133 22:03:47     -426.195300        2.253743
FIRE:  134 22:03:52     -426.195074        2.253913
FIRE:  135 22:03:57     -426.194810        2.380770
FIRE:  136 22:04:03     -426.194828        2.380757
FIRE:  137 22:04:09     -426.194860        2.380733
FIRE:  138 22:04:14     -426.194913        2.380699
FIRE:  139 22:04:20     -426.194978        2.380648
FIRE:  140 22:04:26     -426.195060        2.253925
FIRE:  141 22:04:30     -426.195058        2.253928
FIRE:  142 22:04:36     -426.195053        2.253931
FIRE:  143 22:04:42     -426.195042        2.253938
FIRE:  144 22:04:48     -426.195030        2.253946
FIRE:  145 22:04:53     -426.195019        2.253957
FIRE:  146 22:04:59     -426.195008        2.253969
FIRE:  147 22:05:05     -426.194990        2.380635
FIRE:  148 22:05:09     -426.194984        2.380635
FIRE:  149 22:05:14     -426.194982        2.380632
FIRE:  150 22:05:18     -426.194987        2.380631
FIRE:  151 22:05:21     -426.195003        2.380628
FIRE:  152 22:05:23     -426.194997        2.253971
FIRE:  153 22:05:26     -426.194999        2.253972
FIRE:  154 22:05:32     -426.195003        2.253971
FIRE:  155 22:05:38     -426.194998        2.253972
FIRE:  156 22:05:43     -426.195001        2.253972
FIRE:  157 22:05:49     -426.194998        2.380624
FIRE:  158 22:05:55     -426.194999        2.380624
FIRE:  159 22:06:00     -426.195000        2.253972
FIRE:  160 22:06:06     -426.194997        2.380624
FIRE:  161 22:06:11     -426.194998        2.253972
FIRE:  162 22:06:17     -426.195000        2.253972
FIRE:  163 22:06:23     -426.195003        2.380625
FIRE:  164 22:06:28     -426.194998        2.380624
FIRE:  165 22:06:34     -426.194997        2.253972
FIRE:  166 22:06:40     -426.194998        2.253972
FIRE:  167 22:06:45     -426.194998        2.253972
FIRE:  168 22:06:49     -426.194997        2.253972
FIRE:  169 22:06:53     -426.195002        2.380624
FIRE:  170 22:06:57     -426.194997        2.380624
FIRE:  171 22:06:59     -426.194997        2.380624
FIRE:  172 22:07:01     -426.195002        2.253972
FIRE:  173 22:07:07     -426.195001        2.253972
FIRE:  174 22:07:12     -426.195000        2.253972
FIRE:  175 22:07:18     -426.195001        2.253972
FIRE:  176 22:07:23     -426.194999        2.380624
FIRE:  177 22:07:29     -426.195002        2.380625
FIRE:  178 22:07:35     -426.194996        2.380624
FIRE:  179 22:07:40     -426.195001        2.380624
FIRE:  180 22:07:45     -426.195000        2.253972
FIRE:  181 22:07:51     -426.194998        2.253972
FIRE:  182 22:07:57     -426.195001        2.253972
FIRE:  183 22:08:02     -426.194997        2.253972
FIRE:  184 22:08:08     -426.194999        2.380624
FIRE:  185 22:08:14     -426.195001        2.380624
FIRE:  186 22:08:20     -426.194996        2.380624
FIRE:  187 22:08:25     -426.194998        2.253972
FIRE:  188 22:08:31     -426.195002        2.253972
FIRE:  189 22:08:37     -426.195001        2.253972
FIRE:  190 22:08:42     -426.195002        2.380624
FIRE:  191 22:08:47     -426.195001        2.380624
FIRE:  192 22:08:51     -426.194994        2.253972
FIRE:  193 22:08:56     -426.195000        2.253972
FIRE:  194 22:08:59     -426.194997        2.253972
FIRE:  195 22:09:01     -426.194998        2.253971
FIRE:  196 22:09:04     -426.194998        2.380624
FIRE:  197 22:09:07     -426.194999        2.380624
FIRE:  198 22:09:13     -426.194997        2.380624
FIRE:  199 22:09:19     -426.194997        2.380624
FIRE:  200 22:09:25     -426.195000        2.380624
FIRE:  201 22:09:30     -426.195003        2.380624
FIRE:  202 22:09:36     -426.194997        2.380624
FIRE:  203 22:09:43     -426.195004        2.380625
FIRE:  204 22:09:48     -426.194993        2.253971
FIRE:  205 22:09:54     -426.195001        2.253972
FIRE:  206 22:10:01     -426.195000        2.253972
FIRE:  207 22:10:05     -426.195000        2.253972
FIRE:  208 22:10:12     -426.194999        2.253972
FIRE:  209 22:10:18     -426.195000        2.253972
FIRE:  210 22:10:24     -426.194996        2.253972
FIRE:  211 22:10:29     -426.195003        2.253972
FIRE:  212 22:10:35     -426.195003        2.253972
FIRE:  213 22:10:42     -426.194999        2.253972
FIRE:  214 22:10:46     -426.195002        2.253972
FIRE:  215 22:10:51     -426.195001        2.253972
FIRE:  216 22:10:55     -426.195000        2.253972
FIRE:  217 22:10:59     -426.194998        2.253972
FIRE:  218 22:11:02     -426.195002        2.380624
FIRE:  219 22:11:04     -426.194998        2.380624
FIRE:  220 22:11:06     -426.195000        2.380624
FIRE:  221 22:11:10     -426.194997        2.380624
FIRE:  222 22:11:16     -426.194992        2.380624
FIRE:  223 22:11:23     -426.195002        2.380625
FIRE:  224 22:11:29     -426.195002        2.380624
FIRE:  225 22:11:33     -426.194994        2.380624
FIRE:  226 22:11:39     -426.194999        2.380624
FIRE:  227 22:11:46     -426.194997        2.380624
FIRE:  228 22:11:51     -426.195001        2.380624
FIRE:  229 22:11:56     -426.195000        2.380624
FIRE:  230 22:12:02     -426.195000        2.380624
FIRE:  231 22:12:09     -426.194995        2.253972
FIRE:  232 22:12:14     -426.194999        2.253972
FIRE:  233 22:12:19     -426.194997        2.253972
FIRE:  234 22:12:25     -426.194999        2.253972
FIRE:  235 22:12:31     -426.195001        2.253972
FIRE:  236 22:12:36     -426.194999        2.253972
FIRE:  237 22:12:41     -426.195000        2.253972
FIRE:  238 22:12:47     -426.195000        2.253972
FIRE:  239 22:12:54     -426.194996        2.253972
FIRE:  240 22:12:59     -426.195001        2.253972
FIRE:  241 22:13:03     -426.194999        2.253972
FIRE:  242 22:13:08     -426.195001        2.253972
FIRE:  243 22:13:12     -426.194999        2.253972
FIRE:  244 22:13:16     -426.194999        2.253972
FIRE:  245 22:13:19     -426.194999        2.253972
FIRE:  246 22:13:21     -426.194999        2.253972
FIRE:  247 22:13:24     -426.194999        2.380624
FIRE:  248 22:13:27     -426.194995        2.380624
FIRE:  249 22:13:34     -426.195000        2.380623
FIRE:  250 22:13:40     -426.194999        2.380624
FIRE:  251 22:13:45     -426.195001        2.380624
FIRE:  252 22:13:51     -426.194996        2.380624
FIRE:  253 22:13:57     -426.194995        2.380624
FIRE:  254 22:14:04     -426.194997        2.380624
FIRE:  255 22:14:08     -426.194997        2.380624
FIRE:  256 22:14:14     -426.194999        2.380624
FIRE:  257 22:14:20     -426.194997        2.380623
FIRE:  258 22:14:26     -426.195001        2.380624
FIRE:  259 22:14:31     -426.195000        2.380624
FIRE:  260 22:14:37     -426.195001        2.253972
FIRE:  261 22:14:43     -426.194998        2.253971
FIRE:  262 22:14:48     -426.195001        2.253972
FIRE:  263 22:14:54     -426.195000        2.253972
FIRE:  264 22:15:00     -426.194998        2.253972
FIRE:  265 22:15:06     -426.195001        2.253972
FIRE:  266 22:15:11     -426.194998        2.253972
FIRE:  267 22:15:15     -426.195002        2.253972
FIRE:  268 22:15:20     -426.194996        2.253972
FIRE:  269 22:15:24     -426.195001        2.253972
FIRE:  270 22:15:26     -426.195002        2.253972
FIRE:  271 22:15:29     -426.195000        2.253972
FIRE:  272 22:15:31     -426.195001        2.253972
FIRE:  273 22:15:34     -426.195001        2.253972
FIRE:  274 22:15:40     -426.194995        2.253972
FIRE:  275 22:15:46     -426.195000        2.380624
FIRE:  276 22:15:51     -426.195000        2.380624
FIRE:  277 22:15:57     -426.195001        2.380624
FIRE:  278 22:16:03     -426.195000        2.380624
FIRE:  279 22:16:09     -426.195001        2.380624
FIRE:  280 22:16:15     -426.195001        2.380624
FIRE:  281 22:16:21     -426.195001        2.380624
FIRE:  282 22:16:26     -426.194999        2.380623
FIRE:  283 22:16:32     -426.194999        2.380624
FIRE:  284 22:16:38     -426.195001        2.380624
FIRE:  285 22:16:44     -426.195002        2.380624
FIRE:  286 22:16:50     -426.194999        2.380624
FIRE:  287 22:16:56     -426.195003        2.380624
FIRE:  288 22:17:01     -426.195001        2.253972
FIRE:  289 22:17:06     -426.194997        2.253972
FIRE:  290 22:17:10     -426.195001        2.253972
FIRE:  291 22:17:15     -426.194996        2.253971
FIRE:  292 22:17:18     -426.194996        2.253972
FIRE:  293 22:17:20     -426.194996        2.253971
FIRE:  294 22:17:22     -426.195005        2.253972
FIRE:  295 22:17:25     -426.195000        2.253972
FIRE:  296 22:17:31     -426.194996        2.253972
FIRE:  297 22:17:37     -426.195001        2.253972
FIRE:  298 22:17:43     -426.194998        2.253972
FIRE:  299 22:17:48     -426.195001        2.253972
FIRE:  300 22:17:53     -426.194996        2.253972
FIRE:  301 22:17:59     -426.194995        2.253971
FIRE:  302 22:18:05     -426.195000        2.253972
FIRE:  303 22:18:11     -426.195000        2.253972
FIRE:  304 22:18:16     -426.194995        2.380624
FIRE:  305 22:18:22     -426.194996        2.380624
FIRE:  306 22:18:28     -426.194998        2.380624
FIRE:  307 22:18:34     -426.194999        2.380624
FIRE:  308 22:18:40     -426.195003        2.380624
FIRE:  309 22:18:44     -426.195000        2.380624
FIRE:  310 22:18:50     -426.194996        2.380624
FIRE:  311 22:18:57     -426.195000        2.380624
FIRE:  312 22:19:03     -426.194997        2.380624
FIRE:  313 22:19:08     -426.195000        2.380624
FIRE:  314 22:19:13     -426.194999        2.380624
FIRE:  315 22:19:19     -426.195004        2.380624
FIRE:  316 22:19:26     -426.194999        2.380624
FIRE:  317 22:19:31     -426.194996        2.253972
FIRE:  318 22:19:36     -426.194996        2.253972
FIRE:  319 22:19:40     -426.195000        2.253972
FIRE:  320 22:19:45     -426.195003        2.253972
FIRE:  321 22:19:49     -426.195000        2.253972
FIRE:  322 22:19:52     -426.194994        2.253971
FIRE:  323 22:19:54     -426.195000        2.253972
FIRE:  324 22:19:56     -426.194999        2.253972
FIRE:  325 22:19:59     -426.194998        2.253972
FIRE:  326 22:20:05     -426.194995        2.253972
FIRE:  327 22:20:11     -426.194995        2.253971
FIRE:  328 22:20:18     -426.194997        2.253972
FIRE:  329 22:20:23     -426.195000        2.253972
FIRE:  330 22:20:29     -426.194999        2.253972
FIRE:  331 22:20:35     -426.194998        2.253972
FIRE:  332 22:20:41     -426.195001        2.380624
FIRE:  333 22:20:47     -426.194997        2.380624
FIRE:  334 22:20:54     -426.195000        2.380624
FIRE:  335 22:20:59     -426.195002        2.380624
FIRE:  336 22:21:05     -426.195000        2.380624
FIRE:  337 22:21:11     -426.194997        2.380624
FIRE:  338 22:21:16     -426.195004        2.380625
FIRE:  339 22:21:22     -426.194995        2.380624
FIRE:  340 22:21:29     -426.194999        2.380625
FIRE:  341 22:21:34     -426.194998        2.380624
FIRE:  342 22:21:38     -426.195002        2.380624
FIRE:  343 22:21:43     -426.195001        2.380624
FIRE:  344 22:21:47     -426.195000        2.380624
FIRE:  345 22:21:50     -426.194998        2.253972
FIRE:  346 22:21:52     -426.195002        2.253972
FIRE:  347 22:21:54     -426.194998        2.253972
FIRE:  348 22:21:58     -426.194998        2.253972
FIRE:  349 22:22:04     -426.195004        2.253972
FIRE:  350 22:22:10     -426.194998        2.253972
FIRE:  351 22:22:16     -426.195001        2.253972
FIRE:  352 22:22:20     -426.195000        2.253972
FIRE:  353 22:22:26     -426.194999        2.253972
FIRE:  354 22:22:32     -426.194996        2.253972
FIRE:  355 22:22:39     -426.194997        2.253972
FIRE:  356 22:22:43     -426.195002        2.253972
FIRE:  357 22:22:49     -426.195000        2.253972
FIRE:  358 22:22:56     -426.195001        2.253972
FIRE:  359 22:23:01     -426.195000        2.253972
FIRE:  360 22:23:05     -426.195001        2.253972
FIRE:  361 22:23:12     -426.194999        2.253972
FIRE:  362 22:23:18     -426.194998        2.380624
FIRE:  363 22:23:23     -426.195002        2.380624
FIRE:  364 22:23:29     -426.195000        2.380624
FIRE:  365 22:23:36     -426.194998        2.380624
FIRE:  366 22:23:41     -426.194996        2.380624
FIRE:  367 22:23:46     -426.194998        2.380624
FIRE:  368 22:23:50     -426.194997        2.380624
FIRE:  369 22:23:55     -426.194997        2.380624
FIRE:  370 22:23:58     -426.194996        2.380624
FIRE:  371 22:24:01     -426.194998        2.380624
FIRE:  372 22:24:03     -426.195000        2.380624
FIRE:  373 22:24:06     -426.194997        2.380624
FIRE:  374 22:24:11     -426.194999        2.253972
FIRE:  375 22:24:17     -426.195000        2.253972
FIRE:  376 22:24:23     -426.194995        2.253971
FIRE:  377 22:24:28     -426.194999        2.253972
FIRE:  378 22:24:33     -426.194998        2.253972
FIRE:  379 22:24:40     -426.194996        2.253972
FIRE:  380 22:24:46     -426.194999        2.253972
FIRE:  381 22:24:50     -426.194998        2.253972
FIRE:  382 22:24:57     -426.194997        2.253972
FIRE:  383 22:25:03     -426.195002        2.253972
FIRE:  384 22:25:08     -426.195001        2.253972
FIRE:  385 22:25:15     -426.194999        2.253972
FIRE:  386 22:25:21     -426.195001        2.253972
FIRE:  387 22:25:27     -426.194998        2.253972
FIRE:  388 22:25:32     -426.194999        2.253972
FIRE:  389 22:25:38     -426.194999        2.380624
FIRE:  390 22:25:44     -426.194996        2.380624
FIRE:  391 22:25:49     -426.195000        2.380624
FIRE:  392 22:25:53     -426.194996        2.380624
FIRE:  393 22:25:58     -426.194998        2.380624
FIRE:  394 22:26:02     -426.194998        2.380624
FIRE:  395 22:26:05     -426.194998        2.380624
FIRE:  396 22:26:07     -426.194998        2.380624
FIRE:  397 22:26:09     -426.195000        2.380624
FIRE:  398 22:26:13     -426.195000        2.380625
FIRE:  399 22:26:19     -426.194996        2.380624
FIRE:  400 22:26:26     -426.194997        2.380624
FIRE:  401 22:26:31     -426.195000        2.380624
FIRE:  402 22:26:36     -426.195000        2.253972
FIRE:  403 22:26:42     -426.195000        2.253972
FIRE:  404 22:26:49     -426.194995        2.253972
FIRE:  405 22:26:53     -426.195002        2.253972
FIRE:  406 22:26:59     -426.194999        2.253972
FIRE:  407 22:27:05     -426.194997        2.253972
FIRE:  408 22:27:11     -426.194998        2.253972
FIRE:  409 22:27:15     -426.195004        2.253972
FIRE:  410 22:27:21     -426.194997        2.253972
FIRE:  411 22:27:27     -426.195000        2.253972
FIRE:  412 22:27:34     -426.195000        2.253972
FIRE:  413 22:27:38     -426.195002        2.253972
FIRE:  414 22:27:44     -426.194999        2.253972
FIRE:  415 22:27:50     -426.194996        2.253972
FIRE:  416 22:27:56     -426.194997        2.253971
FIRE:  417 22:28:00     -426.195001        2.253972
FIRE:  418 22:28:04     -426.195000        2.380624
FIRE:  419 22:28:09     -426.194998        2.380625
FIRE:  420 22:28:13     -426.195000        2.380624
FIRE:  421 22:28:16     -426.195002        2.380624
FIRE:  422 22:28:18     -426.194998        2.380624
FIRE:  423 22:28:21     -426.194998        2.380624
FIRE:  424 22:28:24     -426.195002        2.380624
FIRE:  425 22:28:30     -426.194999        2.380624
FIRE:  426 22:28:36     -426.194996        2.380623
FIRE:  427 22:28:42     -426.194998        2.380624
FIRE:  428 22:28:46     -426.194997        2.380624
FIRE:  429 22:28:53     -426.194998        2.380624
FIRE:  430 22:28:59     -426.195001        2.380624
FIRE:  431 22:29:05     -426.195004        2.253972
FIRE:  432 22:29:09     -426.194997        2.253972
FIRE:  433 22:29:15     -426.194999        2.253972
FIRE:  434 22:29:22     -426.195002        2.253972
FIRE:  435 22:29:27     -426.195001        2.253972
FIRE:  436 22:29:32     -426.194999        2.253972
FIRE:  437 22:29:38     -426.194995        2.253972
FIRE:  438 22:29:45     -426.195001        2.253972
FIRE:  439 22:29:50     -426.194999        2.253972
FIRE:  440 22:29:55     -426.194994        2.253971
FIRE:  441 22:30:01     -426.195001        2.253972
FIRE:  442 22:30:07     -426.195001        2.253972
FIRE:  443 22:30:12     -426.194999        2.253972
FIRE:  444 22:30:17     -426.195000        2.253972
FIRE:  445 22:30:21     -426.194996        2.253971
FIRE:  446 22:30:26     -426.194999        2.253972
FIRE:  447 22:30:29     -426.194998        2.380624
FIRE:  448 22:30:31     -426.195001        2.380624
FIRE:  449 22:30:34     -426.195001        2.380624
FIRE:  450 22:30:36     -426.194999        2.380624
FIRE:  451 22:30:42     -426.194999        2.380624
FIRE:  452 22:30:48     -426.194999        2.380625
FIRE:  453 22:30:54     -426.194999        2.380624
FIRE:  454 22:30:59     -426.194998        2.380624
FIRE:  455 22:31:05     -426.194999        2.380624
FIRE:  456 22:31:12     -426.194997        2.380624
FIRE:  457 22:31:17     -426.194996        2.380624
FIRE:  458 22:31:23     -426.194998        2.380624
FIRE:  459 22:31:30     -426.194994        2.253972
FIRE:  460 22:31:34     -426.195001        2.253972
FIRE:  461 22:31:41     -426.194997        2.253972
FIRE:  462 22:31:47     -426.195004        2.253972
FIRE:  463 22:31:52     -426.194997        2.253972
FIRE:  464 22:31:58     -426.194998        2.253972
FIRE:  465 22:32:04     -426.194998        2.253972
FIRE:  466 22:32:10     -426.195001        2.253972
FIRE:  467 22:32:15     -426.195001        2.253972
FIRE:  468 22:32:19     -426.194996        2.253972
FIRE:  469 22:32:24     -426.195002        2.253972
FIRE:  470 22:32:27     -426.195000        2.253972
FIRE:  471 22:32:29     -426.195000        2.253972
FIRE:  472 22:32:32     -426.194998        2.253972
FIRE:  473 22:32:34     -426.195001        2.253972
FIRE:  474 22:32:40     -426.194998        2.253972
FIRE:  475 22:32:46     -426.194998        2.380624
FIRE:  476 22:32:52     -426.195000        2.380625
FIRE:  477 22:32:57     -426.194998        2.380624
FIRE:  478 22:33:02     -426.194999        2.380624
FIRE:  479 22:33:09     -426.195000        2.380624
FIRE:  480 22:33:15     -426.194999        2.380624
FIRE:  481 22:33:19     -426.195001        2.380624
FIRE:  482 22:33:25     -426.195000        2.380624
FIRE:  483 22:33:31     -426.194997        2.380624
FIRE:  484 22:33:38     -426.194997        2.380624
FIRE:  485 22:33:42     -426.194993        2.380624
FIRE:  486 22:33:48     -426.194996        2.380624
FIRE:  487 22:33:54     -426.194999        2.380624
FIRE:  488 22:34:00     -426.194996        2.253972
FIRE:  489 22:34:04     -426.195000        2.253972
FIRE:  490 22:34:10     -426.195003        2.253972
FIRE:  491 22:34:16     -426.195000        2.253972
FIRE:  492 22:34:23     -426.195003        2.253972
FIRE:  493 22:34:26     -426.194999        2.253972
FIRE:  494 22:34:31     -426.195001        2.253972
FIRE:  495 22:34:35     -426.194997        2.253972
FIRE:  496 22:34:40     -426.195001        2.253972
FIRE:  497 22:34:43     -426.194997        2.253972
FIRE:  498 22:34:45     -426.194996        2.253972
FIRE:  499 22:34:48     -426.195001        2.253972
FIRE:  500 22:34:50     -426.195003        2.253972
FIRE:  501 22:34:55     -426.194996        2.253972
FIRE:  502 22:35:01     -426.194996        2.253972
FIRE:  503 22:35:07     -426.194997        2.253971
FIRE:  504 22:35:13     -426.194999        2.253972
FIRE:  505 22:35:17     -426.195001        2.380624
FIRE:  506 22:35:24     -426.194998        2.380625
FIRE:  507 22:35:30     -426.194999        2.380624
FIRE:  508 22:35:36     -426.194999        2.380624
FIRE:  509 22:35:40     -426.194999        2.380624
FIRE:  510 22:35:47     -426.194997        2.380624
FIRE:  511 22:35:53     -426.195000        2.380624
FIRE:  512 22:35:59     -426.195000        2.380624
FIRE:  513 22:36:03     -426.195001        2.380625
FIRE:  514 22:36:10     -426.194998        2.380624
FIRE:  515 22:36:16     -426.194999        2.380624
FIRE:  516 22:36:22     -426.195000        2.380624
FIRE:  517 22:36:26     -426.194996        2.253971
FIRE:  518 22:36:33     -426.195001        2.253972
FIRE:  519 22:36:39     -426.194999        2.253972
FIRE:  520 22:36:45     -426.194999        2.253972
FIRE:  521 22:36:50     -426.194999        2.253972
FIRE:  522 22:36:54     -426.194997        2.253972
FIRE:  523 22:36:59     -426.195000        2.253972
FIRE:  524 22:37:03     -426.194995        2.253971
FIRE:  525 22:37:07     -426.195000        2.253972
FIRE:  526 22:37:10     -426.194998        2.253972
FIRE:  527 22:37:12     -426.194999        2.253972
FIRE:  528 22:37:15     -426.195000        2.253972
FIRE:  529 22:37:20     -426.194999        2.253972
FIRE:  530 22:37:26     -426.195000        2.253972
FIRE:  531 22:37:33     -426.195000        2.253972
FIRE:  532 22:37:37     -426.195000        2.380624
FIRE:  533 22:37:44     -426.195000        2.380623
FIRE:  534 22:37:50     -426.195001        2.380624
FIRE:  535 22:37:56     -426.194999        2.380624
FIRE:  536 22:38:00     -426.194997        2.380624
FIRE:  537 22:38:07     -426.194998        2.380624
FIRE:  538 22:38:13     -426.195000        2.380624
FIRE:  539 22:38:19     -426.195002        2.380624
FIRE:  540 22:38:24     -426.194999        2.380624
FIRE:  541 22:38:30     -426.194999        2.380624
FIRE:  542 22:38:36     -426.194998        2.380624
FIRE:  543 22:38:41     -426.195001        2.380624
FIRE:  544 22:38:47     -426.195000        2.380624
FIRE:  545 22:38:53     -426.194999        2.253972
FIRE:  546 22:39:00     -426.194997        2.253972
FIRE:  547 22:39:04     -426.195001        2.253972
FIRE:  548 22:39:09     -426.194997        2.253972
FIRE:  549 22:39:14     -426.195005        2.253972
FIRE:  550 22:39:18     -426.194998        2.253972
FIRE:  551 22:39:21     -426.195000        2.253972
FIRE:  552 22:39:23     -426.194999        2.253972
FIRE:  553 22:39:26     -426.194999        2.253972
FIRE:  554 22:39:28     -426.194994        2.253972
FIRE:  555 22:39:34     -426.194996        2.253972
FIRE:  556 22:39:40     -426.194998        2.253972
FIRE:  557 22:39:47     -426.195000        2.253972
FIRE:  558 22:39:51     -426.194996        2.253972
FIRE:  559 22:39:57     -426.195000        2.253972
FIRE:  560 22:40:03     -426.195000        2.253972
FIRE:  561 22:40:10     -426.194996        2.380624
FIRE:  562 22:40:14     -426.195001        2.380624
FIRE:  563 22:40:19     -426.194998        2.380624
FIRE:  564 22:40:25     -426.194998        2.380624
FIRE:  565 22:40:32     -426.195002        2.380624
FIRE:  566 22:40:37     -426.194999        2.380624
FIRE:  567 22:40:42     -426.194998        2.380625
FIRE:  568 22:40:48     -426.195003        2.380624
FIRE:  569 22:40:55     -426.194998        2.380624
FIRE:  570 22:41:00     -426.195003        2.380625
FIRE:  571 22:41:05     -426.195001        2.380624
FIRE:  572 22:41:11     -426.194999        2.380624
FIRE:  573 22:41:17     -426.194997        2.380624
FIRE:  574 22:41:22     -426.194995        2.253972
FIRE:  575 22:41:27     -426.195002        2.253972
FIRE:  576 22:41:31     -426.194995        2.253972
FIRE:  577 22:41:36     -426.195001        2.253972
FIRE:  578 22:41:40     -426.194998        2.253972
FIRE:  579 22:41:42     -426.195001        2.253972
FIRE:  580 22:41:45     -426.195000        2.253972
FIRE:  581 22:41:48     -426.194999        2.253972
FIRE:  582 22:41:52     -426.195001        2.253972
FIRE:  583 22:41:59     -426.194999        2.253972
FIRE:  584 22:42:05     -426.194998        2.253972
FIRE:  585 22:42:10     -426.195003        2.253972
FIRE:  586 22:42:16     -426.195001        2.253972
FIRE:  587 22:42:23     -426.194999        2.253972
FIRE:  588 22:42:28     -426.195004        2.253972
FIRE:  589 22:42:34     -426.194997        2.380623
FIRE:  590 22:42:40     -426.194998        2.380624
FIRE:  591 22:42:46     -426.194998        2.380624
FIRE:  592 22:42:51     -426.194998        2.380624
FIRE:  593 22:42:58     -426.195000        2.380624
FIRE:  594 22:43:04     -426.195000        2.380624
FIRE:  595 22:43:09     -426.195000        2.380624
FIRE:  596 22:43:15     -426.194998        2.380624
FIRE:  597 22:43:22     -426.194999        2.380624
FIRE:  598 22:43:26     -426.194996        2.380624
FIRE:  599 22:43:31     -426.195002        2.380624
FIRE:  600 22:43:36     -426.194996        2.380624
FIRE:  601 22:43:40     -426.194999        2.380624
FIRE:  602 22:43:43     -426.195000        2.253972
FIRE:  603 22:43:45     -426.195000        2.253972
FIRE:  604 22:43:48     -426.195004        2.253972
FIRE:  605 22:43:50     -426.194997        2.253972
FIRE:  606 22:43:52     -426.194998        2.253972
FIRE:  607 22:43:55     -426.194996        2.253971
FIRE:  608 22:43:57     -426.194996        2.253972
FIRE:  609 22:43:59     -426.195000        2.253972
FIRE:  610 22:44:01     -426.195002        2.253972
FIRE:  611 22:44:04     -426.195001        2.253972
FIRE:  612 22:44:06     -426.194999        2.253972
FIRE:  613 22:44:08     -426.195001        2.253972
FIRE:  614 22:44:11     -426.194997        2.253972
FIRE:  615 22:44:17     -426.195002        2.253972
FIRE:  616 22:44:23     -426.194998        2.253972
FIRE:  617 22:44:29     -426.194997        2.253972
FIRE:  618 22:44:35     -426.194998        2.380624
FIRE:  619 22:44:41     -426.195000        2.380624
FIRE:  620 22:44:46     -426.194995        2.380624
FIRE:  621 22:44:48     -426.194998        2.380624
FIRE:  622 22:44:51     -426.195001        2.380625
FIRE:  623 22:44:53     -426.194998        2.380624
FIRE:  624 22:44:55     -426.194997        2.380624
FIRE:  625 22:44:58     -426.194996        2.380624
FIRE:  626 22:45:00     -426.195004        2.380624
FIRE:  627 22:45:02     -426.194999        2.380624
FIRE:  628 22:45:05     -426.195001        2.380624
FIRE:  629 22:45:07     -426.195001        2.380625
FIRE:  630 22:45:10     -426.195000        2.380624
FIRE:  631 22:45:13     -426.194997        2.253972
FIRE:  632 22:45:15     -426.194999        2.253972
FIRE:  633 22:45:18     -426.194995        2.253971
FIRE:  634 22:45:20     -426.194998        2.253972
FIRE:  635 22:45:23     -426.195000        2.253972
FIRE:  636 22:45:25     -426.195000        2.253972
FIRE:  637 22:45:28     -426.194997        2.253971
FIRE:  638 22:45:30     -426.194998        2.253972
FIRE:  639 22:45:33     -426.194999        2.253972
FIRE:  640 22:45:35     -426.194998        2.253972
FIRE:  641 22:45:37     -426.195000        2.253972
FIRE:  642 22:45:40     -426.195004        2.253972
FIRE:  643 22:45:42     -426.194998        2.253972
FIRE:  644 22:45:47     -426.194999        2.253972
FIRE:  645 22:45:54     -426.195001        2.253972
FIRE:  646 22:46:00     -426.194998        2.380624
FIRE:  647 22:46:06     -426.194999        2.380625
FIRE:  648 22:46:13     -426.195001        2.380625
FIRE:  649 22:46:19     -426.194998        2.380624
FIRE:  650 22:46:25     -426.195003        2.380624
FIRE:  651 22:46:32     -426.194997        2.380624
FIRE:  652 22:46:38     -426.194996        2.380624
FIRE:  653 22:46:43     -426.194996        2.380624
FIRE:  654 22:46:49     -426.195001        2.380624
FIRE:  655 22:46:53     -426.194997        2.380624
FIRE:  656 22:46:58     -426.194998        2.380624
FIRE:  657 22:47:04     -426.195002        2.380624
FIRE:  658 22:47:11     -426.194998        2.380625
FIRE:  659 22:47:17     -426.195001        2.253972
FIRE:  660 22:47:24     -426.194998        2.253972
FIRE:  661 22:47:30     -426.194996        2.253972
FIRE:  662 22:47:36     -426.194998        2.253972
FIRE:  663 22:47:42     -426.194999        2.253972
FIRE:  664 22:47:48     -426.194997        2.253972
FIRE:  665 22:47:54     -426.194998        2.253972
FIRE:  666 22:47:59     -426.194999        2.253972
FIRE:  667 22:48:04     -426.195000        2.253972
FIRE:  668 22:48:09     -426.194994        2.253972
FIRE:  669 22:48:15     -426.195001        2.253972
FIRE:  670 22:48:21     -426.194997        2.253972
FIRE:  671 22:48:28     -426.195000        2.253972
FIRE:  672 22:48:34     -426.194998        2.253972
FIRE:  673 22:48:40     -426.195000        2.253972
FIRE:  674 22:48:47     -426.194999        2.253972
FIRE:  675 22:48:53     -426.194999        2.253972
FIRE:  676 22:48:59     -426.194999        2.380624
FIRE:  677 22:49:05     -426.194997        2.380624
FIRE:  678 22:49:10     -426.194994        2.380624
FIRE:  679 22:49:16     -426.194997        2.380624
FIRE:  680 22:49:20     -426.195003        2.380624
FIRE:  681 22:49:25     -426.194996        2.380624
FIRE:  682 22:49:32     -426.194997        2.380624
FIRE:  683 22:49:38     -426.195000        2.380624
FIRE:  684 22:49:44     -426.194997        2.380624
FIRE:  685 22:49:51     -426.195001        2.380624
FIRE:  686 22:49:57     -426.195001        2.380624
FIRE:  687 22:50:03     -426.195003        2.380624
FIRE:  688 22:50:10     -426.194994        2.253972
FIRE:  689 22:50:16     -426.195000        2.253972
FIRE:  690 22:50:21     -426.194999        2.253972
FIRE:  691 22:50:27     -426.195003        2.253972
FIRE:  692 22:50:32     -426.195000        2.253972
FIRE:  693 22:50:38     -426.195002        2.253972
FIRE:  694 22:50:44     -426.195002        2.253972
FIRE:  695 22:50:51     -426.194996        2.253971
FIRE:  696 22:50:55     -426.195002        2.253972
FIRE:  697 22:51:00     -426.195000        2.253972
FIRE:  698 22:51:07     -426.195002        2.253972
FIRE:  699 22:51:13     -426.194995        2.253972
FIRE:  700 22:51:19     -426.194998        2.253972
FIRE:  701 22:51:26     -426.194999        2.253972
FIRE:  702 22:51:32     -426.194998        2.253972
FIRE:  703 22:51:38     -426.195001        2.380624
FIRE:  704 22:51:44     -426.194998        2.380624
FIRE:  705 22:51:50     -426.194999        2.380624
FIRE:  706 22:51:56     -426.194999        2.380624
FIRE:  707 22:52:01     -426.195001        2.380624
FIRE:  708 22:52:06     -426.194997        2.380624
FIRE:  709 22:52:10     -426.194998        2.380624
FIRE:  710 22:52:14     -426.194996        2.380624
FIRE:  711 22:52:19     -426.194998        2.380624
FIRE:  712 22:52:24     -426.195002        2.380624
FIRE:  713 22:52:26     -426.195004        2.380625
FIRE:  714 22:52:28     -426.194999        2.380624
FIRE:  715 22:52:31     -426.194999        2.380624
FIRE:  716 22:52:34     -426.194996        2.253972
FIRE:  717 22:52:40     -426.195000        2.253972
FIRE:  718 22:52:46     -426.194997        2.253972
FIRE:  719 22:52:53     -426.194996        2.253971
FIRE:  720 22:52:59     -426.194996        2.253972
FIRE:  721 22:53:05     -426.194995        2.253971
FIRE:  722 22:53:09     -426.195001        2.253972
FIRE:  723 22:53:15     -426.194996        2.253971
FIRE:  724 22:53:21     -426.194996        2.253972
FIRE:  725 22:53:27     -426.194998        2.253972
FIRE:  726 22:53:33     -426.194998        2.253971
FIRE:  727 22:53:39     -426.194998        2.253972
FIRE:  728 22:53:44     -426.194995        2.253972
FIRE:  729 22:53:50     -426.194998        2.253972
FIRE:  730 22:53:56     -426.195002        2.253972
FIRE:  731 22:54:02     -426.194998        2.253972
FIRE:  732 22:54:08     -426.194998        2.380623
FIRE:  733 22:54:14     -426.195002        2.380624
FIRE:  734 22:54:19     -426.194999        2.380624
FIRE:  735 22:54:24     -426.194999        2.380624
FIRE:  736 22:54:30     -426.195003        2.380624
FIRE:  737 22:54:36     -426.195000        2.380624
FIRE:  738 22:54:42     -426.194999        2.380624
FIRE:  739 22:54:48     -426.195002        2.380625
FIRE:  740 22:54:54     -426.194999        2.380624
FIRE:  741 22:54:58     -426.194999        2.380624
FIRE:  742 22:55:04     -426.194999        2.380624
FIRE:  743 22:55:10     -426.194999        2.380624
FIRE:  744 22:55:17     -426.195002        2.380624
FIRE:  745 22:55:22     -426.194998        2.253972
FIRE:  746 22:55:29     -426.195002        2.253972
FIRE:  747 22:55:33     -426.194995        2.253972
FIRE:  748 22:55:38     -426.195001        2.253972
FIRE:  749 22:55:43     -426.195001        2.253972
FIRE:  750 22:55:47     -426.195002        2.253972
FIRE:  751 22:55:51     -426.194998        2.253972
FIRE:  752 22:55:53     -426.195002        2.253972
FIRE:  753 22:55:55     -426.195004        2.253972
FIRE:  754 22:55:58     -426.195005        2.253972
FIRE:  755 22:56:03     -426.194998        2.253972
FIRE:  756 22:56:09     -426.194995        2.253972
FIRE:  757 22:56:15     -426.194999        2.253972
FIRE:  758 22:56:21     -426.195004        2.253972
FIRE:  759 22:56:25     -426.194995        2.253972
FIRE:  760 22:56:32     -426.194999        2.253972
FIRE:  761 22:56:37     -426.195003        2.380625
FIRE:  762 22:56:44     -426.194997        2.380624
FIRE:  763 22:56:49     -426.195002        2.380624
FIRE:  764 22:56:54     -426.194998        2.380624
FIRE:  765 22:57:00     -426.195000        2.380625
FIRE:  766 22:57:07     -426.194995        2.380624
FIRE:  767 22:57:12     -426.194999        2.380625
FIRE:  768 22:57:16     -426.194999        2.380624
FIRE:  769 22:57:23     -426.194995        2.380624
FIRE:  770 22:57:29     -426.195001        2.380625
FIRE:  771 22:57:35     -426.195002        2.380624
FIRE:  772 22:57:39     -426.195004        2.380624
FIRE:  773 22:57:45     -426.194998        2.253972
FIRE:  774 22:57:51     -426.194996        2.253972
FIRE:  775 22:57:58     -426.194999        2.253972
FIRE:  776 22:58:03     -426.195000        2.253972
FIRE:  777 22:58:07     -426.195002        2.253972
FIRE:  778 22:58:12     -426.195000        2.253972
FIRE:  779 22:58:16     -426.194999        2.253972
FIRE:  780 22:58:20     -426.195002        2.253972
FIRE:  781 22:58:23     -426.194998        2.253972
FIRE:  782 22:58:25     -426.194998        2.253972
FIRE:  783 22:58:28     -426.195005        2.253972
FIRE:  784 22:58:33     -426.195000        2.253972
FIRE:  785 22:58:39     -426.195003        2.253972
FIRE:  786 22:58:46     -426.195001        2.253972
FIRE:  787 22:58:50     -426.194998        2.253972
FIRE:  788 22:58:56     -426.195003        2.253972
FIRE:  789 22:59:03     -426.194999        2.380624
FIRE:  790 22:59:08     -426.194999        2.380624
FIRE:  791 22:59:13     -426.195000        2.380624
FIRE:  792 22:59:19     -426.194998        2.380624
FIRE:  793 22:59:26     -426.194996        2.380623
FIRE:  794 22:59:31     -426.195000        2.380624
FIRE:  795 22:59:37     -426.194999        2.380624
FIRE:  796 22:59:43     -426.194998        2.380623
FIRE:  797 22:59:49     -426.194997        2.380625
FIRE:  798 22:59:54     -426.194999        2.380624
FIRE:  799 23:00:00     -426.194999        2.380625
FIRE:  800 23:00:07     -426.194999        2.380624
FIRE:  801 23:00:12     -426.194998        2.380625
FIRE:  802 23:00:17     -426.194998        2.253972
FIRE:  803 23:00:21     -426.194996        2.253972
FIRE:  804 23:00:26     -426.194998        2.253972
FIRE:  805 23:00:29     -426.195002        2.253972
FIRE:  806 23:00:31     -426.195000        2.253972
FIRE:  807 23:00:33     -426.194999        2.253972
FIRE:  808 23:00:36     -426.195003        2.253972
FIRE:  809 23:00:42     -426.195000        2.253972
FIRE:  810 23:00:48     -426.195000        2.253972
FIRE:  811 23:00:54     -426.195003        2.253972
FIRE:  812 23:00:59     -426.194997        2.253972
FIRE:  813 23:01:05     -426.195001        2.253972
FIRE:  814 23:01:12     -426.194997        2.253972
FIRE:  815 23:01:17     -426.194997        2.253972
FIRE:  816 23:01:23     -426.194997        2.253972
FIRE:  817 23:01:30     -426.195000        2.253972
FIRE:  818 23:01:35     -426.195001        2.253972
FIRE:  819 23:01:41     -426.195000        2.380624
FIRE:  820 23:01:47     -426.194998        2.380624
FIRE:  821 23:01:53     -426.194998        2.380624
FIRE:  822 23:01:59     -426.194999        2.380624
FIRE:  823 23:02:05     -426.195002        2.380624
FIRE:  824 23:02:11     -426.194997        2.380624
FIRE:  825 23:02:16     -426.195002        2.380624
FIRE:  826 23:02:20     -426.194995        2.380623
FIRE:  827 23:02:25     -426.194999        2.380624
FIRE:  828 23:02:29     -426.195000        2.380624
FIRE:  829 23:02:31     -426.194998        2.380624
FIRE:  830 23:02:34     -426.195003        2.380624
FIRE:  831 23:02:36     -426.194999        2.253972
FIRE:  832 23:02:40     -426.195001        2.253972
FIRE:  833 23:02:46     -426.195003        2.253972
FIRE:  834 23:02:53     -426.194997        2.253972
FIRE:  835 23:02:58     -426.194999        2.253972
FIRE:  836 23:03:04     -426.195000        2.253972
FIRE:  837 23:03:10     -426.194999        2.253972
FIRE:  838 23:03:16     -426.194995        2.253972
FIRE:  839 23:03:21     -426.195000        2.253972
FIRE:  840 23:03:27     -426.195002        2.253972
FIRE:  841 23:03:34     -426.194996        2.253972
FIRE:  842 23:03:38     -426.195000        2.253972
FIRE:  843 23:03:45     -426.195001        2.253972
FIRE:  844 23:03:50     -426.195000        2.253972
FIRE:  845 23:03:56     -426.195000        2.253972
FIRE:  846 23:04:02     -426.195002        2.380624
FIRE:  847 23:04:08     -426.194996        2.380624
FIRE:  848 23:04:14     -426.194997        2.380624
FIRE:  849 23:04:18     -426.194999        2.380624
FIRE:  850 23:04:24     -426.194996        2.380624
FIRE:  851 23:04:28     -426.194998        2.380625
FIRE:  852 23:04:32     -426.194998        2.380624
FIRE:  853 23:04:34     -426.194998        2.380624
FIRE:  854 23:04:36     -426.194996        2.380624
FIRE:  855 23:04:39     -426.194999        2.380624
FIRE:  856 23:04:44     -426.195000        2.380624
FIRE:  857 23:04:50     -426.194998        2.380624
FIRE:  858 23:04:56     -426.194995        2.380624
FIRE:  859 23:05:01     -426.195000        2.253972
FIRE:  860 23:05:07     -426.194995        2.253971
FIRE:  861 23:05:14     -426.195000        2.253972
FIRE:  862 23:05:19     -426.194998        2.253972
FIRE:  863 23:05:25     -426.194998        2.253972
FIRE:  864 23:05:31     -426.195002        2.253972
FIRE:  865 23:05:38     -426.194998        2.253972
FIRE:  866 23:05:43     -426.194999        2.253972
FIRE:  867 23:05:49     -426.195002        2.253972
FIRE:  868 23:05:55     -426.195001        2.253972
FIRE:  869 23:06:00     -426.194998        2.253972
FIRE:  870 23:06:07     -426.194998        2.253972
FIRE:  871 23:06:13     -426.194996        2.253972
FIRE:  872 23:06:18     -426.195003        2.253972
FIRE:  873 23:06:22     -426.195001        2.253972
FIRE:  874 23:06:27     -426.194996        2.253972
FIRE:  875 23:06:32     -426.194997        2.380625
FIRE:  876 23:06:34     -426.195002        2.380624
FIRE:  877 23:06:37     -426.194998        2.380624
FIRE:  878 23:06:39     -426.194999        2.380624
FIRE:  879 23:06:42     -426.194998        2.380624
FIRE:  880 23:06:48     -426.194996        2.380624
FIRE:  881 23:06:54     -426.195004        2.380624
FIRE:  882 23:07:00     -426.195003        2.380624
FIRE:  883 23:07:05     -426.195000        2.380625
FIRE:  884 23:07:09     -426.194999        2.380624
FIRE:  885 23:07:15     -426.194999        2.380625
FIRE:  886 23:07:21     -426.195001        2.380624
FIRE:  887 23:07:28     -426.194994        2.380623
FIRE:  888 23:07:32     -426.195000        2.253972
FIRE:  889 23:07:36     -426.195000        2.253972
FIRE:  890 23:07:41     -426.194997        2.253972
FIRE:  891 23:07:47     -426.195000        2.253972
FIRE:  892 23:07:54     -426.194998        2.253972
FIRE:  893 23:07:58     -426.195000        2.253972
FIRE:  894 23:08:04     -426.195000        2.253972
FIRE:  895 23:08:10     -426.195000        2.253972
FIRE:  896 23:08:17     -426.195003        2.253972
FIRE:  897 23:08:22     -426.195001        2.253972
FIRE:  898 23:08:26     -426.194998        2.253972
FIRE:  899 23:08:32     -426.195000        2.253972
FIRE:  900 23:08:38     -426.195001        2.253972
FIRE:  901 23:08:44     -426.195000        2.253972
FIRE:  902 23:08:49     -426.195003        2.253972
FIRE:  903 23:08:54     -426.195002        2.380624
FIRE:  904 23:08:58     -426.195000        2.380624
FIRE:  905 23:09:03     -426.194999        2.380624
FIRE:  906 23:09:07     -426.194995        2.380623
FIRE:  907 23:09:10     -426.194998        2.380624
FIRE:  908 23:09:12     -426.194999        2.380624
FIRE:  909 23:09:14     -426.195003        2.380625
FIRE:  910 23:09:18     -426.194999        2.380624
FIRE:  911 23:09:24     -426.195000        2.380625
FIRE:  912 23:09:30     -426.195000        2.380624
FIRE:  913 23:09:36     -426.195003        2.380624
FIRE:  914 23:09:41     -426.194998        2.380624
FIRE:  915 23:09:47     -426.194996        2.380624
FIRE:  916 23:09:54     -426.194998        2.253972
FIRE:  917 23:09:59     -426.195000        2.253972
FIRE:  918 23:10:04     -426.194997        2.253972
FIRE:  919 23:10:10     -426.195000        2.253972
FIRE:  920 23:10:17     -426.195000        2.253972
FIRE:  921 23:10:22     -426.195001        2.253972
FIRE:  922 23:10:28     -426.195002        2.253972
FIRE:  923 23:10:33     -426.194997        2.253972
FIRE:  924 23:10:39     -426.194997        2.253972
FIRE:  925 23:10:45     -426.195000        2.253972
FIRE:  926 23:10:52     -426.195000        2.253972
FIRE:  927 23:10:56     -426.194996        2.253972
FIRE:  928 23:11:03     -426.194998        2.253972
FIRE:  929 23:11:09     -426.195001        2.253972
FIRE:  930 23:11:14     -426.194998        2.253972
FIRE:  931 23:11:19     -426.195001        2.253972
FIRE:  932 23:11:23     -426.194994        2.380625
FIRE:  933 23:11:28     -426.194999        2.380624
FIRE:  934 23:11:31     -426.194999        2.380624
FIRE:  935 23:11:33     -426.194998        2.380625
FIRE:  936 23:11:35     -426.194996        2.380624
FIRE:  937 23:11:38     -426.194999        2.380624
FIRE:  938 23:11:44     -426.194999        2.380624
FIRE:  939 23:11:50     -426.194999        2.380625
FIRE:  940 23:11:57     -426.195000        2.380624
FIRE:  941 23:12:02     -426.195000        2.380624
FIRE:  942 23:12:08     -426.195000        2.380624
FIRE:  943 23:12:14     -426.195002        2.380624
FIRE:  944 23:12:19     -426.195004        2.380625
FIRE:  945 23:12:25     -426.194997        2.253972
FIRE:  946 23:12:32     -426.195002        2.253972
FIRE:  947 23:12:37     -426.195000        2.253972
FIRE:  948 23:12:43     -426.195000        2.253972
FIRE:  949 23:12:49     -426.195000        2.253972
FIRE:  950 23:12:55     -426.194998        2.253972
FIRE:  951 23:13:00     -426.194999        2.253972
FIRE:  952 23:13:06     -426.194998        2.253971
FIRE:  953 23:13:13     -426.195001        2.253972
FIRE:  954 23:13:17     -426.195000        2.253972
FIRE:  955 23:13:22     -426.194999        2.253972
FIRE:  956 23:13:26     -426.195000        2.253972
FIRE:  957 23:13:31     -426.194995        2.253972
FIRE:  958 23:13:33     -426.195000        2.253972
FIRE:  959 23:13:35     -426.194997        2.253971
FIRE:  960 23:13:38     -426.194998        2.380624
FIRE:  961 23:13:41     -426.195002        2.380624
FIRE:  962 23:13:47     -426.195005        2.380625
FIRE:  963 23:13:53     -426.195000        2.380624
FIRE:  964 23:13:59     -426.194999        2.380624
FIRE:  965 23:14:03     -426.195000        2.380624
FIRE:  966 23:14:09     -426.194999        2.380624
FIRE:  967 23:14:15     -426.194996        2.380624
FIRE:  968 23:14:22     -426.194999        2.380624
FIRE:  969 23:14:26     -426.195001        2.380624
FIRE:  970 23:14:32     -426.195001        2.380624
FIRE:  971 23:14:38     -426.195000        2.380623
FIRE:  972 23:14:45     -426.195001        2.380624
FIRE:  973 23:14:49     -426.195000        2.253972
FIRE:  974 23:14:56     -426.195000        2.253972
FIRE:  975 23:15:02     -426.194997        2.253972
FIRE:  976 23:15:08     -426.195002        2.253972
FIRE:  977 23:15:12     -426.194997        2.253972
FIRE:  978 23:15:19     -426.195001        2.253972
FIRE:  979 23:15:25     -426.194999        2.253972
FIRE:  980 23:15:31     -426.195004        2.253972
FIRE:  981 23:15:35     -426.195002        2.253972
FIRE:  982 23:15:40     -426.194999        2.253972
FIRE:  983 23:15:45     -426.194999        2.253972
FIRE:  984 23:15:49     -426.195000        2.253972
FIRE:  985 23:15:51     -426.195003        2.253972
FIRE:  986 23:15:54     -426.195001        2.253972
FIRE:  987 23:15:56     -426.195002        2.253972
FIRE:  988 23:16:00     -426.194998        2.253972
FIRE:  989 23:16:06     -426.194997        2.253972
FIRE:  990 23:16:12     -426.195001        2.380624
FIRE:  991 23:16:18     -426.195001        2.380624
FIRE:  992 23:16:24     -426.194999        2.380624
FIRE:  993 23:16:30     -426.195003        2.380625
FIRE:  994 23:16:35     -426.195001        2.380624
FIRE:  995 23:16:41     -426.194999        2.380624
FIRE:  996 23:16:48     -426.195001        2.380625
FIRE:  997 23:16:53     -426.194995        2.380624
FIRE:  998 23:16:59     -426.194999        2.380624
FIRE:  999 23:17:05     -426.194998        2.380624
FIRE:  1000 23:17:11     -426.195000        2.380624
FIRE:  1001 23:17:17     -426.194999        2.380624
FIRE:  1002 23:17:23     -426.194997        2.253972
FIRE:  1003 23:17:28     -426.194998        2.253972
FIRE:  1004 23:17:34     -426.194999        2.253972
FIRE:  1005 23:17:38     -426.195000        2.253972
FIRE:  1006 23:17:43     -426.195001        2.253972
FIRE:  1007 23:17:46     -426.194998        2.253972
FIRE:  1008 23:17:48     -426.194997        2.253972
FIRE:  1009 23:17:51     -426.194997        2.253972
FIRE:  1010 23:17:54     -426.195001        2.253972
FIRE:  1011 23:18:01     -426.194999        2.253972
FIRE:  1012 23:18:07     -426.195000        2.253972
FIRE:  1013 23:18:12     -426.194999        2.253972
FIRE:  1014 23:18:19     -426.194998        2.253972
FIRE:  1015 23:18:26     -426.195002        2.253972
FIRE:  1016 23:18:31     -426.195000        2.253972
FIRE:  1017 23:18:37     -426.195002        2.380624
FIRE:  1018 23:18:44     -426.194998        2.380625
FIRE:  1019 23:18:49     -426.195002        2.380623
FIRE:  1020 23:18:55     -426.195003        2.380624
FIRE:  1021 23:19:01     -426.194995        2.380624
FIRE:  1022 23:19:07     -426.195000        2.380625
FIRE:  1023 23:19:13     -426.194996        2.380624
FIRE:  1024 23:19:19     -426.194998        2.380624
FIRE:  1025 23:19:24     -426.195000        2.380624
FIRE:  1026 23:19:28     -426.195001        2.380624
FIRE:  1027 23:19:33     -426.195000        2.380624
FIRE:  1028 23:19:36     -426.194998        2.380624
FIRE:  1029 23:19:38     -426.194998        2.380624
FIRE:  1030 23:19:41     -426.195000        2.253972
FIRE:  1031 23:19:43     -426.195000        2.253972
FIRE:  1032 23:19:49     -426.195001        2.253972
FIRE:  1033 23:19:55     -426.194999        2.253972
FIRE:  1034 23:20:01     -426.194995        2.253971
FIRE:  1035 23:20:07     -426.195001        2.253972
FIRE:  1036 23:20:13     -426.194996        2.253972
FIRE:  1037 23:20:18     -426.195000        2.253972
FIRE:  1038 23:20:24     -426.194999        2.253972
FIRE:  1039 23:20:30     -426.194996        2.253972
FIRE:  1040 23:20:35     -426.194999        2.253972
FIRE:  1041 23:20:41     -426.194998        2.253972
FIRE:  1042 23:20:47     -426.194997        2.253972
FIRE:  1043 23:20:53     -426.194999        2.253972
FIRE:  1044 23:20:59     -426.194998        2.253972
FIRE:  1045 23:21:05     -426.195001        2.253972
FIRE:  1046 23:21:10     -426.195001        2.380624
FIRE:  1047 23:21:15     -426.194996        2.380624
FIRE:  1048 23:21:19     -426.194999        2.380624
FIRE:  1049 23:21:24     -426.195000        2.380624
FIRE:  1050 23:21:27     -426.195000        2.380624
FIRE:  1051 23:21:29     -426.195002        2.380625
FIRE:  1052 23:21:32     -426.195000        2.380624
FIRE:  1053 23:21:35     -426.194998        2.380624
FIRE:  1054 23:21:41     -426.194998        2.380624
FIRE:  1055 23:21:47     -426.194997        2.380624
FIRE:  1056 23:21:52     -426.194996        2.380624
FIRE:  1057 23:21:58     -426.195000        2.380624
FIRE:  1058 23:22:04     -426.194995        2.380624
FIRE:  1059 23:22:09     -426.195001        2.253972
FIRE:  1060 23:22:16     -426.195000        2.253972
FIRE:  1061 23:22:22     -426.195001        2.253972
FIRE:  1062 23:22:27     -426.194998        2.253972
FIRE:  1063 23:22:33     -426.195000        2.253972
FIRE:  1064 23:22:39     -426.194999        2.253972
FIRE:  1065 23:22:44     -426.194999        2.253972
FIRE:  1066 23:22:51     -426.194997        2.253972
FIRE:  1067 23:22:57     -426.195001        2.253972
FIRE:  1068 23:23:02     -426.194995        2.253972
FIRE:  1069 23:23:06     -426.194999        2.253972
FIRE:  1070 23:23:11     -426.194996        2.253972
FIRE:  1071 23:23:16     -426.194998        2.253972
FIRE:  1072 23:23:18     -426.195003        2.253972
FIRE:  1073 23:23:21     -426.195004        2.253972
FIRE:  1074 23:23:23     -426.195001        2.253972
FIRE:  1075 23:23:26     -426.194998        2.380624
FIRE:  1076 23:23:33     -426.194997        2.380624
FIRE:  1077 23:23:38     -426.194995        2.380624
FIRE:  1078 23:23:44     -426.194999        2.380624
FIRE:  1079 23:23:50     -426.194998        2.380624
FIRE:  1080 23:23:56     -426.194998        2.380624
FIRE:  1081 23:24:01     -426.195001        2.380625
FIRE:  1082 23:24:07     -426.194998        2.380624
FIRE:  1083 23:24:14     -426.194995        2.380624
FIRE:  1084 23:24:19     -426.194997        2.380624
FIRE:  1085 23:24:25     -426.194997        2.380624
FIRE:  1086 23:24:31     -426.194998        2.380624
FIRE:  1087 23:24:37     -426.194996        2.253972
FIRE:  1088 23:24:42     -426.195000        2.253972
FIRE:  1089 23:24:48     -426.194998        2.253972
FIRE:  1090 23:24:55     -426.195002        2.253972
FIRE:  1091 23:25:00     -426.194997        2.253972
FIRE:  1092 23:25:04     -426.195001        2.253972
FIRE:  1093 23:25:09     -426.194996        2.253971
FIRE:  1094 23:25:13     -426.195000        2.253972
FIRE:  1095 23:25:16     -426.195002        2.253972
FIRE:  1096 23:25:18     -426.195002        2.253972
FIRE:  1097 23:25:20     -426.195003        2.253972
FIRE:  1098 23:25:23     -426.194996        2.253972
FIRE:  1099 23:25:30     -426.194997        2.253972
FIRE:  1100 23:25:36     -426.195000        2.253972
FIRE:  1101 23:25:42     -426.194998        2.253972
FIRE:  1102 23:25:47     -426.194997        2.253972
FIRE:  1103 23:25:53     -426.195006        2.380624
FIRE:  1104 23:26:00     -426.195005        2.380625
FIRE:  1105 23:26:05     -426.195000        2.380624
FIRE:  1106 23:26:12     -426.194999        2.380624
FIRE:  1107 23:26:19     -426.195001        2.380625
FIRE:  1108 23:26:24     -426.194997        2.380624
FIRE:  1109 23:26:30     -426.195004        2.380625
FIRE:  1110 23:26:37     -426.194996        2.380624
FIRE:  1111 23:26:43     -426.195003        2.380624
FIRE:  1112 23:26:49     -426.194997        2.380624
FIRE:  1113 23:26:55     -426.194999        2.380625
FIRE:  1114 23:27:02     -426.194996        2.380624
FIRE:  1115 23:27:07     -426.194996        2.380624
FIRE:  1116 23:27:11     -426.194999        2.253972
FIRE:  1117 23:27:16     -426.194999        2.253972
FIRE:  1118 23:27:21     -426.195000        2.253972
FIRE:  1119 23:27:24     -426.195001        2.253972
FIRE:  1120 23:27:27     -426.194994        2.253971
FIRE:  1121 23:27:29     -426.194997        2.253971
FIRE:  1122 23:27:32     -426.195000        2.253972
FIRE:  1123 23:27:39     -426.194994        2.253971
FIRE:  1124 23:27:45     -426.195000        2.253972
FIRE:  1125 23:27:52     -426.194997        2.253972
FIRE:  1126 23:27:56     -426.194999        2.253972
FIRE:  1127 23:28:03     -426.195001        2.253972
FIRE:  1128 23:28:09     -426.194998        2.253972
FIRE:  1129 23:28:16     -426.195001        2.253972
FIRE:  1130 23:28:21     -426.194998        2.253972
FIRE:  1131 23:28:28     -426.195000        2.253972
FIRE:  1132 23:28:35     -426.194997        2.253972
FIRE:  1133 23:28:40     -426.195002        2.380624
FIRE:  1134 23:28:46     -426.194998        2.380624
FIRE:  1135 23:28:53     -426.195003        2.380624
FIRE:  1136 23:28:58     -426.194999        2.380624
FIRE:  1137 23:29:05     -426.195000        2.380624
FIRE:  1138 23:29:11     -426.195000        2.380624
FIRE:  1139 23:29:18     -426.194998        2.380624
FIRE:  1140 23:29:23     -426.195001        2.380624
FIRE:  1141 23:29:27     -426.194996        2.380624
FIRE:  1142 23:29:32     -426.194997        2.380624
FIRE:  1143 23:29:37     -426.195002        2.380625
FIRE:  1144 23:29:42     -426.194997        2.380624
FIRE:  1145 23:29:46     -426.194997        2.253972
FIRE:  1146 23:29:49     -426.194998        2.253972
FIRE:  1147 23:29:51     -426.195000        2.253972
FIRE:  1148 23:29:54     -426.195003        2.253972
FIRE:  1149 23:29:58     -426.195000        2.253972
FIRE:  1150 23:30:05     -426.195001        2.253972
FIRE:  1151 23:30:11     -426.194996        2.253972
FIRE:  1152 23:30:18     -426.194998        2.253972
FIRE:  1153 23:30:22     -426.194999        2.253972
FIRE:  1154 23:30:28     -426.195001        2.253972
FIRE:  1155 23:30:34     -426.194997        2.253972
FIRE:  1156 23:30:41     -426.194998        2.253972
FIRE:  1157 23:30:46     -426.194998        2.253972
FIRE:  1158 23:30:51     -426.195000        2.253972
FIRE:  1159 23:30:58     -426.194997        2.253972
FIRE:  1160 23:31:04     -426.194996        2.380624
FIRE:  1161 23:31:10     -426.194999        2.380624
FIRE:  1162 23:31:14     -426.195000        2.380624
FIRE:  1163 23:31:21     -426.194999        2.380624
FIRE:  1164 23:31:27     -426.195001        2.380624
FIRE:  1165 23:31:34     -426.194999        2.380624
FIRE:  1166 23:31:38     -426.195000        2.380624
FIRE:  1167 23:31:43     -426.195001        2.380624
FIRE:  1168 23:31:50     -426.194997        2.380624
FIRE:  1169 23:31:57     -426.194997        2.380624
FIRE:  1170 23:32:02     -426.194999        2.380625
FIRE:  1171 23:32:07     -426.194997        2.380624
FIRE:  1172 23:32:12     -426.195001        2.380624
FIRE:  1173 23:32:17     -426.194997        2.253972
FIRE:  1174 23:32:22     -426.194998        2.253972
FIRE:  1175 23:32:25     -426.195000        2.253972
FIRE:  1176 23:32:28     -426.194999        2.253972
FIRE:  1177 23:32:31     -426.194999        2.253972
FIRE:  1178 23:32:33     -426.195000        2.253972
FIRE:  1179 23:32:38     -426.194999        2.253972
FIRE:  1180 23:32:44     -426.194998        2.253972
FIRE:  1181 23:32:51     -426.195001        2.253972
FIRE:  1182 23:32:57     -426.194996        2.253972
FIRE:  1183 23:33:03     -426.195002        2.253972
FIRE:  1184 23:33:09     -426.194997        2.253972
FIRE:  1185 23:33:16     -426.194996        2.253971
FIRE:  1186 23:33:22     -426.194995        2.253972
FIRE:  1187 23:33:28     -426.195003        2.253972
FIRE:  1188 23:33:35     -426.195001        2.253972
FIRE:  1189 23:33:40     -426.194999        2.380625
FIRE:  1190 23:33:45     -426.194999        2.380624
FIRE:  1191 23:33:52     -426.194996        2.380624
FIRE:  1192 23:33:59     -426.195000        2.380624
FIRE:  1193 23:34:04     -426.195000        2.380623
FIRE:  1194 23:34:10     -426.195000        2.380624
FIRE:  1195 23:34:17     -426.194999        2.380624
FIRE:  1196 23:34:23     -426.194999        2.380624
FIRE:  1197 23:34:28     -426.194997        2.380624
FIRE:  1198 23:34:33     -426.195001        2.380624
FIRE:  1199 23:34:37     -426.194997        2.380624
FIRE:  1200 23:34:42     -426.195001        2.380624
