      Step     Time          Energy          fmax
FIRE:    0 02:30:12    -1195.742016        0.639586
FIRE:    1 02:30:12    -1195.779261        0.439605
FIRE:    2 02:30:12    -1195.824959        0.186554
FIRE:    3 02:30:13    -1195.854330        0.233694
FIRE:    4 02:30:13    -1195.874071        0.431830
FIRE:    5 02:30:13    -1195.902713        0.431320
FIRE:    6 02:30:13    -1195.938924        0.250621
FIRE:    7 02:30:14    -1195.966303        0.132144
FIRE:    8 02:30:14    -1195.983048        0.281946
FIRE:    9 02:30:14    -1196.008010        0.330961
FIRE:   10 02:30:15    -1196.047104        0.124219
FIRE:   11 02:30:15    -1196.073221        0.228088
FIRE:   12 02:30:15    -1196.097185        0.294633
FIRE:   13 02:30:15    -1196.135101        0.086751
FIRE:   14 02:30:16    -1196.163785        0.321856
FIRE:   15 02:30:16    -1196.215268        0.087726
FIRE:   16 02:30:16    -1196.255272        0.323808
FIRE:   17 02:30:17    -1196.325849        0.170101
FIRE:   18 02:30:17    -1196.394558        0.156948
FIRE:   19 02:30:17    -1196.457590        0.230337
FIRE:   20 02:30:18    -1196.525992        0.172484
FIRE:   21 02:30:18    -1196.589913        0.145515
FIRE:   22 02:30:18    -1196.650921        0.162260
FIRE:   23 02:30:18    -1196.715878        0.111953
FIRE:   24 02:30:19    -1196.776454        0.163248
FIRE:   25 02:30:19    -1196.833762        0.229900
FIRE:   26 02:30:19    -1196.892040        0.253805
FIRE:   27 02:30:20    -1196.945714        0.301724
FIRE:   28 02:30:20    -1196.996707        0.366091
FIRE:   29 02:30:20    -1197.049497        0.381338
FIRE:   30 02:30:20    -1197.101148        0.403168
FIRE:   31 02:30:21    -1196.620636        2.519517
FIRE:   32 02:30:21    -1197.098412        0.581821
FIRE:   33 02:30:21    -1197.120497        0.345527
FIRE:   34 02:30:22    -1197.134420        0.078967
FIRE:   35 02:30:22    -1197.134806        0.072163
FIRE:   36 02:30:22    -1197.135502        0.059263
FIRE:   37 02:30:23    -1197.136484        0.041614
FIRE:   38 02:30:23    -1197.137624        0.036746
FIRE:   39 02:30:23    -1197.138899        0.036515
FIRE:   40 02:30:23    -1197.140338        0.036328
FIRE:   41 02:30:24    -1197.141967        0.039762
FIRE:   42 02:30:24    -1197.144063        0.037051
FIRE:   43 02:30:24    -1197.146744        0.036127
FIRE:   44 02:30:25    -1197.150074        0.036161
FIRE:   45 02:30:25    -1197.154218        0.036150
FIRE:   46 02:30:25    -1197.159325        0.035977
FIRE:   47 02:30:26    -1197.165686        0.035533
FIRE:   48 02:30:26    -1197.173394        0.034810
FIRE:   49 02:30:26    -1197.182733        0.033985
FIRE:   50 02:30:26    -1197.194319        0.033300
FIRE:   51 02:30:27    -1197.208356        0.032691
FIRE:   52 02:30:27    -1197.225288        0.031630
FIRE:   53 02:30:27    -1197.245820        0.029781
FIRE:   54 02:30:28    -1197.270576        0.027763
FIRE:   55 02:30:28    -1197.300087        0.035388
FIRE:   56 02:30:28    -1197.335352        0.039605
FIRE:   57 02:30:28    -1197.376692        0.072871
FIRE:   58 02:30:29    -1197.422175        0.162130
FIRE:   59 02:30:29    -1197.460173        0.356237
FIRE:   60 02:30:29    -1197.490124        0.550181
FIRE:   61 02:30:30    -1197.513619        0.075348
FIRE:   62 02:30:30    -1197.514192        0.055342
FIRE:   63 02:30:30    -1197.515119        0.030479
FIRE:   64 02:30:31    -1197.516273        0.030082
FIRE:   65 02:30:31    -1197.517651        0.042977
FIRE:   66 02:30:31    -1197.519481        0.049474
FIRE:   67 02:30:31    -1197.521795        0.034568
FIRE:   68 02:30:32    -1197.524477        0.030102
FIRE:   69 02:30:32    -1197.527691        0.030395
FIRE:   70 02:30:32    -1197.531742        0.044868
FIRE:   71 02:30:33    -1197.536945        0.030214
FIRE:   72 02:30:33    -1197.543334        0.029732
FIRE:   73 02:30:33    -1197.551177        0.034199
FIRE:   74 02:30:34    -1197.561012        0.029937
FIRE:   75 02:30:34    -1197.572891        0.039406
FIRE:   76 02:30:34    -1197.587609        0.029994
FIRE:   77 02:30:34    -1197.605404        0.029896
FIRE:   78 02:30:35    -1197.626958        0.050231
FIRE:   79 02:30:35    -1197.652884        0.054204
FIRE:   80 02:30:35    -1197.683337        0.106730
FIRE:   81 02:30:36    -1197.715615        0.255821
FIRE:   82 02:30:36    -1197.730802        0.642667
FIRE:   83 02:30:36    -1197.760016        0.029311
FIRE:   84 02:30:36    -1197.739710        0.580608
FIRE:   85 02:30:37    -1197.750240        0.430473
FIRE:   86 02:30:37    -1197.761492        0.171904
FIRE:   87 02:30:37    -1197.763435        0.127596
FIRE:   88 02:30:38    -1197.763622        0.119813
FIRE:   89 02:30:38    -1197.763975        0.104736
FIRE:   90 02:30:38    -1197.764450        0.083348
FIRE:   91 02:30:39    -1197.764954        0.057212
FIRE:   92 02:30:39    -1197.765446        0.029485
FIRE:   93 02:30:39    -1197.765905        0.029174
FIRE:   94 02:30:39    -1197.766347        0.028917
FIRE:   95 02:30:40    -1197.766851        0.047253
FIRE:   96 02:30:40    -1197.767550        0.060618
FIRE:   97 02:30:40    -1197.768502        0.062350
FIRE:   98 02:30:41    -1197.769771        0.049941
FIRE:   99 02:30:41    -1197.771346        0.028845
FIRE:  100 02:30:41    -1197.773162        0.029170
FIRE:  101 02:30:42    -1197.775297        0.044014
FIRE:  102 02:30:42    -1197.777938        0.055317
FIRE:  103 02:30:42    -1197.781334        0.036569
FIRE:  104 02:30:42    -1197.785435        0.028708
FIRE:  105 02:30:43    -1197.790253        0.040863
FIRE:  106 02:30:43    -1197.796312        0.028680
FIRE:  107 02:30:43    -1197.803623        0.028651
FIRE:  108 02:30:44    -1197.812397        0.043795
FIRE:  109 02:30:44    -1197.823176        0.027737
FIRE:  110 02:30:44    -1197.836052        0.031733
FIRE:  111 02:30:44    -1197.851574        0.047736
FIRE:  112 02:30:45    -1197.870263        0.026256
FIRE:  113 02:30:45    -1197.892562        0.025744
FIRE:  114 02:30:45    -1197.919201        0.024839
FIRE:  115 02:30:46    -1197.950506        0.074315
FIRE:  116 02:30:46    -1197.979887        0.315283
FIRE:  117 02:30:46    -1197.974060        0.879888
FIRE:  118 02:30:47    -1198.015011        0.256581
FIRE:  119 02:30:47    -1198.017319        0.178512
FIRE:  120 02:30:47    -1198.019569        0.045283
FIRE:  121 02:30:47    -1198.019905        0.097943
FIRE:  122 02:30:48    -1198.020043        0.090018
FIRE:  123 02:30:48    -1198.020337        0.074859
FIRE:  124 02:30:48    -1198.020667        0.053793
FIRE:  125 02:30:49    -1198.021029        0.028889
FIRE:  126 02:30:49    -1198.021402        0.021202
FIRE:  127 02:30:49    -1198.021760        0.021687
FIRE:  128 02:30:49    -1198.022136        0.040548
FIRE:  129 02:30:50    -1198.022624        0.053216
FIRE:  130 02:30:50    -1198.023295        0.056369
FIRE:  131 02:30:50    -1198.024192        0.047561
FIRE:  132 02:30:51    -1198.025324        0.026421
FIRE:  133 02:30:51    -1198.026683        0.021329
FIRE:  134 02:30:51    -1198.028236        0.030472
FIRE:  135 02:30:52    -1198.030188        0.040863
FIRE:  136 02:30:52    -1198.032697        0.025359
FIRE:  137 02:30:52    -1198.035725        0.021267
FIRE:  138 02:30:52    -1198.039316        0.038809
FIRE:  139 02:30:53    -1198.043811        0.026572
FIRE:  140 02:30:53    -1198.049274        0.021909
FIRE:  141 02:30:53    -1198.055867        0.030050
FIRE:  142 02:30:54    -1198.063920        0.022191
FIRE:  143 02:30:54    -1198.073633        0.026019
FIRE:  144 02:30:54    -1198.085303        0.039619
FIRE:  145 02:30:55    -1198.099388        0.036783
FIRE:  146 02:30:55    -1198.116182        0.030595
FIRE:  147 02:30:55    -1198.135988        0.066550
FIRE:  148 02:30:55    -1198.156778        0.195376
FIRE:  149 02:30:56    -1198.158751        0.589303
FIRE:  150 02:30:56    -1198.186765        0.041990
FIRE:  151 02:30:56    -1198.186976        0.030032
FIRE:  152 02:30:57    -1198.187378        0.024801
FIRE:  153 02:30:57    -1198.187877        0.024330
FIRE:  154 02:30:57    -1198.188491        0.030097
FIRE:  155 02:30:58    -1198.189289        0.034959
FIRE:  156 02:30:58    -1198.190277        0.027021
FIRE:  157 02:30:58    -1198.191431        0.024312
FIRE:  158 02:30:58    -1198.192852        0.024781
FIRE:  159 02:30:59    -1198.194611        0.025091
FIRE:  160 02:30:59    -1198.196893        0.025000
FIRE:  161 02:30:59    -1198.199703        0.024529
FIRE:  162 02:31:00    -1198.203162        0.025444
FIRE:  163 02:31:00    -1198.207499        0.024518
FIRE:  164 02:31:00    -1198.212775        0.025245
FIRE:  165 02:31:00    -1198.219329        0.025211
FIRE:  166 02:31:01    -1198.227283        0.024827
FIRE:  167 02:31:01    -1198.237001        0.025866
FIRE:  168 02:31:01    -1198.248810        0.030694
FIRE:  169 02:31:02    -1198.263048        0.040652
FIRE:  170 02:31:02    -1198.279582        0.125640
FIRE:  171 02:31:02    -1198.293432        0.390373
FIRE:  172 02:31:03    -1198.256037        1.195276
FIRE:  173 02:31:03    -1198.322215        0.184359
FIRE:  174 02:31:03    -1198.323144        0.131491
FIRE:  175 02:31:03    -1198.324164        0.044229
FIRE:  176 02:31:04    -1198.324623        0.061212
FIRE:  177 02:31:04    -1198.324784        0.127319
FIRE:  178 02:31:04    -1198.324929        0.118164
FIRE:  179 02:31:05    -1198.325170        0.100550
FIRE:  180 02:31:05    -1198.325468        0.075933
FIRE:  181 02:31:05    -1198.325765        0.046501
FIRE:  182 02:31:05    -1198.326045        0.028858
FIRE:  183 02:31:06    -1198.326296        0.029284
FIRE:  184 02:31:06    -1198.326538        0.039164
FIRE:  185 02:31:06    -1198.326830        0.056774
FIRE:  186 02:31:07    -1198.327278        0.064074
FIRE:  187 02:31:07    -1198.327861        0.058084
FIRE:  188 02:31:07    -1198.328654        0.037830
FIRE:  189 02:31:08    -1198.329585        0.029240
FIRE:  190 02:31:08    -1198.330635        0.033756
FIRE:  191 02:31:08    -1198.331881        0.053857
FIRE:  192 02:31:08    -1198.333538        0.047018
FIRE:  193 02:31:09    -1198.335609        0.029005
FIRE:  194 02:31:09    -1198.337990        0.032482
FIRE:  195 02:31:09    -1198.340964        0.038802
FIRE:  196 02:31:10    -1198.344701        0.030803
FIRE:  197 02:31:10    -1198.349130        0.044745
FIRE:  198 02:31:10    -1198.354688        0.033512
FIRE:  199 02:31:10    -1198.361372        0.038745
FIRE:  200 02:31:11    -1198.369683        0.038135
FIRE:  201 02:31:11    -1198.379874        0.041670
FIRE:  202 02:31:11    -1198.392361        0.046013
FIRE:  203 02:31:12    -1198.407495        0.109621
FIRE:  204 02:31:12    -1198.424237        0.246081
FIRE:  205 02:31:12    -1198.432732        0.627822
FIRE:  206 02:31:13    -1198.450919        0.072368
FIRE:  207 02:31:13    -1198.438424        0.582429
FIRE:  208 02:31:13    -1198.445153        0.426644
FIRE:  209 02:31:14    -1198.452222        0.161509
FIRE:  210 02:31:14    -1198.453378        0.137651
FIRE:  211 02:31:14    -1198.453522        0.129200
FIRE:  212 02:31:15    -1198.453758        0.112792
FIRE:  213 02:31:15    -1198.454096        0.089516
FIRE:  214 02:31:15    -1198.454454        0.074954
FIRE:  215 02:31:15    -1198.454827        0.075008
FIRE:  216 02:31:16    -1198.455155        0.075102
FIRE:  217 02:31:16    -1198.455480        0.075248
FIRE:  218 02:31:16    -1198.455874        0.075476
FIRE:  219 02:31:17    -1198.456375        0.075809
FIRE:  220 02:31:17    -1198.457095        0.076273
FIRE:  221 02:31:17    -1198.458055        0.076896
FIRE:  222 02:31:17    -1198.459231        0.077707
FIRE:  223 02:31:18    -1198.460633        0.078724
FIRE:  224 02:31:18    -1198.462265        0.079944
FIRE:  225 02:31:18    -1198.464326        0.081348
FIRE:  226 02:31:19    -1198.467026        0.082951
FIRE:  227 02:31:19    -1198.470274        0.084867
FIRE:  228 02:31:19    -1198.474241        0.087310
FIRE:  229 02:31:20    -1198.479300        0.090474
FIRE:  230 02:31:20    -1198.485640        0.094435
FIRE:  231 02:31:20    -1198.493533        0.099052
FIRE:  232 02:31:20    -1198.503637        0.104239
FIRE:  233 02:31:21    -1198.516422        0.110309
FIRE:  234 02:31:21    -1198.532898        0.117093
FIRE:  235 02:31:21    -1198.554270        0.123338
FIRE:  236 02:31:22    -1198.582020        0.127936
FIRE:  237 02:31:22    -1198.617959        0.127278
FIRE:  238 02:31:22    -1198.662202        0.201337
FIRE:  239 02:31:23    -1198.698152        0.553254
FIRE:  240 02:31:23    -1198.703307        1.093456
FIRE:  241 02:31:23    -1198.755395        0.341398
FIRE:  242 02:31:23    -1198.758642        0.237135
FIRE:  243 02:31:24    -1198.762139        0.116471
FIRE:  244 02:31:24    -1198.763511        0.131583
FIRE:  245 02:31:24    -1198.763765        0.120703
FIRE:  246 02:31:25    -1198.764253        0.116466
FIRE:  247 02:31:25    -1198.764904        0.116555
FIRE:  248 02:31:25    -1198.765663        0.116668
FIRE:  249 02:31:26    -1198.766502        0.116797
FIRE:  250 02:31:26    -1198.767405        0.116935
FIRE:  251 02:31:26    -1198.768393        0.117070
FIRE:  252 02:31:26    -1198.769697        0.117205
FIRE:  253 02:31:27    -1198.771368        0.117330
FIRE:  254 02:31:27    -1198.773562        0.117438
FIRE:  255 02:31:27    -1198.776308        0.117521
FIRE:  256 02:31:28    -1198.779634        0.117596
FIRE:  257 02:31:28    -1198.783648        0.117671
FIRE:  258 02:31:28    -1198.788661        0.117753
FIRE:  259 02:31:29    -1198.795007        0.117787
FIRE:  260 02:31:29    -1198.802737        0.117628
FIRE:  261 02:31:29    -1198.812197        0.116994
FIRE:  262 02:31:29    -1198.824050        0.115525
FIRE:  263 02:31:30    -1198.838622        0.112852
FIRE:  264 02:31:30    -1198.856658        0.110431
FIRE:  265 02:31:30    -1198.879007        0.115476
FIRE:  266 02:31:31    -1198.906593        0.120811
FIRE:  267 02:31:31    -1198.940386        0.124214
FIRE:  268 02:31:31    -1198.981477        0.121228
FIRE:  269 02:31:32    -1199.030092        0.133106
FIRE:  270 02:31:32    -1199.082073        0.147198
FIRE:  271 02:31:32    -1199.130310        0.278631
FIRE:  272 02:31:32    -1199.176263        0.513947
FIRE:  273 02:31:33    -1199.222770        0.745614
FIRE:  274 02:31:33    -1199.267417        0.881515
FIRE:  275 02:31:33    -1199.285062        0.505155
FIRE:  276 02:31:34    -1199.289929        0.300581
FIRE:  277 02:31:34    -1199.294282        0.119773
FIRE:  278 02:31:34    -1199.295888        0.293376
FIRE:  279 02:31:35    -1199.296510        0.264231
FIRE:  280 02:31:35    -1199.297652        0.208944
FIRE:  281 02:31:35    -1199.299053        0.133358
FIRE:  282 02:31:35    -1199.300437        0.118482
FIRE:  283 02:31:36    -1199.301819        0.118173
FIRE:  284 02:31:36    -1199.303166        0.117785
FIRE:  285 02:31:36    -1199.304716        0.156601
FIRE:  286 02:31:37    -1199.306817        0.171833
FIRE:  287 02:31:37    -1199.309682        0.147195
FIRE:  288 02:31:37    -1199.313285        0.114890
FIRE:  289 02:31:38    -1199.317346        0.113507
FIRE:  290 02:31:38    -1199.321824        0.111628
FIRE:  291 02:31:38    -1199.327237        0.132620
FIRE:  292 02:31:38    -1199.333971        0.105618
FIRE:  293 02:31:39    -1199.341560        0.100821
FIRE:  294 02:31:39    -1199.349896        0.119982
FIRE:  295 02:31:39    -1199.359792        0.086342
FIRE:  296 02:31:40    -1199.370370        0.089951
FIRE:  297 02:31:40    -1199.382003        0.071659
FIRE:  298 02:31:40    -1199.394047        0.111880
FIRE:  299 02:31:41    -1199.406797        0.053517
FIRE:  300 02:31:41    -1199.419374        0.122236
FIRE:  301 02:31:41    -1199.432234        0.178782
FIRE:  302 02:31:41    -1199.445431        0.201038
FIRE:  303 02:31:42    -1199.457661        0.314722
FIRE:  304 02:31:42    -1199.462392        0.653135
FIRE:  305 02:31:42    -1199.473133        0.066255
FIRE:  306 02:31:43    -1199.466912        0.584276
FIRE:  307 02:31:43    -1199.470282        0.443158
FIRE:  308 02:31:43    -1199.474061        0.199642
FIRE:  309 02:31:44    -1199.475229        0.083891
FIRE:  310 02:31:44    -1199.475264        0.079049
FIRE:  311 02:31:44    -1199.475366        0.069637
FIRE:  312 02:31:44    -1199.475485        0.056336
FIRE:  313 02:31:45    -1199.475667        0.040060
FIRE:  314 02:31:45    -1199.475837        0.036224
FIRE:  315 02:31:45    -1199.476017        0.036316
FIRE:  316 02:31:46    -1199.476226        0.036367
FIRE:  317 02:31:46    -1199.476490        0.036352
FIRE:  318 02:31:46    -1199.476799        0.040707
FIRE:  319 02:31:47    -1199.477203        0.044613
FIRE:  320 02:31:47    -1199.477704        0.039341
FIRE:  321 02:31:47    -1199.478320        0.034824
FIRE:  322 02:31:47    -1199.479050        0.033978
FIRE:  323 02:31:48    -1199.479873        0.033037
FIRE:  324 02:31:48    -1199.480848        0.034207
FIRE:  325 02:31:48    -1199.482046        0.031358
FIRE:  326 02:31:49    -1199.483402        0.030700
FIRE:  327 02:31:49    -1199.484928        0.029874
FIRE:  328 02:31:49    -1199.486688        0.028539
FIRE:  329 02:31:50    -1199.488671        0.026728
FIRE:  330 02:31:50    -1199.490887        0.028284
FIRE:  331 02:31:50    -1199.493399        0.024370
FIRE:  332 02:31:51    -1199.496249        0.025002
FIRE:  333 02:31:51    -1199.499514        0.027742
FIRE:  334 02:31:51    -1199.503314        0.021919
FIRE:  335 02:31:51    -1199.507751        0.020883
FIRE:  336 02:31:52    -1199.512920        0.037342
FIRE:  337 02:31:52    -1199.518637        0.117562
FIRE:  338 02:31:52    -1199.522747        0.351080
FIRE:  339 02:31:53    -1199.525686        0.022033
FIRE:  340 02:31:53    -1199.523913        0.318038
FIRE:  341 02:31:53    -1199.524889        0.240236
FIRE:  342 02:31:54    -1199.525968        0.105291
FIRE:  343 02:31:54    -1199.526287        0.051383
FIRE:  344 02:31:54    -1199.526294        0.048285
FIRE:  345 02:31:54    -1199.526336        0.042252
FIRE:  346 02:31:55    -1199.526372        0.033721
FIRE:  347 02:31:55    -1199.526408        0.023320
FIRE:  348 02:31:55    -1199.526482        0.020299
FIRE:  349 02:31:56    -1199.526553        0.020460
FIRE:  350 02:31:56    -1199.526631        0.020605
FIRE:  351 02:31:56    -1199.526699        0.020728
FIRE:  352 02:31:57    -1199.526792        0.026163
FIRE:  353 02:31:57    -1199.526941        0.028119
FIRE:  354 02:31:57    -1199.527114        0.024228
FIRE:  355 02:31:57    -1199.527330        0.020519
FIRE:  356 02:31:58    -1199.527590        0.020261
FIRE:  357 02:31:58    -1199.527919        0.020016
FIRE:  358 02:31:58    -1199.528305        0.020496
FIRE:  359 02:31:59    -1199.528784        0.019929
